
> SMS_Portail@2.0.0 pretest
> ./scripts/install-jest-env.sh


> SMS_Portail@2.0.0 test
> ./scripts/install-jest-env.sh && npx jest --passWithNoTests --passWithNoTests

FAIL src/controller/query/contacts/__tests__/contacts.service.test.tsx
  ● contacts.service › createContact › should throw error when response data is missing

    expect(received).rejects.toThrow(expected)

    Expected substring: "No server response for creating contact."
    Received message:   "Server error while creating contact."

          53 |       }
          54 |     }
        > 55 |     throw new Error("Server error while creating contact.");
             |           ^
          56 |   }
          57 | };
          58 | export const uploadContacts = async (

      at createContact (src/controller/query/contacts/contacts.service.ts:55:11)
      at Object.<anonymous> (src/controller/query/contacts/__tests__/contacts.service.test.tsx:56:7)
      at Object.toThrow (node_modules/expect/build/index.js:2155:20)
      at Object.toThrow (src/controller/query/contacts/__tests__/contacts.service.test.tsx:58:17)

  ● contacts.service › uploadContacts › should throw error when response data is missing

    expect(received).rejects.toThrow(expected)

    Expected substring: "No server response for uploading contacts."
    Received message:   "Server error while uploading contacts."

          89 |       }
          90 |     }
        > 91 |     throw new Error("Server error while uploading contacts.");
             |           ^
          92 |   }
          93 | };
          94 | export const getContactGroupList = async (

      at uploadContacts (src/controller/query/contacts/contacts.service.ts:91:11)
      at Object.<anonymous> (src/controller/query/contacts/__tests__/contacts.service.test.tsx:131:7)
      at Object.toThrow (node_modules/expect/build/index.js:2155:20)
      at Object.toThrow (src/controller/query/contacts/__tests__/contacts.service.test.tsx:133:17)

  ● contacts.service › getContactGroupList › should throw error when response data is missing

    expect(received).rejects.toThrow(expected)

    Expected substring: "No server response for contact groups list."
    Received message:   "Server error while fetching contact groups list."

          121 |       }
          122 |     }
        > 123 |     throw new Error("Server error while fetching contact groups list.");
              |           ^
          124 |   }
          125 | };
          126 | export interface GetContactGroupsSimpleResponse {

      at getContactGroupList (src/controller/query/contacts/contacts.service.ts:123:11)
      at Object.<anonymous> (src/controller/query/contacts/__tests__/contacts.service.test.tsx:153:7)
      at Object.toThrow (node_modules/expect/build/index.js:2155:20)
      at Object.toThrow (src/controller/query/contacts/__tests__/contacts.service.test.tsx:155:17)

PASS src/hooks/__tests__/useGlobalSearch.test.tsx
PASS src/utils/__tests__/messageStatus.test.tsx
PASS src/utils/__tests__/dateFns.test.ts
PASS src/hooks/__tests__/use-toast.test.ts
  ● Console

    console.error
      An update to TestComponent inside a test was not wrapped in act(...).
      
      When testing, code that causes React state updates should be wrapped into act(...):
      
      act(() => {
        /* fire events that update state */
      });
      /* assert on the output */
      
      This ensures that you're testing the behavior the user would see in the browser. Learn more at https://react.dev/link/wrap-tests-with-act

      141 |   autoDismissTimeouts.clear();
      142 |   listeners.forEach((listener) => {
    > 143 |     listener(memoryState);
          |     ^
      144 |   });
      145 | }
      146 | type Toast = Omit<ToasterToast, "id">;

      at node_modules/react-dom/cjs/react-dom-client.development.js:18758:19
      at runWithFiberInDEV (node_modules/react-dom/cjs/react-dom-client.development.js:874:13)
      at warnIfUpdatesNotWrappedWithActDEV (node_modules/react-dom/cjs/react-dom-client.development.js:18757:9)
      at scheduleUpdateOnFiber (node_modules/react-dom/cjs/react-dom-client.development.js:16409:11)
      at dispatchSetStateInternal (node_modules/react-dom/cjs/react-dom-client.development.js:9170:13)
      at dispatchSetState (node_modules/react-dom/cjs/react-dom-client.development.js:9127:7)
      at listener (src/hooks/use-toast.ts:143:5)
          at Array.forEach (<anonymous>)
      at forEach (src/hooks/use-toast.ts:142:13)
      at Object.<anonymous> (src/hooks/__tests__/use-toast.test.ts:20:17)

    console.error
      An update to TestComponent inside a test was not wrapped in act(...).
      
      When testing, code that causes React state updates should be wrapped into act(...):
      
      act(() => {
        /* fire events that update state */
      });
      /* assert on the output */
      
      This ensures that you're testing the behavior the user would see in the browser. Learn more at https://react.dev/link/wrap-tests-with-act

      130 |   memoryState = reducer(memoryState, action);
      131 |   listeners.forEach((listener) => {
    > 132 |     listener(memoryState);
          |     ^
      133 |   });
      134 | }
      135 | // Export reset function for testing

      at node_modules/react-dom/cjs/react-dom-client.development.js:18758:19
      at runWithFiberInDEV (node_modules/react-dom/cjs/react-dom-client.development.js:874:13)
      at warnIfUpdatesNotWrappedWithActDEV (node_modules/react-dom/cjs/react-dom-client.development.js:18757:9)
      at scheduleUpdateOnFiber (node_modules/react-dom/cjs/react-dom-client.development.js:16409:11)
      at dispatchSetStateInternal (node_modules/react-dom/cjs/react-dom-client.development.js:9170:13)
      at dispatchSetState (node_modules/react-dom/cjs/react-dom-client.development.js:9127:7)
      at listener (src/hooks/use-toast.ts:132:5)
          at Array.forEach (<anonymous>)
      at forEach (src/hooks/use-toast.ts:131:13)
      at dispatch (src/hooks/use-toast.ts:156:5)
      at dismiss (src/hooks/use-toast.ts:162:7)
      at callTimer (node_modules/@sinonjs/fake-timers/src/fake-timers-src.js:806:24)
      at doTickInner (node_modules/@sinonjs/fake-timers/src/fake-timers-src.js:1413:29)
      at doTick (node_modules/@sinonjs/fake-timers/src/fake-timers-src.js:1494:20)
      at Object.tick (node_modules/@sinonjs/fake-timers/src/fake-timers-src.js:1502:20)
      at Object.runToLast (node_modules/@sinonjs/fake-timers/src/fake-timers-src.js:1661:26)
      at FakeTimers.runOnlyPendingTimers (node_modules/@jest/fake-timers/build/index.js:542:19)
      at Object.runOnlyPendingTimers (src/hooks/__tests__/use-toast.test.ts:16:10)

    console.error
      An update to TestComponent inside a test was not wrapped in act(...).
      
      When testing, code that causes React state updates should be wrapped into act(...):
      
      act(() => {
        /* fire events that update state */
      });
      /* assert on the output */
      
      This ensures that you're testing the behavior the user would see in the browser. Learn more at https://react.dev/link/wrap-tests-with-act

      141 |   autoDismissTimeouts.clear();
      142 |   listeners.forEach((listener) => {
    > 143 |     listener(memoryState);
          |     ^
      144 |   });
      145 | }
      146 | type Toast = Omit<ToasterToast, "id">;

      at node_modules/react-dom/cjs/react-dom-client.development.js:18758:19
      at runWithFiberInDEV (node_modules/react-dom/cjs/react-dom-client.development.js:874:13)
      at warnIfUpdatesNotWrappedWithActDEV (node_modules/react-dom/cjs/react-dom-client.development.js:18757:9)
      at scheduleUpdateOnFiber (node_modules/react-dom/cjs/react-dom-client.development.js:16409:11)
      at dispatchSetStateInternal (node_modules/react-dom/cjs/react-dom-client.development.js:9170:13)
      at dispatchSetState (node_modules/react-dom/cjs/react-dom-client.development.js:9127:7)
      at listener (src/hooks/use-toast.ts:143:5)
          at Array.forEach (<anonymous>)
      at forEach (src/hooks/use-toast.ts:142:13)
      at Object.<anonymous> (src/hooks/__tests__/use-toast.test.ts:20:17)

    console.error
      An update to TestComponent inside a test was not wrapped in act(...).
      
      When testing, code that causes React state updates should be wrapped into act(...):
      
      act(() => {
        /* fire events that update state */
      });
      /* assert on the output */
      
      This ensures that you're testing the behavior the user would see in the browser. Learn more at https://react.dev/link/wrap-tests-with-act

      130 |   memoryState = reducer(memoryState, action);
      131 |   listeners.forEach((listener) => {
    > 132 |     listener(memoryState);
          |     ^
      133 |   });
      134 | }
      135 | // Export reset function for testing

      at node_modules/react-dom/cjs/react-dom-client.development.js:18758:19
      at runWithFiberInDEV (node_modules/react-dom/cjs/react-dom-client.development.js:874:13)
      at warnIfUpdatesNotWrappedWithActDEV (node_modules/react-dom/cjs/react-dom-client.development.js:18757:9)
      at scheduleUpdateOnFiber (node_modules/react-dom/cjs/react-dom-client.development.js:16409:11)
      at dispatchSetStateInternal (node_modules/react-dom/cjs/react-dom-client.development.js:9170:13)
      at dispatchSetState (node_modules/react-dom/cjs/react-dom-client.development.js:9127:7)
      at listener (src/hooks/use-toast.ts:132:5)
          at Array.forEach (<anonymous>)
      at forEach (src/hooks/use-toast.ts:131:13)
      at dispatch (src/hooks/use-toast.ts:156:5)
      at dismiss (src/hooks/use-toast.ts:162:7)
      at callTimer (node_modules/@sinonjs/fake-timers/src/fake-timers-src.js:806:24)
      at doTickInner (node_modules/@sinonjs/fake-timers/src/fake-timers-src.js:1413:29)
      at doTick (node_modules/@sinonjs/fake-timers/src/fake-timers-src.js:1494:20)
      at Object.tick (node_modules/@sinonjs/fake-timers/src/fake-timers-src.js:1502:20)
      at Object.runToLast (node_modules/@sinonjs/fake-timers/src/fake-timers-src.js:1661:26)
      at FakeTimers.runOnlyPendingTimers (node_modules/@jest/fake-timers/build/index.js:542:19)
      at Object.runOnlyPendingTimers (src/hooks/__tests__/use-toast.test.ts:16:10)

    console.error
      An update to TestComponent inside a test was not wrapped in act(...).
      
      When testing, code that causes React state updates should be wrapped into act(...):
      
      act(() => {
        /* fire events that update state */
      });
      /* assert on the output */
      
      This ensures that you're testing the behavior the user would see in the browser. Learn more at https://react.dev/link/wrap-tests-with-act

      130 |   memoryState = reducer(memoryState, action);
      131 |   listeners.forEach((listener) => {
    > 132 |     listener(memoryState);
          |     ^
      133 |   });
      134 | }
      135 | // Export reset function for testing

      at node_modules/react-dom/cjs/react-dom-client.development.js:18758:19
      at runWithFiberInDEV (node_modules/react-dom/cjs/react-dom-client.development.js:874:13)
      at warnIfUpdatesNotWrappedWithActDEV (node_modules/react-dom/cjs/react-dom-client.development.js:18757:9)
      at scheduleUpdateOnFiber (node_modules/react-dom/cjs/react-dom-client.development.js:16409:11)
      at dispatchSetStateInternal (node_modules/react-dom/cjs/react-dom-client.development.js:9170:13)
      at dispatchSetState (node_modules/react-dom/cjs/react-dom-client.development.js:9127:7)
      at listener (src/hooks/use-toast.ts:132:5)
          at Array.forEach (<anonymous>)
      at forEach (src/hooks/use-toast.ts:131:13)
      at dispatch (src/hooks/use-toast.ts:156:5)
      at dismiss (src/hooks/use-toast.ts:162:7)
      at callTimer (node_modules/@sinonjs/fake-timers/src/fake-timers-src.js:806:24)
      at doTickInner (node_modules/@sinonjs/fake-timers/src/fake-timers-src.js:1413:29)
      at doTick (node_modules/@sinonjs/fake-timers/src/fake-timers-src.js:1494:20)
      at Object.tick (node_modules/@sinonjs/fake-timers/src/fake-timers-src.js:1502:20)
      at Object.runToLast (node_modules/@sinonjs/fake-timers/src/fake-timers-src.js:1661:26)
      at FakeTimers.runOnlyPendingTimers (node_modules/@jest/fake-timers/build/index.js:542:19)
      at Object.runOnlyPendingTimers (src/hooks/__tests__/use-toast.test.ts:16:10)

    console.error
      An update to TestComponent inside a test was not wrapped in act(...).
      
      When testing, code that causes React state updates should be wrapped into act(...):
      
      act(() => {
        /* fire events that update state */
      });
      /* assert on the output */
      
      This ensures that you're testing the behavior the user would see in the browser. Learn more at https://react.dev/link/wrap-tests-with-act

      130 |   memoryState = reducer(memoryState, action);
      131 |   listeners.forEach((listener) => {
    > 132 |     listener(memoryState);
          |     ^
      133 |   });
      134 | }
      135 | // Export reset function for testing

      at node_modules/react-dom/cjs/react-dom-client.development.js:18758:19
      at runWithFiberInDEV (node_modules/react-dom/cjs/react-dom-client.development.js:874:13)
      at warnIfUpdatesNotWrappedWithActDEV (node_modules/react-dom/cjs/react-dom-client.development.js:18757:9)
      at scheduleUpdateOnFiber (node_modules/react-dom/cjs/react-dom-client.development.js:16409:11)
      at dispatchSetStateInternal (node_modules/react-dom/cjs/react-dom-client.development.js:9170:13)
      at dispatchSetState (node_modules/react-dom/cjs/react-dom-client.development.js:9127:7)
      at listener (src/hooks/use-toast.ts:132:5)
          at Array.forEach (<anonymous>)
      at forEach (src/hooks/use-toast.ts:131:13)
      at dispatch (src/hooks/use-toast.ts:156:5)
      at dismiss (src/hooks/use-toast.ts:162:7)
      at callTimer (node_modules/@sinonjs/fake-timers/src/fake-timers-src.js:806:24)
      at doTickInner (node_modules/@sinonjs/fake-timers/src/fake-timers-src.js:1413:29)
      at doTick (node_modules/@sinonjs/fake-timers/src/fake-timers-src.js:1494:20)
      at Object.tick (node_modules/@sinonjs/fake-timers/src/fake-timers-src.js:1502:20)
      at Object.runToLast (node_modules/@sinonjs/fake-timers/src/fake-timers-src.js:1661:26)
      at FakeTimers.runOnlyPendingTimers (node_modules/@jest/fake-timers/build/index.js:542:19)
      at Object.runOnlyPendingTimers (src/hooks/__tests__/use-toast.test.ts:16:10)

    console.error
      An update to TestComponent inside a test was not wrapped in act(...).
      
      When testing, code that causes React state updates should be wrapped into act(...):
      
      act(() => {
        /* fire events that update state */
      });
      /* assert on the output */
      
      This ensures that you're testing the behavior the user would see in the browser. Learn more at https://react.dev/link/wrap-tests-with-act

      130 |   memoryState = reducer(memoryState, action);
      131 |   listeners.forEach((listener) => {
    > 132 |     listener(memoryState);
          |     ^
      133 |   });
      134 | }
      135 | // Export reset function for testing

      at node_modules/react-dom/cjs/react-dom-client.development.js:18758:19
      at runWithFiberInDEV (node_modules/react-dom/cjs/react-dom-client.development.js:874:13)
      at warnIfUpdatesNotWrappedWithActDEV (node_modules/react-dom/cjs/react-dom-client.development.js:18757:9)
      at scheduleUpdateOnFiber (node_modules/react-dom/cjs/react-dom-client.development.js:16409:11)
      at dispatchSetStateInternal (node_modules/react-dom/cjs/react-dom-client.development.js:9170:13)
      at dispatchSetState (node_modules/react-dom/cjs/react-dom-client.development.js:9127:7)
      at listener (src/hooks/use-toast.ts:132:5)
          at Array.forEach (<anonymous>)
      at forEach (src/hooks/use-toast.ts:131:13)
      at dispatch (src/hooks/use-toast.ts:156:5)
      at dismiss (src/hooks/use-toast.ts:162:7)
      at callTimer (node_modules/@sinonjs/fake-timers/src/fake-timers-src.js:806:24)
      at doTickInner (node_modules/@sinonjs/fake-timers/src/fake-timers-src.js:1413:29)
      at doTick (node_modules/@sinonjs/fake-timers/src/fake-timers-src.js:1494:20)
      at Object.tick (node_modules/@sinonjs/fake-timers/src/fake-timers-src.js:1502:20)
      at Object.runToLast (node_modules/@sinonjs/fake-timers/src/fake-timers-src.js:1661:26)
      at FakeTimers.runOnlyPendingTimers (node_modules/@jest/fake-timers/build/index.js:542:19)
      at Object.runOnlyPendingTimers (src/hooks/__tests__/use-toast.test.ts:16:10)

    console.error
      An update to TestComponent inside a test was not wrapped in act(...).
      
      When testing, code that causes React state updates should be wrapped into act(...):
      
      act(() => {
        /* fire events that update state */
      });
      /* assert on the output */
      
      This ensures that you're testing the behavior the user would see in the browser. Learn more at https://react.dev/link/wrap-tests-with-act

      130 |   memoryState = reducer(memoryState, action);
      131 |   listeners.forEach((listener) => {
    > 132 |     listener(memoryState);
          |     ^
      133 |   });
      134 | }
      135 | // Export reset function for testing

      at node_modules/react-dom/cjs/react-dom-client.development.js:18758:19
      at runWithFiberInDEV (node_modules/react-dom/cjs/react-dom-client.development.js:874:13)
      at warnIfUpdatesNotWrappedWithActDEV (node_modules/react-dom/cjs/react-dom-client.development.js:18757:9)
      at scheduleUpdateOnFiber (node_modules/react-dom/cjs/react-dom-client.development.js:16409:11)
      at dispatchSetStateInternal (node_modules/react-dom/cjs/react-dom-client.development.js:9170:13)
      at dispatchSetState (node_modules/react-dom/cjs/react-dom-client.development.js:9127:7)
      at listener (src/hooks/use-toast.ts:132:5)
          at Array.forEach (<anonymous>)
      at forEach (src/hooks/use-toast.ts:131:13)
      at dispatch (src/hooks/use-toast.ts:156:5)
      at dismiss (src/hooks/use-toast.ts:162:7)
      at callTimer (node_modules/@sinonjs/fake-timers/src/fake-timers-src.js:806:24)
      at doTickInner (node_modules/@sinonjs/fake-timers/src/fake-timers-src.js:1413:29)
      at doTick (node_modules/@sinonjs/fake-timers/src/fake-timers-src.js:1494:20)
      at Object.tick (node_modules/@sinonjs/fake-timers/src/fake-timers-src.js:1502:20)
      at Object.runToLast (node_modules/@sinonjs/fake-timers/src/fake-timers-src.js:1661:26)
      at FakeTimers.runOnlyPendingTimers (node_modules/@jest/fake-timers/build/index.js:542:19)
      at Object.runOnlyPendingTimers (src/hooks/__tests__/use-toast.test.ts:16:10)

    console.error
      An update to TestComponent inside a test was not wrapped in act(...).
      
      When testing, code that causes React state updates should be wrapped into act(...):
      
      act(() => {
        /* fire events that update state */
      });
      /* assert on the output */
      
      This ensures that you're testing the behavior the user would see in the browser. Learn more at https://react.dev/link/wrap-tests-with-act

      141 |   autoDismissTimeouts.clear();
      142 |   listeners.forEach((listener) => {
    > 143 |     listener(memoryState);
          |     ^
      144 |   });
      145 | }
      146 | type Toast = Omit<ToasterToast, "id">;

      at node_modules/react-dom/cjs/react-dom-client.development.js:18758:19
      at runWithFiberInDEV (node_modules/react-dom/cjs/react-dom-client.development.js:874:13)
      at warnIfUpdatesNotWrappedWithActDEV (node_modules/react-dom/cjs/react-dom-client.development.js:18757:9)
      at scheduleUpdateOnFiber (node_modules/react-dom/cjs/react-dom-client.development.js:16409:11)
      at dispatchSetStateInternal (node_modules/react-dom/cjs/react-dom-client.development.js:9170:13)
      at dispatchSetState (node_modules/react-dom/cjs/react-dom-client.development.js:9127:7)
      at listener (src/hooks/use-toast.ts:143:5)
          at Array.forEach (<anonymous>)
      at forEach (src/hooks/use-toast.ts:142:13)
      at Object.<anonymous> (src/hooks/__tests__/use-toast.test.ts:20:17)

    console.error
      An update to TestComponent inside a test was not wrapped in act(...).
      
      When testing, code that causes React state updates should be wrapped into act(...):
      
      act(() => {
        /* fire events that update state */
      });
      /* assert on the output */
      
      This ensures that you're testing the behavior the user would see in the browser. Learn more at https://react.dev/link/wrap-tests-with-act

      130 |   memoryState = reducer(memoryState, action);
      131 |   listeners.forEach((listener) => {
    > 132 |     listener(memoryState);
          |     ^
      133 |   });
      134 | }
      135 | // Export reset function for testing

      at node_modules/react-dom/cjs/react-dom-client.development.js:18758:19
      at runWithFiberInDEV (node_modules/react-dom/cjs/react-dom-client.development.js:874:13)
      at warnIfUpdatesNotWrappedWithActDEV (node_modules/react-dom/cjs/react-dom-client.development.js:18757:9)
      at scheduleUpdateOnFiber (node_modules/react-dom/cjs/react-dom-client.development.js:16409:11)
      at dispatchSetStateInternal (node_modules/react-dom/cjs/react-dom-client.development.js:9170:13)
      at dispatchSetState (node_modules/react-dom/cjs/react-dom-client.development.js:9127:7)
      at listener (src/hooks/use-toast.ts:132:5)
          at Array.forEach (<anonymous>)
      at forEach (src/hooks/use-toast.ts:131:13)
      at dispatch (src/hooks/use-toast.ts:52:5)
      at callTimer (node_modules/@sinonjs/fake-timers/src/fake-timers-src.js:806:24)
      at doTickInner (node_modules/@sinonjs/fake-timers/src/fake-timers-src.js:1413:29)
      at doTick (node_modules/@sinonjs/fake-timers/src/fake-timers-src.js:1494:20)
      at Object.tick (node_modules/@sinonjs/fake-timers/src/fake-timers-src.js:1502:20)
      at Object.runToLast (node_modules/@sinonjs/fake-timers/src/fake-timers-src.js:1661:26)
      at FakeTimers.runOnlyPendingTimers (node_modules/@jest/fake-timers/build/index.js:542:19)
      at Object.runOnlyPendingTimers (src/hooks/__tests__/use-toast.test.ts:16:10)

    console.error
      An update to TestComponent inside a test was not wrapped in act(...).
      
      When testing, code that causes React state updates should be wrapped into act(...):
      
      act(() => {
        /* fire events that update state */
      });
      /* assert on the output */
      
      This ensures that you're testing the behavior the user would see in the browser. Learn more at https://react.dev/link/wrap-tests-with-act

      141 |   autoDismissTimeouts.clear();
      142 |   listeners.forEach((listener) => {
    > 143 |     listener(memoryState);
          |     ^
      144 |   });
      145 | }
      146 | type Toast = Omit<ToasterToast, "id">;

      at node_modules/react-dom/cjs/react-dom-client.development.js:18758:19
      at runWithFiberInDEV (node_modules/react-dom/cjs/react-dom-client.development.js:874:13)
      at warnIfUpdatesNotWrappedWithActDEV (node_modules/react-dom/cjs/react-dom-client.development.js:18757:9)
      at scheduleUpdateOnFiber (node_modules/react-dom/cjs/react-dom-client.development.js:16409:11)
      at dispatchSetStateInternal (node_modules/react-dom/cjs/react-dom-client.development.js:9170:13)
      at dispatchSetState (node_modules/react-dom/cjs/react-dom-client.development.js:9127:7)
      at listener (src/hooks/use-toast.ts:143:5)
          at Array.forEach (<anonymous>)
      at forEach (src/hooks/use-toast.ts:142:13)
      at Object.<anonymous> (src/hooks/__tests__/use-toast.test.ts:20:17)

    console.error
      An update to TestComponent inside a test was not wrapped in act(...).
      
      When testing, code that causes React state updates should be wrapped into act(...):
      
      act(() => {
        /* fire events that update state */
      });
      /* assert on the output */
      
      This ensures that you're testing the behavior the user would see in the browser. Learn more at https://react.dev/link/wrap-tests-with-act

      130 |   memoryState = reducer(memoryState, action);
      131 |   listeners.forEach((listener) => {
    > 132 |     listener(memoryState);
          |     ^
      133 |   });
      134 | }
      135 | // Export reset function for testing

      at node_modules/react-dom/cjs/react-dom-client.development.js:18758:19
      at runWithFiberInDEV (node_modules/react-dom/cjs/react-dom-client.development.js:874:13)
      at warnIfUpdatesNotWrappedWithActDEV (node_modules/react-dom/cjs/react-dom-client.development.js:18757:9)
      at scheduleUpdateOnFiber (node_modules/react-dom/cjs/react-dom-client.development.js:16409:11)
      at dispatchSetStateInternal (node_modules/react-dom/cjs/react-dom-client.development.js:9170:13)
      at dispatchSetState (node_modules/react-dom/cjs/react-dom-client.development.js:9127:7)
      at listener (src/hooks/use-toast.ts:132:5)
          at Array.forEach (<anonymous>)
      at forEach (src/hooks/use-toast.ts:131:13)
      at dispatch (src/hooks/use-toast.ts:52:5)
      at callTimer (node_modules/@sinonjs/fake-timers/src/fake-timers-src.js:806:24)
      at doTickInner (node_modules/@sinonjs/fake-timers/src/fake-timers-src.js:1413:29)
      at doTick (node_modules/@sinonjs/fake-timers/src/fake-timers-src.js:1494:20)
      at Object.tick (node_modules/@sinonjs/fake-timers/src/fake-timers-src.js:1502:20)
      at Object.runToLast (node_modules/@sinonjs/fake-timers/src/fake-timers-src.js:1661:26)
      at FakeTimers.runOnlyPendingTimers (node_modules/@jest/fake-timers/build/index.js:542:19)
      at Object.runOnlyPendingTimers (src/hooks/__tests__/use-toast.test.ts:16:10)

    console.error
      An update to TestComponent inside a test was not wrapped in act(...).
      
      When testing, code that causes React state updates should be wrapped into act(...):
      
      act(() => {
        /* fire events that update state */
      });
      /* assert on the output */
      
      This ensures that you're testing the behavior the user would see in the browser. Learn more at https://react.dev/link/wrap-tests-with-act

      130 |   memoryState = reducer(memoryState, action);
      131 |   listeners.forEach((listener) => {
    > 132 |     listener(memoryState);
          |     ^
      133 |   });
      134 | }
      135 | // Export reset function for testing

      at node_modules/react-dom/cjs/react-dom-client.development.js:18758:19
      at runWithFiberInDEV (node_modules/react-dom/cjs/react-dom-client.development.js:874:13)
      at warnIfUpdatesNotWrappedWithActDEV (node_modules/react-dom/cjs/react-dom-client.development.js:18757:9)
      at scheduleUpdateOnFiber (node_modules/react-dom/cjs/react-dom-client.development.js:16409:11)
      at dispatchSetStateInternal (node_modules/react-dom/cjs/react-dom-client.development.js:9170:13)
      at dispatchSetState (node_modules/react-dom/cjs/react-dom-client.development.js:9127:7)
      at listener (src/hooks/use-toast.ts:132:5)
          at Array.forEach (<anonymous>)
      at forEach (src/hooks/use-toast.ts:131:13)
      at dispatch (src/hooks/use-toast.ts:52:5)
      at callTimer (node_modules/@sinonjs/fake-timers/src/fake-timers-src.js:806:24)
      at doTickInner (node_modules/@sinonjs/fake-timers/src/fake-timers-src.js:1413:29)
      at doTick (node_modules/@sinonjs/fake-timers/src/fake-timers-src.js:1494:20)
      at Object.tick (node_modules/@sinonjs/fake-timers/src/fake-timers-src.js:1502:20)
      at Object.runToLast (node_modules/@sinonjs/fake-timers/src/fake-timers-src.js:1661:26)
      at FakeTimers.runOnlyPendingTimers (node_modules/@jest/fake-timers/build/index.js:542:19)
      at Object.runOnlyPendingTimers (src/hooks/__tests__/use-toast.test.ts:16:10)

    console.error
      An update to TestComponent inside a test was not wrapped in act(...).
      
      When testing, code that causes React state updates should be wrapped into act(...):
      
      act(() => {
        /* fire events that update state */
      });
      /* assert on the output */
      
      This ensures that you're testing the behavior the user would see in the browser. Learn more at https://react.dev/link/wrap-tests-with-act

      130 |   memoryState = reducer(memoryState, action);
      131 |   listeners.forEach((listener) => {
    > 132 |     listener(memoryState);
          |     ^
      133 |   });
      134 | }
      135 | // Export reset function for testing

      at node_modules/react-dom/cjs/react-dom-client.development.js:18758:19
      at runWithFiberInDEV (node_modules/react-dom/cjs/react-dom-client.development.js:874:13)
      at warnIfUpdatesNotWrappedWithActDEV (node_modules/react-dom/cjs/react-dom-client.development.js:18757:9)
      at scheduleUpdateOnFiber (node_modules/react-dom/cjs/react-dom-client.development.js:16409:11)
      at dispatchSetStateInternal (node_modules/react-dom/cjs/react-dom-client.development.js:9170:13)
      at dispatchSetState (node_modules/react-dom/cjs/react-dom-client.development.js:9127:7)
      at listener (src/hooks/use-toast.ts:132:5)
          at Array.forEach (<anonymous>)
      at forEach (src/hooks/use-toast.ts:131:13)
      at dispatch (src/hooks/use-toast.ts:52:5)
      at callTimer (node_modules/@sinonjs/fake-timers/src/fake-timers-src.js:806:24)
      at doTickInner (node_modules/@sinonjs/fake-timers/src/fake-timers-src.js:1413:29)
      at doTick (node_modules/@sinonjs/fake-timers/src/fake-timers-src.js:1494:20)
      at Object.tick (node_modules/@sinonjs/fake-timers/src/fake-timers-src.js:1502:20)
      at Object.runToLast (node_modules/@sinonjs/fake-timers/src/fake-timers-src.js:1661:26)
      at FakeTimers.runOnlyPendingTimers (node_modules/@jest/fake-timers/build/index.js:542:19)
      at Object.runOnlyPendingTimers (src/hooks/__tests__/use-toast.test.ts:16:10)

    console.error
      An update to TestComponent inside a test was not wrapped in act(...).
      
      When testing, code that causes React state updates should be wrapped into act(...):
      
      act(() => {
        /* fire events that update state */
      });
      /* assert on the output */
      
      This ensures that you're testing the behavior the user would see in the browser. Learn more at https://react.dev/link/wrap-tests-with-act

      141 |   autoDismissTimeouts.clear();
      142 |   listeners.forEach((listener) => {
    > 143 |     listener(memoryState);
          |     ^
      144 |   });
      145 | }
      146 | type Toast = Omit<ToasterToast, "id">;

      at node_modules/react-dom/cjs/react-dom-client.development.js:18758:19
      at runWithFiberInDEV (node_modules/react-dom/cjs/react-dom-client.development.js:874:13)
      at warnIfUpdatesNotWrappedWithActDEV (node_modules/react-dom/cjs/react-dom-client.development.js:18757:9)
      at scheduleUpdateOnFiber (node_modules/react-dom/cjs/react-dom-client.development.js:16409:11)
      at dispatchSetStateInternal (node_modules/react-dom/cjs/react-dom-client.development.js:9170:13)
      at dispatchSetState (node_modules/react-dom/cjs/react-dom-client.development.js:9127:7)
      at listener (src/hooks/use-toast.ts:143:5)
          at Array.forEach (<anonymous>)
      at forEach (src/hooks/use-toast.ts:142:13)
      at Object.<anonymous> (src/hooks/__tests__/use-toast.test.ts:20:17)

    console.error
      An update to TestComponent inside a test was not wrapped in act(...).
      
      When testing, code that causes React state updates should be wrapped into act(...):
      
      act(() => {
        /* fire events that update state */
      });
      /* assert on the output */
      
      This ensures that you're testing the behavior the user would see in the browser. Learn more at https://react.dev/link/wrap-tests-with-act

      130 |   memoryState = reducer(memoryState, action);
      131 |   listeners.forEach((listener) => {
    > 132 |     listener(memoryState);
          |     ^
      133 |   });
      134 | }
      135 | // Export reset function for testing

      at node_modules/react-dom/cjs/react-dom-client.development.js:18758:19
      at runWithFiberInDEV (node_modules/react-dom/cjs/react-dom-client.development.js:874:13)
      at warnIfUpdatesNotWrappedWithActDEV (node_modules/react-dom/cjs/react-dom-client.development.js:18757:9)
      at scheduleUpdateOnFiber (node_modules/react-dom/cjs/react-dom-client.development.js:16409:11)
      at dispatchSetStateInternal (node_modules/react-dom/cjs/react-dom-client.development.js:9170:13)
      at dispatchSetState (node_modules/react-dom/cjs/react-dom-client.development.js:9127:7)
      at listener (src/hooks/use-toast.ts:132:5)
          at Array.forEach (<anonymous>)
      at forEach (src/hooks/use-toast.ts:131:13)
      at dispatch (src/hooks/use-toast.ts:156:5)
      at dismiss (src/hooks/use-toast.ts:162:7)
      at callTimer (node_modules/@sinonjs/fake-timers/src/fake-timers-src.js:806:24)
      at doTickInner (node_modules/@sinonjs/fake-timers/src/fake-timers-src.js:1413:29)
      at doTick (node_modules/@sinonjs/fake-timers/src/fake-timers-src.js:1494:20)
      at Object.tick (node_modules/@sinonjs/fake-timers/src/fake-timers-src.js:1502:20)
      at Object.runToLast (node_modules/@sinonjs/fake-timers/src/fake-timers-src.js:1661:26)
      at FakeTimers.runOnlyPendingTimers (node_modules/@jest/fake-timers/build/index.js:542:19)
      at Object.runOnlyPendingTimers (src/hooks/__tests__/use-toast.test.ts:16:10)

    console.error
      An update to TestComponent inside a test was not wrapped in act(...).
      
      When testing, code that causes React state updates should be wrapped into act(...):
      
      act(() => {
        /* fire events that update state */
      });
      /* assert on the output */
      
      This ensures that you're testing the behavior the user would see in the browser. Learn more at https://react.dev/link/wrap-tests-with-act

      141 |   autoDismissTimeouts.clear();
      142 |   listeners.forEach((listener) => {
    > 143 |     listener(memoryState);
          |     ^
      144 |   });
      145 | }
      146 | type Toast = Omit<ToasterToast, "id">;

      at node_modules/react-dom/cjs/react-dom-client.development.js:18758:19
      at runWithFiberInDEV (node_modules/react-dom/cjs/react-dom-client.development.js:874:13)
      at warnIfUpdatesNotWrappedWithActDEV (node_modules/react-dom/cjs/react-dom-client.development.js:18757:9)
      at scheduleUpdateOnFiber (node_modules/react-dom/cjs/react-dom-client.development.js:16409:11)
      at dispatchSetStateInternal (node_modules/react-dom/cjs/react-dom-client.development.js:9170:13)
      at dispatchSetState (node_modules/react-dom/cjs/react-dom-client.development.js:9127:7)
      at listener (src/hooks/use-toast.ts:143:5)
          at Array.forEach (<anonymous>)
      at forEach (src/hooks/use-toast.ts:142:13)
      at Object.<anonymous> (src/hooks/__tests__/use-toast.test.ts:20:17)

    console.error
      An update to TestComponent inside a test was not wrapped in act(...).
      
      When testing, code that causes React state updates should be wrapped into act(...):
      
      act(() => {
        /* fire events that update state */
      });
      /* assert on the output */
      
      This ensures that you're testing the behavior the user would see in the browser. Learn more at https://react.dev/link/wrap-tests-with-act

      130 |   memoryState = reducer(memoryState, action);
      131 |   listeners.forEach((listener) => {
    > 132 |     listener(memoryState);
          |     ^
      133 |   });
      134 | }
      135 | // Export reset function for testing

      at node_modules/react-dom/cjs/react-dom-client.development.js:18758:19
      at runWithFiberInDEV (node_modules/react-dom/cjs/react-dom-client.development.js:874:13)
      at warnIfUpdatesNotWrappedWithActDEV (node_modules/react-dom/cjs/react-dom-client.development.js:18757:9)
      at scheduleUpdateOnFiber (node_modules/react-dom/cjs/react-dom-client.development.js:16409:11)
      at dispatchSetStateInternal (node_modules/react-dom/cjs/react-dom-client.development.js:9170:13)
      at dispatchSetState (node_modules/react-dom/cjs/react-dom-client.development.js:9127:7)
      at listener (src/hooks/use-toast.ts:132:5)
          at Array.forEach (<anonymous>)
      at forEach (src/hooks/use-toast.ts:131:13)
      at dispatch (src/hooks/use-toast.ts:52:5)
      at callTimer (node_modules/@sinonjs/fake-timers/src/fake-timers-src.js:806:24)
      at doTickInner (node_modules/@sinonjs/fake-timers/src/fake-timers-src.js:1413:29)
      at doTick (node_modules/@sinonjs/fake-timers/src/fake-timers-src.js:1494:20)
      at Object.tick (node_modules/@sinonjs/fake-timers/src/fake-timers-src.js:1502:20)
      at Object.runToLast (node_modules/@sinonjs/fake-timers/src/fake-timers-src.js:1661:26)
      at FakeTimers.runOnlyPendingTimers (node_modules/@jest/fake-timers/build/index.js:542:19)
      at Object.runOnlyPendingTimers (src/hooks/__tests__/use-toast.test.ts:16:10)

    console.error
      An update to TestComponent inside a test was not wrapped in act(...).
      
      When testing, code that causes React state updates should be wrapped into act(...):
      
      act(() => {
        /* fire events that update state */
      });
      /* assert on the output */
      
      This ensures that you're testing the behavior the user would see in the browser. Learn more at https://react.dev/link/wrap-tests-with-act

      141 |   autoDismissTimeouts.clear();
      142 |   listeners.forEach((listener) => {
    > 143 |     listener(memoryState);
          |     ^
      144 |   });
      145 | }
      146 | type Toast = Omit<ToasterToast, "id">;

      at node_modules/react-dom/cjs/react-dom-client.development.js:18758:19
      at runWithFiberInDEV (node_modules/react-dom/cjs/react-dom-client.development.js:874:13)
      at warnIfUpdatesNotWrappedWithActDEV (node_modules/react-dom/cjs/react-dom-client.development.js:18757:9)
      at scheduleUpdateOnFiber (node_modules/react-dom/cjs/react-dom-client.development.js:16409:11)
      at dispatchSetStateInternal (node_modules/react-dom/cjs/react-dom-client.development.js:9170:13)
      at dispatchSetState (node_modules/react-dom/cjs/react-dom-client.development.js:9127:7)
      at listener (src/hooks/use-toast.ts:143:5)
          at Array.forEach (<anonymous>)
      at forEach (src/hooks/use-toast.ts:142:13)
      at Object.<anonymous> (src/hooks/__tests__/use-toast.test.ts:20:17)

    console.error
      An update to TestComponent inside a test was not wrapped in act(...).
      
      When testing, code that causes React state updates should be wrapped into act(...):
      
      act(() => {
        /* fire events that update state */
      });
      /* assert on the output */
      
      This ensures that you're testing the behavior the user would see in the browser. Learn more at https://react.dev/link/wrap-tests-with-act

      141 |   autoDismissTimeouts.clear();
      142 |   listeners.forEach((listener) => {
    > 143 |     listener(memoryState);
          |     ^
      144 |   });
      145 | }
      146 | type Toast = Omit<ToasterToast, "id">;

      at node_modules/react-dom/cjs/react-dom-client.development.js:18758:19
      at runWithFiberInDEV (node_modules/react-dom/cjs/react-dom-client.development.js:874:13)
      at warnIfUpdatesNotWrappedWithActDEV (node_modules/react-dom/cjs/react-dom-client.development.js:18757:9)
      at scheduleUpdateOnFiber (node_modules/react-dom/cjs/react-dom-client.development.js:16409:11)
      at dispatchSetStateInternal (node_modules/react-dom/cjs/react-dom-client.development.js:9170:13)
      at dispatchSetState (node_modules/react-dom/cjs/react-dom-client.development.js:9127:7)
      at listener (src/hooks/use-toast.ts:143:5)
          at Array.forEach (<anonymous>)
      at forEach (src/hooks/use-toast.ts:142:13)
      at Object.<anonymous> (src/hooks/__tests__/use-toast.test.ts:20:17)

    console.error
      An update to TestComponent inside a test was not wrapped in act(...).
      
      When testing, code that causes React state updates should be wrapped into act(...):
      
      act(() => {
        /* fire events that update state */
      });
      /* assert on the output */
      
      This ensures that you're testing the behavior the user would see in the browser. Learn more at https://react.dev/link/wrap-tests-with-act

      130 |   memoryState = reducer(memoryState, action);
      131 |   listeners.forEach((listener) => {
    > 132 |     listener(memoryState);
          |     ^
      133 |   });
      134 | }
      135 | // Export reset function for testing

      at node_modules/react-dom/cjs/react-dom-client.development.js:18758:19
      at runWithFiberInDEV (node_modules/react-dom/cjs/react-dom-client.development.js:874:13)
      at warnIfUpdatesNotWrappedWithActDEV (node_modules/react-dom/cjs/react-dom-client.development.js:18757:9)
      at scheduleUpdateOnFiber (node_modules/react-dom/cjs/react-dom-client.development.js:16409:11)
      at dispatchSetStateInternal (node_modules/react-dom/cjs/react-dom-client.development.js:9170:13)
      at dispatchSetState (node_modules/react-dom/cjs/react-dom-client.development.js:9127:7)
      at listener (src/hooks/use-toast.ts:132:5)
          at Array.forEach (<anonymous>)
      at forEach (src/hooks/use-toast.ts:131:13)
      at dispatch (src/hooks/use-toast.ts:156:5)
      at dismiss (src/hooks/use-toast.ts:162:7)
      at callTimer (node_modules/@sinonjs/fake-timers/src/fake-timers-src.js:806:24)
      at doTickInner (node_modules/@sinonjs/fake-timers/src/fake-timers-src.js:1413:29)
      at doTick (node_modules/@sinonjs/fake-timers/src/fake-timers-src.js:1494:20)
      at Object.tick (node_modules/@sinonjs/fake-timers/src/fake-timers-src.js:1502:20)
      at Object.runToLast (node_modules/@sinonjs/fake-timers/src/fake-timers-src.js:1661:26)
      at FakeTimers.runOnlyPendingTimers (node_modules/@jest/fake-timers/build/index.js:542:19)
      at Object.runOnlyPendingTimers (src/hooks/__tests__/use-toast.test.ts:16:10)

    console.error
      An update to TestComponent inside a test was not wrapped in act(...).
      
      When testing, code that causes React state updates should be wrapped into act(...):
      
      act(() => {
        /* fire events that update state */
      });
      /* assert on the output */
      
      This ensures that you're testing the behavior the user would see in the browser. Learn more at https://react.dev/link/wrap-tests-with-act

      141 |   autoDismissTimeouts.clear();
      142 |   listeners.forEach((listener) => {
    > 143 |     listener(memoryState);
          |     ^
      144 |   });
      145 | }
      146 | type Toast = Omit<ToasterToast, "id">;

      at node_modules/react-dom/cjs/react-dom-client.development.js:18758:19
      at runWithFiberInDEV (node_modules/react-dom/cjs/react-dom-client.development.js:874:13)
      at warnIfUpdatesNotWrappedWithActDEV (node_modules/react-dom/cjs/react-dom-client.development.js:18757:9)
      at scheduleUpdateOnFiber (node_modules/react-dom/cjs/react-dom-client.development.js:16409:11)
      at dispatchSetStateInternal (node_modules/react-dom/cjs/react-dom-client.development.js:9170:13)
      at dispatchSetState (node_modules/react-dom/cjs/react-dom-client.development.js:9127:7)
      at listener (src/hooks/use-toast.ts:143:5)
          at Array.forEach (<anonymous>)
      at forEach (src/hooks/use-toast.ts:142:13)
      at Object.<anonymous> (src/hooks/__tests__/use-toast.test.ts:20:17)

    console.error
      An update to TestComponent inside a test was not wrapped in act(...).
      
      When testing, code that causes React state updates should be wrapped into act(...):
      
      act(() => {
        /* fire events that update state */
      });
      /* assert on the output */
      
      This ensures that you're testing the behavior the user would see in the browser. Learn more at https://react.dev/link/wrap-tests-with-act

      130 |   memoryState = reducer(memoryState, action);
      131 |   listeners.forEach((listener) => {
    > 132 |     listener(memoryState);
          |     ^
      133 |   });
      134 | }
      135 | // Export reset function for testing

      at node_modules/react-dom/cjs/react-dom-client.development.js:18758:19
      at runWithFiberInDEV (node_modules/react-dom/cjs/react-dom-client.development.js:874:13)
      at warnIfUpdatesNotWrappedWithActDEV (node_modules/react-dom/cjs/react-dom-client.development.js:18757:9)
      at scheduleUpdateOnFiber (node_modules/react-dom/cjs/react-dom-client.development.js:16409:11)
      at dispatchSetStateInternal (node_modules/react-dom/cjs/react-dom-client.development.js:9170:13)
      at dispatchSetState (node_modules/react-dom/cjs/react-dom-client.development.js:9127:7)
      at listener (src/hooks/use-toast.ts:132:5)
          at Array.forEach (<anonymous>)
      at forEach (src/hooks/use-toast.ts:131:13)
      at dispatch (src/hooks/use-toast.ts:52:5)
      at callTimer (node_modules/@sinonjs/fake-timers/src/fake-timers-src.js:806:24)
      at doTickInner (node_modules/@sinonjs/fake-timers/src/fake-timers-src.js:1413:29)
      at doTick (node_modules/@sinonjs/fake-timers/src/fake-timers-src.js:1494:20)
      at Object.tick (node_modules/@sinonjs/fake-timers/src/fake-timers-src.js:1502:20)
      at Object.runToLast (node_modules/@sinonjs/fake-timers/src/fake-timers-src.js:1661:26)
      at FakeTimers.runOnlyPendingTimers (node_modules/@jest/fake-timers/build/index.js:542:19)
      at Object.runOnlyPendingTimers (src/hooks/__tests__/use-toast.test.ts:16:10)

    console.error
      An update to TestComponent inside a test was not wrapped in act(...).
      
      When testing, code that causes React state updates should be wrapped into act(...):
      
      act(() => {
        /* fire events that update state */
      });
      /* assert on the output */
      
      This ensures that you're testing the behavior the user would see in the browser. Learn more at https://react.dev/link/wrap-tests-with-act

      141 |   autoDismissTimeouts.clear();
      142 |   listeners.forEach((listener) => {
    > 143 |     listener(memoryState);
          |     ^
      144 |   });
      145 | }
      146 | type Toast = Omit<ToasterToast, "id">;

      at node_modules/react-dom/cjs/react-dom-client.development.js:18758:19
      at runWithFiberInDEV (node_modules/react-dom/cjs/react-dom-client.development.js:874:13)
      at warnIfUpdatesNotWrappedWithActDEV (node_modules/react-dom/cjs/react-dom-client.development.js:18757:9)
      at scheduleUpdateOnFiber (node_modules/react-dom/cjs/react-dom-client.development.js:16409:11)
      at dispatchSetStateInternal (node_modules/react-dom/cjs/react-dom-client.development.js:9170:13)
      at dispatchSetState (node_modules/react-dom/cjs/react-dom-client.development.js:9127:7)
      at listener (src/hooks/use-toast.ts:143:5)
          at Array.forEach (<anonymous>)
      at forEach (src/hooks/use-toast.ts:142:13)
      at Object.<anonymous> (src/hooks/__tests__/use-toast.test.ts:20:17)

    console.error
      An update to TestComponent inside a test was not wrapped in act(...).
      
      When testing, code that causes React state updates should be wrapped into act(...):
      
      act(() => {
        /* fire events that update state */
      });
      /* assert on the output */
      
      This ensures that you're testing the behavior the user would see in the browser. Learn more at https://react.dev/link/wrap-tests-with-act

      141 |   autoDismissTimeouts.clear();
      142 |   listeners.forEach((listener) => {
    > 143 |     listener(memoryState);
          |     ^
      144 |   });
      145 | }
      146 | type Toast = Omit<ToasterToast, "id">;

      at node_modules/react-dom/cjs/react-dom-client.development.js:18758:19
      at runWithFiberInDEV (node_modules/react-dom/cjs/react-dom-client.development.js:874:13)
      at warnIfUpdatesNotWrappedWithActDEV (node_modules/react-dom/cjs/react-dom-client.development.js:18757:9)
      at scheduleUpdateOnFiber (node_modules/react-dom/cjs/react-dom-client.development.js:16409:11)
      at dispatchSetStateInternal (node_modules/react-dom/cjs/react-dom-client.development.js:9170:13)
      at dispatchSetState (node_modules/react-dom/cjs/react-dom-client.development.js:9127:7)
      at listener (src/hooks/use-toast.ts:143:5)
          at Array.forEach (<anonymous>)
      at forEach (src/hooks/use-toast.ts:142:13)
      at Object.<anonymous> (src/hooks/__tests__/use-toast.test.ts:20:17)

    console.error
      An update to TestComponent inside a test was not wrapped in act(...).
      
      When testing, code that causes React state updates should be wrapped into act(...):
      
      act(() => {
        /* fire events that update state */
      });
      /* assert on the output */
      
      This ensures that you're testing the behavior the user would see in the browser. Learn more at https://react.dev/link/wrap-tests-with-act

      130 |   memoryState = reducer(memoryState, action);
      131 |   listeners.forEach((listener) => {
    > 132 |     listener(memoryState);
          |     ^
      133 |   });
      134 | }
      135 | // Export reset function for testing

      at node_modules/react-dom/cjs/react-dom-client.development.js:18758:19
      at runWithFiberInDEV (node_modules/react-dom/cjs/react-dom-client.development.js:874:13)
      at warnIfUpdatesNotWrappedWithActDEV (node_modules/react-dom/cjs/react-dom-client.development.js:18757:9)
      at scheduleUpdateOnFiber (node_modules/react-dom/cjs/react-dom-client.development.js:16409:11)
      at dispatchSetStateInternal (node_modules/react-dom/cjs/react-dom-client.development.js:9170:13)
      at dispatchSetState (node_modules/react-dom/cjs/react-dom-client.development.js:9127:7)
      at listener (src/hooks/use-toast.ts:132:5)
          at Array.forEach (<anonymous>)
      at forEach (src/hooks/use-toast.ts:131:13)
      at dispatch (src/hooks/use-toast.ts:156:5)
      at dismiss (src/hooks/use-toast.ts:162:7)
      at callTimer (node_modules/@sinonjs/fake-timers/src/fake-timers-src.js:806:24)
      at doTickInner (node_modules/@sinonjs/fake-timers/src/fake-timers-src.js:1413:29)
      at doTick (node_modules/@sinonjs/fake-timers/src/fake-timers-src.js:1494:20)
      at Object.tick (node_modules/@sinonjs/fake-timers/src/fake-timers-src.js:1502:20)
      at Object.runToLast (node_modules/@sinonjs/fake-timers/src/fake-timers-src.js:1661:26)
      at FakeTimers.runOnlyPendingTimers (node_modules/@jest/fake-timers/build/index.js:542:19)
      at Object.runOnlyPendingTimers (src/hooks/__tests__/use-toast.test.ts:16:10)

    console.error
      An update to TestComponent inside a test was not wrapped in act(...).
      
      When testing, code that causes React state updates should be wrapped into act(...):
      
      act(() => {
        /* fire events that update state */
      });
      /* assert on the output */
      
      This ensures that you're testing the behavior the user would see in the browser. Learn more at https://react.dev/link/wrap-tests-with-act

      141 |   autoDismissTimeouts.clear();
      142 |   listeners.forEach((listener) => {
    > 143 |     listener(memoryState);
          |     ^
      144 |   });
      145 | }
      146 | type Toast = Omit<ToasterToast, "id">;

      at node_modules/react-dom/cjs/react-dom-client.development.js:18758:19
      at runWithFiberInDEV (node_modules/react-dom/cjs/react-dom-client.development.js:874:13)
      at warnIfUpdatesNotWrappedWithActDEV (node_modules/react-dom/cjs/react-dom-client.development.js:18757:9)
      at scheduleUpdateOnFiber (node_modules/react-dom/cjs/react-dom-client.development.js:16409:11)
      at dispatchSetStateInternal (node_modules/react-dom/cjs/react-dom-client.development.js:9170:13)
      at dispatchSetState (node_modules/react-dom/cjs/react-dom-client.development.js:9127:7)
      at listener (src/hooks/use-toast.ts:143:5)
          at Array.forEach (<anonymous>)
      at forEach (src/hooks/use-toast.ts:142:13)
      at Object.<anonymous> (src/hooks/__tests__/use-toast.test.ts:20:17)

    console.error
      An update to TestComponent inside a test was not wrapped in act(...).
      
      When testing, code that causes React state updates should be wrapped into act(...):
      
      act(() => {
        /* fire events that update state */
      });
      /* assert on the output */
      
      This ensures that you're testing the behavior the user would see in the browser. Learn more at https://react.dev/link/wrap-tests-with-act

      130 |   memoryState = reducer(memoryState, action);
      131 |   listeners.forEach((listener) => {
    > 132 |     listener(memoryState);
          |     ^
      133 |   });
      134 | }
      135 | // Export reset function for testing

      at node_modules/react-dom/cjs/react-dom-client.development.js:18758:19
      at runWithFiberInDEV (node_modules/react-dom/cjs/react-dom-client.development.js:874:13)
      at warnIfUpdatesNotWrappedWithActDEV (node_modules/react-dom/cjs/react-dom-client.development.js:18757:9)
      at scheduleUpdateOnFiber (node_modules/react-dom/cjs/react-dom-client.development.js:16409:11)
      at dispatchSetStateInternal (node_modules/react-dom/cjs/react-dom-client.development.js:9170:13)
      at dispatchSetState (node_modules/react-dom/cjs/react-dom-client.development.js:9127:7)
      at listener (src/hooks/use-toast.ts:132:5)
          at Array.forEach (<anonymous>)
      at forEach (src/hooks/use-toast.ts:131:13)
      at dispatch (src/hooks/use-toast.ts:52:5)
      at callTimer (node_modules/@sinonjs/fake-timers/src/fake-timers-src.js:806:24)
      at doTickInner (node_modules/@sinonjs/fake-timers/src/fake-timers-src.js:1413:29)
      at doTick (node_modules/@sinonjs/fake-timers/src/fake-timers-src.js:1494:20)
      at Object.tick (node_modules/@sinonjs/fake-timers/src/fake-timers-src.js:1502:20)
      at Object.runToLast (node_modules/@sinonjs/fake-timers/src/fake-timers-src.js:1661:26)
      at FakeTimers.runOnlyPendingTimers (node_modules/@jest/fake-timers/build/index.js:542:19)
      at Object.runOnlyPendingTimers (src/hooks/__tests__/use-toast.test.ts:16:10)

    console.error
      An update to TestComponent inside a test was not wrapped in act(...).
      
      When testing, code that causes React state updates should be wrapped into act(...):
      
      act(() => {
        /* fire events that update state */
      });
      /* assert on the output */
      
      This ensures that you're testing the behavior the user would see in the browser. Learn more at https://react.dev/link/wrap-tests-with-act

      130 |   memoryState = reducer(memoryState, action);
      131 |   listeners.forEach((listener) => {
    > 132 |     listener(memoryState);
          |     ^
      133 |   });
      134 | }
      135 | // Export reset function for testing

      at node_modules/react-dom/cjs/react-dom-client.development.js:18758:19
      at runWithFiberInDEV (node_modules/react-dom/cjs/react-dom-client.development.js:874:13)
      at warnIfUpdatesNotWrappedWithActDEV (node_modules/react-dom/cjs/react-dom-client.development.js:18757:9)
      at scheduleUpdateOnFiber (node_modules/react-dom/cjs/react-dom-client.development.js:16409:11)
      at dispatchSetStateInternal (node_modules/react-dom/cjs/react-dom-client.development.js:9170:13)
      at dispatchSetState (node_modules/react-dom/cjs/react-dom-client.development.js:9127:7)
      at listener (src/hooks/use-toast.ts:132:5)
          at Array.forEach (<anonymous>)
      at forEach (src/hooks/use-toast.ts:131:13)
      at dispatch (src/hooks/use-toast.ts:52:5)
      at callTimer (node_modules/@sinonjs/fake-timers/src/fake-timers-src.js:806:24)
      at doTickInner (node_modules/@sinonjs/fake-timers/src/fake-timers-src.js:1413:29)
      at doTick (node_modules/@sinonjs/fake-timers/src/fake-timers-src.js:1494:20)
      at Object.tick (node_modules/@sinonjs/fake-timers/src/fake-timers-src.js:1502:20)
      at Object.runToLast (node_modules/@sinonjs/fake-timers/src/fake-timers-src.js:1661:26)
      at FakeTimers.runOnlyPendingTimers (node_modules/@jest/fake-timers/build/index.js:542:19)
      at Object.runOnlyPendingTimers (src/hooks/__tests__/use-toast.test.ts:16:10)

    console.error
      An update to TestComponent inside a test was not wrapped in act(...).
      
      When testing, code that causes React state updates should be wrapped into act(...):
      
      act(() => {
        /* fire events that update state */
      });
      /* assert on the output */
      
      This ensures that you're testing the behavior the user would see in the browser. Learn more at https://react.dev/link/wrap-tests-with-act

      130 |   memoryState = reducer(memoryState, action);
      131 |   listeners.forEach((listener) => {
    > 132 |     listener(memoryState);
          |     ^
      133 |   });
      134 | }
      135 | // Export reset function for testing

      at node_modules/react-dom/cjs/react-dom-client.development.js:18758:19
      at runWithFiberInDEV (node_modules/react-dom/cjs/react-dom-client.development.js:874:13)
      at warnIfUpdatesNotWrappedWithActDEV (node_modules/react-dom/cjs/react-dom-client.development.js:18757:9)
      at scheduleUpdateOnFiber (node_modules/react-dom/cjs/react-dom-client.development.js:16409:11)
      at dispatchSetStateInternal (node_modules/react-dom/cjs/react-dom-client.development.js:9170:13)
      at dispatchSetState (node_modules/react-dom/cjs/react-dom-client.development.js:9127:7)
      at listener (src/hooks/use-toast.ts:132:5)
          at Array.forEach (<anonymous>)
      at forEach (src/hooks/use-toast.ts:131:13)
      at dispatch (src/hooks/use-toast.ts:52:5)
      at callTimer (node_modules/@sinonjs/fake-timers/src/fake-timers-src.js:806:24)
      at doTickInner (node_modules/@sinonjs/fake-timers/src/fake-timers-src.js:1413:29)
      at doTick (node_modules/@sinonjs/fake-timers/src/fake-timers-src.js:1494:20)
      at Object.tick (node_modules/@sinonjs/fake-timers/src/fake-timers-src.js:1502:20)
      at Object.runToLast (node_modules/@sinonjs/fake-timers/src/fake-timers-src.js:1661:26)
      at FakeTimers.runOnlyPendingTimers (node_modules/@jest/fake-timers/build/index.js:542:19)
      at Object.runOnlyPendingTimers (src/hooks/__tests__/use-toast.test.ts:16:10)

    console.error
      An update to TestComponent inside a test was not wrapped in act(...).
      
      When testing, code that causes React state updates should be wrapped into act(...):
      
      act(() => {
        /* fire events that update state */
      });
      /* assert on the output */
      
      This ensures that you're testing the behavior the user would see in the browser. Learn more at https://react.dev/link/wrap-tests-with-act

      141 |   autoDismissTimeouts.clear();
      142 |   listeners.forEach((listener) => {
    > 143 |     listener(memoryState);
          |     ^
      144 |   });
      145 | }
      146 | type Toast = Omit<ToasterToast, "id">;

      at node_modules/react-dom/cjs/react-dom-client.development.js:18758:19
      at runWithFiberInDEV (node_modules/react-dom/cjs/react-dom-client.development.js:874:13)
      at warnIfUpdatesNotWrappedWithActDEV (node_modules/react-dom/cjs/react-dom-client.development.js:18757:9)
      at scheduleUpdateOnFiber (node_modules/react-dom/cjs/react-dom-client.development.js:16409:11)
      at dispatchSetStateInternal (node_modules/react-dom/cjs/react-dom-client.development.js:9170:13)
      at dispatchSetState (node_modules/react-dom/cjs/react-dom-client.development.js:9127:7)
      at listener (src/hooks/use-toast.ts:143:5)
          at Array.forEach (<anonymous>)
      at forEach (src/hooks/use-toast.ts:142:13)
      at Object.<anonymous> (src/hooks/__tests__/use-toast.test.ts:20:17)

    console.error
      An update to TestComponent inside a test was not wrapped in act(...).
      
      When testing, code that causes React state updates should be wrapped into act(...):
      
      act(() => {
        /* fire events that update state */
      });
      /* assert on the output */
      
      This ensures that you're testing the behavior the user would see in the browser. Learn more at https://react.dev/link/wrap-tests-with-act

      141 |   autoDismissTimeouts.clear();
      142 |   listeners.forEach((listener) => {
    > 143 |     listener(memoryState);
          |     ^
      144 |   });
      145 | }
      146 | type Toast = Omit<ToasterToast, "id">;

      at node_modules/react-dom/cjs/react-dom-client.development.js:18758:19
      at runWithFiberInDEV (node_modules/react-dom/cjs/react-dom-client.development.js:874:13)
      at warnIfUpdatesNotWrappedWithActDEV (node_modules/react-dom/cjs/react-dom-client.development.js:18757:9)
      at scheduleUpdateOnFiber (node_modules/react-dom/cjs/react-dom-client.development.js:16409:11)
      at dispatchSetStateInternal (node_modules/react-dom/cjs/react-dom-client.development.js:9170:13)
      at dispatchSetState (node_modules/react-dom/cjs/react-dom-client.development.js:9127:7)
      at listener (src/hooks/use-toast.ts:143:5)
          at Array.forEach (<anonymous>)
      at forEach (src/hooks/use-toast.ts:142:13)
      at Object.<anonymous> (src/hooks/__tests__/use-toast.test.ts:20:17)

FAIL src/controller/query/admin/pricing/__tests__/pricing.service.test.ts
  ● pricing.service › getPricingConfig › should throw error when response data is missing

    expect(received).rejects.toThrow(expected)

    Expected substring: "No server response for pricing config."
    Received message:   "Error retrieving pricing configuration."

          28 |     }
          29 |   }
        > 30 |   throw new Error(fallbackMessage);
             |         ^
          31 | };
          32 |
          33 | export const getPricingConfig = async (

      at handleAxiosError (src/controller/query/admin/pricing/pricing.service.ts:30:9)
      at handleAxiosError (src/controller/query/admin/pricing/pricing.service.ts:48:5)
      at Object.<anonymous> (src/controller/query/admin/pricing/__tests__/pricing.service.test.ts:66:7)
      at Object.toThrow (node_modules/expect/build/index.js:2155:20)
      at Object.toThrow (src/controller/query/admin/pricing/__tests__/pricing.service.test.ts:66:57)

  ● pricing.service › updatePricingConfig › should validate purchase_price is greater than 0

    expect(received).rejects.toThrow(expected)

    Expected substring: "purchase_price must be greater than 0"
    Received message:   "Error updating pricing configuration."

          28 |     }
          29 |   }
        > 30 |   throw new Error(fallbackMessage);
             |         ^
          31 | };
          32 |
          33 | export const getPricingConfig = async (

      at handleAxiosError (src/controller/query/admin/pricing/pricing.service.ts:30:9)
      at handleAxiosError (src/controller/query/admin/pricing/pricing.service.ts:72:5)
      at Object.<anonymous> (src/controller/query/admin/pricing/__tests__/pricing.service.test.ts:107:28)
      at Object.toThrow (node_modules/expect/build/index.js:2155:20)
      at Object.toThrow (src/controller/query/admin/pricing/__tests__/pricing.service.test.ts:108:17)

  ● pricing.service › updatePricingConfig › should validate purchase_price is not negative

    expect(received).rejects.toThrow(expected)

    Expected substring: "purchase_price must be greater than 0"
    Received message:   "Error updating pricing configuration."

          28 |     }
          29 |   }
        > 30 |   throw new Error(fallbackMessage);
             |         ^
          31 | };
          32 |
          33 | export const getPricingConfig = async (

      at handleAxiosError (src/controller/query/admin/pricing/pricing.service.ts:30:9)
      at handleAxiosError (src/controller/query/admin/pricing/pricing.service.ts:72:5)
      at Object.<anonymous> (src/controller/query/admin/pricing/__tests__/pricing.service.test.ts:113:28)
      at Object.toThrow (node_modules/expect/build/index.js:2155:20)
      at Object.toThrow (src/controller/query/admin/pricing/__tests__/pricing.service.test.ts:114:17)

  ● pricing.service › updatePricingConfig › should throw error when response data is missing

    expect(received).rejects.toThrow(expected)

    Expected substring: "No server response for updating pricing config."
    Received message:   "Error updating pricing configuration."

          28 |     }
          29 |   }
        > 30 |   throw new Error(fallbackMessage);
             |         ^
          31 | };
          32 |
          33 | export const getPricingConfig = async (

      at handleAxiosError (src/controller/query/admin/pricing/pricing.service.ts:30:9)
      at handleAxiosError (src/controller/query/admin/pricing/pricing.service.ts:72:5)
      at Object.<anonymous> (src/controller/query/admin/pricing/__tests__/pricing.service.test.ts:126:7)
      at Object.toThrow (node_modules/expect/build/index.js:2155:20)
      at Object.toThrow (src/controller/query/admin/pricing/__tests__/pricing.service.test.ts:126:85)

  ● pricing.service › getPricingTiers › should throw error when response data is missing

    expect(received).rejects.toThrow(expected)

    Expected substring: "No server response for pricing tiers."
    Received message:   "Error retrieving pricing tiers."

          28 |     }
          29 |   }
        > 30 |   throw new Error(fallbackMessage);
             |         ^
          31 | };
          32 |
          33 | export const getPricingConfig = async (

      at handleAxiosError (src/controller/query/admin/pricing/pricing.service.ts:30:9)
      at handleAxiosError (src/controller/query/admin/pricing/pricing.service.ts:91:5)
      at Object.<anonymous> (src/controller/query/admin/pricing/__tests__/pricing.service.test.ts:176:7)
      at Object.toThrow (node_modules/expect/build/index.js:2155:20)
      at Object.toThrow (src/controller/query/admin/pricing/__tests__/pricing.service.test.ts:176:56)

  ● pricing.service › createPricingTier › should validate tier_name is required

    expect(received).rejects.toThrow(expected)

    Expected substring: "tier_name is required"
    Received message:   "Error creating pricing tier."

          28 |     }
          29 |   }
        > 30 |   throw new Error(fallbackMessage);
             |         ^
          31 | };
          32 |
          33 | export const getPricingConfig = async (

      at handleAxiosError (src/controller/query/admin/pricing/pricing.service.ts:30:9)
      at handleAxiosError (src/controller/query/admin/pricing/pricing.service.ts:128:5)
      at Object.<anonymous> (src/controller/query/admin/pricing/__tests__/pricing.service.test.ts:220:26)
      at Object.toThrow (node_modules/expect/build/index.js:2155:20)
      at Object.toThrow (src/controller/query/admin/pricing/__tests__/pricing.service.test.ts:224:17)

  ● pricing.service › createPricingTier › should validate sale_price is greater than 0

    expect(received).rejects.toThrow(expected)

    Expected substring: "sale_price must be greater than 0"
    Received message:   "Error creating pricing tier."

          28 |     }
          29 |   }
        > 30 |   throw new Error(fallbackMessage);
             |         ^
          31 | };
          32 |
          33 | export const getPricingConfig = async (

      at handleAxiosError (src/controller/query/admin/pricing/pricing.service.ts:30:9)
      at handleAxiosError (src/controller/query/admin/pricing/pricing.service.ts:128:5)
      at Object.<anonymous> (src/controller/query/admin/pricing/__tests__/pricing.service.test.ts:229:26)
      at Object.toThrow (node_modules/expect/build/index.js:2155:20)
      at Object.toThrow (src/controller/query/admin/pricing/__tests__/pricing.service.test.ts:233:17)

  ● pricing.service › createPricingTier › should validate volume_min is >= 0

    expect(received).rejects.toThrow(expected)

    Expected substring: "volume_min must be >= 0"
    Received message:   "Error creating pricing tier."

          28 |     }
          29 |   }
        > 30 |   throw new Error(fallbackMessage);
             |         ^
          31 | };
          32 |
          33 | export const getPricingConfig = async (

      at handleAxiosError (src/controller/query/admin/pricing/pricing.service.ts:30:9)
      at handleAxiosError (src/controller/query/admin/pricing/pricing.service.ts:128:5)
      at Object.<anonymous> (src/controller/query/admin/pricing/__tests__/pricing.service.test.ts:238:26)
      at Object.toThrow (node_modules/expect/build/index.js:2155:20)
      at Object.toThrow (src/controller/query/admin/pricing/__tests__/pricing.service.test.ts:242:17)

  ● pricing.service › createPricingTier › should validate volume_max is greater than volume_min

    expect(received).rejects.toThrow(expected)

    Expected substring: "volume_max must be greater than volume_min"
    Received message:   "Error creating pricing tier."

          28 |     }
          29 |   }
        > 30 |   throw new Error(fallbackMessage);
             |         ^
          31 | };
          32 |
          33 | export const getPricingConfig = async (

      at handleAxiosError (src/controller/query/admin/pricing/pricing.service.ts:30:9)
      at handleAxiosError (src/controller/query/admin/pricing/pricing.service.ts:128:5)
      at Object.<anonymous> (src/controller/query/admin/pricing/__tests__/pricing.service.test.ts:247:26)
      at Object.toThrow (node_modules/expect/build/index.js:2155:20)
      at Object.toThrow (src/controller/query/admin/pricing/__tests__/pricing.service.test.ts:251:17)

  ● pricing.service › createPricingTier › should throw error when response data is missing

    expect(received).rejects.toThrow(expected)

    Expected substring: "No server response for creating pricing tier."
    Received message:   "Error creating pricing tier."

          28 |     }
          29 |   }
        > 30 |   throw new Error(fallbackMessage);
             |         ^
          31 | };
          32 |
          33 | export const getPricingConfig = async (

      at handleAxiosError (src/controller/query/admin/pricing/pricing.service.ts:30:9)
      at handleAxiosError (src/controller/query/admin/pricing/pricing.service.ts:128:5)
      at Object.<anonymous> (src/controller/query/admin/pricing/__tests__/pricing.service.test.ts:263:7)
      at Object.toThrow (node_modules/expect/build/index.js:2155:20)
      at Object.toThrow (src/controller/query/admin/pricing/__tests__/pricing.service.test.ts:268:17)

  ● pricing.service › updatePricingTier › should validate tier_id is required

    expect(received).rejects.toThrow(expected)

    Expected substring: "tier_id is required"
    Received message:   "Error updating pricing tier."

          28 |     }
          29 |   }
        > 30 |   throw new Error(fallbackMessage);
             |         ^
          31 | };
          32 |
          33 | export const getPricingConfig = async (

      at handleAxiosError (src/controller/query/admin/pricing/pricing.service.ts:30:9)
      at handleAxiosError (src/controller/query/admin/pricing/pricing.service.ts:152:5)
      at Object.<anonymous> (src/controller/query/admin/pricing/__tests__/pricing.service.test.ts:312:26)
      at Object.toThrow (node_modules/expect/build/index.js:2155:20)
      at Object.toThrow (src/controller/query/admin/pricing/__tests__/pricing.service.test.ts:313:17)

  ● pricing.service › updatePricingTier › should throw error when response data is missing

    expect(received).rejects.toThrow(expected)

    Expected substring: "No server response for updating pricing tier."
    Received message:   "Error updating pricing tier."

          28 |     }
          29 |   }
        > 30 |   throw new Error(fallbackMessage);
             |         ^
          31 | };
          32 |
          33 | export const getPricingConfig = async (

      at handleAxiosError (src/controller/query/admin/pricing/pricing.service.ts:30:9)
      at handleAxiosError (src/controller/query/admin/pricing/pricing.service.ts:152:5)
      at Object.<anonymous> (src/controller/query/admin/pricing/__tests__/pricing.service.test.ts:325:7)
      at Object.toThrow (node_modules/expect/build/index.js:2155:20)
      at Object.toThrow (src/controller/query/admin/pricing/__tests__/pricing.service.test.ts:325:91)

  ● pricing.service › togglePricingTier › should validate tier_id is required

    expect(received).rejects.toThrow(expected)

    Expected substring: "tier_id is required"
    Received message:   "Error toggling pricing tier status."

          28 |     }
          29 |   }
        > 30 |   throw new Error(fallbackMessage);
             |         ^
          31 | };
          32 |
          33 | export const getPricingConfig = async (

      at handleAxiosError (src/controller/query/admin/pricing/pricing.service.ts:30:9)
      at handleAxiosError (src/controller/query/admin/pricing/pricing.service.ts:176:5)
      at Object.<anonymous> (src/controller/query/admin/pricing/__tests__/pricing.service.test.ts:367:37)
      at Object.toThrow (node_modules/expect/build/index.js:2155:20)
      at Object.toThrow (src/controller/query/admin/pricing/__tests__/pricing.service.test.ts:367:74)

  ● pricing.service › togglePricingTier › should throw error when response data is missing

    expect(received).rejects.toThrow(expected)

    Expected substring: "No server response for toggling pricing tier."
    Received message:   "Error toggling pricing tier status."

          28 |     }
          29 |   }
        > 30 |   throw new Error(fallbackMessage);
             |         ^
          31 | };
          32 |
          33 | export const getPricingConfig = async (

      at handleAxiosError (src/controller/query/admin/pricing/pricing.service.ts:30:9)
      at handleAxiosError (src/controller/query/admin/pricing/pricing.service.ts:176:5)
      at Object.<anonymous> (src/controller/query/admin/pricing/__tests__/pricing.service.test.ts:381:7)
      at Object.toThrow (node_modules/expect/build/index.js:2155:20)
      at Object.toThrow (src/controller/query/admin/pricing/__tests__/pricing.service.test.ts:381:74)

FAIL src/controller/query/profile/__tests__/useProfile.test.ts
  ● useProfile hooks › useProfileUser › should handle API error with message

    thrown: Object {
      "isAxiosError": true,
      "response": Object {
        "data": Object {
          "message": "Invalid email format",
        },
        "status": 400,
      },
    }

      92 |     });
      93 |
    > 94 |     it('should handle API error with message', async () => {
         |     ^
      95 |       const error = {
      96 |         isAxiosError: true,
      97 |         response: { status: 400, data: { message: 'Invalid email format' } },

      at it (src/controller/query/profile/__tests__/useProfile.test.ts:94:5)
      at describe (src/controller/query/profile/__tests__/useProfile.test.ts:47:3)
      at Object.describe (src/controller/query/profile/__tests__/useProfile.test.ts:33:1)

  ● useProfile hooks › useProfileUser › should handle API error without message

    thrown: Object {
      "isAxiosError": true,
      "response": Object {
        "data": Object {},
        "status": 500,
      },
    }

      117 |     });
      118 |
    > 119 |     it('should handle API error without message', async () => {
          |     ^
      120 |       const error = {
      121 |         isAxiosError: true,
      122 |         response: { status: 500, data: {} },

      at it (src/controller/query/profile/__tests__/useProfile.test.ts:119:5)
      at describe (src/controller/query/profile/__tests__/useProfile.test.ts:47:3)
      at Object.describe (src/controller/query/profile/__tests__/useProfile.test.ts:33:1)

  ● useProfile hooks › useProfileUser › should handle generic error

    Network error

      143 |
      144 |     it('should handle generic error', async () => {
    > 145 |       const error = new Error('Network error');
          |                     ^
      146 |       mockedAxios.isAxiosError.mockReturnValue(false);
      147 |       mockSmsApiRequest.mockRejectedValue(error);
      148 |

      at Object.<anonymous> (src/controller/query/profile/__tests__/useProfile.test.ts:145:21)

  ● useProfile hooks › useProfileUser › should handle error with undefined message

    thrown: Object {
      "isAxiosError": true,
      "message": undefined,
      "response": Object {
        "data": Object {},
        "status": 422,
      },
    }

      164 |     });
      165 |
    > 166 |     it('should handle error with undefined message', async () => {
          |     ^
      167 |       const error = {
      168 |         isAxiosError: true,
      169 |         response: { status: 422, data: {} },

      at it (src/controller/query/profile/__tests__/useProfile.test.ts:166:5)
      at describe (src/controller/query/profile/__tests__/useProfile.test.ts:47:3)
      at Object.describe (src/controller/query/profile/__tests__/useProfile.test.ts:33:1)

  ● useProfile hooks › useUpdateChangePwd › should handle API error with message

    thrown: Object {
      "isAxiosError": true,
      "response": Object {
        "data": Object {
          "message": "Invalid old password",
        },
        "status": 400,
      },
    }

      274 |     });
      275 |
    > 276 |     it('should handle API error with message', async () => {
          |     ^
      277 |       const error = {
      278 |         isAxiosError: true,
      279 |         response: { status: 400, data: { message: 'Invalid old password' } },

      at it (src/controller/query/profile/__tests__/useProfile.test.ts:276:5)
      at describe (src/controller/query/profile/__tests__/useProfile.test.ts:221:3)
      at Object.describe (src/controller/query/profile/__tests__/useProfile.test.ts:33:1)

  ● useProfile hooks › useUpdateChangePwd › should handle API error without message

    thrown: Object {
      "isAxiosError": true,
      "response": Object {
        "data": Object {},
        "status": 422,
      },
    }

      303 |     });
      304 |
    > 305 |     it('should handle API error without message', async () => {
          |     ^
      306 |       const error = {
      307 |         isAxiosError: true,
      308 |         response: { status: 422, data: {} },

      at it (src/controller/query/profile/__tests__/useProfile.test.ts:305:5)
      at describe (src/controller/query/profile/__tests__/useProfile.test.ts:221:3)
      at Object.describe (src/controller/query/profile/__tests__/useProfile.test.ts:33:1)

  ● useProfile hooks › useUpdateChangePwd › should handle generic error

    Network error

      333 |
      334 |     it('should handle generic error', async () => {
    > 335 |       const error = new Error('Network error');
          |                     ^
      336 |       mockedAxios.isAxiosError.mockReturnValue(false);
      337 |       mockSmsApiRequest.mockRejectedValue(error);
      338 |

      at Object.<anonymous> (src/controller/query/profile/__tests__/useProfile.test.ts:335:21)

  ● useProfile hooks › useUpdateChangePwd › should handle error with undefined message

    thrown: Object {
      "isAxiosError": true,
      "message": undefined,
      "response": Object {
        "data": Object {},
        "status": 500,
      },
    }

      358 |     });
      359 |
    > 360 |     it('should handle error with undefined message', async () => {
          |     ^
      361 |       const error = {
      362 |         isAxiosError: true,
      363 |         response: { status: 500, data: {} },

      at it (src/controller/query/profile/__tests__/useProfile.test.ts:360:5)
      at describe (src/controller/query/profile/__tests__/useProfile.test.ts:221:3)
      at Object.describe (src/controller/query/profile/__tests__/useProfile.test.ts:33:1)

FAIL src/controller/query/admin/pricing/__tests__/pricing.service.test.tsx
  ● pricing.service › getAdminPricingConfigActive › should throw error when response data is missing

    expect(received).rejects.toThrow(expected)

    Expected substring: "No server response for pricing config."
    Received message:   "Error retrieving pricing configuration."

          28 |     }
          29 |   }
        > 30 |   throw new Error(fallbackMessage);
             |         ^
          31 | };
          32 |
          33 | export const getPricingConfig = async (

      at handleAxiosError (src/controller/query/admin/pricing/pricing.service.ts:30:9)
      at handleAxiosError (src/controller/query/admin/pricing/pricing.service.ts:48:5)
      at Object.<anonymous> (src/controller/query/admin/pricing/__tests__/pricing.service.test.tsx:61:7)
      at Object.toThrow (node_modules/expect/build/index.js:2155:20)
      at Object.toThrow (src/controller/query/admin/pricing/__tests__/pricing.service.test.tsx:61:68)

  ● pricing.service › getAdminPricingTiersList › should throw error when response data is missing

    expect(received).rejects.toThrow(expected)

    Expected substring: "No server response for pricing tiers."
    Received message:   "Error retrieving pricing tiers."

          28 |     }
          29 |   }
        > 30 |   throw new Error(fallbackMessage);
             |         ^
          31 | };
          32 |
          33 | export const getPricingConfig = async (

      at handleAxiosError (src/controller/query/admin/pricing/pricing.service.ts:30:9)
      at handleAxiosError (src/controller/query/admin/pricing/pricing.service.ts:91:5)
      at Object.<anonymous> (src/controller/query/admin/pricing/__tests__/pricing.service.test.tsx:132:7)
      at Object.toThrow (node_modules/expect/build/index.js:2155:20)
      at Object.toThrow (src/controller/query/admin/pricing/__tests__/pricing.service.test.tsx:132:65)

PASS src/hooks/__tests__/useGlobalSearch.test.ts
FAIL src/controller/query/dashboard/__tests__/dashboard.service.test.tsx
  ● dashboard.service › getDashboardSummary › should throw error when response data is missing

    expect(received).rejects.toThrow(expected)

    Expected substring: "No server response for dashboard summary."
    Received message:   "Server error while retrieving dashboard summary."

          46 |       }
          47 |     }
        > 48 |     throw new Error("Server error while retrieving dashboard summary.");
             |           ^
          49 |   }
          50 | };
          51 | export const getMessagesSentByType = async (

      at getDashboardSummary (src/controller/query/dashboard/dashboard.service.ts:48:11)
      at Object.<anonymous> (src/controller/query/dashboard/__tests__/dashboard.service.test.tsx:61:7)
      at Object.toThrow (node_modules/expect/build/index.js:2155:20)
      at Object.toThrow (src/controller/query/dashboard/__tests__/dashboard.service.test.tsx:61:85)

  ● dashboard.service › getMessagesSentByType › should throw error when response data is missing for promotional

    expect(received).rejects.toThrow(expected)

    Expected substring: "No server response for promotional messages."
    Received message:   "Server error while retrieving promotional messages."

          75 |       }
          76 |     }
        > 77 |     throw new Error(`Server error while retrieving ${type} messages.`);
             |           ^
          78 |   }
          79 | };
          80 | export const getMessageGraph = async (

      at getMessagesSentByType (src/controller/query/dashboard/dashboard.service.ts:77:11)
      at Object.<anonymous> (src/controller/query/dashboard/__tests__/dashboard.service.test.tsx:165:7)
      at Object.toThrow (node_modules/expect/build/index.js:2155:20)
      at Object.toThrow (src/controller/query/dashboard/__tests__/dashboard.service.test.tsx:167:17)

  ● dashboard.service › getMessagesSentByType › should throw error when response data is missing for transactional

    expect(received).rejects.toThrow(expected)

    Expected substring: "No server response for transactional messages."
    Received message:   "Server error while retrieving transactional messages."

          75 |       }
          76 |     }
        > 77 |     throw new Error(`Server error while retrieving ${type} messages.`);
             |           ^
          78 |   }
          79 | };
          80 | export const getMessageGraph = async (

      at getMessagesSentByType (src/controller/query/dashboard/dashboard.service.ts:77:11)
      at Object.<anonymous> (src/controller/query/dashboard/__tests__/dashboard.service.test.tsx:179:7)
      at Object.toThrow (node_modules/expect/build/index.js:2155:20)
      at Object.toThrow (src/controller/query/dashboard/__tests__/dashboard.service.test.tsx:181:17)

FAIL src/controller/query/profile/__tests__/profile.service.test.tsx
  ● profile.service › getSMSBillingRates › should throw error when response data is missing

    expect(received).rejects.toThrow(expected)

    Expected substring: "No server response for SMS billing rates."
    Received message:   "Server error while retrieving SMS billing rates."

          41 |       }
          42 |     }
        > 43 |     throw new Error("Server error while retrieving SMS billing rates.");
             |           ^
          44 |   }
          45 | };
          46 |

      at getSMSBillingRates (src/controller/query/profile/profile.service.ts:43:11)
      at Object.<anonymous> (src/controller/query/profile/__tests__/profile.service.test.tsx:74:7)
      at Object.toThrow (node_modules/expect/build/index.js:2155:20)
      at Object.toThrow (src/controller/query/profile/__tests__/profile.service.test.tsx:74:62)

  ● profile.service › getSMSReportsConnector › should get SMS reports connector successfully

    expect(received).toBe(expected) // Object.is equality

    Expected: "100.00%"
    Received: "50.00%"

      117 |       expect(result).toBeDefined();
      118 |       expect(result?.message?.[0]).toHaveProperty('delivery_rate');
    > 119 |       expect(result?.message?.[0]?.delivery_rate).toBe('100.00%');
          |                                                   ^
      120 |       expect(mockedSmsApiRequest).toHaveBeenCalledWith({
      121 |         method: 'POST',
      122 |         endpoint: '/client/reports/sms/connector',

      at Object.toBe (src/controller/query/profile/__tests__/profile.service.test.tsx:119:51)

  ● profile.service › getSMSReportsConnector › should calculate delivery rate correctly

    expect(received).toBe(expected) // Object.is equality

    Expected: "36.36%"
    Received: "40.00%"

      151 |       const result = await getSMSReportsConnector(1, '2024-01-01', '2024-01-31', 'api-key');
      152 |
    > 153 |       expect(result?.message?.[0]?.delivery_rate).toBe('36.36%');
          |                                                   ^
      154 |       expect(result?.message?.[0]?.total).toBe(200);
      155 |     });
      156 |

      at Object.toBe (src/controller/query/profile/__tests__/profile.service.test.tsx:153:51)

  ● profile.service › getSMSReportsConnector › should throw error when response data is missing

    expect(received).rejects.toThrow(expected)

    Expected substring: "No server response for SMS connector reports."
    Received message:   "Server error while retrieving SMS connector reports."

          113 |       }
          114 |     }
        > 115 |     throw new Error("Server error while retrieving SMS connector reports.");
              |           ^
          116 |   }
          117 | };
          118 |

      at getSMSReportsConnector (src/controller/query/profile/profile.service.ts:115:11)
      at Object.<anonymous> (src/controller/query/profile/__tests__/profile.service.test.tsx:190:7)
      at Object.toThrow (node_modules/expect/build/index.js:2155:20)
      at Object.toThrow (src/controller/query/profile/__tests__/profile.service.test.tsx:190:94)

  ● profile.service › getSMSReportsSender › should throw error when response data is missing

    expect(received).rejects.toThrow(expected)

    Expected substring: "No server response for SMS sender reports."
    Received message:   "Server error while retrieving SMS sender reports."

          185 |       }
          186 |     }
        > 187 |     throw new Error("Server error while retrieving SMS sender reports.");
              |           ^
          188 |   }
          189 | };
          190 |

      at getSMSReportsSender (src/controller/query/profile/profile.service.ts:187:11)
      at Object.<anonymous> (src/controller/query/profile/__tests__/profile.service.test.tsx:255:7)
      at Object.toThrow (node_modules/expect/build/index.js:2155:20)
      at Object.toThrow (src/controller/query/profile/__tests__/profile.service.test.tsx:255:91)

  ● profile.service › getTransactions › should throw error when response data is missing

    expect(received).rejects.toThrow(expected)

    Expected substring: "No server response for transactions."
    Received message:   "Server error while retrieving transactions."

          251 |       }
          252 |     }
        > 253 |     throw new Error("Server error while retrieving transactions.");
              |           ^
          254 |   }
          255 | };
          256 |

      at getTransactions (src/controller/query/profile/profile.service.ts:253:11)
      at Object.<anonymous> (src/controller/query/profile/__tests__/profile.service.test.tsx:311:7)
      at Object.toThrow (node_modules/expect/build/index.js:2155:20)
      at Object.toThrow (src/controller/query/profile/__tests__/profile.service.test.tsx:311:83)

  ● profile.service › getInvoices › should throw error when response data is missing

    expect(received).rejects.toThrow(expected)

    Expected substring: "No server response for invoices."
    Received message:   "Server error while retrieving invoices."

          318 |       }
          319 |     }
        > 320 |     throw new Error("Server error while retrieving invoices.");
              |           ^
          321 |   }
          322 | };
          323 |

      at getInvoices (src/controller/query/profile/profile.service.ts:320:11)
      at Object.<anonymous> (src/controller/query/profile/__tests__/profile.service.test.tsx:380:7)
      at Object.toThrow (node_modules/expect/build/index.js:2155:20)
      at Object.toThrow (src/controller/query/profile/__tests__/profile.service.test.tsx:380:79)

PASS src/app/(others)/(auth)/__tests__/signin.page.test.tsx
FAIL src/controller/query/topup/__tests__/topup.service.test.ts
  ● topup.service › mpesaPaymentRequest › should throw error when response data is missing

    expect(received).rejects.toThrow(expected)

    Expected substring: "No server response for MPESA payment request."
    Received message:   "Server error while processing MPESA payment request."

          43 |       }
          44 |     }
        > 45 |     throw new Error("Server error while processing MPESA payment request.");
             |           ^
          46 |   }
          47 | };
          48 |

      at mpesaPaymentRequest (src/controller/query/topup/topup.service.ts:45:11)
      at Object.<anonymous> (src/controller/query/topup/__tests__/topup.service.test.ts:77:7)
      at Object.toThrow (node_modules/expect/build/index.js:2155:20)
      at Object.toThrow (src/controller/query/topup/__tests__/topup.service.test.ts:79:17)

  ● topup.service › getMNOProviders › should throw error when response data is missing

    expect(received).rejects.toThrow(expected)

    Expected substring: "No server response for MNO providers."
    Received message:   "Server error while fetching MNO providers."

          71 |       }
          72 |     }
        > 73 |     throw new Error("Server error while fetching MNO providers.");
             |           ^
          74 |   }
          75 | };
          76 |

      at getMNOProviders (src/controller/query/topup/topup.service.ts:73:11)
      at Object.<anonymous> (src/controller/query/topup/__tests__/topup.service.test.ts:170:7)
      at Object.toThrow (node_modules/expect/build/index.js:2155:20)
      at Object.toThrow (src/controller/query/topup/__tests__/topup.service.test.ts:170:56)

  ● topup.service › mnoSelfTopup › should throw error when response data is missing

    expect(received).rejects.toThrow(expected)

    Expected substring: "No server response for MNO self topup."
    Received message:   "Server error while processing MNO self topup."

          100 |       }
          101 |     }
        > 102 |     throw new Error("Server error while processing MNO self topup.");
              |           ^
          103 |   }
          104 | };
          105 |

      at mnoSelfTopup (src/controller/query/topup/topup.service.ts:102:11)
      at Object.<anonymous> (src/controller/query/topup/__tests__/topup.service.test.ts:296:7)
      at Object.toThrow (node_modules/expect/build/index.js:2155:20)
      at Object.toThrow (src/controller/query/topup/__tests__/topup.service.test.ts:298:17)

  ● topup.service › getMNOTopupHistory › should throw error when response data is missing

    expect(received).rejects.toThrow(expected)

    Expected substring: "No server response for MNO topup history."
    Received message:   "Server error while fetching MNO topup history."

          129 |       }
          130 |     }
        > 131 |     throw new Error("Server error while fetching MNO topup history.");
              |           ^
          132 |   }
          133 | };
          134 |

      at getMNOTopupHistory (src/controller/query/topup/topup.service.ts:131:11)
      at Object.<anonymous> (src/controller/query/topup/__tests__/topup.service.test.ts:442:7)
      at Object.toThrow (node_modules/expect/build/index.js:2155:20)
      at Object.toThrow (src/controller/query/topup/__tests__/topup.service.test.ts:442:72)

PASS src/components/example/ModalExample/__tests__/DefaultModal.test.tsx
PASS src/controller/query/dashboard/__tests__/useDashboard.test.ts
PASS src/controller/hook/__tests__/useLogout.test.tsx
  ● Console

    console.error
      Error during auth check: TypeError: (0 , _cookiesnext.getCookie) is not a function
          at checkAuth (/home/iann/code/project/sms_portail/src/context/AuthProvider.tsx:27:38)
          at checkAuth (/home/iann/code/project/sms_portail/src/context/AuthProvider.tsx:112:5)
          at Object.react_stack_bottom_frame (/home/iann/code/project/sms_portail/node_modules/react-dom/cjs/react-dom-client.development.js:25989:20)
          at runWithFiberInDEV (/home/iann/code/project/sms_portail/node_modules/react-dom/cjs/react-dom-client.development.js:874:13)
          at commitHookEffectListMount (/home/iann/code/project/sms_portail/node_modules/react-dom/cjs/react-dom-client.development.js:13249:29)
          at commitHookPassiveMountEffects (/home/iann/code/project/sms_portail/node_modules/react-dom/cjs/react-dom-client.development.js:13336:11)
          at commitPassiveMountOnFiber (/home/iann/code/project/sms_portail/node_modules/react-dom/cjs/react-dom-client.development.js:15484:13)
          at recursivelyTraversePassiveMountEffects (/home/iann/code/project/sms_portail/node_modules/react-dom/cjs/react-dom-client.development.js:15439:11)
          at commitPassiveMountOnFiber (/home/iann/code/project/sms_portail/node_modules/react-dom/cjs/react-dom-client.development.js:15718:11)
          at recursivelyTraversePassiveMountEffects (/home/iann/code/project/sms_portail/node_modules/react-dom/cjs/react-dom-client.development.js:15439:11)
          at commitPassiveMountOnFiber (/home/iann/code/project/sms_portail/node_modules/react-dom/cjs/react-dom-client.development.js:15476:11)
          at recursivelyTraversePassiveMountEffects (/home/iann/code/project/sms_portail/node_modules/react-dom/cjs/react-dom-client.development.js:15439:11)
          at commitPassiveMountOnFiber (/home/iann/code/project/sms_portail/node_modules/react-dom/cjs/react-dom-client.development.js:15476:11)
          at recursivelyTraversePassiveMountEffects (/home/iann/code/project/sms_portail/node_modules/react-dom/cjs/react-dom-client.development.js:15439:11)
          at commitPassiveMountOnFiber (/home/iann/code/project/sms_portail/node_modules/react-dom/cjs/react-dom-client.development.js:15519:11)
          at flushPassiveEffects (/home/iann/code/project/sms_portail/node_modules/react-dom/cjs/react-dom-client.development.js:18432:9)
          at /home/iann/code/project/sms_portail/node_modules/react-dom/cjs/react-dom-client.development.js:17923:15
          at flushActQueue (/home/iann/code/project/sms_portail/node_modules/react/cjs/react.development.js:590:34)
          at process.env.NODE_ENV.exports.act (/home/iann/code/project/sms_portail/node_modules/react/cjs/react.development.js:884:10)
          at /home/iann/code/project/sms_portail/node_modules/@testing-library/react/dist/act-compat.js:47:25
          at renderRoot (/home/iann/code/project/sms_portail/node_modules/@testing-library/react/dist/pure.js:190:26)
          at render (/home/iann/code/project/sms_portail/node_modules/@testing-library/react/dist/pure.js:292:10)
          at renderHook (/home/iann/code/project/sms_portail/node_modules/@testing-library/react/dist/pure.js:340:7)
          at Object.<anonymous> (/home/iann/code/project/sms_portail/src/controller/hook/__tests__/useLogout.test.tsx:66:34)
          at Promise.finally.completed (/home/iann/code/project/sms_portail/node_modules/jest-circus/build/jestAdapterInit.js:1557:28)
          at new Promise (<anonymous>)
          at callAsyncCircusFn (/home/iann/code/project/sms_portail/node_modules/jest-circus/build/jestAdapterInit.js:1497:10)
          at _callCircusTest (/home/iann/code/project/sms_portail/node_modules/jest-circus/build/jestAdapterInit.js:1007:40)
          at processTicksAndRejections (node:internal/process/task_queues:95:5)
          at _runTest (/home/iann/code/project/sms_portail/node_modules/jest-circus/build/jestAdapterInit.js:947:3)
          at /home/iann/code/project/sms_portail/node_modules/jest-circus/build/jestAdapterInit.js:849:7
          at _runTestsForDescribeBlock (/home/iann/code/project/sms_portail/node_modules/jest-circus/build/jestAdapterInit.js:862:11)
          at _runTestsForDescribeBlock (/home/iann/code/project/sms_portail/node_modules/jest-circus/build/jestAdapterInit.js:857:11)
          at run (/home/iann/code/project/sms_portail/node_modules/jest-circus/build/jestAdapterInit.js:761:3)
          at runAndTransformResultsToJestFormat (/home/iann/code/project/sms_portail/node_modules/jest-circus/build/jestAdapterInit.js:1918:21)
          at jestAdapter (/home/iann/code/project/sms_portail/node_modules/jest-circus/build/runner.js:101:19)
          at runTestInternal (/home/iann/code/project/sms_portail/node_modules/jest-runner/build/testWorker.js:275:16)
          at runTest (/home/iann/code/project/sms_portail/node_modules/jest-runner/build/testWorker.js:343:7)
          at Object.worker (/home/iann/code/project/sms_portail/node_modules/jest-runner/build/testWorker.js:497:12)

      103 |         }
      104 |       } catch (error) {
    > 105 |         console.error('Error during auth check:', error);
          |                 ^
      106 |         setUser(null);
      107 |         setIsAuthenticated(false);
      108 |       } finally {

      at error (src/context/AuthProvider.tsx:105:17)
      at checkAuth (src/context/AuthProvider.tsx:112:5)
      at Object.react_stack_bottom_frame (node_modules/react-dom/cjs/react-dom-client.development.js:25989:20)
      at runWithFiberInDEV (node_modules/react-dom/cjs/react-dom-client.development.js:874:13)
      at commitHookEffectListMount (node_modules/react-dom/cjs/react-dom-client.development.js:13249:29)
      at commitHookPassiveMountEffects (node_modules/react-dom/cjs/react-dom-client.development.js:13336:11)
      at commitPassiveMountOnFiber (node_modules/react-dom/cjs/react-dom-client.development.js:15484:13)
      at recursivelyTraversePassiveMountEffects (node_modules/react-dom/cjs/react-dom-client.development.js:15439:11)
      at commitPassiveMountOnFiber (node_modules/react-dom/cjs/react-dom-client.development.js:15718:11)
      at recursivelyTraversePassiveMountEffects (node_modules/react-dom/cjs/react-dom-client.development.js:15439:11)
      at commitPassiveMountOnFiber (node_modules/react-dom/cjs/react-dom-client.development.js:15476:11)
      at recursivelyTraversePassiveMountEffects (node_modules/react-dom/cjs/react-dom-client.development.js:15439:11)
      at commitPassiveMountOnFiber (node_modules/react-dom/cjs/react-dom-client.development.js:15476:11)
      at recursivelyTraversePassiveMountEffects (node_modules/react-dom/cjs/react-dom-client.development.js:15439:11)
      at commitPassiveMountOnFiber (node_modules/react-dom/cjs/react-dom-client.development.js:15519:11)
      at flushPassiveEffects (node_modules/react-dom/cjs/react-dom-client.development.js:18432:9)
      at node_modules/react-dom/cjs/react-dom-client.development.js:17923:15
      at flushActQueue (node_modules/react/cjs/react.development.js:590:34)
      at process.env.NODE_ENV.exports.act (node_modules/react/cjs/react.development.js:884:10)
      at node_modules/@testing-library/react/dist/act-compat.js:47:25
      at renderRoot (node_modules/@testing-library/react/dist/pure.js:190:26)
      at render (node_modules/@testing-library/react/dist/pure.js:292:10)
      at renderHook (node_modules/@testing-library/react/dist/pure.js:340:7)
      at Object.<anonymous> (src/controller/hook/__tests__/useLogout.test.tsx:66:34)

    console.error
      Error during auth check: TypeError: (0 , _cookiesnext.getCookie) is not a function
          at checkAuth (/home/iann/code/project/sms_portail/src/context/AuthProvider.tsx:27:38)
          at checkAuth (/home/iann/code/project/sms_portail/src/context/AuthProvider.tsx:112:5)
          at Object.react_stack_bottom_frame (/home/iann/code/project/sms_portail/node_modules/react-dom/cjs/react-dom-client.development.js:25989:20)
          at runWithFiberInDEV (/home/iann/code/project/sms_portail/node_modules/react-dom/cjs/react-dom-client.development.js:874:13)
          at commitHookEffectListMount (/home/iann/code/project/sms_portail/node_modules/react-dom/cjs/react-dom-client.development.js:13249:29)
          at commitHookPassiveMountEffects (/home/iann/code/project/sms_portail/node_modules/react-dom/cjs/react-dom-client.development.js:13336:11)
          at commitPassiveMountOnFiber (/home/iann/code/project/sms_portail/node_modules/react-dom/cjs/react-dom-client.development.js:15484:13)
          at recursivelyTraversePassiveMountEffects (/home/iann/code/project/sms_portail/node_modules/react-dom/cjs/react-dom-client.development.js:15439:11)
          at commitPassiveMountOnFiber (/home/iann/code/project/sms_portail/node_modules/react-dom/cjs/react-dom-client.development.js:15718:11)
          at recursivelyTraversePassiveMountEffects (/home/iann/code/project/sms_portail/node_modules/react-dom/cjs/react-dom-client.development.js:15439:11)
          at commitPassiveMountOnFiber (/home/iann/code/project/sms_portail/node_modules/react-dom/cjs/react-dom-client.development.js:15476:11)
          at recursivelyTraversePassiveMountEffects (/home/iann/code/project/sms_portail/node_modules/react-dom/cjs/react-dom-client.development.js:15439:11)
          at commitPassiveMountOnFiber (/home/iann/code/project/sms_portail/node_modules/react-dom/cjs/react-dom-client.development.js:15476:11)
          at recursivelyTraversePassiveMountEffects (/home/iann/code/project/sms_portail/node_modules/react-dom/cjs/react-dom-client.development.js:15439:11)
          at commitPassiveMountOnFiber (/home/iann/code/project/sms_portail/node_modules/react-dom/cjs/react-dom-client.development.js:15519:11)
          at flushPassiveEffects (/home/iann/code/project/sms_portail/node_modules/react-dom/cjs/react-dom-client.development.js:18432:9)
          at /home/iann/code/project/sms_portail/node_modules/react-dom/cjs/react-dom-client.development.js:17923:15
          at flushActQueue (/home/iann/code/project/sms_portail/node_modules/react/cjs/react.development.js:590:34)
          at process.env.NODE_ENV.exports.act (/home/iann/code/project/sms_portail/node_modules/react/cjs/react.development.js:884:10)
          at /home/iann/code/project/sms_portail/node_modules/@testing-library/react/dist/act-compat.js:47:25
          at renderRoot (/home/iann/code/project/sms_portail/node_modules/@testing-library/react/dist/pure.js:190:26)
          at render (/home/iann/code/project/sms_portail/node_modules/@testing-library/react/dist/pure.js:292:10)
          at renderHook (/home/iann/code/project/sms_portail/node_modules/@testing-library/react/dist/pure.js:340:7)
          at Object.<anonymous> (/home/iann/code/project/sms_portail/src/controller/hook/__tests__/useLogout.test.tsx:80:34)
          at Promise.finally.completed (/home/iann/code/project/sms_portail/node_modules/jest-circus/build/jestAdapterInit.js:1557:28)
          at new Promise (<anonymous>)
          at callAsyncCircusFn (/home/iann/code/project/sms_portail/node_modules/jest-circus/build/jestAdapterInit.js:1497:10)
          at _callCircusTest (/home/iann/code/project/sms_portail/node_modules/jest-circus/build/jestAdapterInit.js:1007:40)
          at _runTest (/home/iann/code/project/sms_portail/node_modules/jest-circus/build/jestAdapterInit.js:947:3)
          at /home/iann/code/project/sms_portail/node_modules/jest-circus/build/jestAdapterInit.js:849:7
          at _runTestsForDescribeBlock (/home/iann/code/project/sms_portail/node_modules/jest-circus/build/jestAdapterInit.js:862:11)
          at _runTestsForDescribeBlock (/home/iann/code/project/sms_portail/node_modules/jest-circus/build/jestAdapterInit.js:857:11)
          at run (/home/iann/code/project/sms_portail/node_modules/jest-circus/build/jestAdapterInit.js:761:3)
          at runAndTransformResultsToJestFormat (/home/iann/code/project/sms_portail/node_modules/jest-circus/build/jestAdapterInit.js:1918:21)
          at jestAdapter (/home/iann/code/project/sms_portail/node_modules/jest-circus/build/runner.js:101:19)
          at runTestInternal (/home/iann/code/project/sms_portail/node_modules/jest-runner/build/testWorker.js:275:16)
          at runTest (/home/iann/code/project/sms_portail/node_modules/jest-runner/build/testWorker.js:343:7)
          at Object.worker (/home/iann/code/project/sms_portail/node_modules/jest-runner/build/testWorker.js:497:12)

      103 |         }
      104 |       } catch (error) {
    > 105 |         console.error('Error during auth check:', error);
          |                 ^
      106 |         setUser(null);
      107 |         setIsAuthenticated(false);
      108 |       } finally {

      at error (src/context/AuthProvider.tsx:105:17)
      at checkAuth (src/context/AuthProvider.tsx:112:5)
      at Object.react_stack_bottom_frame (node_modules/react-dom/cjs/react-dom-client.development.js:25989:20)
      at runWithFiberInDEV (node_modules/react-dom/cjs/react-dom-client.development.js:874:13)
      at commitHookEffectListMount (node_modules/react-dom/cjs/react-dom-client.development.js:13249:29)
      at commitHookPassiveMountEffects (node_modules/react-dom/cjs/react-dom-client.development.js:13336:11)
      at commitPassiveMountOnFiber (node_modules/react-dom/cjs/react-dom-client.development.js:15484:13)
      at recursivelyTraversePassiveMountEffects (node_modules/react-dom/cjs/react-dom-client.development.js:15439:11)
      at commitPassiveMountOnFiber (node_modules/react-dom/cjs/react-dom-client.development.js:15718:11)
      at recursivelyTraversePassiveMountEffects (node_modules/react-dom/cjs/react-dom-client.development.js:15439:11)
      at commitPassiveMountOnFiber (node_modules/react-dom/cjs/react-dom-client.development.js:15476:11)
      at recursivelyTraversePassiveMountEffects (node_modules/react-dom/cjs/react-dom-client.development.js:15439:11)
      at commitPassiveMountOnFiber (node_modules/react-dom/cjs/react-dom-client.development.js:15476:11)
      at recursivelyTraversePassiveMountEffects (node_modules/react-dom/cjs/react-dom-client.development.js:15439:11)
      at commitPassiveMountOnFiber (node_modules/react-dom/cjs/react-dom-client.development.js:15519:11)
      at flushPassiveEffects (node_modules/react-dom/cjs/react-dom-client.development.js:18432:9)
      at node_modules/react-dom/cjs/react-dom-client.development.js:17923:15
      at flushActQueue (node_modules/react/cjs/react.development.js:590:34)
      at process.env.NODE_ENV.exports.act (node_modules/react/cjs/react.development.js:884:10)
      at node_modules/@testing-library/react/dist/act-compat.js:47:25
      at renderRoot (node_modules/@testing-library/react/dist/pure.js:190:26)
      at render (node_modules/@testing-library/react/dist/pure.js:292:10)
      at renderHook (node_modules/@testing-library/react/dist/pure.js:340:7)
      at Object.<anonymous> (src/controller/hook/__tests__/useLogout.test.tsx:80:34)

    console.error
      Error during auth check: TypeError: (0 , _cookiesnext.getCookie) is not a function
          at checkAuth (/home/iann/code/project/sms_portail/src/context/AuthProvider.tsx:27:38)
          at checkAuth (/home/iann/code/project/sms_portail/src/context/AuthProvider.tsx:112:5)
          at Object.react_stack_bottom_frame (/home/iann/code/project/sms_portail/node_modules/react-dom/cjs/react-dom-client.development.js:25989:20)
          at runWithFiberInDEV (/home/iann/code/project/sms_portail/node_modules/react-dom/cjs/react-dom-client.development.js:874:13)
          at commitHookEffectListMount (/home/iann/code/project/sms_portail/node_modules/react-dom/cjs/react-dom-client.development.js:13249:29)
          at commitHookPassiveMountEffects (/home/iann/code/project/sms_portail/node_modules/react-dom/cjs/react-dom-client.development.js:13336:11)
          at commitPassiveMountOnFiber (/home/iann/code/project/sms_portail/node_modules/react-dom/cjs/react-dom-client.development.js:15484:13)
          at recursivelyTraversePassiveMountEffects (/home/iann/code/project/sms_portail/node_modules/react-dom/cjs/react-dom-client.development.js:15439:11)
          at commitPassiveMountOnFiber (/home/iann/code/project/sms_portail/node_modules/react-dom/cjs/react-dom-client.development.js:15718:11)
          at recursivelyTraversePassiveMountEffects (/home/iann/code/project/sms_portail/node_modules/react-dom/cjs/react-dom-client.development.js:15439:11)
          at commitPassiveMountOnFiber (/home/iann/code/project/sms_portail/node_modules/react-dom/cjs/react-dom-client.development.js:15476:11)
          at recursivelyTraversePassiveMountEffects (/home/iann/code/project/sms_portail/node_modules/react-dom/cjs/react-dom-client.development.js:15439:11)
          at commitPassiveMountOnFiber (/home/iann/code/project/sms_portail/node_modules/react-dom/cjs/react-dom-client.development.js:15476:11)
          at recursivelyTraversePassiveMountEffects (/home/iann/code/project/sms_portail/node_modules/react-dom/cjs/react-dom-client.development.js:15439:11)
          at commitPassiveMountOnFiber (/home/iann/code/project/sms_portail/node_modules/react-dom/cjs/react-dom-client.development.js:15519:11)
          at flushPassiveEffects (/home/iann/code/project/sms_portail/node_modules/react-dom/cjs/react-dom-client.development.js:18432:9)
          at /home/iann/code/project/sms_portail/node_modules/react-dom/cjs/react-dom-client.development.js:17923:15
          at flushActQueue (/home/iann/code/project/sms_portail/node_modules/react/cjs/react.development.js:590:34)
          at process.env.NODE_ENV.exports.act (/home/iann/code/project/sms_portail/node_modules/react/cjs/react.development.js:884:10)
          at /home/iann/code/project/sms_portail/node_modules/@testing-library/react/dist/act-compat.js:47:25
          at renderRoot (/home/iann/code/project/sms_portail/node_modules/@testing-library/react/dist/pure.js:190:26)
          at render (/home/iann/code/project/sms_portail/node_modules/@testing-library/react/dist/pure.js:292:10)
          at renderHook (/home/iann/code/project/sms_portail/node_modules/@testing-library/react/dist/pure.js:340:7)
          at Object.<anonymous> (/home/iann/code/project/sms_portail/src/controller/hook/__tests__/useLogout.test.tsx:90:34)
          at Promise.finally.completed (/home/iann/code/project/sms_portail/node_modules/jest-circus/build/jestAdapterInit.js:1557:28)
          at new Promise (<anonymous>)
          at callAsyncCircusFn (/home/iann/code/project/sms_portail/node_modules/jest-circus/build/jestAdapterInit.js:1497:10)
          at _callCircusTest (/home/iann/code/project/sms_portail/node_modules/jest-circus/build/jestAdapterInit.js:1007:40)
          at _runTest (/home/iann/code/project/sms_portail/node_modules/jest-circus/build/jestAdapterInit.js:947:3)
          at /home/iann/code/project/sms_portail/node_modules/jest-circus/build/jestAdapterInit.js:849:7
          at _runTestsForDescribeBlock (/home/iann/code/project/sms_portail/node_modules/jest-circus/build/jestAdapterInit.js:862:11)
          at _runTestsForDescribeBlock (/home/iann/code/project/sms_portail/node_modules/jest-circus/build/jestAdapterInit.js:857:11)
          at run (/home/iann/code/project/sms_portail/node_modules/jest-circus/build/jestAdapterInit.js:761:3)
          at runAndTransformResultsToJestFormat (/home/iann/code/project/sms_portail/node_modules/jest-circus/build/jestAdapterInit.js:1918:21)
          at jestAdapter (/home/iann/code/project/sms_portail/node_modules/jest-circus/build/runner.js:101:19)
          at runTestInternal (/home/iann/code/project/sms_portail/node_modules/jest-runner/build/testWorker.js:275:16)
          at runTest (/home/iann/code/project/sms_portail/node_modules/jest-runner/build/testWorker.js:343:7)
          at Object.worker (/home/iann/code/project/sms_portail/node_modules/jest-runner/build/testWorker.js:497:12)

      103 |         }
      104 |       } catch (error) {
    > 105 |         console.error('Error during auth check:', error);
          |                 ^
      106 |         setUser(null);
      107 |         setIsAuthenticated(false);
      108 |       } finally {

      at error (src/context/AuthProvider.tsx:105:17)
      at checkAuth (src/context/AuthProvider.tsx:112:5)
      at Object.react_stack_bottom_frame (node_modules/react-dom/cjs/react-dom-client.development.js:25989:20)
      at runWithFiberInDEV (node_modules/react-dom/cjs/react-dom-client.development.js:874:13)
      at commitHookEffectListMount (node_modules/react-dom/cjs/react-dom-client.development.js:13249:29)
      at commitHookPassiveMountEffects (node_modules/react-dom/cjs/react-dom-client.development.js:13336:11)
      at commitPassiveMountOnFiber (node_modules/react-dom/cjs/react-dom-client.development.js:15484:13)
      at recursivelyTraversePassiveMountEffects (node_modules/react-dom/cjs/react-dom-client.development.js:15439:11)
      at commitPassiveMountOnFiber (node_modules/react-dom/cjs/react-dom-client.development.js:15718:11)
      at recursivelyTraversePassiveMountEffects (node_modules/react-dom/cjs/react-dom-client.development.js:15439:11)
      at commitPassiveMountOnFiber (node_modules/react-dom/cjs/react-dom-client.development.js:15476:11)
      at recursivelyTraversePassiveMountEffects (node_modules/react-dom/cjs/react-dom-client.development.js:15439:11)
      at commitPassiveMountOnFiber (node_modules/react-dom/cjs/react-dom-client.development.js:15476:11)
      at recursivelyTraversePassiveMountEffects (node_modules/react-dom/cjs/react-dom-client.development.js:15439:11)
      at commitPassiveMountOnFiber (node_modules/react-dom/cjs/react-dom-client.development.js:15519:11)
      at flushPassiveEffects (node_modules/react-dom/cjs/react-dom-client.development.js:18432:9)
      at node_modules/react-dom/cjs/react-dom-client.development.js:17923:15
      at flushActQueue (node_modules/react/cjs/react.development.js:590:34)
      at process.env.NODE_ENV.exports.act (node_modules/react/cjs/react.development.js:884:10)
      at node_modules/@testing-library/react/dist/act-compat.js:47:25
      at renderRoot (node_modules/@testing-library/react/dist/pure.js:190:26)
      at render (node_modules/@testing-library/react/dist/pure.js:292:10)
      at renderHook (node_modules/@testing-library/react/dist/pure.js:340:7)
      at Object.<anonymous> (src/controller/hook/__tests__/useLogout.test.tsx:90:34)

FAIL src/controller/query/notifications/__tests__/notifications.service.test.ts
  ● notifications.service › getNotificationsList › should throw error when response data is missing

    expect(received).rejects.toThrow(expected)

    Expected substring: "No server response for notifications list."
    Received message:   "Error retrieving notifications list."

          19 |     }
          20 |   }
        > 21 |   throw new Error(fallbackMessage);
             |         ^
          22 | };
          23 |
          24 | export const getNotificationsList = async (

      at handleAxiosError (src/controller/query/notifications/notifications.service.ts:21:9)
      at handleAxiosError (src/controller/query/notifications/notifications.service.ts:40:5)
      at Object.<anonymous> (src/controller/query/notifications/__tests__/notifications.service.test.ts:66:7)
      at Object.toThrow (node_modules/expect/build/index.js:2155:20)
      at Object.toThrow (src/controller/query/notifications/__tests__/notifications.service.test.ts:66:88)

  ● notifications.service › markNotificationAsRead › should throw error when response data is missing

    expect(received).rejects.toThrow(expected)

    Expected substring: "No server response for mark notification as read."
    Received message:   "Error marking notification as read."

          19 |     }
          20 |   }
        > 21 |   throw new Error(fallbackMessage);
             |         ^
          22 | };
          23 |
          24 | export const getNotificationsList = async (

      at handleAxiosError (src/controller/query/notifications/notifications.service.ts:21:9)
      at handleAxiosError (src/controller/query/notifications/notifications.service.ts:60:5)
      at Object.<anonymous> (src/controller/query/notifications/__tests__/notifications.service.test.ts:139:7)
      at Object.toThrow (node_modules/expect/build/index.js:2155:20)
      at Object.toThrow (src/controller/query/notifications/__tests__/notifications.service.test.ts:139:87)

  ● notifications.service › markAllNotificationsAsRead › should throw error when response data is missing

    expect(received).rejects.toThrow(expected)

    Expected substring: "No server response for mark all notifications as read."
    Received message:   "Error marking all notifications as read."

          19 |     }
          20 |   }
        > 21 |   throw new Error(fallbackMessage);
             |         ^
          22 | };
          23 |
          24 | export const getNotificationsList = async (

      at handleAxiosError (src/controller/query/notifications/notifications.service.ts:21:9)
      at handleAxiosError (src/controller/query/notifications/notifications.service.ts:79:5)
      at Object.<anonymous> (src/controller/query/notifications/__tests__/notifications.service.test.ts:189:7)
      at Object.toThrow (node_modules/expect/build/index.js:2155:20)
      at Object.toThrow (src/controller/query/notifications/__tests__/notifications.service.test.ts:189:67)

  ● notifications.service › deleteNotification › should throw error when response data is missing

    expect(received).rejects.toThrow(expected)

    Expected substring: "No server response for delete notification."
    Received message:   "Error deleting notification."

          19 |     }
          20 |   }
        > 21 |   throw new Error(fallbackMessage);
             |         ^
          22 | };
          23 |
          24 | export const getNotificationsList = async (

      at handleAxiosError (src/controller/query/notifications/notifications.service.ts:21:9)
      at handleAxiosError (src/controller/query/notifications/notifications.service.ts:99:5)
      at Object.<anonymous> (src/controller/query/notifications/__tests__/notifications.service.test.ts:258:7)
      at Object.toThrow (node_modules/expect/build/index.js:2155:20)
      at Object.toThrow (src/controller/query/notifications/__tests__/notifications.service.test.ts:258:62)

  ● notifications.service › deleteAllNotifications › should throw error when response data is missing

    expect(received).rejects.toThrow(expected)

    Expected substring: "No server response for delete all notifications."
    Received message:   "Error deleting all notifications."

          19 |     }
          20 |   }
        > 21 |   throw new Error(fallbackMessage);
             |         ^
          22 | };
          23 |
          24 | export const getNotificationsList = async (

      at handleAxiosError (src/controller/query/notifications/notifications.service.ts:21:9)
      at handleAxiosError (src/controller/query/notifications/notifications.service.ts:118:5)
      at Object.<anonymous> (src/controller/query/notifications/__tests__/notifications.service.test.ts:306:7)
      at Object.toThrow (node_modules/expect/build/index.js:2155:20)
      at Object.toThrow (src/controller/query/notifications/__tests__/notifications.service.test.ts:306:63)

  ● notifications.service › updateNotificationPreferences › should throw error when response data is missing

    expect(received).rejects.toThrow(expected)

    Expected substring: "No server response for update notification preferences."
    Received message:   "Error updating notification preferences."

          19 |     }
          20 |   }
        > 21 |   throw new Error(fallbackMessage);
             |         ^
          22 | };
          23 |
          24 | export const getNotificationsList = async (

      at handleAxiosError (src/controller/query/notifications/notifications.service.ts:21:9)
      at handleAxiosError (src/controller/query/notifications/notifications.service.ts:138:5)
      at Object.<anonymous> (src/controller/query/notifications/__tests__/notifications.service.test.ts:357:7)
      at Object.toThrow (node_modules/expect/build/index.js:2155:20)
      at Object.toThrow (src/controller/query/notifications/__tests__/notifications.service.test.ts:359:17)

FAIL src/controller/query/profile/__tests__/profile.service.test.ts
  ● profile.service › getSMSBillingRates › should throw error when response data is missing

    expect(received).rejects.toThrow(expected)

    Expected substring: "No server response for SMS billing rates."
    Received message:   "Server error while retrieving SMS billing rates."

          41 |       }
          42 |     }
        > 43 |     throw new Error("Server error while retrieving SMS billing rates.");
             |           ^
          44 |   }
          45 | };
          46 |

      at getSMSBillingRates (src/controller/query/profile/profile.service.ts:43:11)
      at Object.<anonymous> (src/controller/query/profile/__tests__/profile.service.test.ts:424:7)
      at Object.toThrow (node_modules/expect/build/index.js:2155:20)
      at Object.toThrow (src/controller/query/profile/__tests__/profile.service.test.ts:424:62)

  ● profile.service › getSMSReportsConnector › should throw error when response data is missing

    expect(received).rejects.toThrow(expected)

    Expected substring: "No server response for SMS connector reports."
    Received message:   "Server error while retrieving SMS connector reports."

          113 |       }
          114 |     }
        > 115 |     throw new Error("Server error while retrieving SMS connector reports.");
              |           ^
          116 |   }
          117 | };
          118 |

      at getSMSReportsConnector (src/controller/query/profile/profile.service.ts:115:11)
      at Object.<anonymous> (src/controller/query/profile/__tests__/profile.service.test.ts:614:7)
      at Object.toThrow (node_modules/expect/build/index.js:2155:20)
      at Object.toThrow (src/controller/query/profile/__tests__/profile.service.test.ts:616:17)

  ● profile.service › getSMSReportsSender › should get SMS sender reports successfully

    expect(received).toBe(expected) // Object.is equality

    Expected: "38.10%"
    Received: "40.00%"

      702 |       expect(result).toBeDefined();
      703 |       expect(result?.message?.[0]).toHaveProperty('delivery_rate');
    > 704 |       expect(result?.message?.[0]?.delivery_rate).toBe('38.10%');
          |                                                   ^
      705 |       expect(mockedSmsApiRequest).toHaveBeenCalledWith({
      706 |         method: 'POST',
      707 |         endpoint: '/client/reports/sms/sender',

      at Object.toBe (src/controller/query/profile/__tests__/profile.service.test.ts:704:51)

  ● profile.service › getSMSReportsSender › should throw error when response data is missing

    expect(received).rejects.toThrow(expected)

    Expected substring: "No server response for SMS sender reports."
    Received message:   "Server error while retrieving SMS sender reports."

          185 |       }
          186 |     }
        > 187 |     throw new Error("Server error while retrieving SMS sender reports.");
              |           ^
          188 |   }
          189 | };
          190 |

      at getSMSReportsSender (src/controller/query/profile/profile.service.ts:187:11)
      at Object.<anonymous> (src/controller/query/profile/__tests__/profile.service.test.ts:806:7)
      at Object.toThrow (node_modules/expect/build/index.js:2155:20)
      at Object.toThrow (src/controller/query/profile/__tests__/profile.service.test.ts:808:17)

  ● profile.service › getTransactions › should throw error when response data is missing

    expect(received).rejects.toThrow(expected)

    Expected substring: "No server response for transactions."
    Received message:   "Server error while retrieving transactions."

          251 |       }
          252 |     }
        > 253 |     throw new Error("Server error while retrieving transactions.");
              |           ^
          254 |   }
          255 | };
          256 |

      at getTransactions (src/controller/query/profile/profile.service.ts:253:11)
      at Object.<anonymous> (src/controller/query/profile/__tests__/profile.service.test.ts:979:7)
      at Object.toThrow (node_modules/expect/build/index.js:2155:20)
      at Object.toThrow (src/controller/query/profile/__tests__/profile.service.test.ts:979:69)

  ● profile.service › getInvoices › should throw error when response data is missing

    expect(received).rejects.toThrow(expected)

    Expected substring: "No server response for invoices."
    Received message:   "Server error while retrieving invoices."

          318 |       }
          319 |     }
        > 320 |     throw new Error("Server error while retrieving invoices.");
              |           ^
          321 |   }
          322 | };
          323 |

      at getInvoices (src/controller/query/profile/profile.service.ts:320:11)
      at Object.<anonymous> (src/controller/query/profile/__tests__/profile.service.test.ts:1151:7)
      at Object.toThrow (node_modules/expect/build/index.js:2155:20)
      at Object.toThrow (src/controller/query/profile/__tests__/profile.service.test.ts:1151:65)

FAIL src/components/ui/__tests__/chart.test.tsx
  ● Chart Components › ChartContainer › should render chart container

    TypeError: Cannot convert undefined or null to object
        at Function.entries (<anonymous>)

      48 | ChartContainer.displayName = "Chart";
      49 | const ChartStyle = ({ id, config }: { id: string; config: ChartConfig }) => {
    > 50 |   const colorConfig = Object.entries(config).filter(([, config]) => config.theme || config.color);
         |                              ^
      51 |   if (!colorConfig.length) {
      52 |     return null;
      53 |   }

      at entries (src/components/ui/chart.tsx:50:30)
      at Object.react_stack_bottom_frame (node_modules/react-dom/cjs/react-dom-client.development.js:25904:20)
      at renderWithHooks (node_modules/react-dom/cjs/react-dom-client.development.js:7662:22)
      at updateFunctionComponent (node_modules/react-dom/cjs/react-dom-client.development.js:10166:19)
      at beginWork (node_modules/react-dom/cjs/react-dom-client.development.js:11778:18)
      at runWithFiberInDEV (node_modules/react-dom/cjs/react-dom-client.development.js:874:13)
      at performUnitOfWork (node_modules/react-dom/cjs/react-dom-client.development.js:17641:22)
      at workLoopSync (node_modules/react-dom/cjs/react-dom-client.development.js:17469:41)
      at renderRootSync (node_modules/react-dom/cjs/react-dom-client.development.js:17450:11)
      at performWorkOnRoot (node_modules/react-dom/cjs/react-dom-client.development.js:16583:35)
      at performWorkOnRootViaSchedulerTask (node_modules/react-dom/cjs/react-dom-client.development.js:18957:7)
      at flushActQueue (node_modules/react/cjs/react.development.js:590:34)
      at process.env.NODE_ENV.exports.act (node_modules/react/cjs/react.development.js:884:10)
      at node_modules/@testing-library/react/dist/act-compat.js:47:25
      at renderRoot (node_modules/@testing-library/react/dist/pure.js:190:26)
      at render (node_modules/@testing-library/react/dist/pure.js:292:10)
      at Object.<anonymous> (src/components/ui/__tests__/chart.test.tsx:14:13)

  ● Chart Components › ChartTooltip › should render chart tooltip

    TypeError: Cannot convert undefined or null to object
        at Function.entries (<anonymous>)

      48 | ChartContainer.displayName = "Chart";
      49 | const ChartStyle = ({ id, config }: { id: string; config: ChartConfig }) => {
    > 50 |   const colorConfig = Object.entries(config).filter(([, config]) => config.theme || config.color);
         |                              ^
      51 |   if (!colorConfig.length) {
      52 |     return null;
      53 |   }

      at entries (src/components/ui/chart.tsx:50:30)
      at Object.react_stack_bottom_frame (node_modules/react-dom/cjs/react-dom-client.development.js:25904:20)
      at renderWithHooks (node_modules/react-dom/cjs/react-dom-client.development.js:7662:22)
      at updateFunctionComponent (node_modules/react-dom/cjs/react-dom-client.development.js:10166:19)
      at beginWork (node_modules/react-dom/cjs/react-dom-client.development.js:11778:18)
      at runWithFiberInDEV (node_modules/react-dom/cjs/react-dom-client.development.js:874:13)
      at performUnitOfWork (node_modules/react-dom/cjs/react-dom-client.development.js:17641:22)
      at workLoopSync (node_modules/react-dom/cjs/react-dom-client.development.js:17469:41)
      at renderRootSync (node_modules/react-dom/cjs/react-dom-client.development.js:17450:11)
      at performWorkOnRoot (node_modules/react-dom/cjs/react-dom-client.development.js:16583:35)
      at performWorkOnRootViaSchedulerTask (node_modules/react-dom/cjs/react-dom-client.development.js:18957:7)
      at flushActQueue (node_modules/react/cjs/react.development.js:590:34)
      at process.env.NODE_ENV.exports.act (node_modules/react/cjs/react.development.js:884:10)
      at node_modules/@testing-library/react/dist/act-compat.js:47:25
      at renderRoot (node_modules/@testing-library/react/dist/pure.js:190:26)
      at render (node_modules/@testing-library/react/dist/pure.js:292:10)
      at Object.<anonymous> (src/components/ui/__tests__/chart.test.tsx:25:13)

  ● Chart Components › ChartTooltipContent › should render chart tooltip content

    TypeError: Cannot convert undefined or null to object
        at Function.entries (<anonymous>)

      48 | ChartContainer.displayName = "Chart";
      49 | const ChartStyle = ({ id, config }: { id: string; config: ChartConfig }) => {
    > 50 |   const colorConfig = Object.entries(config).filter(([, config]) => config.theme || config.color);
         |                              ^
      51 |   if (!colorConfig.length) {
      52 |     return null;
      53 |   }

      at entries (src/components/ui/chart.tsx:50:30)
      at Object.react_stack_bottom_frame (node_modules/react-dom/cjs/react-dom-client.development.js:25904:20)
      at renderWithHooks (node_modules/react-dom/cjs/react-dom-client.development.js:7662:22)
      at updateFunctionComponent (node_modules/react-dom/cjs/react-dom-client.development.js:10166:19)
      at beginWork (node_modules/react-dom/cjs/react-dom-client.development.js:11778:18)
      at runWithFiberInDEV (node_modules/react-dom/cjs/react-dom-client.development.js:874:13)
      at performUnitOfWork (node_modules/react-dom/cjs/react-dom-client.development.js:17641:22)
      at workLoopSync (node_modules/react-dom/cjs/react-dom-client.development.js:17469:41)
      at renderRootSync (node_modules/react-dom/cjs/react-dom-client.development.js:17450:11)
      at performWorkOnRoot (node_modules/react-dom/cjs/react-dom-client.development.js:16583:35)
      at performWorkOnRootViaSchedulerTask (node_modules/react-dom/cjs/react-dom-client.development.js:18957:7)
      at flushActQueue (node_modules/react/cjs/react.development.js:590:34)
      at process.env.NODE_ENV.exports.act (node_modules/react/cjs/react.development.js:884:10)
      at node_modules/@testing-library/react/dist/act-compat.js:47:25
      at renderRoot (node_modules/@testing-library/react/dist/pure.js:190:26)
      at render (node_modules/@testing-library/react/dist/pure.js:292:10)
      at Object.<anonymous> (src/components/ui/__tests__/chart.test.tsx:38:35)

  ● Chart Components › ChartLegend › should render chart legend

    TypeError: Cannot convert undefined or null to object
        at Function.entries (<anonymous>)

      48 | ChartContainer.displayName = "Chart";
      49 | const ChartStyle = ({ id, config }: { id: string; config: ChartConfig }) => {
    > 50 |   const colorConfig = Object.entries(config).filter(([, config]) => config.theme || config.color);
         |                              ^
      51 |   if (!colorConfig.length) {
      52 |     return null;
      53 |   }

      at entries (src/components/ui/chart.tsx:50:30)
      at Object.react_stack_bottom_frame (node_modules/react-dom/cjs/react-dom-client.development.js:25904:20)
      at renderWithHooks (node_modules/react-dom/cjs/react-dom-client.development.js:7662:22)
      at updateFunctionComponent (node_modules/react-dom/cjs/react-dom-client.development.js:10166:19)
      at beginWork (node_modules/react-dom/cjs/react-dom-client.development.js:11778:18)
      at runWithFiberInDEV (node_modules/react-dom/cjs/react-dom-client.development.js:874:13)
      at performUnitOfWork (node_modules/react-dom/cjs/react-dom-client.development.js:17641:22)
      at workLoopSync (node_modules/react-dom/cjs/react-dom-client.development.js:17469:41)
      at renderRootSync (node_modules/react-dom/cjs/react-dom-client.development.js:17450:11)
      at performWorkOnRoot (node_modules/react-dom/cjs/react-dom-client.development.js:16583:35)
      at performWorkOnRootViaSchedulerTask (node_modules/react-dom/cjs/react-dom-client.development.js:18957:7)
      at flushActQueue (node_modules/react/cjs/react.development.js:590:34)
      at process.env.NODE_ENV.exports.act (node_modules/react/cjs/react.development.js:884:10)
      at node_modules/@testing-library/react/dist/act-compat.js:47:25
      at renderRoot (node_modules/@testing-library/react/dist/pure.js:190:26)
      at render (node_modules/@testing-library/react/dist/pure.js:292:10)
      at Object.<anonymous> (src/components/ui/__tests__/chart.test.tsx:51:13)

  ● Chart Components › ChartLegendContent › should render chart legend content

    TypeError: Cannot convert undefined or null to object
        at Function.entries (<anonymous>)

      48 | ChartContainer.displayName = "Chart";
      49 | const ChartStyle = ({ id, config }: { id: string; config: ChartConfig }) => {
    > 50 |   const colorConfig = Object.entries(config).filter(([, config]) => config.theme || config.color);
         |                              ^
      51 |   if (!colorConfig.length) {
      52 |     return null;
      53 |   }

      at entries (src/components/ui/chart.tsx:50:30)
      at Object.react_stack_bottom_frame (node_modules/react-dom/cjs/react-dom-client.development.js:25904:20)
      at renderWithHooks (node_modules/react-dom/cjs/react-dom-client.development.js:7662:22)
      at updateFunctionComponent (node_modules/react-dom/cjs/react-dom-client.development.js:10166:19)
      at beginWork (node_modules/react-dom/cjs/react-dom-client.development.js:11778:18)
      at runWithFiberInDEV (node_modules/react-dom/cjs/react-dom-client.development.js:874:13)
      at performUnitOfWork (node_modules/react-dom/cjs/react-dom-client.development.js:17641:22)
      at workLoopSync (node_modules/react-dom/cjs/react-dom-client.development.js:17469:41)
      at renderRootSync (node_modules/react-dom/cjs/react-dom-client.development.js:17450:11)
      at performWorkOnRoot (node_modules/react-dom/cjs/react-dom-client.development.js:16583:35)
      at performWorkOnRootViaSchedulerTask (node_modules/react-dom/cjs/react-dom-client.development.js:18957:7)
      at flushActQueue (node_modules/react/cjs/react.development.js:590:34)
      at process.env.NODE_ENV.exports.act (node_modules/react/cjs/react.development.js:884:10)
      at node_modules/@testing-library/react/dist/act-compat.js:47:25
      at renderRoot (node_modules/@testing-library/react/dist/pure.js:190:26)
      at render (node_modules/@testing-library/react/dist/pure.js:292:10)
      at Object.<anonymous> (src/components/ui/__tests__/chart.test.tsx:64:35)

PASS src/controller/query/messages/__tests__/useMessages.test.ts
PASS src/context/__tests__/AlertProvider.test.tsx
  ● Console

    console.error
      An update to AlertProvider inside a test was not wrapped in act(...).
      
      When testing, code that causes React state updates should be wrapped into act(...):
      
      act(() => {
        /* fire events that update state */
      });
      /* assert on the output */
      
      This ensures that you're testing the behavior the user would see in the browser. Learn more at https://react.dev/link/wrap-tests-with-act

      51 |   const showAlert = useCallback((alert: Omit<AlertData, 'id'>) => {
      52 |     const id = ++idCounter.current;
    > 53 |     setAlerts((prev) => {
         |     ^
      54 |       // Garde seulement les MAX_ALERTS plus récents
      55 |       const updated = [...prev, { ...alert, id }];
      56 |       

      at node_modules/react-dom/cjs/react-dom-client.development.js:18758:19
      at runWithFiberInDEV (node_modules/react-dom/cjs/react-dom-client.development.js:874:13)
      at warnIfUpdatesNotWrappedWithActDEV (node_modules/react-dom/cjs/react-dom-client.development.js:18757:9)
      at scheduleUpdateOnFiber (node_modules/react-dom/cjs/react-dom-client.development.js:16409:11)
      at dispatchSetStateInternal (node_modules/react-dom/cjs/react-dom-client.development.js:9170:13)
      at dispatchSetState (node_modules/react-dom/cjs/react-dom-client.development.js:9127:7)
      at setAlerts (src/context/AlertProvider.tsx:53:5)
      at showAlert (src/context/__tests__/AlertProvider.test.tsx:9:30)
      at executeDispatch (node_modules/react-dom/cjs/react-dom-client.development.js:19116:9)
      at runWithFiberInDEV (node_modules/react-dom/cjs/react-dom-client.development.js:874:13)
      at processDispatchQueue (node_modules/react-dom/cjs/react-dom-client.development.js:19166:19)
      at node_modules/react-dom/cjs/react-dom-client.development.js:19767:9
      at batchedUpdates$1 (node_modules/react-dom/cjs/react-dom-client.development.js:3255:40)
      at dispatchEventForPluginEventSystem (node_modules/react-dom/cjs/react-dom-client.development.js:19320:7)
      at dispatchEvent (node_modules/react-dom/cjs/react-dom-client.development.js:23585:11)
      at dispatchDiscreteEvent (node_modules/react-dom/cjs/react-dom-client.development.js:23553:11)
      at HTMLDivElement.callTheUserObjectsOperation (node_modules/jsdom/lib/jsdom/living/generated/EventListener.js:26:30)
      at innerInvokeEventListeners (node_modules/jsdom/lib/jsdom/living/events/EventTarget-impl.js:350:25)
      at invokeEventListeners (node_modules/jsdom/lib/jsdom/living/events/EventTarget-impl.js:286:3)
      at HTMLButtonElementImpl._dispatch (node_modules/jsdom/lib/jsdom/living/events/EventTarget-impl.js:233:9)
      at fireAnEvent (node_modules/jsdom/lib/jsdom/living/helpers/events.js:18:36)
      at HTMLButtonElementImpl.click (node_modules/jsdom/lib/jsdom/living/nodes/HTMLElement-impl.js:85:5)
      at HTMLButtonElement.click (node_modules/jsdom/lib/jsdom/living/generated/HTMLElement.js:108:34)
      at Object.click (src/context/__tests__/AlertProvider.test.tsx:48:12)

    console.error
      An update to AlertProvider inside a test was not wrapped in act(...).
      
      When testing, code that causes React state updates should be wrapped into act(...):
      
      act(() => {
        /* fire events that update state */
      });
      /* assert on the output */
      
      This ensures that you're testing the behavior the user would see in the browser. Learn more at https://react.dev/link/wrap-tests-with-act

      75 |     const timeout = setTimeout(() => {
      76 |       timeoutsRef.current.delete(id);
    > 77 |       setAlerts((prev) => prev.filter((a) => a.id !== id));
         |       ^
      78 |     }, 5000);
      79 |     timeoutsRef.current.set(id, timeout);
      80 |   }, []);

      at node_modules/react-dom/cjs/react-dom-client.development.js:18758:19
      at runWithFiberInDEV (node_modules/react-dom/cjs/react-dom-client.development.js:874:13)
      at warnIfUpdatesNotWrappedWithActDEV (node_modules/react-dom/cjs/react-dom-client.development.js:18757:9)
      at scheduleUpdateOnFiber (node_modules/react-dom/cjs/react-dom-client.development.js:16409:11)
      at dispatchSetStateInternal (node_modules/react-dom/cjs/react-dom-client.development.js:9170:13)
      at dispatchSetState (node_modules/react-dom/cjs/react-dom-client.development.js:9127:7)
      at setAlerts (src/context/AlertProvider.tsx:77:7)
      at callTimer (node_modules/@sinonjs/fake-timers/src/fake-timers-src.js:806:24)
      at doTickInner (node_modules/@sinonjs/fake-timers/src/fake-timers-src.js:1413:29)
      at doTick (node_modules/@sinonjs/fake-timers/src/fake-timers-src.js:1494:20)
      at Object.tick (node_modules/@sinonjs/fake-timers/src/fake-timers-src.js:1502:20)
      at Object.runToLast (node_modules/@sinonjs/fake-timers/src/fake-timers-src.js:1661:26)
      at FakeTimers.runOnlyPendingTimers (node_modules/@jest/fake-timers/build/index.js:542:19)
      at Object.runOnlyPendingTimers (src/context/__tests__/AlertProvider.test.tsx:25:10)

    console.error
      An update to AlertProvider inside a test was not wrapped in act(...).
      
      When testing, code that causes React state updates should be wrapped into act(...):
      
      act(() => {
        /* fire events that update state */
      });
      /* assert on the output */
      
      This ensures that you're testing the behavior the user would see in the browser. Learn more at https://react.dev/link/wrap-tests-with-act

      51 |   const showAlert = useCallback((alert: Omit<AlertData, 'id'>) => {
      52 |     const id = ++idCounter.current;
    > 53 |     setAlerts((prev) => {
         |     ^
      54 |       // Garde seulement les MAX_ALERTS plus récents
      55 |       const updated = [...prev, { ...alert, id }];
      56 |       

      at node_modules/react-dom/cjs/react-dom-client.development.js:18758:19
      at runWithFiberInDEV (node_modules/react-dom/cjs/react-dom-client.development.js:874:13)
      at warnIfUpdatesNotWrappedWithActDEV (node_modules/react-dom/cjs/react-dom-client.development.js:18757:9)
      at scheduleUpdateOnFiber (node_modules/react-dom/cjs/react-dom-client.development.js:16409:11)
      at dispatchSetStateInternal (node_modules/react-dom/cjs/react-dom-client.development.js:9170:13)
      at dispatchSetState (node_modules/react-dom/cjs/react-dom-client.development.js:9127:7)
      at setAlerts (src/context/AlertProvider.tsx:53:5)
      at showAlert (src/context/__tests__/AlertProvider.test.tsx:9:30)
      at executeDispatch (node_modules/react-dom/cjs/react-dom-client.development.js:19116:9)
      at runWithFiberInDEV (node_modules/react-dom/cjs/react-dom-client.development.js:874:13)
      at processDispatchQueue (node_modules/react-dom/cjs/react-dom-client.development.js:19166:19)
      at node_modules/react-dom/cjs/react-dom-client.development.js:19767:9
      at batchedUpdates$1 (node_modules/react-dom/cjs/react-dom-client.development.js:3255:40)
      at dispatchEventForPluginEventSystem (node_modules/react-dom/cjs/react-dom-client.development.js:19320:7)
      at dispatchEvent (node_modules/react-dom/cjs/react-dom-client.development.js:23585:11)
      at dispatchDiscreteEvent (node_modules/react-dom/cjs/react-dom-client.development.js:23553:11)
      at HTMLDivElement.callTheUserObjectsOperation (node_modules/jsdom/lib/jsdom/living/generated/EventListener.js:26:30)
      at innerInvokeEventListeners (node_modules/jsdom/lib/jsdom/living/events/EventTarget-impl.js:350:25)
      at invokeEventListeners (node_modules/jsdom/lib/jsdom/living/events/EventTarget-impl.js:286:3)
      at HTMLButtonElementImpl._dispatch (node_modules/jsdom/lib/jsdom/living/events/EventTarget-impl.js:233:9)
      at fireAnEvent (node_modules/jsdom/lib/jsdom/living/helpers/events.js:18:36)
      at HTMLButtonElementImpl.click (node_modules/jsdom/lib/jsdom/living/nodes/HTMLElement-impl.js:85:5)
      at HTMLButtonElement.click (node_modules/jsdom/lib/jsdom/living/generated/HTMLElement.js:108:34)
      at Object.click (src/context/__tests__/AlertProvider.test.tsx:61:16)

    console.error
      An update to AlertProvider inside a test was not wrapped in act(...).
      
      When testing, code that causes React state updates should be wrapped into act(...):
      
      act(() => {
        /* fire events that update state */
      });
      /* assert on the output */
      
      This ensures that you're testing the behavior the user would see in the browser. Learn more at https://react.dev/link/wrap-tests-with-act

      46 |       timeoutsRef.current.delete(id);
      47 |     }
    > 48 |     setAlerts((prev) => prev.filter((a) => a.id !== id));
         |     ^
      49 |   }, []);
      50 |   
      51 |   const showAlert = useCallback((alert: Omit<AlertData, 'id'>) => {

      at node_modules/react-dom/cjs/react-dom-client.development.js:18758:19
      at runWithFiberInDEV (node_modules/react-dom/cjs/react-dom-client.development.js:874:13)
      at warnIfUpdatesNotWrappedWithActDEV (node_modules/react-dom/cjs/react-dom-client.development.js:18757:9)
      at scheduleUpdateOnFiber (node_modules/react-dom/cjs/react-dom-client.development.js:16409:11)
      at dispatchSetStateInternal (node_modules/react-dom/cjs/react-dom-client.development.js:9170:13)
      at dispatchSetState (node_modules/react-dom/cjs/react-dom-client.development.js:9127:7)
      at setAlerts (src/context/AlertProvider.tsx:48:5)
      at dismissAlert (src/context/__tests__/AlertProvider.test.tsx:12:30)
      at executeDispatch (node_modules/react-dom/cjs/react-dom-client.development.js:19116:9)
      at runWithFiberInDEV (node_modules/react-dom/cjs/react-dom-client.development.js:874:13)
      at processDispatchQueue (node_modules/react-dom/cjs/react-dom-client.development.js:19166:19)
      at node_modules/react-dom/cjs/react-dom-client.development.js:19767:9
      at batchedUpdates$1 (node_modules/react-dom/cjs/react-dom-client.development.js:3255:40)
      at dispatchEventForPluginEventSystem (node_modules/react-dom/cjs/react-dom-client.development.js:19320:7)
      at dispatchEvent (node_modules/react-dom/cjs/react-dom-client.development.js:23585:11)
      at dispatchDiscreteEvent (node_modules/react-dom/cjs/react-dom-client.development.js:23553:11)
      at HTMLDivElement.callTheUserObjectsOperation (node_modules/jsdom/lib/jsdom/living/generated/EventListener.js:26:30)
      at innerInvokeEventListeners (node_modules/jsdom/lib/jsdom/living/events/EventTarget-impl.js:350:25)
      at invokeEventListeners (node_modules/jsdom/lib/jsdom/living/events/EventTarget-impl.js:286:3)
      at HTMLButtonElementImpl._dispatch (node_modules/jsdom/lib/jsdom/living/events/EventTarget-impl.js:233:9)
      at fireAnEvent (node_modules/jsdom/lib/jsdom/living/helpers/events.js:18:36)
      at HTMLButtonElementImpl.click (node_modules/jsdom/lib/jsdom/living/nodes/HTMLElement-impl.js:85:5)
      at HTMLButtonElement.click (node_modules/jsdom/lib/jsdom/living/generated/HTMLElement.js:108:34)
      at Object.click (src/context/__tests__/AlertProvider.test.tsx:66:19)

    console.error
      An update to AlertProvider inside a test was not wrapped in act(...).
      
      When testing, code that causes React state updates should be wrapped into act(...):
      
      act(() => {
        /* fire events that update state */
      });
      /* assert on the output */
      
      This ensures that you're testing the behavior the user would see in the browser. Learn more at https://react.dev/link/wrap-tests-with-act

      51 |   const showAlert = useCallback((alert: Omit<AlertData, 'id'>) => {
      52 |     const id = ++idCounter.current;
    > 53 |     setAlerts((prev) => {
         |     ^
      54 |       // Garde seulement les MAX_ALERTS plus récents
      55 |       const updated = [...prev, { ...alert, id }];
      56 |       

      at node_modules/react-dom/cjs/react-dom-client.development.js:18758:19
      at runWithFiberInDEV (node_modules/react-dom/cjs/react-dom-client.development.js:874:13)
      at warnIfUpdatesNotWrappedWithActDEV (node_modules/react-dom/cjs/react-dom-client.development.js:18757:9)
      at scheduleUpdateOnFiber (node_modules/react-dom/cjs/react-dom-client.development.js:16409:11)
      at dispatchSetStateInternal (node_modules/react-dom/cjs/react-dom-client.development.js:9170:13)
      at dispatchSetState (node_modules/react-dom/cjs/react-dom-client.development.js:9127:7)
      at setAlerts (src/context/AlertProvider.tsx:53:5)
      at showAlert (src/context/__tests__/AlertProvider.test.tsx:9:30)
      at executeDispatch (node_modules/react-dom/cjs/react-dom-client.development.js:19116:9)
      at runWithFiberInDEV (node_modules/react-dom/cjs/react-dom-client.development.js:874:13)
      at processDispatchQueue (node_modules/react-dom/cjs/react-dom-client.development.js:19166:19)
      at node_modules/react-dom/cjs/react-dom-client.development.js:19767:9
      at batchedUpdates$1 (node_modules/react-dom/cjs/react-dom-client.development.js:3255:40)
      at dispatchEventForPluginEventSystem (node_modules/react-dom/cjs/react-dom-client.development.js:19320:7)
      at dispatchEvent (node_modules/react-dom/cjs/react-dom-client.development.js:23585:11)
      at dispatchDiscreteEvent (node_modules/react-dom/cjs/react-dom-client.development.js:23553:11)
      at HTMLDivElement.callTheUserObjectsOperation (node_modules/jsdom/lib/jsdom/living/generated/EventListener.js:26:30)
      at innerInvokeEventListeners (node_modules/jsdom/lib/jsdom/living/events/EventTarget-impl.js:350:25)
      at invokeEventListeners (node_modules/jsdom/lib/jsdom/living/events/EventTarget-impl.js:286:3)
      at HTMLButtonElementImpl._dispatch (node_modules/jsdom/lib/jsdom/living/events/EventTarget-impl.js:233:9)
      at fireAnEvent (node_modules/jsdom/lib/jsdom/living/helpers/events.js:18:36)
      at HTMLButtonElementImpl.click (node_modules/jsdom/lib/jsdom/living/nodes/HTMLElement-impl.js:85:5)
      at HTMLButtonElement.click (node_modules/jsdom/lib/jsdom/living/generated/HTMLElement.js:108:34)
      at Object.click (src/context/__tests__/AlertProvider.test.tsx:79:12)

    console.error
      An update to AlertProvider inside a test was not wrapped in act(...).
      
      When testing, code that causes React state updates should be wrapped into act(...):
      
      act(() => {
        /* fire events that update state */
      });
      /* assert on the output */
      
      This ensures that you're testing the behavior the user would see in the browser. Learn more at https://react.dev/link/wrap-tests-with-act

      75 |     const timeout = setTimeout(() => {
      76 |       timeoutsRef.current.delete(id);
    > 77 |       setAlerts((prev) => prev.filter((a) => a.id !== id));
         |       ^
      78 |     }, 5000);
      79 |     timeoutsRef.current.set(id, timeout);
      80 |   }, []);

      at node_modules/react-dom/cjs/react-dom-client.development.js:18758:19
      at runWithFiberInDEV (node_modules/react-dom/cjs/react-dom-client.development.js:874:13)
      at warnIfUpdatesNotWrappedWithActDEV (node_modules/react-dom/cjs/react-dom-client.development.js:18757:9)
      at scheduleUpdateOnFiber (node_modules/react-dom/cjs/react-dom-client.development.js:16409:11)
      at dispatchSetStateInternal (node_modules/react-dom/cjs/react-dom-client.development.js:9170:13)
      at dispatchSetState (node_modules/react-dom/cjs/react-dom-client.development.js:9127:7)
      at setAlerts (src/context/AlertProvider.tsx:77:7)
      at callTimer (node_modules/@sinonjs/fake-timers/src/fake-timers-src.js:806:24)
      at doTickInner (node_modules/@sinonjs/fake-timers/src/fake-timers-src.js:1413:29)
      at doTick (node_modules/@sinonjs/fake-timers/src/fake-timers-src.js:1494:20)
      at Object.tick (node_modules/@sinonjs/fake-timers/src/fake-timers-src.js:1502:20)
      at FakeTimers.advanceTimersByTime (node_modules/@jest/fake-timers/build/index.js:576:19)
      at Object.advanceTimersByTime (src/context/__tests__/AlertProvider.test.tsx:84:10)

FAIL src/controller/query/dashboard/__tests__/dashboard.service.test.ts
  ● dashboard.service › getDashboardSummary › should throw error when response data is missing

    expect(received).rejects.toThrow(expected)

    Expected substring: "No server response for dashboard summary."
    Received message:   "Server error while retrieving dashboard summary."

          46 |       }
          47 |     }
        > 48 |     throw new Error("Server error while retrieving dashboard summary.");
             |           ^
          49 |   }
          50 | };
          51 | export const getMessagesSentByType = async (

      at getDashboardSummary (src/controller/query/dashboard/dashboard.service.ts:48:11)
      at Object.<anonymous> (src/controller/query/dashboard/__tests__/dashboard.service.test.ts:70:7)
      at Object.toThrow (node_modules/expect/build/index.js:2155:20)
      at Object.toThrow (src/controller/query/dashboard/__tests__/dashboard.service.test.ts:70:64)

  ● dashboard.service › getMessagesSentByType › should throw error when response data is missing for promotional

    expect(received).rejects.toThrow(expected)

    Expected substring: "No server response for promotional messages."
    Received message:   "Server error while retrieving promotional messages."

          75 |       }
          76 |     }
        > 77 |     throw new Error(`Server error while retrieving ${type} messages.`);
             |           ^
          78 |   }
          79 | };
          80 | export const getMessageGraph = async (

      at getMessagesSentByType (src/controller/query/dashboard/dashboard.service.ts:77:11)
      at Object.<anonymous> (src/controller/query/dashboard/__tests__/dashboard.service.test.ts:162:7)
      at Object.toThrow (node_modules/expect/build/index.js:2155:20)
      at Object.toThrow (src/controller/query/dashboard/__tests__/dashboard.service.test.ts:164:17)

  ● dashboard.service › getMessagesSentByType › should throw error when response data is missing for transactional

    expect(received).rejects.toThrow(expected)

    Expected substring: "No server response for transactional messages."
    Received message:   "Server error while retrieving transactional messages."

          75 |       }
          76 |     }
        > 77 |     throw new Error(`Server error while retrieving ${type} messages.`);
             |           ^
          78 |   }
          79 | };
          80 | export const getMessageGraph = async (

      at getMessagesSentByType (src/controller/query/dashboard/dashboard.service.ts:77:11)
      at Object.<anonymous> (src/controller/query/dashboard/__tests__/dashboard.service.test.ts:176:7)
      at Object.toThrow (node_modules/expect/build/index.js:2155:20)
      at Object.toThrow (src/controller/query/dashboard/__tests__/dashboard.service.test.ts:178:17)

  ● dashboard.service › getMessageGraph › should throw error when response data is missing

    expect(received).rejects.toThrow(expected)

    Expected substring: "No server response for promotional graph."
    Received message:   "Server error while retrieving promotional graph."

          104 |       }
          105 |     }
        > 106 |     throw new Error(`Server error while retrieving ${type} graph.`);
              |           ^
          107 |   }
          108 | };
          109 | export const getMessageNetworkGraph = async (

      at getMessageGraph (src/controller/query/dashboard/dashboard.service.ts:106:11)
      at Object.<anonymous> (src/controller/query/dashboard/__tests__/dashboard.service.test.ts:264:7)
      at Object.toThrow (node_modules/expect/build/index.js:2155:20)
      at Object.toThrow (src/controller/query/dashboard/__tests__/dashboard.service.test.ts:266:17)

  ● dashboard.service › getBillingStats › should throw error when response data is missing

    expect(received).rejects.toThrow(expected)

    Expected substring: "No server response for billing stats."
    Received message:   "Server error while retrieving billing stats."

          192 |       }
          193 |     }
        > 194 |     throw new Error("Server error while retrieving billing stats.");
              |           ^
          195 |   }
          196 | };
          197 | export const getClientsList = async (

      at getBillingStats (src/controller/query/dashboard/dashboard.service.ts:194:11)
      at Object.<anonymous> (src/controller/query/dashboard/__tests__/dashboard.service.test.ts:314:7)
      at Object.toThrow (node_modules/expect/build/index.js:2155:20)
      at Object.toThrow (src/controller/query/dashboard/__tests__/dashboard.service.test.ts:314:60)

  ● dashboard.service › getClientsList › should throw error when response data is missing

    expect(received).rejects.toThrow(expected)

    Expected substring: "No server response for clients list."
    Received message:   "Server error while retrieving clients list."

          223 |       }
          224 |     }
        > 225 |     throw new Error("Server error while retrieving clients list.");
              |           ^
          226 |   }
          227 | };
          228 | export const getClientReports = async (

      at getClientsList (src/controller/query/dashboard/dashboard.service.ts:225:11)
      at Object.<anonymous> (src/controller/query/dashboard/__tests__/dashboard.service.test.ts:362:7)
      at Object.toThrow (node_modules/expect/build/index.js:2155:20)
      at Object.toThrow (src/controller/query/dashboard/__tests__/dashboard.service.test.ts:362:82)

  ● dashboard.service › getClientReports › should throw error when response data is missing

    expect(received).rejects.toThrow(expected)

    Expected substring: "No server response for client reports (summary)."
    Received message:   "Server error while retrieving client reports (summary)."

          252 |       }
          253 |     }
        > 254 |     throw new Error(`Server error while retrieving client reports (${type}).`);
              |           ^
          255 |   }
          256 | };
          257 | export const getClientTransactionalSMS = async (

      at getClientReports (src/controller/query/dashboard/dashboard.service.ts:254:11)
      at Object.<anonymous> (src/controller/query/dashboard/__tests__/dashboard.service.test.ts:442:7)
      at Object.toThrow (node_modules/expect/build/index.js:2155:20)
      at Object.toThrow (src/controller/query/dashboard/__tests__/dashboard.service.test.ts:442:72)

FAIL src/controller/query/admin/roles/__tests__/roles.service.test.ts
  ● roles.service › getAdminRolesList › should throw error when response data is missing

    expect(received).rejects.toThrow(expected)

    Expected substring: "No server response for admin roles list."
    Received message:   "Error retrieving admin roles list."

          21 |     }
          22 |   }
        > 23 |   throw new Error(fallbackMessage);
             |         ^
          24 | };
          25 |
          26 | export const getAdminRolesList = async (

      at handleAxiosError (src/controller/query/admin/roles/roles.service.ts:23:9)
      at handleAxiosError (src/controller/query/admin/roles/roles.service.ts:42:5)
      at Object.<anonymous> (src/controller/query/admin/roles/__tests__/roles.service.test.ts:66:7)
      at Object.toThrow (node_modules/expect/build/index.js:2155:20)
      at Object.toThrow (src/controller/query/admin/roles/__tests__/roles.service.test.ts:66:85)

  ● roles.service › createAdminRole › should throw error when response data is missing

    expect(received).rejects.toThrow(expected)

    Expected substring: "No server response for admin role creation."
    Received message:   "Error creating admin role."

          21 |     }
          22 |   }
        > 23 |   throw new Error(fallbackMessage);
             |         ^
          24 | };
          25 |
          26 | export const getAdminRolesList = async (

      at handleAxiosError (src/controller/query/admin/roles/roles.service.ts:23:9)
      at handleAxiosError (src/controller/query/admin/roles/roles.service.ts:62:5)
      at Object.<anonymous> (src/controller/query/admin/roles/__tests__/roles.service.test.ts:142:7)
      at Object.toThrow (node_modules/expect/build/index.js:2155:20)
      at Object.toThrow (src/controller/query/admin/roles/__tests__/roles.service.test.ts:144:17)

  ● roles.service › getAdminRolePermissions › should throw error when response data is missing

    expect(received).rejects.toThrow(expected)

    Expected substring: "No server response for admin role permissions."
    Received message:   "Error retrieving role permissions."

          21 |     }
          22 |   }
        > 23 |   throw new Error(fallbackMessage);
             |         ^
          24 | };
          25 |
          26 | export const getAdminRolesList = async (

      at handleAxiosError (src/controller/query/admin/roles/roles.service.ts:23:9)
      at handleAxiosError (src/controller/query/admin/roles/roles.service.ts:82:5)
      at Object.<anonymous> (src/controller/query/admin/roles/__tests__/roles.service.test.ts:213:7)
      at Object.toThrow (node_modules/expect/build/index.js:2155:20)
      at Object.toThrow (src/controller/query/admin/roles/__tests__/roles.service.test.ts:213:67)

  ● roles.service › getAdminAvailablePermissions › should throw error when response data is missing

    expect(received).rejects.toThrow(expected)

    Expected substring: "No server response for available permissions."
    Received message:   "Error retrieving available permissions."

          21 |     }
          22 |   }
        > 23 |   throw new Error(fallbackMessage);
             |         ^
          24 | };
          25 |
          26 | export const getAdminRolesList = async (

      at handleAxiosError (src/controller/query/admin/roles/roles.service.ts:23:9)
      at handleAxiosError (src/controller/query/admin/roles/roles.service.ts:101:5)
      at Object.<anonymous> (src/controller/query/admin/roles/__tests__/roles.service.test.ts:261:7)
      at Object.toThrow (node_modules/expect/build/index.js:2155:20)
      at Object.toThrow (src/controller/query/admin/roles/__tests__/roles.service.test.ts:261:69)

  ● roles.service › assignAdminPermission › should throw error when response data is missing

    expect(received).rejects.toThrow(expected)

    Expected substring: "No server response for assigning permission."
    Received message:   "Error assigning permission to role."

          21 |     }
          22 |   }
        > 23 |   throw new Error(fallbackMessage);
             |         ^
          24 | };
          25 |
          26 | export const getAdminRolesList = async (

      at handleAxiosError (src/controller/query/admin/roles/roles.service.ts:23:9)
      at handleAxiosError (src/controller/query/admin/roles/roles.service.ts:121:5)
      at Object.<anonymous> (src/controller/query/admin/roles/__tests__/roles.service.test.ts:309:7)
      at Object.toThrow (node_modules/expect/build/index.js:2155:20)
      at Object.toThrow (src/controller/query/admin/roles/__tests__/roles.service.test.ts:311:17)

  ● roles.service › revokeAdminPermission › should throw error when response data is missing

    expect(received).rejects.toThrow(expected)

    Expected substring: "No server response for revoking permission."
    Received message:   "Error revoking permission from role."

          21 |     }
          22 |   }
        > 23 |   throw new Error(fallbackMessage);
             |         ^
          24 | };
          25 |
          26 | export const getAdminRolesList = async (

      at handleAxiosError (src/controller/query/admin/roles/roles.service.ts:23:9)
      at handleAxiosError (src/controller/query/admin/roles/roles.service.ts:141:5)
      at Object.<anonymous> (src/controller/query/admin/roles/__tests__/roles.service.test.ts:359:7)
      at Object.toThrow (node_modules/expect/build/index.js:2155:20)
      at Object.toThrow (src/controller/query/admin/roles/__tests__/roles.service.test.ts:361:17)

FAIL src/controller/api/config/__tests__/config.test.tsx
  ● billingApiRequest › should make a GET request successfully

    TypeError: billingApi is not a function

      104 |   }
      105 |   try {
    > 106 |     const response: AxiosResponse<ResponseType> = await billingApi(config);
          |                                                         ^
      107 |     if (process.env.NODE_ENV === 'development') {
      108 |       console.log('✅ Billing API Response:', {
      109 |         status: response.status,

      at billingApi (src/controller/api/config/config.ts:106:57)
      at Object.<anonymous> (src/controller/api/config/__tests__/config.test.tsx:62:43)

  ● billingApiRequest › should add api-key header when provided

    TypeError: billingApi is not a function

      104 |   }
      105 |   try {
    > 106 |     const response: AxiosResponse<ResponseType> = await billingApi(config);
          |                                                         ^
      107 |     if (process.env.NODE_ENV === 'development') {
      108 |       console.log('✅ Billing API Response:', {
      109 |         status: response.status,

      at billingApi (src/controller/api/config/config.ts:106:57)
      at Object.<anonymous> (src/controller/api/config/__tests__/config.test.tsx:82:28)

  ● billingApiRequest › should normalize endpoint to start with /

    TypeError: billingApi is not a function

      104 |   }
      105 |   try {
    > 106 |     const response: AxiosResponse<ResponseType> = await billingApi(config);
          |                                                         ^
      107 |     if (process.env.NODE_ENV === 'development') {
      108 |       console.log('✅ Billing API Response:', {
      109 |         status: response.status,

      at billingApi (src/controller/api/config/config.ts:106:57)
      at Object.<anonymous> (src/controller/api/config/__tests__/config.test.tsx:108:28)

  ● billingApiRequest › should handle errors properly

    expect(received).rejects.toEqual(expected) // deep equality

    - Expected  - 10
    + Received  +  1

    - Object {
    -   "isAxiosError": true,
    -   "response": Object {
    -     "data": Object {
    -       "message": "Not found",
    -     },
    -     "status": 404,
    -     "statusText": "Not Found",
    -   },
    - }
    + [TypeError: billingApi is not a function]

      135 |         endpoint: '/test',
      136 |       })
    > 137 |     ).rejects.toEqual(mockError);
          |               ^
      138 |   });
      139 | });
      140 |

      at Object.toEqual (node_modules/expect/build/index.js:2155:20)
      at Object.toEqual (src/controller/api/config/__tests__/config.test.tsx:137:15)

FAIL src/controller/query/auth/__tests__/otp.service.test.ts
  ● otp.service › verifyOtp › should validate email or phone number

    expect(received).rejects.toThrow(expected)

    Expected substring: "Email or phone number is required"
    Received message:   "Error verifying OTP code."

          39 |     }
          40 |   }
        > 41 |   throw new Error(fallbackMessage);
             |         ^
          42 | };
          43 |
          44 | export const verifyOtp = async (

      at handleAxiosError (src/controller/query/auth/otp.service.ts:41:9)
      at handleAxiosError (src/controller/query/auth/otp.service.ts:70:5)
      at Object.<anonymous> (src/controller/query/auth/__tests__/otp.service.test.ts:66:18)
      at Object.toThrow (node_modules/expect/build/index.js:2155:20)
      at Object.toThrow (src/controller/query/auth/__tests__/otp.service.test.ts:67:17)

  ● otp.service › verifyOtp › should validate verification code

    expect(received).rejects.toThrow(expected)

    Expected substring: "Verification code is required"
    Received message:   "Error verifying OTP code."

          39 |     }
          40 |   }
        > 41 |   throw new Error(fallbackMessage);
             |         ^
          42 | };
          43 |
          44 | export const verifyOtp = async (

      at handleAxiosError (src/controller/query/auth/otp.service.ts:41:9)
      at handleAxiosError (src/controller/query/auth/otp.service.ts:70:5)
      at Object.<anonymous> (src/controller/query/auth/__tests__/otp.service.test.ts:72:18)
      at Object.toThrow (node_modules/expect/build/index.js:2155:20)
      at Object.toThrow (src/controller/query/auth/__tests__/otp.service.test.ts:73:17)

  ● otp.service › verifyOtp › should throw error when response data is missing

    expect(received).rejects.toThrow(expected)

    Expected substring: "No server response for OTP verification."
    Received message:   "Error verifying OTP code."

          39 |     }
          40 |   }
        > 41 |   throw new Error(fallbackMessage);
             |         ^
          42 | };
          43 |
          44 | export const verifyOtp = async (

      at handleAxiosError (src/controller/query/auth/otp.service.ts:41:9)
      at handleAxiosError (src/controller/query/auth/otp.service.ts:70:5)
      at Object.<anonymous> (src/controller/query/auth/__tests__/otp.service.test.ts:83:7)
      at Object.toThrow (node_modules/expect/build/index.js:2155:20)
      at Object.toThrow (src/controller/query/auth/__tests__/otp.service.test.ts:85:17)

  ● otp.service › resendOtp › should validate email or phone number

    expect(received).rejects.toThrow(expected)

    Expected substring: "Email or phone number is required"
    Received message:   "Error resending OTP code."

          39 |     }
          40 |   }
        > 41 |   throw new Error(fallbackMessage);
             |         ^
          42 | };
          43 |
          44 | export const verifyOtp = async (

      at handleAxiosError (src/controller/query/auth/otp.service.ts:41:9)
      at handleAxiosError (src/controller/query/auth/otp.service.ts:97:5)
      at Object.<anonymous> (src/controller/query/auth/__tests__/otp.service.test.ts:209:18)
      at Object.toThrow (node_modules/expect/build/index.js:2155:20)
      at Object.toThrow (src/controller/query/auth/__tests__/otp.service.test.ts:210:17)

  ● otp.service › resendOtp › should throw error when response data is missing

    expect(received).rejects.toThrow(expected)

    Expected substring: "No server response for resending OTP."
    Received message:   "Error resending OTP code."

          39 |     }
          40 |   }
        > 41 |   throw new Error(fallbackMessage);
             |         ^
          42 | };
          43 |
          44 | export const verifyOtp = async (

      at handleAxiosError (src/controller/query/auth/otp.service.ts:41:9)
      at handleAxiosError (src/controller/query/auth/otp.service.ts:97:5)
      at Object.<anonymous> (src/controller/query/auth/__tests__/otp.service.test.ts:220:7)
      at Object.toThrow (node_modules/expect/build/index.js:2155:20)
      at Object.toThrow (src/controller/query/auth/__tests__/otp.service.test.ts:220:70)

FAIL src/controller/query/admin/tokens/__tests__/useAdminTokens.test.ts
  ● useAdminTokens hooks › should export useGetAdminTokenClients

    expect(received).toBe(expected) // Object.is equality

    Expected: "function"
    Received: "undefined"

      25 |
      26 |   it('should export useGetAdminTokenClients', () => {
    > 27 |     expect(typeof useGetAdminTokenClients).toBe('function');
         |                                            ^
      28 |   });
      29 |
      30 |   it('should export useGetAdminTokenKYBStatus', () => {

      at Object.toBe (src/controller/query/admin/tokens/__tests__/useAdminTokens.test.ts:27:44)

  ● useAdminTokens hooks › should export useGetAdminTokenKYBStatus

    expect(received).toBe(expected) // Object.is equality

    Expected: "function"
    Received: "undefined"

      29 |
      30 |   it('should export useGetAdminTokenKYBStatus', () => {
    > 31 |     expect(typeof useGetAdminTokenKYBStatus).toBe('function');
         |                                              ^
      32 |   });
      33 | });
      34 |

      at Object.toBe (src/controller/query/admin/tokens/__tests__/useAdminTokens.test.ts:31:46)

PASS src/hooks/__tests__/useNavigation.test.tsx
FAIL src/app/(admin)/documents/components/__tests__/MyDocumentsTab.test.tsx
  ● MyDocumentsTab › should render my documents tab

    useAlert must be used within AlertProvider

      19 | export const useAlert = () => {
      20 |   const context = useContext(AlertContext);
    > 21 |   if (!context) throw new Error('useAlert must be used within AlertProvider');
         |                       ^
      22 |   return context;
      23 | };
      24 | export const AlertProvider = ({ children }: { children: ReactNode }) => {

      at useAlert (src/context/AlertProvider.tsx:21:23)
      at MyDocumentsTab (/home/iann/code/project/sms_portail/src/app/(admin)../../../../../documents/components/MyDocumentsTab.tsx:25:33)
      at Object.react_stack_bottom_frame (node_modules/react-dom/cjs/react-dom-client.development.js:25904:20)
      at renderWithHooks (node_modules/react-dom/cjs/react-dom-client.development.js:7662:22)
      at updateFunctionComponent (node_modules/react-dom/cjs/react-dom-client.development.js:10166:19)
      at beginWork (node_modules/react-dom/cjs/react-dom-client.development.js:11778:18)
      at runWithFiberInDEV (node_modules/react-dom/cjs/react-dom-client.development.js:874:13)
      at performUnitOfWork (node_modules/react-dom/cjs/react-dom-client.development.js:17641:22)
      at workLoopSync (node_modules/react-dom/cjs/react-dom-client.development.js:17469:41)
      at renderRootSync (node_modules/react-dom/cjs/react-dom-client.development.js:17450:11)
      at performWorkOnRoot (node_modules/react-dom/cjs/react-dom-client.development.js:16583:35)
      at performWorkOnRootViaSchedulerTask (node_modules/react-dom/cjs/react-dom-client.development.js:18957:7)
      at flushActQueue (node_modules/react/cjs/react.development.js:590:34)
      at process.env.NODE_ENV.exports.act (node_modules/react/cjs/react.development.js:884:10)
      at node_modules/@testing-library/react/dist/act-compat.js:47:25
      at renderRoot (node_modules/@testing-library/react/dist/pure.js:190:26)
      at render (node_modules/@testing-library/react/dist/pure.js:292:10)
      at Object.<anonymous> (/home/iann/code/project/sms_portail/src/app/(admin)../../../../../documents/components/__tests__/MyDocumentsTab.test.tsx:52:11)

FAIL src/app/(admin)/messages/components/__tests__/SendPromotionalForm.test.tsx
  ● Console

    console.error
      Unknown event handler property `onCheckedChange`. It will be ignored.

      46 |
      47 |   it('should render send promotional form', () => {
    > 48 |     render(<SendPromotionalForm apiKey="test-key" />);
         |           ^
      49 |     expect(screen.getByText(/Promotional/i)).toBeInTheDocument();
      50 |   });
      51 |

      at validateProperty (node_modules/react-dom/cjs/react-dom-client.development.js:2935:21)
      at warnUnknownProperties (node_modules/react-dom/cjs/react-dom-client.development.js:3146:9)
      at validatePropertiesInDevelopment (node_modules/react-dom/cjs/react-dom-client.development.js:19868:9)
      at setInitialProperties (node_modules/react-dom/cjs/react-dom-client.development.js:20491:7)
      at completeWork (node_modules/react-dom/cjs/react-dom-client.development.js:12662:18)
      at runWithFiberInDEV (node_modules/react-dom/cjs/react-dom-client.development.js:874:13)
      at completeUnitOfWork (node_modules/react-dom/cjs/react-dom-client.development.js:17777:19)
      at performUnitOfWork (node_modules/react-dom/cjs/react-dom-client.development.js:17658:11)
      at workLoopSync (node_modules/react-dom/cjs/react-dom-client.development.js:17469:41)
      at renderRootSync (node_modules/react-dom/cjs/react-dom-client.development.js:17450:11)
      at performWorkOnRoot (node_modules/react-dom/cjs/react-dom-client.development.js:16504:11)
      at performWorkOnRootViaSchedulerTask (node_modules/react-dom/cjs/react-dom-client.development.js:18957:7)
      at flushActQueue (node_modules/react/cjs/react.development.js:590:34)
      at process.env.NODE_ENV.exports.act (node_modules/react/cjs/react.development.js:884:10)
      at node_modules/@testing-library/react/dist/act-compat.js:47:25
      at renderRoot (node_modules/@testing-library/react/dist/pure.js:190:26)
      at render (node_modules/@testing-library/react/dist/pure.js:292:10)
      at Object.<anonymous> (/home/iann/code/project/sms_portail/src/app/(admin)../../../../../messages/components/__tests__/SendPromotionalForm.test.tsx:48:11)

  ● SendPromotionalForm › should render send promotional form

    TestingLibraryElementError: Found multiple elements with the text: /Promotional/i

    Here are the matching elements:

    Ignored nodes: comments, script, style
    [36m<h3[39m
      [33mclass[39m=[32m"tracking-tight text-xl font-semibold flex items-center gap-3 text-gray-900 dark:text-white"[39m
    [36m>[39m
      [36m<svg[39m
        [33maria-hidden[39m=[32m"true"[39m
        [33mclass[39m=[32m"lucide lucide-send h-5 w-5 text-blue-light-500"[39m
        [33mfill[39m=[32m"none"[39m
        [33mheight[39m=[32m"24"[39m
        [33mstroke[39m=[32m"currentColor"[39m
        [33mstroke-linecap[39m=[32m"round"[39m
        [33mstroke-linejoin[39m=[32m"round"[39m
        [33mstroke-width[39m=[32m"2"[39m
        [33mviewBox[39m=[32m"0 0 24 24"[39m
        [33mwidth[39m=[32m"24"[39m
        [33mxmlns[39m=[32m"http://www.w3.org/2000/svg"[39m
      [36m>[39m
        [36m<path[39m
          [33md[39m=[32m"M14.536 21.686a.5.5 0 0 0 .937-.024l6.5-19a.496.496 0 0 0-.635-.635l-19 6.5a.5.5 0 0 0-.024.937l7.93 3.18a2 2 0 0 1 1.112 1.11z"[39m
        [36m/>[39m
        [36m<path[39m
          [33md[39m=[32m"m21.854 2.147-10.94 10.939"[39m
        [36m/>[39m
      [36m</svg>[39m
      [0mPromotional SMS Form[0m
    [36m</h3>[39m

    Ignored nodes: comments, script, style
    [36m<p[39m
      [33mclass[39m=[32m"text-sm text-gray-600 dark:text-gray-400 mt-2"[39m
    [36m>[39m
      [0mFill in the details to send a promotional SMS message[0m
    [36m</p>[39m

    (If this is intentional, then use the `*AllBy*` variant of the query (like `queryAllByText`, `getAllByText`, or `findAllByText`)).

    Ignored nodes: comments, script, style
    [36m<body>[39m
      [36m<div>[39m
        [36m<div[39m
          [33mclass[39m=[32m"rounded-xl text-card-foreground border-2 border-border/50 dark:border-border/30 bg-card dark:bg-gray-900/50 shadow-xl hover:shadow-2xl transition-all duration-300"[39m
        [36m>[39m
          [36m<div[39m
            [33mclass[39m=[32m"flex flex-col space-y-1.5 p-6 bg-gradient-to-r from-blue-light-50/50 to-brand-50/50 dark:from-blue-light-950/30 dark:to-brand-950/30 border-b-2 border-border/50 dark:border-border/30 px-6 py-6"[39m
          [36m>[39m
            [36m<h3[39m
              [33mclass[39m=[32m"tracking-tight text-xl font-semibold flex items-center gap-3 text-gray-900 dark:text-white"[39m
            [36m>[39m
              [36m<svg[39m
                [33maria-hidden[39m=[32m"true"[39m
                [33mclass[39m=[32m"lucide lucide-send h-5 w-5 text-blue-light-500"[39m
                [33mfill[39m=[32m"none"[39m
                [33mheight[39m=[32m"24"[39m
                [33mstroke[39m=[32m"currentColor"[39m
                [33mstroke-linecap[39m=[32m"round"[39m
                [33mstroke-linejoin[39m=[32m"round"[39m
                [33mstroke-width[39m=[32m"2"[39m
                [33mviewBox[39m=[32m"0 0 24 24"[39m
                [33mwidth[39m=[32m"24"[39m
                [33mxmlns[39m=[32m"http://www.w3.org/2000/svg"[39m
              [36m>[39m
                [36m<path[39m
                  [33md[39m=[32m"M14.536 21.686a.5.5 0 0 0 .937-.024l6.5-19a.496.496 0 0 0-.635-.635l-19 6.5a.5.5 0 0 0-.024.937l7.93 3.18a2 2 0 0 1 1.112 1.11z"[39m
                [36m/>[39m
                [36m<path[39m
                  [33md[39m=[32m"m21.854 2.147-10.94 10.939"[39m
                [36m/>[39m
              [36m</svg>[39m
              [0mPromotional SMS Form[0m
            [36m</h3>[39m
            [36m<p[39m
              [33mclass[39m=[32m"text-sm text-gray-600 dark:text-gray-400 mt-2"[39m
            [36m>[39m
              [0mFill in the details to send a promotional SMS message[0m
            [36m</p>[39m
          [36m</div>[39m
          [36m<div[39m
            [33mclass[39m=[32m"p-6 px-6 py-8"[39m
          [36m>[39m
            [36m<form[39m
              [33mclass[39m=[32m"space-y-8"[39m
            [36m>[39m
              [36m<div[39m
                [33mclass[39m=[32m"grid gap-6 md:grid-cols-2"[39m
              [36m>[39m
                [36m<div[39m
                  [33mclass[39m=[32m"space-y-3"[39m
                [36m>[39m
                  [36m<div[39m
                    [33mclass[39m=[32m"peer-disabled:cursor-not-allowed peer-disabled:opacity-70 text-sm font-semibold text-gray-900 dark:text-white"[39m
                    [33mfor[39m=[32m"msisdn"[39m
                  [36m>[39m
                    [0mPhone Number (MSISDN) *[0m
                  [36m</div>[39m
                  [36m<input[39m
                    [33mclass[39m=[32m"flex w-full rounded-xl bg-white px-3 py-2 text-base text-gray-900 ring-offset-background file:border-0 file:bg-transparent file:text-sm file:font-medium file:text-foreground placeholder:text-muted-foreground focus-visible:outline-none focus-visible:border-brand-500 dark:focus-visible:border-brand-400 focus-visible:ring-2 focus-visible:ring-brand-500/20 dark:focus-visible:ring-brand-400/20 focus-visible:ring-offset-2 disabled:cursor-not-allowed disabled:opacity-50 disabled:bg-gray-50 dark:disabled:bg-gray-800/50 md:text-sm transition-colors h-12 border-2 border-border/50 dark:border-gray-700 focus:border-blue-light-500 dark:focus:border-blue-light-500 focus:ring-2 focus:ring-blue-light-500/20 dark:bg-gray-800 dark:text-white"[39m
                    [33mid[39m=[32m"msisdn"[39m
                    [33mplaceholder[39m=[32m"+243974096458"[39m
                    [33mrequired[39m=[32m""[39m
                    [33mvalue[39m=[32m""[39m
                  [36m/>[39m
                [36m</div>[39m
                [36m<div[39m
                  [33mclass[39m=[32m"space-y-3"[39m
                [36m>[39m
                  [36m<div[39m
                    [33mclass[39m=[32m"peer-disabled:cursor-not-allowed peer-disabled:opacity-70 text-sm font-semibold text-gray-900 dark:text-white"[39m
                    [33mfor[39m=[32m"sender_id"[39m
                  [36m>[39m
                    [0mSender ID *[0m
                  [36m</div>[39m
                  [36m<div[39m
                    [33mclass[39m=[32m"relative w-full"[39m
                  [36m>[39m
                    [36m<button[39m
                      [33maria-expanded[39m=[32m"false"[39m
                      [33maria-haspopup[39m=[32m"listbox"[39m
                      [33mclass[39m=[32m"flex items-center justify-between rounded-xl bg-white text-gray-900 px-3 py-2 text-sm focus:outline-none dark:focus:ring-brand-400/20 focus:ring-offset-2 placeholder:text-muted-foreground disabled:cursor-not-allowed disabled:opacity-50 disabled:bg-gray-50 dark:disabled:bg-gray-800/50 transition-colors w-full h-12 border-2 border-border/50 dark:border-gray-700 focus:border-blue-light-500 dark:focus:border-blue-light-500 focus:ring-2 focus:ring-blue-light-500/20 dark:bg-gray-800 dark:text-white"[39m
                      [33mid[39m=[32m"sender_id"[39m
                      [33mrole[39m=[32m"combobox"[39m
                      [33mtype[39m=[32m"button"[39m
                    [36m>[39m
                      [36m<span[39m
                        [33mclass[39m=[32m"block truncate text-muted-foreground"[39m
                      [36m>[39m
                        [0mSelect Sender ID[0m
                      [36m</span>[39m
                      [36m<svg[39m
                        [33maria-hidden[39m=[32m"true"[39m
                        [33mclass[39m=[32m"lucide lucide-chevron-down h-4 w-4 opacity-60 text-gray-500 dark:text-gray-400 shrink-0 transition-transform"[39m
                        [33mfill[39m=[32m"none"[39m
                        [33mheight[39m=[32m"24"[39m
                        [33mstroke[39m=[32m"currentColor"[39m
                        [33mstroke-linecap[39m=[32m"round"[39m
                        [33mstroke-linejoin[39m=[32m"round"[39m
                        [33mstroke-width[39m=[32m"2"[39m
                        [33mviewBox[39m=[32m"0 0 24 24"[39m
                        [33mwidth[39m=[32m"24"[39m
                        [33mxmlns[39m=[32m"http://www.w3.org/2000/svg"[39m
                      [36m>[39m
                        [36m<path[39m
                          [33md[39m=[32m"m6 9 6 6 6-6"[39m
                        [36m/>[39m
                      [36m</svg>[39m
                    [36m</button>[39m
                  [36m</div>[39m
                [36m</div>[39m
                [36m<div[39m
                  [33mclass[39m=[32m"space-y-3"[39m
                [36m>[39m
                  [36m<div[39m
                    [33mclass[39m=[32m"peer-disabled:cursor-not-allowed peer-disabled:opacity-70 text-sm font-semibold text-gray-900 dark:text-white"[39m
                    [33mfor[39m=[32m"country_code"[39m
                  [36m>[39m
                    [0mCountry Code[0m
                  [36m</div>[39m...

      47 |   it('should render send promotional form', () => {
      48 |     render(<SendPromotionalForm apiKey="test-key" />);
    > 49 |     expect(screen.getByText(/Promotional/i)).toBeInTheDocument();
         |                   ^
      50 |   });
      51 |
      52 |   it('should validate required fields', async () => {

      at Object.getElementError (node_modules/@testing-library/dom/dist/config.js:37:19)
      at getElementError (node_modules/@testing-library/dom/dist/query-helpers.js:20:35)
      at getMultipleElementsFoundError (node_modules/@testing-library/dom/dist/query-helpers.js:23:10)
      at node_modules/@testing-library/dom/dist/query-helpers.js:55:13
      at node_modules/@testing-library/dom/dist/query-helpers.js:95:19
      at Object.getByText (/home/iann/code/project/sms_portail/src/app/(admin)../../../../../messages/components/__tests__/SendPromotionalForm.test.tsx:49:19)

  ● SendPromotionalForm › should validate required fields

    expect(jest.fn()).toHaveBeenCalled()

    Expected number of calls: >= 1
    Received number of calls:    0

      54 |     const submitButton = screen.getByRole('button', { name: /send/i });
      55 |     fireEvent.click(submitButton);
    > 56 |     expect(mockShowAlert).toHaveBeenCalled();
         |                           ^
      57 |   });
      58 |
      59 |   it('should handle schedule toggle', () => {

      at Object.toHaveBeenCalled (/home/iann/code/project/sms_portail/src/app/(admin)../../../../../messages/components/__tests__/SendPromotionalForm.test.tsx:56:27)

  ● SendPromotionalForm › should handle schedule toggle

    TestingLibraryElementError: Unable to find an accessible element with the role "checkbox" and name `/schedule/i`

    Here are the accessible roles:

      heading:

      Name "Promotional SMS Form":
      [36m<h3[39m
        [33mclass[39m=[32m"tracking-tight text-xl font-semibold flex items-center gap-3 text-gray-900 dark:text-white"[39m
      [36m/>[39m

      --------------------------------------------------
      paragraph:

      Name "":
      [36m<p[39m
        [33mclass[39m=[32m"text-sm text-gray-600 dark:text-gray-400 mt-2"[39m
      [36m/>[39m

      Name "":
      [36m<p[39m
        [33mclass[39m=[32m"text-xs text-muted-foreground dark:text-gray-400"[39m
      [36m/>[39m

      --------------------------------------------------
      textbox:

      Name "":
      [36m<input[39m
        [33mclass[39m=[32m"flex w-full rounded-xl bg-white px-3 py-2 text-base text-gray-900 ring-offset-background file:border-0 file:bg-transparent file:text-sm file:font-medium file:text-foreground placeholder:text-muted-foreground focus-visible:outline-none focus-visible:border-brand-500 dark:focus-visible:border-brand-400 focus-visible:ring-2 focus-visible:ring-brand-500/20 dark:focus-visible:ring-brand-400/20 focus-visible:ring-offset-2 disabled:cursor-not-allowed disabled:opacity-50 disabled:bg-gray-50 dark:disabled:bg-gray-800/50 md:text-sm transition-colors h-12 border-2 border-border/50 dark:border-gray-700 focus:border-blue-light-500 dark:focus:border-blue-light-500 focus:ring-2 focus:ring-blue-light-500/20 dark:bg-gray-800 dark:text-white"[39m
        [33mid[39m=[32m"msisdn"[39m
        [33mplaceholder[39m=[32m"+243974096458"[39m
        [33mrequired[39m=[32m""[39m
        [33mvalue[39m=[32m""[39m
      [36m/>[39m

      Name "":
      [36m<input[39m
        [33mclass[39m=[32m"flex w-full rounded-xl bg-white px-3 py-2 text-base text-gray-900 ring-offset-background file:border-0 file:bg-transparent file:text-sm file:font-medium file:text-foreground placeholder:text-muted-foreground focus-visible:outline-none focus-visible:border-brand-500 dark:focus-visible:border-brand-400 focus-visible:ring-2 focus-visible:ring-brand-500/20 dark:focus-visible:ring-brand-400/20 focus-visible:ring-offset-2 disabled:cursor-not-allowed disabled:opacity-50 disabled:bg-gray-50 dark:disabled:bg-gray-800/50 md:text-sm transition-colors h-12 border-2 border-border/50 dark:border-gray-700 focus:border-blue-light-500 dark:focus:border-blue-light-500 focus:ring-2 focus:ring-blue-light-500/20 dark:bg-gray-800 dark:text-white"[39m
        [33mid[39m=[32m"callback_url"[39m
        [33mplaceholder[39m=[32m"https://yourapp.com/callback"[39m
        [33mtype[39m=[32m"url"[39m
        [33mvalue[39m=[32m""[39m
      [36m/>[39m

      Name "":
      [36m<textarea[39m
        [33mclass[39m=[32m"flex min-h-[80px] w-full rounded-xl bg-white px-3 py-2 text-sm text-gray-900 ring-offset-background placeholder:text-muted-foreground focus-visible:outline-none focus-visible:border-brand-500 dark:focus-visible:border-brand-400 focus-visible:ring-2 focus-visible:ring-brand-500/20 dark:focus-visible:ring-brand-400/20 focus-visible:ring-offset-2 disabled:cursor-not-allowed disabled:opacity-50 disabled:bg-gray-50 dark:disabled:bg-gray-800/50 transition-colors border-2 border-border/50 dark:border-gray-700 focus:border-blue-light-500 dark:focus:border-blue-light-500 focus:ring-2 focus:ring-blue-light-500/20 dark:bg-gray-800 dark:text-white resize-none"[39m
        [33mid[39m=[32m"message"[39m
        [33mmaxlength[39m=[32m"160"[39m
        [33mplaceholder[39m=[32m"Special offer: 50% off on all products!"[39m
        [33mrequired[39m=[32m""[39m
        [33mrows[39m=[32m"5"[39m
      [36m/>[39m

      --------------------------------------------------
      combobox:

      Name "":
      [36m<button[39m
        [33maria-expanded[39m=[32m"false"[39m
        [33maria-haspopup[39m=[32m"listbox"[39m
        [33mclass[39m=[32m"flex items-center justify-between rounded-xl bg-white text-gray-900 px-3 py-2 text-sm focus:outline-none dark:focus:ring-brand-400/20 focus:ring-offset-2 placeholder:text-muted-foreground disabled:cursor-not-allowed disabled:opacity-50 disabled:bg-gray-50 dark:disabled:bg-gray-800/50 transition-colors w-full h-12 border-2 border-border/50 dark:border-gray-700 focus:border-blue-light-500 dark:focus:border-blue-light-500 focus:ring-2 focus:ring-blue-light-500/20 dark:bg-gray-800 dark:text-white"[39m
        [33mid[39m=[32m"sender_id"[39m
        [33mrole[39m=[32m"combobox"[39m
        [33mtype[39m=[32m"button"[39m
      [36m/>[39m

      Name "":
      [36m<button[39m
        [33maria-expanded[39m=[32m"false"[39m
        [33maria-haspopup[39m=[32m"listbox"[39m
        [33mclass[39m=[32m"flex w-full items-center justify-between rounded-xl bg-white text-gray-900 px-3 py-2 text-sm focus:outline-none dark:focus:ring-brand-400/20 focus:ring-offset-2 placeholder:text-muted-foreground disabled:cursor-not-allowed disabled:opacity-50 disabled:bg-gray-50 dark:disabled:bg-gray-800/50 transition-colors h-12 border-2 border-border/50 dark:border-gray-700 focus:border-blue-light-500 dark:focus:border-blue-light-500 focus:ring-2 focus:ring-blue-light-500/20 dark:bg-gray-800 dark:text-white"[39m
        [33mid[39m=[32m"country_code"[39m
        [33mrole[39m=[32m"combobox"[39m
        [33mtype[39m=[32m"button"[39m
      [36m/>[39m

      --------------------------------------------------
      button:

      Name "Reset":
      [36m<button[39m
        [33mclass[39m=[32m"inline-flex items-center justify-center gap-2 whitespace-nowrap rounded-md text-sm font-medium ring-offset-background transition-colors focus-visible:outline-none focus-visible:ring-2 focus-visible:ring-ring focus-visible:ring-offset-2 disabled:pointer-events-none disabled:opacity-50 [&_svg]:pointer-events-none [&_svg]:size-4 [&_svg]:shrink-0 bg-background text-gray-900 hover:text-accent-foreground py-2 h-11 px-6 border-2 border-border/50 dark:border-gray-700 hover:bg-gray-100 dark:hover:bg-gray-800 dark:text-white"[39m
        [33mtype[39m=[32m"button"[39m
      [36m/>[39m

      Name "Send SMS":
      [36m<button[39m
        [33mclass[39m=[32m"inline-flex items-center justify-center gap-2 whitespace-nowrap rounded-md text-sm ring-offset-background focus-visible:outline-none focus-visible:ring-2 focus-visible:ring-ring focus-visible:ring-offset-2 disabled:pointer-events-none [&_svg]:pointer-events-none [&_svg]:size-4 [&_svg]:shrink-0 bg-primary hover:bg-primary/90 py-2 h-11 px-8 font-semibold text-white shadow-lg hover:shadow-xl transition-all duration-200 disabled:opacity-50 disabled:cursor-not-allowed bg-gradient-to-r from-blue-light-500 to-blue-light-600 hover:from-blue-light-600 hover:to-blue-light-700"[39m
        [33mtype[39m=[32m"submit"[39m
      [36m/>[39m

      --------------------------------------------------

    Ignored nodes: comments, script, style
    [36m<body>[39m
      [36m<div>[39m
        [36m<div[39m
          [33mclass[39m=[32m"rounded-xl text-card-foreground border-2 border-border/50 dark:border-border/30 bg-card dark:bg-gray-900/50 shadow-xl hover:shadow-2xl transition-all duration-300"[39m
        [36m>[39m
          [36m<div[39m
            [33mclass[39m=[32m"flex flex-col space-y-1.5 p-6 bg-gradient-to-r from-blue-light-50/50 to-brand-50/50 dark:from-blue-light-950/30 dark:to-brand-950/30 border-b-2 border-border/50 dark:border-border/30 px-6 py-6"[39m
          [36m>[39m
            [36m<h3[39m
              [33mclass[39m=[32m"tracking-tight text-xl font-semibold flex items-center gap-3 text-gray-900 dark:text-white"[39m
            [36m>[39m
              [36m<svg[39m
                [33maria-hidden[39m=[32m"true"[39m
                [33mclass[39m=[32m"lucide lucide-send h-5 w-5 text-blue-light-500"[39m
                [33mfill[39m=[32m"none"[39m
                [33mheight[39m=[32m"24"[39m
                [33mstroke[39m=[32m"currentColor"[39m
                [33mstroke-linecap[39m=[32m"round"[39m
                [33mstroke-linejoin[39m=[32m"round"[39m
                [33mstroke-width[39m=[32m"2"[39m
                [33mviewBox[39m=[32m"0 0 24 24"[39m
                [33mwidth[39m=[32m"24"[39m
                [33mxmlns[39m=[32m"http://www.w3.org/2000/svg"[39m
              [36m>[39m
                [36m<path[39m
                  [33md[39m=[32m"M14.536 21.686a.5.5 0 0 0 .937-.024l6.5-19a.496.496 0 0 0-.635-.635l-19 6.5a.5.5 0 0 0-.024.937l7.93 3.18a2 2 0 0 1 1.112 1.11z"[39m
                [36m/>[39m
                [36m<path[39m
                  [33md[39m=[32m"m21.854 2.147-10.94 10.939"[39m
                [36m/>[39m
              [36m</svg>[39m
              [0mPromotional SMS Form[0m
            [36m</h3>[39m
            [36m<p[39m
              [33mclass[39m=[32m"text-sm text-gray-600 dark:text-gray-400 mt-2"[39m
            [36m>[39m
              [0mFill in the details to send a promotional SMS message[0m
            [36m</p>[39m
          [36m</div>[39m
          [36m<div[39m
            [33mclass[39m=[32m"p-6 px-6 py-8"[39m
          [36m>[39m
            [36m<form[39m
              [33mclass[39m=[32m"space-y-8"[39m
            [36m>[39m
              [36m<div[39m
                [33mclass[39m=[32m"grid gap-6 md:grid-cols-2"[39m
              [36m>[39m
                [36m<div[39m
                  [33mclass[39m=[32m"space-y-3"[39m
                [36m>[39m
                  [36m<div[39m
                    [33mclass[39m=[32m"peer-disabled:cursor-not-allowed peer-disabled:opacity-70 text-sm font-semibold text-gray-900 dark:text-white"[39m
                    [33mfor[39m=[32m"msisdn"[39m
                  [36m>[39m
                    [0mPhone Number (MSISDN) *[0m
                  [36m</div>[39m
                  [36m<input[39m
                    [33mclass[39m=[32m"flex w-full rounded-xl bg-white px-3 py-2 text-base text-gray-900 ring-offset-background file:border-0 file:bg-transparent file:text-sm file:font-medium file:text-foreground placeholder:text-muted-foreground focus-visible:outline-none focus-visible:border-brand-500 dark:focus-visible:border-brand-400 focus-visible:ring-2 focus-visible:ring-brand-500/20 dark:focus-visible:ring-brand-400/20 focus-visible:ring-offset-2 disabled:cursor-not-allowed disabled:opacity-50 disabled:bg-gray-50 dark:disabled:bg-gray-800/50 md:text-sm transition-colors h-12 border-2 border-border/50 dark:border-gray-700 focus:border-blue-light-500 dark:focus:border-blue-light-500 focus:ring-2 focus:ring-blue-light-500/20 dark:bg-gray-800 dark:text-white"[39m
                    [33mid[39m=[32m"msisdn"[39m
                    [33mplaceholder[39m=[32m"+243974096458"[39m
                    [33mrequired[39m=[32m""[39m
                    [33mvalue[39m=[32m""[39m
                  [36m/>[39m
                [36m</div>[39m
                [36m<div[39m
                  [33mclass[39m=[32m"space-y-3"[39m
                [36m>[39m
                  [36m<div[39m
                    [33mclass[39m=[32m"peer-disabled:cursor-not-allowed peer-disabled:opacity-70 text-sm font-semibold text-gray-900 dark:text-white"[39m
                    [33mfor[39m=[32m"sender_id"[39m
                  [36m>[39m
                    [0mSender ID *[0m
                  [36m</div>[39m
                  [36m<div[39m
                    [33mclass[39m=[32m"relative w-full"[39m
                  [36m>[39m
                    [36m<button[39m
                      [33maria-expanded[39m=[32m"false"[39m
                      [33maria-haspopup[39m=[32m"listbox"[39m
                      [33mclass[39m=[32m"flex items-center justify-between rounded-xl bg-white text-gray-900 px-3 py-2 text-sm focus:outline-none dark:focus:ring-brand-400/20 focus:ring-offset-2 placeholder:text-muted-foreground disabled:cursor-not-allowed disabled:opacity-50 disabled:bg-gray-50 dark:disabled:bg-gray-800/50 transition-colors w-full h-12 border-2 border-border/50 dark:border-gray-700 focus:border-blue-light-500 dark:focus:border-blue-light-500 focus:ring-2 focus:ring-blue-light-500/20 dark:bg-gray-800 dark:text-white"[39m
                      [33mid[39m=[32m"sender_id"[39m
                      [33mrole[39m=[32m"combobox"[39m
                      [33mtype[39m=[32m"button"[39m
                    [36m>[39m
                      [36m<span[39m
                        [33mclass[39m=[32m"block truncate text-muted-foreground"[39m
                      [36m>[39m
                        [0mSelect Sender ID[0m
                      [36m</span>[39m
                      [36m<svg[39m
                        [33maria-hidden[39m=[32m"true"[39m
                        [33mclass[39m=[32m"lucide lucide-chevron-down h-4 w-4 opacity-60 text-gray-500 dark:text-gray-400 shrink-0 transition-transform"[39m
                        [33mfill[39m=[32m"none"[39m
                        [33mheight[39m=[32m"24"[39m
                        [33mstroke[39m=[32m"currentColor"[39m
                        [33mstroke-linecap[39m=[32m"round"[39m
                        [33mstroke-linejoin[39m=[32m"round"[39m
                        [33mstroke-width[39m=[32m"2"[39m
                        [33mviewBox[39m=[32m"0 0 24 24"[39m
                        [33mwidth[39m=[32m"24"[39m
                        [33mxmlns[39m=[32m"http://www.w3.org/2000/svg"[39m
                      [36m>[39m
                        [36m<path[39m
                          [33md[39m=[32m"m6 9 6 6 6-6"[39m
                        [36m/>[39m
                      [36m</svg>[39m
                    [36m</button>[39m
                  [36m</div>[39m
                [36m</div>[39m
                [36m<div[39m
                  [33mclass[39m=[32m"space-y-3"[39m
                [36m>[39m
                  [36m<div[39m
                    [33mclass[39m=[32m"peer-disabled:cursor-not-allowed peer-disabled:opacity-70 text-sm font-semibold text-gray-900 dark:text-white"[39m
                    [33mfor[39m=[32m"country_code"[39m
                  [36m>[39m
                    [0mCountry Code[0m
                  [36m</div>[39m...

      59 |   it('should handle schedule toggle', () => {
      60 |     render(<SendPromotionalForm apiKey="test-key" />);
    > 61 |     const scheduleCheckbox = screen.getByRole('checkbox', { name: /schedule/i });
         |                                     ^
      62 |     fireEvent.click(scheduleCheckbox);
      63 |     expect(scheduleCheckbox).toBeChecked();
      64 |   });

      at Object.getElementError (node_modules/@testing-library/dom/dist/config.js:37:19)
      at node_modules/@testing-library/dom/dist/query-helpers.js:76:38
      at node_modules/@testing-library/dom/dist/query-helpers.js:52:17
      at node_modules/@testing-library/dom/dist/query-helpers.js:95:19
      at Object.getByRole (/home/iann/code/project/sms_portail/src/app/(admin)../../../../../messages/components/__tests__/SendPromotionalForm.test.tsx:61:37)

FAIL src/app/(admin)/messages/components/__tests__/SendContactGroupForm.test.tsx
  ● Console

    console.error
      Unknown event handler property `onCheckedChange`. It will be ignored.

      60 |
      61 |   it('should render send contact group form', () => {
    > 62 |     render(<SendContactGroupForm apiKey="test-key" />);
         |           ^
      63 |     expect(screen.getByText(/Send SMS to Contact Group/i)).toBeInTheDocument();
      64 |   });
      65 |

      at validateProperty (node_modules/react-dom/cjs/react-dom-client.development.js:2935:21)
      at warnUnknownProperties (node_modules/react-dom/cjs/react-dom-client.development.js:3146:9)
      at validatePropertiesInDevelopment (node_modules/react-dom/cjs/react-dom-client.development.js:19868:9)
      at setInitialProperties (node_modules/react-dom/cjs/react-dom-client.development.js:20491:7)
      at completeWork (node_modules/react-dom/cjs/react-dom-client.development.js:12662:18)
      at runWithFiberInDEV (node_modules/react-dom/cjs/react-dom-client.development.js:874:13)
      at completeUnitOfWork (node_modules/react-dom/cjs/react-dom-client.development.js:17777:19)
      at performUnitOfWork (node_modules/react-dom/cjs/react-dom-client.development.js:17658:11)
      at workLoopSync (node_modules/react-dom/cjs/react-dom-client.development.js:17469:41)
      at renderRootSync (node_modules/react-dom/cjs/react-dom-client.development.js:17450:11)
      at performWorkOnRoot (node_modules/react-dom/cjs/react-dom-client.development.js:16504:11)
      at performWorkOnRootViaSchedulerTask (node_modules/react-dom/cjs/react-dom-client.development.js:18957:7)
      at flushActQueue (node_modules/react/cjs/react.development.js:590:34)
      at process.env.NODE_ENV.exports.act (node_modules/react/cjs/react.development.js:884:10)
      at node_modules/@testing-library/react/dist/act-compat.js:47:25
      at renderRoot (node_modules/@testing-library/react/dist/pure.js:190:26)
      at render (node_modules/@testing-library/react/dist/pure.js:292:10)
      at Object.<anonymous> (/home/iann/code/project/sms_portail/src/app/(admin)../../../../../messages/components/__tests__/SendContactGroupForm.test.tsx:62:11)

  ● SendContactGroupForm › should render send contact group form

    TestingLibraryElementError: Unable to find an element with the text: /Send SMS to Contact Group/i. This could be because the text is broken up by multiple elements. In this case, you can provide a function for your text matcher to make your matcher more flexible.

    Ignored nodes: comments, script, style
    [36m<body>[39m
      [36m<div>[39m
        [36m<div[39m
          [33mclass[39m=[32m"space-y-6"[39m
        [36m>[39m
          [36m<div>[39m
            [36m<h1[39m
              [33mclass[39m=[32m"text-3xl font-bold tracking-tight text-gray-900 dark:text-white"[39m
            [36m>[39m
              [0mSend to Contact Group[0m
            [36m</h1>[39m
            [36m<p[39m
              [33mclass[39m=[32m"text-muted-foreground dark:text-gray-400 mt-2"[39m
            [36m>[39m
              [0mSend SMS to one or multiple contact groups[0m
            [36m</p>[39m
          [36m</div>[39m
          [36m<div[39m
            [33mclass[39m=[32m"rounded-xl text-card-foreground border-2 border-border/50 dark:border-border/30 bg-card dark:bg-gray-900/50 shadow-xl hover:shadow-2xl transition-all duration-300"[39m
          [36m>[39m
            [36m<div[39m
              [33mclass[39m=[32m"flex flex-col space-y-1.5 p-6 bg-gradient-to-r from-theme-purple-50/50 to-brand-50/50 dark:from-theme-purple-950/30 dark:to-brand-950/30 border-b-2 border-border/50 dark:border-border/30 px-6 py-6"[39m
            [36m>[39m
              [36m<h3[39m
                [33mclass[39m=[32m"tracking-tight text-xl font-semibold flex items-center gap-3 text-gray-900 dark:text-white"[39m
              [36m>[39m
                [36m<svg[39m
                  [33maria-hidden[39m=[32m"true"[39m
                  [33mclass[39m=[32m"lucide lucide-users h-5 w-5 text-theme-purple-500"[39m
                  [33mfill[39m=[32m"none"[39m
                  [33mheight[39m=[32m"24"[39m
                  [33mstroke[39m=[32m"currentColor"[39m
                  [33mstroke-linecap[39m=[32m"round"[39m
                  [33mstroke-linejoin[39m=[32m"round"[39m
                  [33mstroke-width[39m=[32m"2"[39m
                  [33mviewBox[39m=[32m"0 0 24 24"[39m
                  [33mwidth[39m=[32m"24"[39m
                  [33mxmlns[39m=[32m"http://www.w3.org/2000/svg"[39m
                [36m>[39m
                  [36m<path[39m
                    [33md[39m=[32m"M16 21v-2a4 4 0 0 0-4-4H6a4 4 0 0 0-4 4v2"[39m
                  [36m/>[39m
                  [36m<path[39m
                    [33md[39m=[32m"M16 3.128a4 4 0 0 1 0 7.744"[39m
                  [36m/>[39m
                  [36m<path[39m
                    [33md[39m=[32m"M22 21v-2a4 4 0 0 0-3-3.87"[39m
                  [36m/>[39m
                  [36m<circle[39m
                    [33mcx[39m=[32m"9"[39m
                    [33mcy[39m=[32m"7"[39m
                    [33mr[39m=[32m"4"[39m
                  [36m/>[39m
                [36m</svg>[39m
                [0mContact Group SMS Form[0m
              [36m</h3>[39m
              [36m<p[39m
                [33mclass[39m=[32m"text-sm text-gray-600 dark:text-gray-400 mt-2"[39m
              [36m>[39m
                [0mSelect contact group(s) and compose your message[0m
              [36m</p>[39m
            [36m</div>[39m
            [36m<div[39m
              [33mclass[39m=[32m"p-6 px-6 py-8"[39m
            [36m>[39m
              [36m<form[39m
                [33mclass[39m=[32m"space-y-8"[39m
              [36m>[39m
                [36m<div[39m
                  [33mclass[39m=[32m"grid gap-6 md:grid-cols-2"[39m
                [36m>[39m
                  [36m<div[39m
                    [33mclass[39m=[32m"space-y-3"[39m
                  [36m>[39m
                    [36m<div[39m
                      [33mclass[39m=[32m"peer-disabled:cursor-not-allowed peer-disabled:opacity-70 text-sm font-semibold text-gray-900 dark:text-white"[39m
                      [33mfor[39m=[32m"contact_group_id"[39m
                    [36m>[39m
                      [0mContact Group(s) *[0m
                    [36m</div>[39m
                    [36m<div[39m
                      [33mclass[39m=[32m"relative w-full"[39m
                    [36m>[39m
                      [36m<button[39m
                        [33maria-expanded[39m=[32m"false"[39m
                        [33maria-haspopup[39m=[32m"listbox"[39m
                        [33mclass[39m=[32m"flex w-full items-center justify-between rounded-xl bg-white text-gray-900 px-3 py-2 text-sm focus:outline-none dark:focus:ring-brand-400/20 focus:ring-offset-2 placeholder:text-muted-foreground disabled:cursor-not-allowed disabled:opacity-50 disabled:bg-gray-50 dark:disabled:bg-gray-800/50 transition-colors h-12 border-2 border-border/50 dark:border-gray-700 focus:border-theme-purple-500 dark:focus:border-theme-purple-500 focus:ring-2 focus:ring-theme-purple-500/20 dark:bg-gray-800 dark:text-white"[39m
                        [33mid[39m=[32m"contact_group_id"[39m
                        [33mrole[39m=[32m"combobox"[39m
                        [33mtype[39m=[32m"button"[39m
                      [36m>[39m
                        [36m<span[39m
                          [33mclass[39m=[32m"block truncate text-muted-foreground"[39m
                        [36m>[39m
                          [0mSelect contact group[0m
                        [36m</span>[39m
                        [36m<svg[39m
                          [33maria-hidden[39m=[32m"true"[39m
                          [33mclass[39m=[32m"lucide lucide-chevron-down h-4 w-4 opacity-60 text-gray-500 dark:text-gray-400 shrink-0 transition-transform"[39m
                          [33mfill[39m=[32m"none"[39m
                          [33mheight[39m=[32m"24"[39m
                          [33mstroke[39m=[32m"currentColor"[39m
                          [33mstroke-linecap[39m=[32m"round"[39m
                          [33mstroke-linejoin[39m=[32m"round"[39m
                          [33mstroke-width[39m=[32m"2"[39m
                          [33mviewBox[39m=[32m"0 0 24 24"[39m
                          [33mwidth[39m=[32m"24"[39m
                          [33mxmlns[39m=[32m"http://www.w3.org/2000/svg"[39m
                        [36m>[39m
                          [36m<path[39m
                            [33md[39m=[32m"m6 9 6 6 6-6"[39m
                          [36m/>[39m
                        [36m</svg>[39m
                      [36m</button>[39m
                    [36m</div>[39m
                    [36m<p[39m
                      [33mclass[39m=[32m"text-xs text-muted-foreground dark:text-gray-400"[39m
                    [36m>[39m
                      [0mYou can select multiple groups (e.g., 1,2,3)[0m
                    [36m</p>[39m
                  [36m</div>[39m
                  [36m<div[39m
                    [33mclass[39m=[32m"space-y-3"[39m
                  [36m>[39m
                    [36m<div[39m
                      [33mclass[39m=[32m"peer-disabled:cursor-not-allowed peer-disabled:opacity-70 text-sm font-semibold text-gray-900 dark:text-white"[39m
                      [33mfor[39m=[32m"sender_id"[39m
                    [36m>[39m
                      [0mSender ID *[0m
                    [36m</div>[39m
                    [36m<div[39m
                      [33mclass[39m=[32m"relative w-full"[39m
                    [36m>[39m
                      [36m<button[39m
                        [33maria-expanded[39m=[32m"false"[39m
                        [33maria-haspopup...

      61 |   it('should render send contact group form', () => {
      62 |     render(<SendContactGroupForm apiKey="test-key" />);
    > 63 |     expect(screen.getByText(/Send SMS to Contact Group/i)).toBeInTheDocument();
         |                   ^
      64 |   });
      65 |
      66 |   it('should validate required fields', async () => {

      at Object.getElementError (node_modules/@testing-library/dom/dist/config.js:37:19)
      at node_modules/@testing-library/dom/dist/query-helpers.js:76:38
      at node_modules/@testing-library/dom/dist/query-helpers.js:52:17
      at node_modules/@testing-library/dom/dist/query-helpers.js:95:19
      at Object.getByText (/home/iann/code/project/sms_portail/src/app/(admin)../../../../../messages/components/__tests__/SendContactGroupForm.test.tsx:63:19)

  ● SendContactGroupForm › should validate required fields

    TestingLibraryElementError: Unable to find an accessible element with the role "button" and name `/Send SMS/i`

    Here are the accessible roles:

      heading:

      Name "Send to Contact Group":
      [36m<h1[39m
        [33mclass[39m=[32m"text-3xl font-bold tracking-tight text-gray-900 dark:text-white"[39m
      [36m/>[39m

      Name "Contact Group SMS Form":
      [36m<h3[39m
        [33mclass[39m=[32m"tracking-tight text-xl font-semibold flex items-center gap-3 text-gray-900 dark:text-white"[39m
      [36m/>[39m

      --------------------------------------------------
      paragraph:

      Name "":
      [36m<p[39m
        [33mclass[39m=[32m"text-muted-foreground dark:text-gray-400 mt-2"[39m
      [36m/>[39m

      Name "":
      [36m<p[39m
        [33mclass[39m=[32m"text-sm text-gray-600 dark:text-gray-400 mt-2"[39m
      [36m/>[39m

      Name "":
      [36m<p[39m
        [33mclass[39m=[32m"text-xs text-muted-foreground dark:text-gray-400"[39m
      [36m/>[39m

      --------------------------------------------------
      combobox:

      Name "":
      [36m<button[39m
        [33maria-expanded[39m=[32m"false"[39m
        [33maria-haspopup[39m=[32m"listbox"[39m
        [33mclass[39m=[32m"flex w-full items-center justify-between rounded-xl bg-white text-gray-900 px-3 py-2 text-sm focus:outline-none dark:focus:ring-brand-400/20 focus:ring-offset-2 placeholder:text-muted-foreground disabled:cursor-not-allowed disabled:opacity-50 disabled:bg-gray-50 dark:disabled:bg-gray-800/50 transition-colors h-12 border-2 border-border/50 dark:border-gray-700 focus:border-theme-purple-500 dark:focus:border-theme-purple-500 focus:ring-2 focus:ring-theme-purple-500/20 dark:bg-gray-800 dark:text-white"[39m
        [33mid[39m=[32m"contact_group_id"[39m
        [33mrole[39m=[32m"combobox"[39m
        [33mtype[39m=[32m"button"[39m
      [36m/>[39m

      Name "":
      [36m<button[39m
        [33maria-expanded[39m=[32m"false"[39m
        [33maria-haspopup[39m=[32m"listbox"[39m
        [33mclass[39m=[32m"flex items-center justify-between rounded-xl bg-white text-gray-900 px-3 py-2 text-sm focus:outline-none dark:focus:ring-brand-400/20 focus:ring-offset-2 placeholder:text-muted-foreground disabled:cursor-not-allowed disabled:opacity-50 disabled:bg-gray-50 dark:disabled:bg-gray-800/50 transition-colors w-full h-12 border-2 border-border/50 dark:border-gray-700 focus:border-theme-purple-500 dark:focus:border-theme-purple-500 focus:ring-2 focus:ring-theme-purple-500/20 dark:bg-gray-800 dark:text-white"[39m
        [33mid[39m=[32m"sender_id"[39m
        [33mrole[39m=[32m"combobox"[39m
        [33mtype[39m=[32m"button"[39m
      [36m/>[39m

      --------------------------------------------------
      textbox:

      Name "":
      [36m<input[39m
        [33mclass[39m=[32m"flex w-full rounded-xl bg-white px-3 py-2 text-base text-gray-900 ring-offset-background file:border-0 file:bg-transparent file:text-sm file:font-medium file:text-foreground placeholder:text-muted-foreground focus-visible:outline-none focus-visible:border-brand-500 dark:focus-visible:border-brand-400 focus-visible:ring-2 focus-visible:ring-brand-500/20 dark:focus-visible:ring-brand-400/20 focus-visible:ring-offset-2 disabled:cursor-not-allowed disabled:opacity-50 disabled:bg-gray-50 dark:disabled:bg-gray-800/50 md:text-sm transition-colors h-12 border-2 border-border/50 dark:border-gray-700 focus:border-theme-purple-500 dark:focus:border-theme-purple-500 focus:ring-2 focus:ring-theme-purple-500/20 dark:bg-gray-800 dark:text-white"[39m
        [33mid[39m=[32m"campaign_name"[39m
        [33mplaceholder[39m=[32m"Group Campaign"[39m
        [33mrequired[39m=[32m""[39m
        [33mvalue[39m=[32m""[39m
      [36m/>[39m

      Name "":
      [36m<textarea[39m
        [33mclass[39m=[32m"flex min-h-[80px] w-full rounded-xl bg-white px-3 py-2 text-sm text-gray-900 ring-offset-background placeholder:text-muted-foreground focus-visible:outline-none focus-visible:border-brand-500 dark:focus-visible:border-brand-400 focus-visible:ring-2 focus-visible:ring-brand-500/20 dark:focus-visible:ring-brand-400/20 focus-visible:ring-offset-2 disabled:cursor-not-allowed disabled:opacity-50 disabled:bg-gray-50 dark:disabled:bg-gray-800/50 transition-colors border-2 border-border/50 dark:border-gray-700 focus:border-theme-purple-500 dark:focus:border-theme-purple-500 focus:ring-2 focus:ring-theme-purple-500/20 dark:bg-gray-800 dark:text-white resize-none"[39m
        [33mid[39m=[32m"message"[39m
        [33mplaceholder[39m=[32m"Message for the group"[39m
        [33mrequired[39m=[32m""[39m
        [33mrows[39m=[32m"5"[39m
      [36m/>[39m

      --------------------------------------------------
      button:

      Name "Reset":
      [36m<button[39m
        [33mclass[39m=[32m"inline-flex items-center justify-center gap-2 whitespace-nowrap rounded-md text-sm font-medium ring-offset-background transition-colors focus-visible:outline-none focus-visible:ring-2 focus-visible:ring-ring focus-visible:ring-offset-2 disabled:pointer-events-none disabled:opacity-50 [&_svg]:pointer-events-none [&_svg]:size-4 [&_svg]:shrink-0 bg-background text-gray-900 hover:text-accent-foreground py-2 h-11 px-6 border-2 border-border/50 dark:border-gray-700 hover:bg-gray-100 dark:hover:bg-gray-800 dark:text-white"[39m
        [33mtype[39m=[32m"button"[39m
      [36m/>[39m

      Name "Send to Group":
      [36m<button[39m
        [33mclass[39m=[32m"inline-flex items-center justify-center gap-2 whitespace-nowrap rounded-md text-sm ring-offset-background focus-visible:outline-none focus-visible:ring-2 focus-visible:ring-ring focus-visible:ring-offset-2 disabled:pointer-events-none [&_svg]:pointer-events-none [&_svg]:size-4 [&_svg]:shrink-0 py-2 h-11 px-8 font-semibold bg-theme-purple-500 hover:bg-theme-purple-600 text-white shadow-lg hover:shadow-xl transition-all duration-200 disabled:opacity-50 disabled:cursor-not-allowed"[39m
        [33mtype[39m=[32m"submit"[39m
      [36m/>[39m

      --------------------------------------------------

    Ignored nodes: comments, script, style
    [36m<body>[39m
      [36m<div>[39m
        [36m<div[39m
          [33mclass[39m=[32m"space-y-6"[39m
        [36m>[39m
          [36m<div>[39m
            [36m<h1[39m
              [33mclass[39m=[32m"text-3xl font-bold tracking-tight text-gray-900 dark:text-white"[39m
            [36m>[39m
              [0mSend to Contact Group[0m
            [36m</h1>[39m
            [36m<p[39m
              [33mclass[39m=[32m"text-muted-foreground dark:text-gray-400 mt-2"[39m
            [36m>[39m
              [0mSend SMS to one or multiple contact groups[0m
            [36m</p>[39m
          [36m</div>[39m
          [36m<div[39m
            [33mclass[39m=[32m"rounded-xl text-card-foreground border-2 border-border/50 dark:border-border/30 bg-card dark:bg-gray-900/50 shadow-xl hover:shadow-2xl transition-all duration-300"[39m
          [36m>[39m
            [36m<div[39m
              [33mclass[39m=[32m"flex flex-col space-y-1.5 p-6 bg-gradient-to-r from-theme-purple-50/50 to-brand-50/50 dark:from-theme-purple-950/30 dark:to-brand-950/30 border-b-2 border-border/50 dark:border-border/30 px-6 py-6"[39m
            [36m>[39m
              [36m<h3[39m
                [33mclass[39m=[32m"tracking-tight text-xl font-semibold flex items-center gap-3 text-gray-900 dark:text-white"[39m
              [36m>[39m
                [36m<svg[39m
                  [33maria-hidden[39m=[32m"true"[39m
                  [33mclass[39m=[32m"lucide lucide-users h-5 w-5 text-theme-purple-500"[39m
                  [33mfill[39m=[32m"none"[39m
                  [33mheight[39m=[32m"24"[39m
                  [33mstroke[39m=[32m"currentColor"[39m
                  [33mstroke-linecap[39m=[32m"round"[39m
                  [33mstroke-linejoin[39m=[32m"round"[39m
                  [33mstroke-width[39m=[32m"2"[39m
                  [33mviewBox[39m=[32m"0 0 24 24"[39m
                  [33mwidth[39m=[32m"24"[39m
                  [33mxmlns[39m=[32m"http://www.w3.org/2000/svg"[39m
                [36m>[39m
                  [36m<path[39m
                    [33md[39m=[32m"M16 21v-2a4 4 0 0 0-4-4H6a4 4 0 0 0-4 4v2"[39m
                  [36m/>[39m
                  [36m<path[39m
                    [33md[39m=[32m"M16 3.128a4 4 0 0 1 0 7.744"[39m
                  [36m/>[39m
                  [36m<path[39m
                    [33md[39m=[32m"M22 21v-2a4 4 0 0 0-3-3.87"[39m
                  [36m/>[39m
                  [36m<circle[39m
                    [33mcx[39m=[32m"9"[39m
                    [33mcy[39m=[32m"7"[39m
                    [33mr[39m=[32m"4"[39m
                  [36m/>[39m
                [36m</svg>[39m
                [0mContact Group SMS Form[0m
              [36m</h3>[39m
              [36m<p[39m
                [33mclass[39m=[32m"text-sm text-gray-600 dark:text-gray-400 mt-2"[39m
              [36m>[39m
                [0mSelect contact group(s) and compose your message[0m
              [36m</p>[39m
            [36m</div>[39m
            [36m<div[39m
              [33mclass[39m=[32m"p-6 px-6 py-8"[39m
            [36m>[39m
              [36m<form[39m
                [33mclass[39m=[32m"space-y-8"[39m
              [36m>[39m
                [36m<div[39m
                  [33mclass[39m=[32m"grid gap-6 md:grid-cols-2"[39m
                [36m>[39m
                  [36m<div[39m
                    [33mclass[39m=[32m"space-y-3"[39m
                  [36m>[39m
                    [36m<div[39m
                      [33mclass[39m=[32m"peer-disabled:cursor-not-allowed peer-disabled:opacity-70 text-sm font-semibold text-gray-900 dark:text-white"[39m
                      [33mfor[39m=[32m"contact_group_id"[39m
                    [36m>[39m
                      [0mContact Group(s) *[0m
                    [36m</div>[39m
                    [36m<div[39m
                      [33mclass[39m=[32m"relative w-full"[39m
                    [36m>[39m
                      [36m<button[39m
                        [33maria-expanded[39m=[32m"false"[39m
                        [33maria-haspopup[39m=[32m"listbox"[39m
                        [33mclass[39m=[32m"flex w-full items-center justify-between rounded-xl bg-white text-gray-900 px-3 py-2 text-sm focus:outline-none dark:focus:ring-brand-400/20 focus:ring-offset-2 placeholder:text-muted-foreground disabled:cursor-not-allowed disabled:opacity-50 disabled:bg-gray-50 dark:disabled:bg-gray-800/50 transition-colors h-12 border-2 border-border/50 dark:border-gray-700 focus:border-theme-purple-500 dark:focus:border-theme-purple-500 focus:ring-2 focus:ring-theme-purple-500/20 dark:bg-gray-800 dark:text-white"[39m
                        [33mid[39m=[32m"contact_group_id"[39m
                        [33mrole[39m=[32m"combobox"[39m
                        [33mtype[39m=[32m"button"[39m
                      [36m>[39m
                        [36m<span[39m
                          [33mclass[39m=[32m"block truncate text-muted-foreground"[39m
                        [36m>[39m
                          [0mSelect contact group[0m
                        [36m</span>[39m
                        [36m<svg[39m
                          [33maria-hidden[39m=[32m"true"[39m
                          [33mclass[39m=[32m"lucide lucide-chevron-down h-4 w-4 opacity-60 text-gray-500 dark:text-gray-400 shrink-0 transition-transform"[39m
                          [33mfill[39m=[32m"none"[39m
                          [33mheight[39m=[32m"24"[39m
                          [33mstroke[39m=[32m"currentColor"[39m
                          [33mstroke-linecap[39m=[32m"round"[39m
                          [33mstroke-linejoin[39m=[32m"round"[39m
                          [33mstroke-width[39m=[32m"2"[39m
                          [33mviewBox[39m=[32m"0 0 24 24"[39m
                          [33mwidth[39m=[32m"24"[39m
                          [33mxmlns[39m=[32m"http://www.w3.org/2000/svg"[39m
                        [36m>[39m
                          [36m<path[39m
                            [33md[39m=[32m"m6 9 6 6 6-6"[39m
                          [36m/>[39m
                        [36m</svg>[39m
                      [36m</button>[39m
                    [36m</div>[39m
                    [36m<p[39m
                      [33mclass[39m=[32m"text-xs text-muted-foreground dark:text-gray-400"[39m
                    [36m>[39m
                      [0mYou can select multiple groups (e.g., 1,2,3)[0m
                    [36m</p>[39m
                  [36m</div>[39m
                  [36m<div[39m
                    [33mclass[39m=[32m"space-y-3"[39m
                  [36m>[39m
                    [36m<div[39m
                      [33mclass[39m=[32m"peer-disabled:cursor-not-allowed peer-disabled:opacity-70 text-sm font-semibold text-gray-900 dark:text-white"[39m
                      [33mfor[39m=[32m"sender_id"[39m
                    [36m>[39m
                      [0mSender ID *[0m
                    [36m</div>[39m
                    [36m<div[39m
                      [33mclass[39m=[32m"relative w-full"[39m
                    [36m>[39m
                      [36m<button[39m
                        [33maria-expanded[39m=[32m"false"[39m
                        [33maria-haspopup...

      66 |   it('should validate required fields', async () => {
      67 |     render(<SendContactGroupForm apiKey="test-key" />);
    > 68 |     const submitButton = screen.getByRole('button', { name: /Send SMS/i });
         |                                 ^
      69 |     fireEvent.click(submitButton);
      70 |     expect(mockShowAlert).toHaveBeenCalled();
      71 |   });

      at Object.getElementError (node_modules/@testing-library/dom/dist/config.js:37:19)
      at node_modules/@testing-library/dom/dist/query-helpers.js:76:38
      at node_modules/@testing-library/dom/dist/query-helpers.js:52:17
      at node_modules/@testing-library/dom/dist/query-helpers.js:95:19
      at Object.getByRole (/home/iann/code/project/sms_portail/src/app/(admin)../../../../../messages/components/__tests__/SendContactGroupForm.test.tsx:68:33)

  ● SendContactGroupForm › should handle custom message toggle

    TestingLibraryElementError: Unable to find a label with the text of: /Custom message/i

    Ignored nodes: comments, script, style
    [36m<body>[39m
      [36m<div>[39m
        [36m<div[39m
          [33mclass[39m=[32m"space-y-6"[39m
        [36m>[39m
          [36m<div>[39m
            [36m<h1[39m
              [33mclass[39m=[32m"text-3xl font-bold tracking-tight text-gray-900 dark:text-white"[39m
            [36m>[39m
              [0mSend to Contact Group[0m
            [36m</h1>[39m
            [36m<p[39m
              [33mclass[39m=[32m"text-muted-foreground dark:text-gray-400 mt-2"[39m
            [36m>[39m
              [0mSend SMS to one or multiple contact groups[0m
            [36m</p>[39m
          [36m</div>[39m
          [36m<div[39m
            [33mclass[39m=[32m"rounded-xl text-card-foreground border-2 border-border/50 dark:border-border/30 bg-card dark:bg-gray-900/50 shadow-xl hover:shadow-2xl transition-all duration-300"[39m
          [36m>[39m
            [36m<div[39m
              [33mclass[39m=[32m"flex flex-col space-y-1.5 p-6 bg-gradient-to-r from-theme-purple-50/50 to-brand-50/50 dark:from-theme-purple-950/30 dark:to-brand-950/30 border-b-2 border-border/50 dark:border-border/30 px-6 py-6"[39m
            [36m>[39m
              [36m<h3[39m
                [33mclass[39m=[32m"tracking-tight text-xl font-semibold flex items-center gap-3 text-gray-900 dark:text-white"[39m
              [36m>[39m
                [36m<svg[39m
                  [33maria-hidden[39m=[32m"true"[39m
                  [33mclass[39m=[32m"lucide lucide-users h-5 w-5 text-theme-purple-500"[39m
                  [33mfill[39m=[32m"none"[39m
                  [33mheight[39m=[32m"24"[39m
                  [33mstroke[39m=[32m"currentColor"[39m
                  [33mstroke-linecap[39m=[32m"round"[39m
                  [33mstroke-linejoin[39m=[32m"round"[39m
                  [33mstroke-width[39m=[32m"2"[39m
                  [33mviewBox[39m=[32m"0 0 24 24"[39m
                  [33mwidth[39m=[32m"24"[39m
                  [33mxmlns[39m=[32m"http://www.w3.org/2000/svg"[39m
                [36m>[39m
                  [36m<path[39m
                    [33md[39m=[32m"M16 21v-2a4 4 0 0 0-4-4H6a4 4 0 0 0-4 4v2"[39m
                  [36m/>[39m
                  [36m<path[39m
                    [33md[39m=[32m"M16 3.128a4 4 0 0 1 0 7.744"[39m
                  [36m/>[39m
                  [36m<path[39m
                    [33md[39m=[32m"M22 21v-2a4 4 0 0 0-3-3.87"[39m
                  [36m/>[39m
                  [36m<circle[39m
                    [33mcx[39m=[32m"9"[39m
                    [33mcy[39m=[32m"7"[39m
                    [33mr[39m=[32m"4"[39m
                  [36m/>[39m
                [36m</svg>[39m
                [0mContact Group SMS Form[0m
              [36m</h3>[39m
              [36m<p[39m
                [33mclass[39m=[32m"text-sm text-gray-600 dark:text-gray-400 mt-2"[39m
              [36m>[39m
                [0mSelect contact group(s) and compose your message[0m
              [36m</p>[39m
            [36m</div>[39m
            [36m<div[39m
              [33mclass[39m=[32m"p-6 px-6 py-8"[39m
            [36m>[39m
              [36m<form[39m
                [33mclass[39m=[32m"space-y-8"[39m
              [36m>[39m
                [36m<div[39m
                  [33mclass[39m=[32m"grid gap-6 md:grid-cols-2"[39m
                [36m>[39m
                  [36m<div[39m
                    [33mclass[39m=[32m"space-y-3"[39m
                  [36m>[39m
                    [36m<div[39m
                      [33mclass[39m=[32m"peer-disabled:cursor-not-allowed peer-disabled:opacity-70 text-sm font-semibold text-gray-900 dark:text-white"[39m
                      [33mfor[39m=[32m"contact_group_id"[39m
                    [36m>[39m
                      [0mContact Group(s) *[0m
                    [36m</div>[39m
                    [36m<div[39m
                      [33mclass[39m=[32m"relative w-full"[39m
                    [36m>[39m
                      [36m<button[39m
                        [33maria-expanded[39m=[32m"false"[39m
                        [33maria-haspopup[39m=[32m"listbox"[39m
                        [33mclass[39m=[32m"flex w-full items-center justify-between rounded-xl bg-white text-gray-900 px-3 py-2 text-sm focus:outline-none dark:focus:ring-brand-400/20 focus:ring-offset-2 placeholder:text-muted-foreground disabled:cursor-not-allowed disabled:opacity-50 disabled:bg-gray-50 dark:disabled:bg-gray-800/50 transition-colors h-12 border-2 border-border/50 dark:border-gray-700 focus:border-theme-purple-500 dark:focus:border-theme-purple-500 focus:ring-2 focus:ring-theme-purple-500/20 dark:bg-gray-800 dark:text-white"[39m
                        [33mid[39m=[32m"contact_group_id"[39m
                        [33mrole[39m=[32m"combobox"[39m
                        [33mtype[39m=[32m"button"[39m
                      [36m>[39m
                        [36m<span[39m
                          [33mclass[39m=[32m"block truncate text-muted-foreground"[39m
                        [36m>[39m
                          [0mSelect contact group[0m
                        [36m</span>[39m
                        [36m<svg[39m
                          [33maria-hidden[39m=[32m"true"[39m
                          [33mclass[39m=[32m"lucide lucide-chevron-down h-4 w-4 opacity-60 text-gray-500 dark:text-gray-400 shrink-0 transition-transform"[39m
                          [33mfill[39m=[32m"none"[39m
                          [33mheight[39m=[32m"24"[39m
                          [33mstroke[39m=[32m"currentColor"[39m
                          [33mstroke-linecap[39m=[32m"round"[39m
                          [33mstroke-linejoin[39m=[32m"round"[39m
                          [33mstroke-width[39m=[32m"2"[39m
                          [33mviewBox[39m=[32m"0 0 24 24"[39m
                          [33mwidth[39m=[32m"24"[39m
                          [33mxmlns[39m=[32m"http://www.w3.org/2000/svg"[39m
                        [36m>[39m
                          [36m<path[39m
                            [33md[39m=[32m"m6 9 6 6 6-6"[39m
                          [36m/>[39m
                        [36m</svg>[39m
                      [36m</button>[39m
                    [36m</div>[39m
                    [36m<p[39m
                      [33mclass[39m=[32m"text-xs text-muted-foreground dark:text-gray-400"[39m
                    [36m>[39m
                      [0mYou can select multiple groups (e.g., 1,2,3)[0m
                    [36m</p>[39m
                  [36m</div>[39m
                  [36m<div[39m
                    [33mclass[39m=[32m"space-y-3"[39m
                  [36m>[39m
                    [36m<div[39m
                      [33mclass[39m=[32m"peer-disabled:cursor-not-allowed peer-disabled:opacity-70 text-sm font-semibold text-gray-900 dark:text-white"[39m
                      [33mfor[39m=[32m"sender_id"[39m
                    [36m>[39m
                      [0mSender ID *[0m
                    [36m</div>[39m
                    [36m<div[39m
                      [33mclass[39m=[32m"relative w-full"[39m
                    [36m>[39m
                      [36m<button[39m
                        [33maria-expanded[39m=[32m"false"[39m
                        [33maria-haspopup...

      73 |   it('should handle custom message toggle', () => {
      74 |     render(<SendContactGroupForm apiKey="test-key" />);
    > 75 |     const customCheckbox = screen.getByLabelText(/Custom message/i);
         |                                   ^
      76 |     fireEvent.click(customCheckbox);
      77 |     expect(customCheckbox).toBeChecked();
      78 |   });

      at Object.getElementError (node_modules/@testing-library/dom/dist/config.js:37:19)
      at getAllByLabelText (node_modules/@testing-library/dom/dist/queries/label-text.js:111:38)
      at node_modules/@testing-library/dom/dist/query-helpers.js:52:17
      at node_modules/@testing-library/dom/dist/query-helpers.js:95:19
      at Object.getByLabelText (/home/iann/code/project/sms_portail/src/app/(admin)../../../../../messages/components/__tests__/SendContactGroupForm.test.tsx:75:35)

  ● SendContactGroupForm › should handle schedule toggle

    TestingLibraryElementError: Unable to find a label with the text of: /Schedule message/i

    Ignored nodes: comments, script, style
    [36m<body>[39m
      [36m<div>[39m
        [36m<div[39m
          [33mclass[39m=[32m"space-y-6"[39m
        [36m>[39m
          [36m<div>[39m
            [36m<h1[39m
              [33mclass[39m=[32m"text-3xl font-bold tracking-tight text-gray-900 dark:text-white"[39m
            [36m>[39m
              [0mSend to Contact Group[0m
            [36m</h1>[39m
            [36m<p[39m
              [33mclass[39m=[32m"text-muted-foreground dark:text-gray-400 mt-2"[39m
            [36m>[39m
              [0mSend SMS to one or multiple contact groups[0m
            [36m</p>[39m
          [36m</div>[39m
          [36m<div[39m
            [33mclass[39m=[32m"rounded-xl text-card-foreground border-2 border-border/50 dark:border-border/30 bg-card dark:bg-gray-900/50 shadow-xl hover:shadow-2xl transition-all duration-300"[39m
          [36m>[39m
            [36m<div[39m
              [33mclass[39m=[32m"flex flex-col space-y-1.5 p-6 bg-gradient-to-r from-theme-purple-50/50 to-brand-50/50 dark:from-theme-purple-950/30 dark:to-brand-950/30 border-b-2 border-border/50 dark:border-border/30 px-6 py-6"[39m
            [36m>[39m
              [36m<h3[39m
                [33mclass[39m=[32m"tracking-tight text-xl font-semibold flex items-center gap-3 text-gray-900 dark:text-white"[39m
              [36m>[39m
                [36m<svg[39m
                  [33maria-hidden[39m=[32m"true"[39m
                  [33mclass[39m=[32m"lucide lucide-users h-5 w-5 text-theme-purple-500"[39m
                  [33mfill[39m=[32m"none"[39m
                  [33mheight[39m=[32m"24"[39m
                  [33mstroke[39m=[32m"currentColor"[39m
                  [33mstroke-linecap[39m=[32m"round"[39m
                  [33mstroke-linejoin[39m=[32m"round"[39m
                  [33mstroke-width[39m=[32m"2"[39m
                  [33mviewBox[39m=[32m"0 0 24 24"[39m
                  [33mwidth[39m=[32m"24"[39m
                  [33mxmlns[39m=[32m"http://www.w3.org/2000/svg"[39m
                [36m>[39m
                  [36m<path[39m
                    [33md[39m=[32m"M16 21v-2a4 4 0 0 0-4-4H6a4 4 0 0 0-4 4v2"[39m
                  [36m/>[39m
                  [36m<path[39m
                    [33md[39m=[32m"M16 3.128a4 4 0 0 1 0 7.744"[39m
                  [36m/>[39m
                  [36m<path[39m
                    [33md[39m=[32m"M22 21v-2a4 4 0 0 0-3-3.87"[39m
                  [36m/>[39m
                  [36m<circle[39m
                    [33mcx[39m=[32m"9"[39m
                    [33mcy[39m=[32m"7"[39m
                    [33mr[39m=[32m"4"[39m
                  [36m/>[39m
                [36m</svg>[39m
                [0mContact Group SMS Form[0m
              [36m</h3>[39m
              [36m<p[39m
                [33mclass[39m=[32m"text-sm text-gray-600 dark:text-gray-400 mt-2"[39m
              [36m>[39m
                [0mSelect contact group(s) and compose your message[0m
              [36m</p>[39m
            [36m</div>[39m
            [36m<div[39m
              [33mclass[39m=[32m"p-6 px-6 py-8"[39m
            [36m>[39m
              [36m<form[39m
                [33mclass[39m=[32m"space-y-8"[39m
              [36m>[39m
                [36m<div[39m
                  [33mclass[39m=[32m"grid gap-6 md:grid-cols-2"[39m
                [36m>[39m
                  [36m<div[39m
                    [33mclass[39m=[32m"space-y-3"[39m
                  [36m>[39m
                    [36m<div[39m
                      [33mclass[39m=[32m"peer-disabled:cursor-not-allowed peer-disabled:opacity-70 text-sm font-semibold text-gray-900 dark:text-white"[39m
                      [33mfor[39m=[32m"contact_group_id"[39m
                    [36m>[39m
                      [0mContact Group(s) *[0m
                    [36m</div>[39m
                    [36m<div[39m
                      [33mclass[39m=[32m"relative w-full"[39m
                    [36m>[39m
                      [36m<button[39m
                        [33maria-expanded[39m=[32m"false"[39m
                        [33maria-haspopup[39m=[32m"listbox"[39m
                        [33mclass[39m=[32m"flex w-full items-center justify-between rounded-xl bg-white text-gray-900 px-3 py-2 text-sm focus:outline-none dark:focus:ring-brand-400/20 focus:ring-offset-2 placeholder:text-muted-foreground disabled:cursor-not-allowed disabled:opacity-50 disabled:bg-gray-50 dark:disabled:bg-gray-800/50 transition-colors h-12 border-2 border-border/50 dark:border-gray-700 focus:border-theme-purple-500 dark:focus:border-theme-purple-500 focus:ring-2 focus:ring-theme-purple-500/20 dark:bg-gray-800 dark:text-white"[39m
                        [33mid[39m=[32m"contact_group_id"[39m
                        [33mrole[39m=[32m"combobox"[39m
                        [33mtype[39m=[32m"button"[39m
                      [36m>[39m
                        [36m<span[39m
                          [33mclass[39m=[32m"block truncate text-muted-foreground"[39m
                        [36m>[39m
                          [0mSelect contact group[0m
                        [36m</span>[39m
                        [36m<svg[39m
                          [33maria-hidden[39m=[32m"true"[39m
                          [33mclass[39m=[32m"lucide lucide-chevron-down h-4 w-4 opacity-60 text-gray-500 dark:text-gray-400 shrink-0 transition-transform"[39m
                          [33mfill[39m=[32m"none"[39m
                          [33mheight[39m=[32m"24"[39m
                          [33mstroke[39m=[32m"currentColor"[39m
                          [33mstroke-linecap[39m=[32m"round"[39m
                          [33mstroke-linejoin[39m=[32m"round"[39m
                          [33mstroke-width[39m=[32m"2"[39m
                          [33mviewBox[39m=[32m"0 0 24 24"[39m
                          [33mwidth[39m=[32m"24"[39m
                          [33mxmlns[39m=[32m"http://www.w3.org/2000/svg"[39m
                        [36m>[39m
                          [36m<path[39m
                            [33md[39m=[32m"m6 9 6 6 6-6"[39m
                          [36m/>[39m
                        [36m</svg>[39m
                      [36m</button>[39m
                    [36m</div>[39m
                    [36m<p[39m
                      [33mclass[39m=[32m"text-xs text-muted-foreground dark:text-gray-400"[39m
                    [36m>[39m
                      [0mYou can select multiple groups (e.g., 1,2,3)[0m
                    [36m</p>[39m
                  [36m</div>[39m
                  [36m<div[39m
                    [33mclass[39m=[32m"space-y-3"[39m
                  [36m>[39m
                    [36m<div[39m
                      [33mclass[39m=[32m"peer-disabled:cursor-not-allowed peer-disabled:opacity-70 text-sm font-semibold text-gray-900 dark:text-white"[39m
                      [33mfor[39m=[32m"sender_id"[39m
                    [36m>[39m
                      [0mSender ID *[0m
                    [36m</div>[39m
                    [36m<div[39m
                      [33mclass[39m=[32m"relative w-full"[39m
                    [36m>[39m
                      [36m<button[39m
                        [33maria-expanded[39m=[32m"false"[39m
                        [33maria-haspopup...

      80 |   it('should handle schedule toggle', () => {
      81 |     render(<SendContactGroupForm apiKey="test-key" />);
    > 82 |     const scheduleCheckbox = screen.getByLabelText(/Schedule message/i);
         |                                     ^
      83 |     fireEvent.click(scheduleCheckbox);
      84 |     expect(scheduleCheckbox).toBeChecked();
      85 |   });

      at Object.getElementError (node_modules/@testing-library/dom/dist/config.js:37:19)
      at getAllByLabelText (node_modules/@testing-library/dom/dist/queries/label-text.js:111:38)
      at node_modules/@testing-library/dom/dist/query-helpers.js:52:17
      at node_modules/@testing-library/dom/dist/query-helpers.js:95:19
      at Object.getByLabelText (/home/iann/code/project/sms_portail/src/app/(admin)../../../../../messages/components/__tests__/SendContactGroupForm.test.tsx:82:37)

FAIL src/controller/query/topup/__tests__/topup.service.test.tsx
  ● topup.service › getMNOProviders › should throw error when response data is missing

    expect(received).rejects.toThrow(expected)

    Expected substring: "No server response for MNO providers."
    Received message:   "Server error while fetching MNO providers."

          71 |       }
          72 |     }
        > 73 |     throw new Error("Server error while fetching MNO providers.");
             |           ^
          74 |   }
          75 | };
          76 |

      at getMNOProviders (src/controller/query/topup/topup.service.ts:73:11)
      at Object.<anonymous> (src/controller/query/topup/__tests__/topup.service.test.tsx:74:7)
      at Object.toThrow (node_modules/expect/build/index.js:2155:20)
      at Object.toThrow (src/controller/query/topup/__tests__/topup.service.test.tsx:74:56)

  ● topup.service › mpesaPaymentRequest › should throw error when response data is missing

    expect(received).rejects.toThrow(expected)

    Expected substring: "No server response for MPESA payment request."
    Received message:   "Server error while processing MPESA payment request."

          43 |       }
          44 |     }
        > 45 |     throw new Error("Server error while processing MPESA payment request.");
             |           ^
          46 |   }
          47 | };
          48 |

      at mpesaPaymentRequest (src/controller/query/topup/topup.service.ts:45:11)
      at Object.<anonymous> (src/controller/query/topup/__tests__/topup.service.test.tsx:164:7)
      at Object.toThrow (node_modules/expect/build/index.js:2155:20)
      at Object.toThrow (src/controller/query/topup/__tests__/topup.service.test.tsx:166:17)

  ● topup.service › mnoSelfTopup › should throw error when response data is missing

    expect(received).rejects.toThrow(expected)

    Expected substring: "No server response for MNO self topup."
    Received message:   "Server error while processing MNO self topup."

          100 |       }
          101 |     }
        > 102 |     throw new Error("Server error while processing MNO self topup.");
              |           ^
          103 |   }
          104 | };
          105 |

      at mnoSelfTopup (src/controller/query/topup/topup.service.ts:102:11)
      at Object.<anonymous> (src/controller/query/topup/__tests__/topup.service.test.tsx:296:7)
      at Object.toThrow (node_modules/expect/build/index.js:2155:20)
      at Object.toThrow (src/controller/query/topup/__tests__/topup.service.test.tsx:298:17)

FAIL src/app/(admin)/notifications/__tests__/page.test.tsx
  ● NotificationsPage › should render notifications page

    Element type is invalid: expected a string (for built-in components) or a class/function (for composite components) but got: undefined. You likely forgot to export your component from the file it's defined in, or you might have mixed up default and named imports.

    Check the render method of `Root`.

      56 |
      57 |   it('should render notifications page', () => {
    > 58 |     render(<NotificationsPage />, { wrapper: createWrapper() });
         |           ^
      59 |     expect(screen.getByText('Notifications')).toBeInTheDocument();
      60 |   });
      61 |

      at createFiberFromTypeAndProps (node_modules/react-dom/cjs/react-dom-client.development.js:5021:28)
      at createFiberFromElement (node_modules/react-dom/cjs/react-dom-client.development.js:5035:14)
      at reconcileChildFibersImpl (node_modules/react-dom/cjs/react-dom-client.development.js:6920:31)
      at node_modules/react-dom/cjs/react-dom-client.development.js:7098:33
      at reconcileChildren (node_modules/react-dom/cjs/react-dom-client.development.js:9701:13)
      at beginWork (node_modules/react-dom/cjs/react-dom-client.development.js:12049:13)
      at runWithFiberInDEV (node_modules/react-dom/cjs/react-dom-client.development.js:874:13)
      at performUnitOfWork (node_modules/react-dom/cjs/react-dom-client.development.js:17641:22)
      at workLoopSync (node_modules/react-dom/cjs/react-dom-client.development.js:17469:41)
      at renderRootSync (node_modules/react-dom/cjs/react-dom-client.development.js:17450:11)
      at performWorkOnRoot (node_modules/react-dom/cjs/react-dom-client.development.js:16583:35)
      at performWorkOnRootViaSchedulerTask (node_modules/react-dom/cjs/react-dom-client.development.js:18957:7)
      at flushActQueue (node_modules/react/cjs/react.development.js:590:34)
      at process.env.NODE_ENV.exports.act (node_modules/react/cjs/react.development.js:884:10)
      at node_modules/@testing-library/react/dist/act-compat.js:47:25
      at renderRoot (node_modules/@testing-library/react/dist/pure.js:190:26)
      at render (node_modules/@testing-library/react/dist/pure.js:292:10)
      at Object.<anonymous> (/home/iann/code/project/sms_portail/src/app/(admin)../../../../../notifications/__tests__/page.test.tsx:58:11)

  ● NotificationsPage › should display header with title and description

    Element type is invalid: expected a string (for built-in components) or a class/function (for composite components) but got: undefined. You likely forgot to export your component from the file it's defined in, or you might have mixed up default and named imports.

    Check the render method of `Root`.

      61 |
      62 |   it('should display header with title and description', () => {
    > 63 |     render(<NotificationsPage />, { wrapper: createWrapper() });
         |           ^
      64 |     expect(screen.getByText('Notifications')).toBeInTheDocument();
      65 |     expect(screen.getByText(/Manage your notifications/)).toBeInTheDocument();
      66 |   });

      at createFiberFromTypeAndProps (node_modules/react-dom/cjs/react-dom-client.development.js:5021:28)
      at createFiberFromElement (node_modules/react-dom/cjs/react-dom-client.development.js:5035:14)
      at reconcileChildFibersImpl (node_modules/react-dom/cjs/react-dom-client.development.js:6920:31)
      at node_modules/react-dom/cjs/react-dom-client.development.js:7098:33
      at reconcileChildren (node_modules/react-dom/cjs/react-dom-client.development.js:9701:13)
      at beginWork (node_modules/react-dom/cjs/react-dom-client.development.js:12049:13)
      at runWithFiberInDEV (node_modules/react-dom/cjs/react-dom-client.development.js:874:13)
      at performUnitOfWork (node_modules/react-dom/cjs/react-dom-client.development.js:17641:22)
      at workLoopSync (node_modules/react-dom/cjs/react-dom-client.development.js:17469:41)
      at renderRootSync (node_modules/react-dom/cjs/react-dom-client.development.js:17450:11)
      at performWorkOnRoot (node_modules/react-dom/cjs/react-dom-client.development.js:16583:35)
      at performWorkOnRootViaSchedulerTask (node_modules/react-dom/cjs/react-dom-client.development.js:18957:7)
      at flushActQueue (node_modules/react/cjs/react.development.js:590:34)
      at process.env.NODE_ENV.exports.act (node_modules/react/cjs/react.development.js:884:10)
      at node_modules/@testing-library/react/dist/act-compat.js:47:25
      at renderRoot (node_modules/@testing-library/react/dist/pure.js:190:26)
      at render (node_modules/@testing-library/react/dist/pure.js:292:10)
      at Object.<anonymous> (/home/iann/code/project/sms_portail/src/app/(admin)../../../../../notifications/__tests__/page.test.tsx:63:11)

  ● NotificationsPage › should render all tabs

    Element type is invalid: expected a string (for built-in components) or a class/function (for composite components) but got: undefined. You likely forgot to export your component from the file it's defined in, or you might have mixed up default and named imports.

    Check the render method of `Root`.

      67 |
      68 |   it('should render all tabs', () => {
    > 69 |     render(<NotificationsPage />, { wrapper: createWrapper() });
         |           ^
      70 |     expect(screen.getByText('All')).toBeInTheDocument();
      71 |     expect(screen.getByText('Unread')).toBeInTheDocument();
      72 |     expect(screen.getByText('Settings')).toBeInTheDocument();

      at createFiberFromTypeAndProps (node_modules/react-dom/cjs/react-dom-client.development.js:5021:28)
      at createFiberFromElement (node_modules/react-dom/cjs/react-dom-client.development.js:5035:14)
      at reconcileChildFibersImpl (node_modules/react-dom/cjs/react-dom-client.development.js:6920:31)
      at node_modules/react-dom/cjs/react-dom-client.development.js:7098:33
      at reconcileChildren (node_modules/react-dom/cjs/react-dom-client.development.js:9701:13)
      at beginWork (node_modules/react-dom/cjs/react-dom-client.development.js:12049:13)
      at runWithFiberInDEV (node_modules/react-dom/cjs/react-dom-client.development.js:874:13)
      at performUnitOfWork (node_modules/react-dom/cjs/react-dom-client.development.js:17641:22)
      at workLoopSync (node_modules/react-dom/cjs/react-dom-client.development.js:17469:41)
      at renderRootSync (node_modules/react-dom/cjs/react-dom-client.development.js:17450:11)
      at performWorkOnRoot (node_modules/react-dom/cjs/react-dom-client.development.js:16583:35)
      at performWorkOnRootViaSchedulerTask (node_modules/react-dom/cjs/react-dom-client.development.js:18957:7)
      at flushActQueue (node_modules/react/cjs/react.development.js:590:34)
      at process.env.NODE_ENV.exports.act (node_modules/react/cjs/react.development.js:884:10)
      at node_modules/@testing-library/react/dist/act-compat.js:47:25
      at renderRoot (node_modules/@testing-library/react/dist/pure.js:190:26)
      at render (node_modules/@testing-library/react/dist/pure.js:292:10)
      at Object.<anonymous> (/home/iann/code/project/sms_portail/src/app/(admin)../../../../../notifications/__tests__/page.test.tsx:69:11)

  ● NotificationsPage › should load API key from localStorage

    Element type is invalid: expected a string (for built-in components) or a class/function (for composite components) but got: undefined. You likely forgot to export your component from the file it's defined in, or you might have mixed up default and named imports.

    Check the render method of `Root`.

      75 |   it('should load API key from localStorage', () => {
      76 |     localStorage.setItem('apiKey', 'test-api-key-789');
    > 77 |     render(<NotificationsPage />, { wrapper: createWrapper() });
         |           ^
      78 |     expect(screen.getByText('Notifications')).toBeInTheDocument();
      79 |   });
      80 |

      at createFiberFromTypeAndProps (node_modules/react-dom/cjs/react-dom-client.development.js:5021:28)
      at createFiberFromElement (node_modules/react-dom/cjs/react-dom-client.development.js:5035:14)
      at reconcileChildFibersImpl (node_modules/react-dom/cjs/react-dom-client.development.js:6920:31)
      at node_modules/react-dom/cjs/react-dom-client.development.js:7098:33
      at reconcileChildren (node_modules/react-dom/cjs/react-dom-client.development.js:9701:13)
      at beginWork (node_modules/react-dom/cjs/react-dom-client.development.js:12049:13)
      at runWithFiberInDEV (node_modules/react-dom/cjs/react-dom-client.development.js:874:13)
      at performUnitOfWork (node_modules/react-dom/cjs/react-dom-client.development.js:17641:22)
      at workLoopSync (node_modules/react-dom/cjs/react-dom-client.development.js:17469:41)
      at renderRootSync (node_modules/react-dom/cjs/react-dom-client.development.js:17450:11)
      at performWorkOnRoot (node_modules/react-dom/cjs/react-dom-client.development.js:16583:35)
      at performWorkOnRootViaSchedulerTask (node_modules/react-dom/cjs/react-dom-client.development.js:18957:7)
      at flushActQueue (node_modules/react/cjs/react.development.js:590:34)
      at process.env.NODE_ENV.exports.act (node_modules/react/cjs/react.development.js:884:10)
      at node_modules/@testing-library/react/dist/act-compat.js:47:25
      at renderRoot (node_modules/@testing-library/react/dist/pure.js:190:26)
      at render (node_modules/@testing-library/react/dist/pure.js:292:10)
      at Object.<anonymous> (/home/iann/code/project/sms_portail/src/app/(admin)../../../../../notifications/__tests__/page.test.tsx:77:11)

  ● NotificationsPage › should show loading state

    Element type is invalid: expected a string (for built-in components) or a class/function (for composite components) but got: undefined. You likely forgot to export your component from the file it's defined in, or you might have mixed up default and named imports.

    Check the render method of `Root`.

      86 |       refetch: jest.fn(),
      87 |     });
    > 88 |     render(<NotificationsPage />, { wrapper: createWrapper() });
         |           ^
      89 |     expect(screen.getByText(/Loading notifications/)).toBeInTheDocument();
      90 |   });
      91 |

      at createFiberFromTypeAndProps (node_modules/react-dom/cjs/react-dom-client.development.js:5021:28)
      at createFiberFromElement (node_modules/react-dom/cjs/react-dom-client.development.js:5035:14)
      at reconcileChildFibersImpl (node_modules/react-dom/cjs/react-dom-client.development.js:6920:31)
      at node_modules/react-dom/cjs/react-dom-client.development.js:7098:33
      at reconcileChildren (node_modules/react-dom/cjs/react-dom-client.development.js:9701:13)
      at beginWork (node_modules/react-dom/cjs/react-dom-client.development.js:12049:13)
      at runWithFiberInDEV (node_modules/react-dom/cjs/react-dom-client.development.js:874:13)
      at performUnitOfWork (node_modules/react-dom/cjs/react-dom-client.development.js:17641:22)
      at workLoopSync (node_modules/react-dom/cjs/react-dom-client.development.js:17469:41)
      at renderRootSync (node_modules/react-dom/cjs/react-dom-client.development.js:17450:11)
      at performWorkOnRoot (node_modules/react-dom/cjs/react-dom-client.development.js:16583:35)
      at performWorkOnRootViaSchedulerTask (node_modules/react-dom/cjs/react-dom-client.development.js:18957:7)
      at flushActQueue (node_modules/react/cjs/react.development.js:590:34)
      at process.env.NODE_ENV.exports.act (node_modules/react/cjs/react.development.js:884:10)
      at node_modules/@testing-library/react/dist/act-compat.js:47:25
      at renderRoot (node_modules/@testing-library/react/dist/pure.js:190:26)
      at render (node_modules/@testing-library/react/dist/pure.js:292:10)
      at Object.<anonymous> (/home/iann/code/project/sms_portail/src/app/(admin)../../../../../notifications/__tests__/page.test.tsx:88:11)

  ● NotificationsPage › should show empty state when no notifications

    Element type is invalid: expected a string (for built-in components) or a class/function (for composite components) but got: undefined. You likely forgot to export your component from the file it's defined in, or you might have mixed up default and named imports.

    Check the render method of `Root`.

       97 |       refetch: jest.fn(),
       98 |     });
    >  99 |     render(<NotificationsPage />, { wrapper: createWrapper() });
          |           ^
      100 |     expect(screen.getByText(/No notifications/)).toBeInTheDocument();
      101 |   });
      102 | });

      at createFiberFromTypeAndProps (node_modules/react-dom/cjs/react-dom-client.development.js:5021:28)
      at createFiberFromElement (node_modules/react-dom/cjs/react-dom-client.development.js:5035:14)
      at reconcileChildFibersImpl (node_modules/react-dom/cjs/react-dom-client.development.js:6920:31)
      at node_modules/react-dom/cjs/react-dom-client.development.js:7098:33
      at reconcileChildren (node_modules/react-dom/cjs/react-dom-client.development.js:9701:13)
      at beginWork (node_modules/react-dom/cjs/react-dom-client.development.js:12049:13)
      at runWithFiberInDEV (node_modules/react-dom/cjs/react-dom-client.development.js:874:13)
      at performUnitOfWork (node_modules/react-dom/cjs/react-dom-client.development.js:17641:22)
      at workLoopSync (node_modules/react-dom/cjs/react-dom-client.development.js:17469:41)
      at renderRootSync (node_modules/react-dom/cjs/react-dom-client.development.js:17450:11)
      at performWorkOnRoot (node_modules/react-dom/cjs/react-dom-client.development.js:16583:35)
      at performWorkOnRootViaSchedulerTask (node_modules/react-dom/cjs/react-dom-client.development.js:18957:7)
      at flushActQueue (node_modules/react/cjs/react.development.js:590:34)
      at process.env.NODE_ENV.exports.act (node_modules/react/cjs/react.development.js:884:10)
      at node_modules/@testing-library/react/dist/act-compat.js:47:25
      at renderRoot (node_modules/@testing-library/react/dist/pure.js:190:26)
      at render (node_modules/@testing-library/react/dist/pure.js:292:10)
      at Object.<anonymous> (/home/iann/code/project/sms_portail/src/app/(admin)../../../../../notifications/__tests__/page.test.tsx:99:11)

PASS src/controller/query/topup/__tests__/useTopup.test.tsx
FAIL src/controller/query/admin/users/__tests__/useAdminUsers.test.ts
  ● useAdminUsers hooks › should export useGetAdminUserRoles

    expect(received).toBe(expected) // Object.is equality

    Expected: "function"
    Received: "undefined"

      31 |
      32 |   it('should export useGetAdminUserRoles', () => {
    > 33 |     expect(typeof useGetAdminUserRoles).toBe('function');
         |                                         ^
      34 |   });
      35 |
      36 |   it('should export useGetAdminUserClients', () => {

      at Object.toBe (src/controller/query/admin/users/__tests__/useAdminUsers.test.ts:33:41)

  ● useAdminUsers hooks › should export useGetAdminUserClients

    expect(received).toBe(expected) // Object.is equality

    Expected: "function"
    Received: "undefined"

      35 |
      36 |   it('should export useGetAdminUserClients', () => {
    > 37 |     expect(typeof useGetAdminUserClients).toBe('function');
         |                                           ^
      38 |   });
      39 |
      40 |   it('should export useGetAdminUserDetails', () => {

      at Object.toBe (src/controller/query/admin/users/__tests__/useAdminUsers.test.ts:37:43)

  ● useAdminUsers hooks › should export useGetAdminUserDetails

    expect(received).toBe(expected) // Object.is equality

    Expected: "function"
    Received: "undefined"

      39 |
      40 |   it('should export useGetAdminUserDetails', () => {
    > 41 |     expect(typeof useGetAdminUserDetails).toBe('function');
         |                                           ^
      42 |   });
      43 | });
      44 |

      at Object.toBe (src/controller/query/admin/users/__tests__/useAdminUsers.test.ts:41:43)

FAIL src/app/(admin)/reports/components/__tests__/TransactionalReport.test.tsx
  ● TransactionalReport › should render transactional report

    TypeError: Cannot destructure property 'showAlert' of '(0 , _AlertProvider.useAlert)(...)' as it is undefined.

      45 | export default function TransactionalReport() {
      46 |   const { user } = useAuth();
    > 47 |   const { showAlert } = useAlert();
         |           ^
      48 |
      49 |   const [apiKey, setApiKey] = useState<string | null>(null);
      50 |   const [dateRange, setDateRange] = useState<DateRangePreset>(DEFAULT_RANGE);

      at showAlert (/home/iann/code/project/sms_portail/src/app/(admin)../../../../../reports/components/TransactionalReport.tsx:47:11)
      at Object.react_stack_bottom_frame (node_modules/react-dom/cjs/react-dom-client.development.js:25904:20)
      at renderWithHooks (node_modules/react-dom/cjs/react-dom-client.development.js:7662:22)
      at updateFunctionComponent (node_modules/react-dom/cjs/react-dom-client.development.js:10166:19)
      at beginWork (node_modules/react-dom/cjs/react-dom-client.development.js:11778:18)
      at runWithFiberInDEV (node_modules/react-dom/cjs/react-dom-client.development.js:874:13)
      at performUnitOfWork (node_modules/react-dom/cjs/react-dom-client.development.js:17641:22)
      at workLoopSync (node_modules/react-dom/cjs/react-dom-client.development.js:17469:41)
      at renderRootSync (node_modules/react-dom/cjs/react-dom-client.development.js:17450:11)
      at performWorkOnRoot (node_modules/react-dom/cjs/react-dom-client.development.js:16583:35)
      at performWorkOnRootViaSchedulerTask (node_modules/react-dom/cjs/react-dom-client.development.js:18957:7)
      at flushActQueue (node_modules/react/cjs/react.development.js:590:34)
      at process.env.NODE_ENV.exports.act (node_modules/react/cjs/react.development.js:884:10)
      at node_modules/@testing-library/react/dist/act-compat.js:47:25
      at renderRoot (node_modules/@testing-library/react/dist/pure.js:190:26)
      at render (node_modules/@testing-library/react/dist/pure.js:292:10)
      at Object.<anonymous> (/home/iann/code/project/sms_portail/src/app/(admin)../../../../../reports/components/__tests__/TransactionalReport.test.tsx:43:11)

FAIL src/controller/query/admin/kyb/__tests__/kyb.service.test.ts
  ● kyb.service › getAdminKYBPendings › should throw error when response data is missing

    expect(received).rejects.toThrow(expected)

    Expected substring: "No server response for pending KYB list."
    Received message:   "Error retrieving pending KYB list."

          19 |     }
          20 |   }
        > 21 |   throw new Error(fallbackMessage);
             |         ^
          22 | };
          23 |
          24 | export const getAdminKYBPendings = async (

      at handleAxiosError (src/controller/query/admin/kyb/kyb.service.ts:21:9)
      at handleAxiosError (src/controller/query/admin/kyb/kyb.service.ts:40:5)
      at Object.<anonymous> (src/controller/query/admin/kyb/__tests__/kyb.service.test.ts:65:7)
      at Object.toThrow (node_modules/expect/build/index.js:2155:20)
      at Object.toThrow (src/controller/query/admin/kyb/__tests__/kyb.service.test.ts:65:87)

  ● kyb.service › getAdminKYBHistory › should throw error when response data is missing

    expect(received).rejects.toThrow(expected)

    Expected substring: "No server response for KYB history."
    Received message:   "Error retrieving KYB history."

          19 |     }
          20 |   }
        > 21 |   throw new Error(fallbackMessage);
             |         ^
          22 | };
          23 |
          24 | export const getAdminKYBPendings = async (

      at handleAxiosError (src/controller/query/admin/kyb/kyb.service.ts:21:9)
      at handleAxiosError (src/controller/query/admin/kyb/kyb.service.ts:60:5)
      at Object.<anonymous> (src/controller/query/admin/kyb/__tests__/kyb.service.test.ts:138:7)
      at Object.toThrow (node_modules/expect/build/index.js:2155:20)
      at Object.toThrow (src/controller/query/admin/kyb/__tests__/kyb.service.test.ts:138:86)

  ● kyb.service › getAdminKYBDetails › should throw error when response data is missing

    expect(received).rejects.toThrow(expected)

    Expected substring: "No server response for KYB details."
    Received message:   "Error retrieving KYB details."

          19 |     }
          20 |   }
        > 21 |   throw new Error(fallbackMessage);
             |         ^
          22 | };
          23 |
          24 | export const getAdminKYBPendings = async (

      at handleAxiosError (src/controller/query/admin/kyb/kyb.service.ts:21:9)
      at handleAxiosError (src/controller/query/admin/kyb/kyb.service.ts:80:5)
      at Object.<anonymous> (src/controller/query/admin/kyb/__tests__/kyb.service.test.ts:188:7)
      at Object.toThrow (node_modules/expect/build/index.js:2155:20)
      at Object.toThrow (src/controller/query/admin/kyb/__tests__/kyb.service.test.ts:188:74)

  ● kyb.service › approveAdminKYB › should throw error when response data is missing

    expect(received).rejects.toThrow(expected)

    Expected substring: "No server response for KYB approval."
    Received message:   "Error approving KYB request."

          19 |     }
          20 |   }
        > 21 |   throw new Error(fallbackMessage);
             |         ^
          22 | };
          23 |
          24 | export const getAdminKYBPendings = async (

      at handleAxiosError (src/controller/query/admin/kyb/kyb.service.ts:21:9)
      at handleAxiosError (src/controller/query/admin/kyb/kyb.service.ts:100:5)
      at Object.<anonymous> (src/controller/query/admin/kyb/__tests__/kyb.service.test.ts:236:7)
      at Object.toThrow (node_modules/expect/build/index.js:2155:20)
      at Object.toThrow (src/controller/query/admin/kyb/__tests__/kyb.service.test.ts:236:71)

  ● kyb.service › rejectAdminKYB › should throw error when response data is missing

    expect(received).rejects.toThrow(expected)

    Expected substring: "No server response for KYB rejection."
    Received message:   "Error rejecting KYB request."

          19 |     }
          20 |   }
        > 21 |   throw new Error(fallbackMessage);
             |         ^
          22 | };
          23 |
          24 | export const getAdminKYBPendings = async (

      at handleAxiosError (src/controller/query/admin/kyb/kyb.service.ts:21:9)
      at handleAxiosError (src/controller/query/admin/kyb/kyb.service.ts:120:5)
      at Object.<anonymous> (src/controller/query/admin/kyb/__tests__/kyb.service.test.ts:286:7)
      at Object.toThrow (node_modules/expect/build/index.js:2155:20)
      at Object.toThrow (src/controller/query/admin/kyb/__tests__/kyb.service.test.ts:288:17)

PASS src/controller/query/contacts/__tests__/useContacts.test.ts
FAIL src/controller/query/senders/__tests__/senders.service.test.ts
  ● senders.service › getClientSenderIdsList › should throw error when response data is missing

    expect(received).rejects.toThrow(expected)

    Expected substring: "No server response for sender IDs list."
    Received message:   "Server error while retrieving sender IDs list."

          31 |       }
          32 |     }
        > 33 |     throw new Error("Server error while retrieving sender IDs list.");
             |           ^
          34 |   }
          35 | };
          36 |

      at getClientSenderIdsList (src/controller/query/senders/senders.service.ts:33:11)
      at Object.<anonymous> (src/controller/query/senders/__tests__/senders.service.test.ts:65:7)
      at Object.toThrow (node_modules/expect/build/index.js:2155:20)
      at Object.toThrow (src/controller/query/senders/__tests__/senders.service.test.ts:65:67)

  ● senders.service › createSenderIdRequest › should throw error when response data is missing

    expect(received).rejects.toThrow(expected)

    Expected substring: "No server response for sender ID request."
    Received message:   "Server error while requesting sender ID."

          58 |       }
          59 |     }
        > 60 |     throw new Error("Server error while requesting sender ID.");
             |           ^
          61 |   }
          62 | };
          63 |

      at createSenderIdRequest (src/controller/query/senders/senders.service.ts:60:11)
      at Object.<anonymous> (src/controller/query/senders/__tests__/senders.service.test.ts:182:7)
      at Object.toThrow (node_modules/expect/build/index.js:2155:20)
      at Object.toThrow (src/controller/query/senders/__tests__/senders.service.test.ts:184:17)

FAIL src/app/(admin)/reports/components/__tests__/PromotionalReport.test.tsx
  ● PromotionalReport › should render promotional report

    TypeError: Cannot destructure property 'showAlert' of '(0 , _AlertProvider.useAlert)(...)' as it is undefined.

      44 | export default function PromotionalReport() {
      45 |   const { user } = useAuth();
    > 46 |   const { showAlert } = useAlert();
         |           ^
      47 |
      48 |   const [apiKey, setApiKey] = useState<string | null>(null);
      49 |   const [dateRange, setDateRange] = useState<DateRangePreset>(DEFAULT_RANGE);

      at showAlert (/home/iann/code/project/sms_portail/src/app/(admin)../../../../../reports/components/PromotionalReport.tsx:46:11)
      at Object.react_stack_bottom_frame (node_modules/react-dom/cjs/react-dom-client.development.js:25904:20)
      at renderWithHooks (node_modules/react-dom/cjs/react-dom-client.development.js:7662:22)
      at updateFunctionComponent (node_modules/react-dom/cjs/react-dom-client.development.js:10166:19)
      at beginWork (node_modules/react-dom/cjs/react-dom-client.development.js:11778:18)
      at runWithFiberInDEV (node_modules/react-dom/cjs/react-dom-client.development.js:874:13)
      at performUnitOfWork (node_modules/react-dom/cjs/react-dom-client.development.js:17641:22)
      at workLoopSync (node_modules/react-dom/cjs/react-dom-client.development.js:17469:41)
      at renderRootSync (node_modules/react-dom/cjs/react-dom-client.development.js:17450:11)
      at performWorkOnRoot (node_modules/react-dom/cjs/react-dom-client.development.js:16583:35)
      at performWorkOnRootViaSchedulerTask (node_modules/react-dom/cjs/react-dom-client.development.js:18957:7)
      at flushActQueue (node_modules/react/cjs/react.development.js:590:34)
      at process.env.NODE_ENV.exports.act (node_modules/react/cjs/react.development.js:884:10)
      at node_modules/@testing-library/react/dist/act-compat.js:47:25
      at renderRoot (node_modules/@testing-library/react/dist/pure.js:190:26)
      at render (node_modules/@testing-library/react/dist/pure.js:292:10)
      at Object.<anonymous> (/home/iann/code/project/sms_portail/src/app/(admin)../../../../../reports/components/__tests__/PromotionalReport.test.tsx:43:11)

FAIL src/controller/query/admin/benefit/__tests__/benefit.service.test.ts
  ● benefit.service › getBenefitGraph › should throw error when response data is missing

    expect(received).rejects.toThrow(expected)

    Expected substring: "No server response for benefit graph."
    Received message:   "Error retrieving benefit graph data."

          26 |     }
          27 |   }
        > 28 |   throw new Error(fallbackMessage);
             |         ^
          29 | };
          30 |
          31 | export const getBenefitGraph = async (

      at handleAxiosError (src/controller/query/admin/benefit/benefit.service.ts:28:9)
      at handleAxiosError (src/controller/query/admin/benefit/benefit.service.ts:47:5)
      at Object.<anonymous> (src/controller/query/admin/benefit/__tests__/benefit.service.test.ts:54:7)
      at Object.toThrow (node_modules/expect/build/index.js:2155:20)
      at Object.toThrow (src/controller/query/admin/benefit/__tests__/benefit.service.test.ts:56:17)

  ● benefit.service › getBenefitByTier › should validate required dates

    expect(received).rejects.toThrow(expected)

    Expected substring: "start_date and end_date are required"
    Received message:   "Error retrieving benefit by tier data."

          26 |     }
          27 |   }
        > 28 |   throw new Error(fallbackMessage);
             |         ^
          29 | };
          30 |
          31 | export const getBenefitGraph = async (

      at handleAxiosError (src/controller/query/admin/benefit/benefit.service.ts:28:9)
      at handleAxiosError (src/controller/query/admin/benefit/benefit.service.ts:71:5)
      at Object.<anonymous> (src/controller/query/admin/benefit/__tests__/benefit.service.test.ts:107:25)
      at Object.toThrow (node_modules/expect/build/index.js:2155:20)
      at Object.toThrow (src/controller/query/admin/benefit/__tests__/benefit.service.test.ts:108:17)

  ● benefit.service › getBenefitByTier › should throw error when response data is missing

    expect(received).rejects.toThrow(expected)

    Expected substring: "No server response for benefit by tier."
    Received message:   "Error retrieving benefit by tier data."

          26 |     }
          27 |   }
        > 28 |   throw new Error(fallbackMessage);
             |         ^
          29 | };
          30 |
          31 | export const getBenefitGraph = async (

      at handleAxiosError (src/controller/query/admin/benefit/benefit.service.ts:28:9)
      at handleAxiosError (src/controller/query/admin/benefit/benefit.service.ts:71:5)
      at Object.<anonymous> (src/controller/query/admin/benefit/__tests__/benefit.service.test.ts:120:7)
      at Object.toThrow (node_modules/expect/build/index.js:2155:20)
      at Object.toThrow (src/controller/query/admin/benefit/__tests__/benefit.service.test.ts:122:17)

  ● benefit.service › getBenefitByClient › should validate required dates

    expect(received).rejects.toThrow(expected)

    Expected substring: "start_date and end_date are required"
    Received message:   "Error retrieving benefit by client data."

          26 |     }
          27 |   }
        > 28 |   throw new Error(fallbackMessage);
             |         ^
          29 | };
          30 |
          31 | export const getBenefitGraph = async (

      at handleAxiosError (src/controller/query/admin/benefit/benefit.service.ts:28:9)
      at handleAxiosError (src/controller/query/admin/benefit/benefit.service.ts:95:5)
      at Object.<anonymous> (src/controller/query/admin/benefit/__tests__/benefit.service.test.ts:147:27)
      at Object.toThrow (node_modules/expect/build/index.js:2155:20)
      at Object.toThrow (src/controller/query/admin/benefit/__tests__/benefit.service.test.ts:148:17)

  ● benefit.service › getBenefitByClient › should throw error when response data is missing

    expect(received).rejects.toThrow(expected)

    Expected substring: "No server response for benefit by client."
    Received message:   "Error retrieving benefit by client data."

          26 |     }
          27 |   }
        > 28 |   throw new Error(fallbackMessage);
             |         ^
          29 | };
          30 |
          31 | export const getBenefitGraph = async (

      at handleAxiosError (src/controller/query/admin/benefit/benefit.service.ts:28:9)
      at handleAxiosError (src/controller/query/admin/benefit/benefit.service.ts:95:5)
      at Object.<anonymous> (src/controller/query/admin/benefit/__tests__/benefit.service.test.ts:160:7)
      at Object.toThrow (node_modules/expect/build/index.js:2155:20)
      at Object.toThrow (src/controller/query/admin/benefit/__tests__/benefit.service.test.ts:162:17)

  ● benefit.service › getBenefitDetails › should throw error when response data is missing

    expect(received).rejects.toThrow(expected)

    Expected substring: "No server response for benefit details."
    Received message:   "Error retrieving benefit details."

          26 |     }
          27 |   }
        > 28 |   throw new Error(fallbackMessage);
             |         ^
          29 | };
          30 |
          31 | export const getBenefitGraph = async (

      at handleAxiosError (src/controller/query/admin/benefit/benefit.service.ts:28:9)
      at handleAxiosError (src/controller/query/admin/benefit/benefit.service.ts:115:5)
      at Object.<anonymous> (src/controller/query/admin/benefit/__tests__/benefit.service.test.ts:191:7)
      at Object.toThrow (node_modules/expect/build/index.js:2155:20)
      at Object.toThrow (src/controller/query/admin/benefit/__tests__/benefit.service.test.ts:193:17)

PASS src/controller/query/auth/__tests__/useAuthCredential.test.tsx
  ● Console

    console.error
      An update to AuthProvider inside a test was not wrapped in act(...).
      
      When testing, code that causes React state updates should be wrapped into act(...):
      
      act(() => {
        /* fire events that update state */
      });
      /* assert on the output */
      
      This ensures that you're testing the behavior the user would see in the browser. Learn more at https://react.dev/link/wrap-tests-with-act

      29 |       }
      30 |       localStorage.setItem("isSuperAdmin", JSON.stringify(isSuperAdmin));
    > 31 |       setIsAuthenticated(true);
         |       ^
      32 |       setUser(data!);
      33 |       setCookie("authToken", token, {
      34 |         maxAge: 60 * 60 * 24 * 7,

      at node_modules/react-dom/cjs/react-dom-client.development.js:18758:19
      at runWithFiberInDEV (node_modules/react-dom/cjs/react-dom-client.development.js:874:13)
      at warnIfUpdatesNotWrappedWithActDEV (node_modules/react-dom/cjs/react-dom-client.development.js:18757:9)
      at scheduleUpdateOnFiber (node_modules/react-dom/cjs/react-dom-client.development.js:16409:11)
      at dispatchSetStateInternal (node_modules/react-dom/cjs/react-dom-client.development.js:9170:13)
      at dispatchSetState (node_modules/react-dom/cjs/react-dom-client.development.js:9127:7)
      at Object.setIsAuthenticated [as onSuccess] (src/controller/query/auth/useAuthCredential.ts:31:7)
      at Mutation.execute (node_modules/@tanstack/query-core/src/mutation.ts:244:26)
      at Object.<anonymous> (src/controller/query/auth/__tests__/useAuthCredential.test.tsx:61:7)

    console.error
      An update to AuthProvider inside a test was not wrapped in act(...).
      
      When testing, code that causes React state updates should be wrapped into act(...):
      
      act(() => {
        /* fire events that update state */
      });
      /* assert on the output */
      
      This ensures that you're testing the behavior the user would see in the browser. Learn more at https://react.dev/link/wrap-tests-with-act

      30 |       localStorage.setItem("isSuperAdmin", JSON.stringify(isSuperAdmin));
      31 |       setIsAuthenticated(true);
    > 32 |       setUser(data!);
         |       ^
      33 |       setCookie("authToken", token, {
      34 |         maxAge: 60 * 60 * 24 * 7,
      35 |         path: "/",

      at node_modules/react-dom/cjs/react-dom-client.development.js:18758:19
      at runWithFiberInDEV (node_modules/react-dom/cjs/react-dom-client.development.js:874:13)
      at warnIfUpdatesNotWrappedWithActDEV (node_modules/react-dom/cjs/react-dom-client.development.js:18757:9)
      at scheduleUpdateOnFiber (node_modules/react-dom/cjs/react-dom-client.development.js:16409:11)
      at dispatchSetStateInternal (node_modules/react-dom/cjs/react-dom-client.development.js:9170:13)
      at dispatchSetState (node_modules/react-dom/cjs/react-dom-client.development.js:9127:7)
      at Object.setUser [as onSuccess] (src/controller/query/auth/useAuthCredential.ts:32:7)
      at Mutation.execute (node_modules/@tanstack/query-core/src/mutation.ts:244:26)
      at Object.<anonymous> (src/controller/query/auth/__tests__/useAuthCredential.test.tsx:61:7)

    console.error
      An update to AlertProvider inside a test was not wrapped in act(...).
      
      When testing, code that causes React state updates should be wrapped into act(...):
      
      act(() => {
        /* fire events that update state */
      });
      /* assert on the output */
      
      This ensures that you're testing the behavior the user would see in the browser. Learn more at https://react.dev/link/wrap-tests-with-act

      51 |   const showAlert = useCallback((alert: Omit<AlertData, 'id'>) => {
      52 |     const id = ++idCounter.current;
    > 53 |     setAlerts((prev) => {
         |     ^
      54 |       // Garde seulement les MAX_ALERTS plus récents
      55 |       const updated = [...prev, { ...alert, id }];
      56 |       

      at node_modules/react-dom/cjs/react-dom-client.development.js:18758:19
      at runWithFiberInDEV (node_modules/react-dom/cjs/react-dom-client.development.js:874:13)
      at warnIfUpdatesNotWrappedWithActDEV (node_modules/react-dom/cjs/react-dom-client.development.js:18757:9)
      at scheduleUpdateOnFiber (node_modules/react-dom/cjs/react-dom-client.development.js:16409:11)
      at dispatchSetStateInternal (node_modules/react-dom/cjs/react-dom-client.development.js:9170:13)
      at dispatchSetState (node_modules/react-dom/cjs/react-dom-client.development.js:9127:7)
      at setAlerts (src/context/AlertProvider.tsx:53:5)
      at Object.showAlert (src/controller/query/auth/useAuthCredential.ts:81:9)
      at Mutation.execute (node_modules/@tanstack/query-core/src/mutation.ts:244:26)
      at Object.<anonymous> (src/controller/query/auth/__tests__/useAuthCredential.test.tsx:61:7)

PASS src/components/auth/__tests__/SignInForm.test.tsx
FAIL src/controller/query/senders/__tests__/senders.service.test.tsx
  ● senders.service › getClientSenderIdsList › should throw error when response data is missing

    expect(received).rejects.toThrow(expected)

    Expected substring: "No server response for sender IDs list."
    Received message:   "Server error while retrieving sender IDs list."

          31 |       }
          32 |     }
        > 33 |     throw new Error("Server error while retrieving sender IDs list.");
             |           ^
          34 |   }
          35 | };
          36 |

      at getClientSenderIdsList (src/controller/query/senders/senders.service.ts:33:11)
      at Object.<anonymous> (src/controller/query/senders/__tests__/senders.service.test.tsx:64:7)
      at Object.toThrow (node_modules/expect/build/index.js:2155:20)
      at Object.toThrow (src/controller/query/senders/__tests__/senders.service.test.tsx:64:67)

  ● senders.service › createSenderIdRequest › should throw error when response data is missing

    expect(received).rejects.toThrow(expected)

    Expected substring: "No server response for sender ID request."
    Received message:   "Server error while requesting sender ID."

          58 |       }
          59 |     }
        > 60 |     throw new Error("Server error while requesting sender ID.");
             |           ^
          61 |   }
          62 | };
          63 |

      at createSenderIdRequest (src/controller/query/senders/senders.service.ts:60:11)
      at Object.<anonymous> (src/controller/query/senders/__tests__/senders.service.test.tsx:156:7)
      at Object.toThrow (node_modules/expect/build/index.js:2155:20)
      at Object.toThrow (src/controller/query/senders/__tests__/senders.service.test.tsx:158:17)

FAIL src/controller/api/config/__tests__/smsApiConfig.test.tsx
  ● smsApiConfig › smsApiRequest › should make a GET request successfully

    TypeError: smsApi is not a function

      76 |   }
      77 |   try {
    > 78 |     const response: AxiosResponse<ResponseType> = await smsApi(config);
         |                                                         ^
      79 |     if (process.env.NODE_ENV === 'development') {
      80 |       console.log('✅ SMS API Response:', {
      81 |         status: response.status,

      at smsApi (src/controller/api/config/smsApiConfig.ts:78:57)
      at Object.testSmsApiRequest (src/controller/api/config/__tests__/smsApiConfig.test.tsx:72:28)

  ● smsApiConfig › smsApiRequest › should add api-key header when provided

    TypeError: smsApi is not a function

      76 |   }
      77 |   try {
    > 78 |     const response: AxiosResponse<ResponseType> = await smsApi(config);
         |                                                         ^
      79 |     if (process.env.NODE_ENV === 'development') {
      80 |       console.log('✅ SMS API Response:', {
      81 |         status: response.status,

      at smsApi (src/controller/api/config/smsApiConfig.ts:78:57)
      at Object.testSmsApiRequest (src/controller/api/config/__tests__/smsApiConfig.test.tsx:97:13)

  ● smsApiConfig › smsApiRequest › should normalize endpoint to start with /

    TypeError: smsApi is not a function

      76 |   }
      77 |   try {
    > 78 |     const response: AxiosResponse<ResponseType> = await smsApi(config);
         |                                                         ^
      79 |     if (process.env.NODE_ENV === 'development') {
      80 |       console.log('✅ SMS API Response:', {
      81 |         status: response.status,

      at smsApi (src/controller/api/config/smsApiConfig.ts:78:57)
      at Object.testSmsApiRequest (src/controller/api/config/__tests__/smsApiConfig.test.tsx:128:13)

  ● smsApiConfig › smsApiRequest › should handle errors properly

    expect(received).rejects.toEqual(expected) // deep equality

    - Expected  - 10
    + Received  +  1

    - Object {
    -   "isAxiosError": true,
    -   "response": Object {
    -     "data": Object {
    -       "message": "Not found",
    -     },
    -     "status": 404,
    -     "statusText": "Not Found",
    -   },
    - }
    + [TypeError: smsApi is not a function]

      160 |           endpoint: '/test',
      161 |         })
    > 162 |       ).rejects.toEqual(mockError);
          |                 ^
      163 |     });
      164 |   });
      165 | });

      at Object.toEqual (node_modules/expect/build/index.js:2155:20)
      at Object.toEqual (src/controller/api/config/__tests__/smsApiConfig.test.tsx:162:17)

FAIL src/app/(admin)/reports/components/__tests__/DLRSummaryReport.test.tsx
  ● DLRSummaryReport › should render DLR summary report

    TypeError: Cannot destructure property 'showAlert' of '(0 , _AlertProvider.useAlert)(...)' as it is undefined.

      45 | export default function DLRSummaryReport() {
      46 |   const { user } = useAuth();
    > 47 |   const { showAlert } = useAlert();
         |           ^
      48 |
      49 |   const [apiKey, setApiKey] = useState<string | null>(null);
      50 |   const [dateRange, setDateRange] = useState<DateRangePreset>(DEFAULT_RANGE);

      at showAlert (/home/iann/code/project/sms_portail/src/app/(admin)../../../../../reports/components/DLRSummaryReport.tsx:47:11)
      at Object.react_stack_bottom_frame (node_modules/react-dom/cjs/react-dom-client.development.js:25904:20)
      at renderWithHooks (node_modules/react-dom/cjs/react-dom-client.development.js:7662:22)
      at updateFunctionComponent (node_modules/react-dom/cjs/react-dom-client.development.js:10166:19)
      at beginWork (node_modules/react-dom/cjs/react-dom-client.development.js:11778:18)
      at runWithFiberInDEV (node_modules/react-dom/cjs/react-dom-client.development.js:874:13)
      at performUnitOfWork (node_modules/react-dom/cjs/react-dom-client.development.js:17641:22)
      at workLoopSync (node_modules/react-dom/cjs/react-dom-client.development.js:17469:41)
      at renderRootSync (node_modules/react-dom/cjs/react-dom-client.development.js:17450:11)
      at performWorkOnRoot (node_modules/react-dom/cjs/react-dom-client.development.js:16583:35)
      at performWorkOnRootViaSchedulerTask (node_modules/react-dom/cjs/react-dom-client.development.js:18957:7)
      at flushActQueue (node_modules/react/cjs/react.development.js:590:34)
      at process.env.NODE_ENV.exports.act (node_modules/react/cjs/react.development.js:884:10)
      at node_modules/@testing-library/react/dist/act-compat.js:47:25
      at renderRoot (node_modules/@testing-library/react/dist/pure.js:190:26)
      at render (node_modules/@testing-library/react/dist/pure.js:292:10)
      at Object.<anonymous> (/home/iann/code/project/sms_portail/src/app/(admin)../../../../../reports/components/__tests__/DLRSummaryReport.test.tsx:49:11)

FAIL src/app/(admin)/messages/components/__tests__/SendTransactionalForm.test.tsx
  ● SendTransactionalForm › should render send transactional form

    TestingLibraryElementError: Found multiple elements with the text: /Transactional/i

    Here are the matching elements:

    Ignored nodes: comments, script, style
    [36m<h3[39m
      [33mclass[39m=[32m"tracking-tight text-xl font-semibold flex items-center gap-3 text-gray-900 dark:text-white"[39m
    [36m>[39m
      [36m<svg[39m
        [33maria-hidden[39m=[32m"true"[39m
        [33mclass[39m=[32m"lucide lucide-send h-5 w-5 text-brand-500"[39m
        [33mfill[39m=[32m"none"[39m
        [33mheight[39m=[32m"24"[39m
        [33mstroke[39m=[32m"currentColor"[39m
        [33mstroke-linecap[39m=[32m"round"[39m
        [33mstroke-linejoin[39m=[32m"round"[39m
        [33mstroke-width[39m=[32m"2"[39m
        [33mviewBox[39m=[32m"0 0 24 24"[39m
        [33mwidth[39m=[32m"24"[39m
        [33mxmlns[39m=[32m"http://www.w3.org/2000/svg"[39m
      [36m>[39m
        [36m<path[39m
          [33md[39m=[32m"M14.536 21.686a.5.5 0 0 0 .937-.024l6.5-19a.496.496 0 0 0-.635-.635l-19 6.5a.5.5 0 0 0-.024.937l7.93 3.18a2 2 0 0 1 1.112 1.11z"[39m
        [36m/>[39m
        [36m<path[39m
          [33md[39m=[32m"m21.854 2.147-10.94 10.939"[39m
        [36m/>[39m
      [36m</svg>[39m
      [0mTransactional SMS Form[0m
    [36m</h3>[39m

    Ignored nodes: comments, script, style
    [36m<p[39m
      [33mclass[39m=[32m"text-sm text-gray-600 dark:text-gray-400 mt-2"[39m
    [36m>[39m
      [0mSend single transactional SMS (OTP, notifications, etc.)[0m
    [36m</p>[39m

    (If this is intentional, then use the `*AllBy*` variant of the query (like `queryAllByText`, `getAllByText`, or `findAllByText`)).

    Ignored nodes: comments, script, style
    [36m<body>[39m
      [36m<div>[39m
        [36m<div[39m
          [33mclass[39m=[32m"rounded-xl text-card-foreground border-2 border-border/50 dark:border-border/30 bg-card dark:bg-gray-900/50 shadow-xl hover:shadow-2xl transition-all duration-300"[39m
        [36m>[39m
          [36m<div[39m
            [33mclass[39m=[32m"flex flex-col space-y-1.5 p-6 bg-gradient-to-r from-brand-50/50 to-blue-light-50/50 dark:from-brand-950/30 dark:to-blue-light-950/30 border-b-2 border-border/50 dark:border-border/30 px-6 py-6"[39m
          [36m>[39m
            [36m<h3[39m
              [33mclass[39m=[32m"tracking-tight text-xl font-semibold flex items-center gap-3 text-gray-900 dark:text-white"[39m
            [36m>[39m
              [36m<svg[39m
                [33maria-hidden[39m=[32m"true"[39m
                [33mclass[39m=[32m"lucide lucide-send h-5 w-5 text-brand-500"[39m
                [33mfill[39m=[32m"none"[39m
                [33mheight[39m=[32m"24"[39m
                [33mstroke[39m=[32m"currentColor"[39m
                [33mstroke-linecap[39m=[32m"round"[39m
                [33mstroke-linejoin[39m=[32m"round"[39m
                [33mstroke-width[39m=[32m"2"[39m
                [33mviewBox[39m=[32m"0 0 24 24"[39m
                [33mwidth[39m=[32m"24"[39m
                [33mxmlns[39m=[32m"http://www.w3.org/2000/svg"[39m
              [36m>[39m
                [36m<path[39m
                  [33md[39m=[32m"M14.536 21.686a.5.5 0 0 0 .937-.024l6.5-19a.496.496 0 0 0-.635-.635l-19 6.5a.5.5 0 0 0-.024.937l7.93 3.18a2 2 0 0 1 1.112 1.11z"[39m
                [36m/>[39m
                [36m<path[39m
                  [33md[39m=[32m"m21.854 2.147-10.94 10.939"[39m
                [36m/>[39m
              [36m</svg>[39m
              [0mTransactional SMS Form[0m
            [36m</h3>[39m
            [36m<p[39m
              [33mclass[39m=[32m"text-sm text-gray-600 dark:text-gray-400 mt-2"[39m
            [36m>[39m
              [0mSend single transactional SMS (OTP, notifications, etc.)[0m
            [36m</p>[39m
          [36m</div>[39m
          [36m<div[39m
            [33mclass[39m=[32m"p-6 px-6 py-8"[39m
          [36m>[39m
            [36m<form[39m
              [33mclass[39m=[32m"space-y-8"[39m
            [36m>[39m
              [36m<div[39m
                [33mclass[39m=[32m"grid gap-6 md:grid-cols-2"[39m
              [36m>[39m
                [36m<div[39m
                  [33mclass[39m=[32m"space-y-3"[39m
                [36m>[39m
                  [36m<div[39m
                    [33mclass[39m=[32m"peer-disabled:cursor-not-allowed peer-disabled:opacity-70 text-sm font-semibold text-gray-900 dark:text-white"[39m
                    [33mfor[39m=[32m"msisdn"[39m
                  [36m>[39m
                    [0mPhone Number (MSISDN) *[0m
                  [36m</div>[39m
                  [36m<input[39m
                    [33mclass[39m=[32m"flex w-full rounded-xl bg-white px-3 py-2 text-base text-gray-900 ring-offset-background file:border-0 file:bg-transparent file:text-sm file:font-medium file:text-foreground placeholder:text-muted-foreground focus-visible:outline-none focus-visible:border-brand-500 dark:focus-visible:border-brand-400 focus-visible:ring-2 focus-visible:ring-brand-500/20 dark:focus-visible:ring-brand-400/20 focus-visible:ring-offset-2 disabled:cursor-not-allowed disabled:opacity-50 disabled:bg-gray-50 dark:disabled:bg-gray-800/50 md:text-sm transition-colors h-12 border-2 border-border/50 dark:border-gray-700 focus:border-brand-500 dark:focus:border-brand-500 focus:ring-2 focus:ring-brand-500/20 dark:bg-gray-800 dark:text-white"[39m
                    [33mid[39m=[32m"msisdn"[39m
                    [33mplaceholder[39m=[32m"+243974096458"[39m
                    [33mrequired[39m=[32m""[39m
                    [33mvalue[39m=[32m""[39m
                  [36m/>[39m
                  [36m<p[39m
                    [33mclass[39m=[32m"text-xs text-muted-foreground dark:text-gray-400"[39m
                  [36m>[39m
                    [0mInclude country code (e.g., +243974096458)[0m
                  [36m</p>[39m
                [36m</div>[39m
                [36m<div[39m
                  [33mclass[39m=[32m"space-y-3"[39m
                [36m>[39m
                  [36m<div[39m
                    [33mclass[39m=[32m"peer-disabled:cursor-not-allowed peer-disabled:opacity-70 text-sm font-semibold text-gray-900 dark:text-white"[39m
                    [33mfor[39m=[32m"sender_id"[39m
                  [36m>[39m
                    [0mSender ID *[0m
                  [36m</div>[39m
                  [36m<div[39m
                    [33mclass[39m=[32m"relative w-full"[39m
                  [36m>[39m
                    [36m<button[39m
                      [33maria-expanded[39m=[32m"false"[39m
                      [33maria-haspopup[39m=[32m"listbox"[39m
                      [33mclass[39m=[32m"flex items-center justify-between rounded-xl bg-white text-gray-900 px-3 py-2 text-sm focus:outline-none dark:focus:ring-brand-400/20 focus:ring-offset-2 placeholder:text-muted-foreground disabled:cursor-not-allowed disabled:opacity-50 disabled:bg-gray-50 dark:disabled:bg-gray-800/50 transition-colors w-full h-12 border-2 border-border/50 dark:border-gray-700 focus:border-brand-500 dark:focus:border-brand-500 focus:ring-2 focus:ring-brand-500/20 dark:bg-gray-800 dark:text-white"[39m
                      [33mid[39m=[32m"sender_id"[39m
                      [33mrole[39m=[32m"combobox"[39m
                      [33mtype[39m=[32m"button"[39m
                    [36m>[39m
                      [36m<span[39m
                        [33mclass[39m=[32m"block truncate text-muted-foreground"[39m
                      [36m>[39m
                        [0mSelect Sender ID[0m
                      [36m</span>[39m
                      [36m<svg[39m
                        [33maria-hidden[39m=[32m"true"[39m
                        [33mclass[39m=[32m"lucide lucide-chevron-down h-4 w-4 opacity-60 text-gray-500 dark:text-gray-400 shrink-0 transition-transform"[39m
                        [33mfill[39m=[32m"none"[39m
                        [33mheight[39m=[32m"24"[39m
                        [33mstroke[39m=[32m"currentColor"[39m
                        [33mstroke-linecap[39m=[32m"round"[39m
                        [33mstroke-linejoin[39m=[32m"round"[39m
                        [33mstroke-width[39m=[32m"2"[39m
                        [33mviewBox[39m=[32m"0 0 24 24"[39m
                        [33mwidth[39m=[32m"24"[39m
                        [33mxmlns[39m=[32m"http://www.w3.org/2000/svg"[39m
                      [36m>[39m
                        [36m<path[39m
                          [33md[39m=[32m"m6 9 6 6 6-6"[39m
                        [36m/>[39m
                      [36m</svg>[39m
                    [36m</button>[39m
                  [36m</div>[39m
                [36m</div>[39m
                [36m<div[39m
                  [33mclass[39m=[32m"space-y-3"[39m
                [36m>[39m
                  [36m<div[39m
                    [33mclass[39m=[32m"peer-disabled:cursor-not-allowed peer-disabled:opaci...

      47 |   it('should render send transactional form', () => {
      48 |     render(<SendTransactionalForm apiKey="test-key" />);
    > 49 |     expect(screen.getByText(/Transactional/i)).toBeInTheDocument();
         |                   ^
      50 |   });
      51 |
      52 |   it('should validate required fields', async () => {

      at Object.getElementError (node_modules/@testing-library/dom/dist/config.js:37:19)
      at getElementError (node_modules/@testing-library/dom/dist/query-helpers.js:20:35)
      at getMultipleElementsFoundError (node_modules/@testing-library/dom/dist/query-helpers.js:23:10)
      at node_modules/@testing-library/dom/dist/query-helpers.js:55:13
      at node_modules/@testing-library/dom/dist/query-helpers.js:95:19
      at Object.getByText (/home/iann/code/project/sms_portail/src/app/(admin)../../../../../messages/components/__tests__/SendTransactionalForm.test.tsx:49:19)

  ● SendTransactionalForm › should validate required fields

    expect(jest.fn()).toHaveBeenCalled()

    Expected number of calls: >= 1
    Received number of calls:    0

      54 |     const submitButton = screen.getByRole('button', { name: /send/i });
      55 |     fireEvent.click(submitButton);
    > 56 |     expect(mockShowAlert).toHaveBeenCalled();
         |                           ^
      57 |   });
      58 |
      59 |   it('should submit form with valid data', async () => {

      at Object.toHaveBeenCalled (/home/iann/code/project/sms_portail/src/app/(admin)../../../../../messages/components/__tests__/SendTransactionalForm.test.tsx:56:27)

  ● SendTransactionalForm › should submit form with valid data

    TestingLibraryElementError: Unable to find an accessible element with the role "combobox" and name `/sender/i`

    Here are the accessible roles:

      heading:

      Name "Transactional SMS Form":
      [36m<h3[39m
        [33mclass[39m=[32m"tracking-tight text-xl font-semibold flex items-center gap-3 text-gray-900 dark:text-white"[39m
      [36m/>[39m

      --------------------------------------------------
      paragraph:

      Name "":
      [36m<p[39m
        [33mclass[39m=[32m"text-sm text-gray-600 dark:text-gray-400 mt-2"[39m
      [36m/>[39m

      Name "":
      [36m<p[39m
        [33mclass[39m=[32m"text-xs text-muted-foreground dark:text-gray-400"[39m
      [36m/>[39m

      Name "":
      [36m<p[39m
        [33mclass[39m=[32m"text-xs text-muted-foreground dark:text-gray-400"[39m
      [36m/>[39m

      --------------------------------------------------
      textbox:

      Name "":
      [36m<input[39m
        [33mclass[39m=[32m"flex w-full rounded-xl bg-white px-3 py-2 text-base text-gray-900 ring-offset-background file:border-0 file:bg-transparent file:text-sm file:font-medium file:text-foreground placeholder:text-muted-foreground focus-visible:outline-none focus-visible:border-brand-500 dark:focus-visible:border-brand-400 focus-visible:ring-2 focus-visible:ring-brand-500/20 dark:focus-visible:ring-brand-400/20 focus-visible:ring-offset-2 disabled:cursor-not-allowed disabled:opacity-50 disabled:bg-gray-50 dark:disabled:bg-gray-800/50 md:text-sm transition-colors h-12 border-2 border-border/50 dark:border-gray-700 focus:border-brand-500 dark:focus:border-brand-500 focus:ring-2 focus:ring-brand-500/20 dark:bg-gray-800 dark:text-white"[39m
        [33mid[39m=[32m"msisdn"[39m
        [33mplaceholder[39m=[32m"+243974096458"[39m
        [33mrequired[39m=[32m""[39m
        [33mvalue[39m=[32m"+243974096458"[39m
      [36m/>[39m

      Name "":
      [36m<input[39m
        [33mclass[39m=[32m"flex w-full rounded-xl bg-white px-3 py-2 text-base text-gray-900 ring-offset-background file:border-0 file:bg-transparent file:text-sm file:font-medium file:text-foreground placeholder:text-muted-foreground focus-visible:outline-none focus-visible:border-brand-500 dark:focus-visible:border-brand-400 focus-visible:ring-2 focus-visible:ring-brand-500/20 dark:focus-visible:ring-brand-400/20 focus-visible:ring-offset-2 disabled:cursor-not-allowed disabled:opacity-50 disabled:bg-gray-50 dark:disabled:bg-gray-800/50 md:text-sm transition-colors h-12 border-2 border-border/50 dark:border-gray-700 focus:border-brand-500 dark:focus:border-brand-500 focus:ring-2 focus:ring-brand-500/20 dark:bg-gray-800 dark:text-white"[39m
        [33mid[39m=[32m"callback_url"[39m
        [33mplaceholder[39m=[32m"https://yourapp.com/callback"[39m
        [33mtype[39m=[32m"url"[39m
        [33mvalue[39m=[32m""[39m
      [36m/>[39m

      Name "":
      [36m<textarea[39m
        [33mclass[39m=[32m"flex min-h-[80px] w-full rounded-xl bg-white px-3 py-2 text-sm text-gray-900 ring-offset-background placeholder:text-muted-foreground focus-visible:outline-none focus-visible:border-brand-500 dark:focus-visible:border-brand-400 focus-visible:ring-2 focus-visible:ring-brand-500/20 dark:focus-visible:ring-brand-400/20 focus-visible:ring-offset-2 disabled:cursor-not-allowed disabled:opacity-50 disabled:bg-gray-50 dark:disabled:bg-gray-800/50 transition-colors border-2 border-border/50 dark:border-gray-700 focus:border-brand-500 dark:focus:border-brand-500 focus:ring-2 focus:ring-brand-500/20 dark:bg-gray-800 dark:text-white resize-none"[39m
        [33mid[39m=[32m"message"[39m
        [33mmaxlength[39m=[32m"160"[39m
        [33mplaceholder[39m=[32m"Your verification code is 123456"[39m
        [33mrequired[39m=[32m""[39m
        [33mrows[39m=[32m"5"[39m
      [36m/>[39m

      --------------------------------------------------
      combobox:

      Name "":
      [36m<button[39m
        [33maria-expanded[39m=[32m"false"[39m
        [33maria-haspopup[39m=[32m"listbox"[39m
        [33mclass[39m=[32m"flex items-center justify-between rounded-xl bg-white text-gray-900 px-3 py-2 text-sm focus:outline-none dark:focus:ring-brand-400/20 focus:ring-offset-2 placeholder:text-muted-foreground disabled:cursor-not-allowed disabled:opacity-50 disabled:bg-gray-50 dark:disabled:bg-gray-800/50 transition-colors w-full h-12 border-2 border-border/50 dark:border-gray-700 focus:border-brand-500 dark:focus:border-brand-500 focus:ring-2 focus:ring-brand-500/20 dark:bg-gray-800 dark:text-white"[39m
        [33mid[39m=[32m"sender_id"[39m
        [33mrole[39m=[32m"combobox"[39m
        [33mtype[39m=[32m"button"[39m
      [36m/>[39m

      Name "":
      [36m<button[39m
        [33maria-expanded[39m=[32m"false"[39m
        [33maria-haspopup[39m=[32m"listbox"[39m
        [33mclass[39m=[32m"flex w-full items-center justify-between rounded-xl bg-white text-gray-900 px-3 py-2 text-sm focus:outline-none dark:focus:ring-brand-400/20 focus:ring-offset-2 placeholder:text-muted-foreground disabled:cursor-not-allowed disabled:opacity-50 disabled:bg-gray-50 dark:disabled:bg-gray-800/50 transition-colors h-12 border-2 border-border/50 dark:border-gray-700 focus:border-brand-500 dark:focus:border-brand-500 focus:ring-2 focus:ring-brand-500/20 dark:bg-gray-800 dark:text-white"[39m
        [33mid[39m=[32m"country_code"[39m
        [33mrole[39m=[32m"combobox"[39m
        [33mtype[39m=[32m"button"[39m
      [36m/>[39m

      --------------------------------------------------
      button:

      Name "Reset":
      [36m<button[39m
        [33mclass[39m=[32m"inline-flex items-center justify-center gap-2 whitespace-nowrap rounded-md text-sm font-medium ring-offset-background transition-colors focus-visible:outline-none focus-visible:ring-2 focus-visible:ring-ring focus-visible:ring-offset-2 disabled:pointer-events-none disabled:opacity-50 [&_svg]:pointer-events-none [&_svg]:size-4 [&_svg]:shrink-0 bg-background text-gray-900 hover:text-accent-foreground py-2 h-11 px-6 border-2 border-border/50 dark:border-gray-700 hover:bg-gray-100 dark:hover:bg-gray-800 dark:text-white"[39m
        [33mtype[39m=[32m"button"[39m
      [36m/>[39m

      Name "Send SMS":
      [36m<button[39m
        [33mclass[39m=[32m"inline-flex items-center justify-center gap-2 whitespace-nowrap rounded-md text-sm ring-offset-background focus-visible:outline-none focus-visible:ring-2 focus-visible:ring-ring focus-visible:ring-offset-2 disabled:pointer-events-none [&_svg]:pointer-events-none [&_svg]:size-4 [&_svg]:shrink-0 bg-primary hover:bg-primary/90 py-2 h-11 px-8 bg-gradient-to-r from-brand-500 to-brand-600 hover:from-brand-600 hover:to-brand-700 text-white shadow-lg hover:shadow-xl transition-all duration-200 disabled:opacity-50 disabled:cursor-not-allowed font-semibold"[39m
        [33mtype[39m=[32m"submit"[39m
      [36m/>[39m

      --------------------------------------------------

    Ignored nodes: comments, script, style
    [36m<body>[39m
      [36m<div>[39m
        [36m<div[39m
          [33mclass[39m=[32m"rounded-xl text-card-foreground border-2 border-border/50 dark:border-border/30 bg-card dark:bg-gray-900/50 shadow-xl hover:shadow-2xl transition-all duration-300"[39m
        [36m>[39m
          [36m<div[39m
            [33mclass[39m=[32m"flex flex-col space-y-1.5 p-6 bg-gradient-to-r from-brand-50/50 to-blue-light-50/50 dark:from-brand-950/30 dark:to-blue-light-950/30 border-b-2 border-border/50 dark:border-border/30 px-6 py-6"[39m
          [36m>[39m
            [36m<h3[39m
              [33mclass[39m=[32m"tracking-tight text-xl font-semibold flex items-center gap-3 text-gray-900 dark:text-white"[39m
            [36m>[39m
              [36m<svg[39m
                [33maria-hidden[39m=[32m"true"[39m
                [33mclass[39m=[32m"lucide lucide-send h-5 w-5 text-brand-500"[39m
                [33mfill[39m=[32m"none"[39m
                [33mheight[39m=[32m"24"[39m
                [33mstroke[39m=[32m"currentColor"[39m
                [33mstroke-linecap[39m=[32m"round"[39m
                [33mstroke-linejoin[39m=[32m"round"[39m
                [33mstroke-width[39m=[32m"2"[39m
                [33mviewBox[39m=[32m"0 0 24 24"[39m
                [33mwidth[39m=[32m"24"[39m
                [33mxmlns[39m=[32m"http://www.w3.org/2000/svg"[39m
              [36m>[39m
                [36m<path[39m
                  [33md[39m=[32m"M14.536 21.686a.5.5 0 0 0 .937-.024l6.5-19a.496.496 0 0 0-.635-.635l-19 6.5a.5.5 0 0 0-.024.937l7.93 3.18a2 2 0 0 1 1.112 1.11z"[39m
                [36m/>[39m
                [36m<path[39m
                  [33md[39m=[32m"m21.854 2.147-10.94 10.939"[39m
                [36m/>[39m
              [36m</svg>[39m
              [0mTransactional SMS Form[0m
            [36m</h3>[39m
            [36m<p[39m
              [33mclass[39m=[32m"text-sm text-gray-600 dark:text-gray-400 mt-2"[39m
            [36m>[39m
              [0mSend single transactional SMS (OTP, notifications, etc.)[0m
            [36m</p>[39m
          [36m</div>[39m
          [36m<div[39m
            [33mclass[39m=[32m"p-6 px-6 py-8"[39m
          [36m>[39m
            [36m<form[39m
              [33mclass[39m=[32m"space-y-8"[39m
            [36m>[39m
              [36m<div[39m
                [33mclass[39m=[32m"grid gap-6 md:grid-cols-2"[39m
              [36m>[39m
                [36m<div[39m
                  [33mclass[39m=[32m"space-y-3"[39m
                [36m>[39m
                  [36m<div[39m
                    [33mclass[39m=[32m"peer-disabled:cursor-not-allowed peer-disabled:opacity-70 text-sm font-semibold text-gray-900 dark:text-white"[39m
                    [33mfor[39m=[32m"msisdn"[39m
                  [36m>[39m
                    [0mPhone Number (MSISDN) *[0m
                  [36m</div>[39m
                  [36m<input[39m
                    [33mclass[39m=[32m"flex w-full rounded-xl bg-white px-3 py-2 text-base text-gray-900 ring-offset-background file:border-0 file:bg-transparent file:text-sm file:font-medium file:text-foreground placeholder:text-muted-foreground focus-visible:outline-none focus-visible:border-brand-500 dark:focus-visible:border-brand-400 focus-visible:ring-2 focus-visible:ring-brand-500/20 dark:focus-visible:ring-brand-400/20 focus-visible:ring-offset-2 disabled:cursor-not-allowed disabled:opacity-50 disabled:bg-gray-50 dark:disabled:bg-gray-800/50 md:text-sm transition-colors h-12 border-2 border-border/50 dark:border-gray-700 focus:border-brand-500 dark:focus:border-brand-500 focus:ring-2 focus:ring-brand-500/20 dark:bg-gray-800 dark:text-white"[39m
                    [33mid[39m=[32m"msisdn"[39m
                    [33mplaceholder[39m=[32m"+243974096458"[39m
                    [33mrequired[39m=[32m""[39m
                    [33mvalue[39m=[32m"+243974096458"[39m
                  [36m/>[39m
                  [36m<p[39m
                    [33mclass[39m=[32m"text-xs text-muted-foreground dark:text-gray-400"[39m
                  [36m>[39m
                    [0mInclude country code (e.g., +243974096458)[0m
                  [36m</p>[39m
                [36m</div>[39m
                [36m<div[39m
                  [33mclass[39m=[32m"space-y-3"[39m
                [36m>[39m
                  [36m<div[39m
                    [33mclass[39m=[32m"peer-disabled:cursor-not-allowed peer-disabled:opacity-70 text-sm font-semibold text-gray-900 dark:text-white"[39m
                    [33mfor[39m=[32m"sender_id"[39m
                  [36m>[39m
                    [0mSender ID *[0m
                  [36m</div>[39m
                  [36m<div[39m
                    [33mclass[39m=[32m"relative w-full"[39m
                  [36m>[39m
                    [36m<button[39m
                      [33maria-expanded[39m=[32m"false"[39m
                      [33maria-haspopup[39m=[32m"listbox"[39m
                      [33mclass[39m=[32m"flex items-center justify-between rounded-xl bg-white text-gray-900 px-3 py-2 text-sm focus:outline-none dark:focus:ring-brand-400/20 focus:ring-offset-2 placeholder:text-muted-foreground disabled:cursor-not-allowed disabled:opacity-50 disabled:bg-gray-50 dark:disabled:bg-gray-800/50 transition-colors w-full h-12 border-2 border-border/50 dark:border-gray-700 focus:border-brand-500 dark:focus:border-brand-500 focus:ring-2 focus:ring-brand-500/20 dark:bg-gray-800 dark:text-white"[39m
                      [33mid[39m=[32m"sender_id"[39m
                      [33mrole[39m=[32m"combobox"[39m
                      [33mtype[39m=[32m"button"[39m
                    [36m>[39m
                      [36m<span[39m
                        [33mclass[39m=[32m"block truncate text-muted-foreground"[39m
                      [36m>[39m
                        [0mSelect Sender ID[0m
                      [36m</span>[39m
                      [36m<svg[39m
                        [33maria-hidden[39m=[32m"true"[39m
                        [33mclass[39m=[32m"lucide lucide-chevron-down h-4 w-4 opacity-60 text-gray-500 dark:text-gray-400 shrink-0 transition-transform"[39m
                        [33mfill[39m=[32m"none"[39m
                        [33mheight[39m=[32m"24"[39m
                        [33mstroke[39m=[32m"currentColor"[39m
                        [33mstroke-linecap[39m=[32m"round"[39m
                        [33mstroke-linejoin[39m=[32m"round"[39m
                        [33mstroke-width[39m=[32m"2"[39m
                        [33mviewBox[39m=[32m"0 0 24 24"[39m
                        [33mwidth[39m=[32m"24"[39m
                        [33mxmlns[39m=[32m"http://www.w3.org/2000/svg"[39m
                      [36m>[39m
                        [36m<path[39m
                          [33md[39m=[32m"m6 9 6 6 6-6"[39m
                        [36m/>[39m
                      [36m</svg>[39m
                    [36m</button>[39m
                  [36m</div>[39m
                [36m</div>[39m
                [36m<div[39m
                  [33mclass[39m=[32m"space-y-3"[39m
                [36m>[39m
                  [36m<div[39m
                    [33mclass[39m=[32m"peer-disabled:cursor-not-allowed peer-d...

      69 |     
      70 |     // Select sender ID
    > 71 |     const senderSelect = screen.getByRole('combobox', { name: /sender/i });
         |                                 ^
      72 |     fireEvent.click(senderSelect);
      73 |     
      74 |     fireEvent.click(submitButton);

      at Object.getElementError (node_modules/@testing-library/dom/dist/config.js:37:19)
      at node_modules/@testing-library/dom/dist/query-helpers.js:76:38
      at node_modules/@testing-library/dom/dist/query-helpers.js:52:17
      at node_modules/@testing-library/dom/dist/query-helpers.js:95:19
      at Object.getByRole (/home/iann/code/project/sms_portail/src/app/(admin)../../../../../messages/components/__tests__/SendTransactionalForm.test.tsx:71:33)

FAIL src/controller/api/config/__tests__/smsApiConfig.test.ts
  ● smsApiConfig › getSmsBaseURL › should throw error when neither URL is set

    NEXT_PUBLIC_SMS_API_BASE_URL or NEXT_PUBLIC_API_BASE_URL must be set in .env

      14 |     return billingUrl;
      15 |   }
    > 16 |   throw new Error('NEXT_PUBLIC_SMS_API_BASE_URL or NEXT_PUBLIC_API_BASE_URL must be set in .env');
         |         ^
      17 | };
      18 | export const smsBaseURL = getSmsBaseURL();
      19 | if (typeof window === 'undefined' && process.env.NODE_ENV === 'development') {

      at getSmsBaseURL (src/controller/api/config/smsApiConfig.ts:16:9)
      at Object.getSmsBaseURL (src/controller/api/config/smsApiConfig.ts:18:27)
      at Object.require (src/controller/api/config/__tests__/smsApiConfig.test.ts:46:33)

  ● smsApiConfig › smsApiRequest › should make request with api-key header

    TypeError: Cannot read properties of undefined (reading 'mockResolvedValue')

      63 |       };
      64 |
    > 65 |       (smsApi as any).mockResolvedValue(mockResponse);
         |                       ^
      66 |
      67 |       await smsApiRequest({
      68 |         method: 'GET',

      at Object.mockResolvedValue (src/controller/api/config/__tests__/smsApiConfig.test.ts:65:23)

  ● smsApiConfig › smsApiRequest › should normalize endpoint to start with /

    TypeError: Cannot read properties of undefined (reading 'mockResolvedValue')

      89 |       };
      90 |
    > 91 |       (smsApi as any).mockResolvedValue(mockResponse);
         |                       ^
      92 |
      93 |       await smsApiRequest({
      94 |         method: 'GET',

      at Object.mockResolvedValue (src/controller/api/config/__tests__/smsApiConfig.test.ts:91:23)

FAIL src/hooks/__tests__/use-mobile.test.ts
  ● useIsMobile › should update when window width changes

    expect(received).toBe(expected) // Object.is equality

    Expected: true
    Received: false

      83 |     });
      84 |
    > 85 |     expect(result.current).toBe(true);
         |                            ^
      86 |   });
      87 |
      88 |   it('should handle boundary case at 768px', () => {

      at Object.toBe (src/hooks/__tests__/use-mobile.test.ts:85:28)

FAIL src/app/(admin)/messages/components/__tests__/SendScheduledForm.test.tsx
  ● SendScheduledForm › should render send scheduled form

    TestingLibraryElementError: Found multiple elements with the text: /Schedule SMS/i

    Here are the matching elements:

    Ignored nodes: comments, script, style
    [36m<h1[39m
      [33mclass[39m=[32m"text-3xl font-bold tracking-tight text-gray-900 dark:text-white"[39m
    [36m>[39m
      [0mSchedule SMS[0m
    [36m</h1>[39m

    Ignored nodes: comments, script, style
    [36m<p[39m
      [33mclass[39m=[32m"text-muted-foreground dark:text-gray-400 mt-2"[39m
    [36m>[39m
      [0mSchedule SMS messages to be sent at a specific date and time[0m
    [36m</p>[39m

    Ignored nodes: comments, script, style
    [36m<h3[39m
      [33mclass[39m=[32m"tracking-tight text-xl font-semibold flex items-center gap-3 text-gray-900 dark:text-white"[39m
    [36m>[39m
      [36m<svg[39m
        [33maria-hidden[39m=[32m"true"[39m
        [33mclass[39m=[32m"lucide lucide-clock h-5 w-5 text-warning-500"[39m
        [33mfill[39m=[32m"none"[39m
        [33mheight[39m=[32m"24"[39m
        [33mstroke[39m=[32m"currentColor"[39m
        [33mstroke-linecap[39m=[32m"round"[39m
        [33mstroke-linejoin[39m=[32m"round"[39m
        [33mstroke-width[39m=[32m"2"[39m
        [33mviewBox[39m=[32m"0 0 24 24"[39m
        [33mwidth[39m=[32m"24"[39m
        [33mxmlns[39m=[32m"http://www.w3.org/2000/svg"[39m
      [36m>[39m
        [36m<circle[39m
          [33mcx[39m=[32m"12"[39m
          [33mcy[39m=[32m"12"[39m
          [33mr[39m=[32m"10"[39m
        [36m/>[39m
        [36m<polyline[39m
          [33mpoints[39m=[32m"12 6 12 12 16 14"[39m
        [36m/>[39m
      [36m</svg>[39m
      [0mSchedule SMS Form[0m
    [36m</h3>[39m

    Ignored nodes: comments, script, style
    [36m<button[39m
      [33mclass[39m=[32m"inline-flex items-center justify-center gap-2 whitespace-nowrap rounded-md text-sm ring-offset-background focus-visible:outline-none focus-visible:ring-2 focus-visible:ring-ring focus-visible:ring-offset-2 disabled:pointer-events-none [&_svg]:pointer-events-none [&_svg]:size-4 [&_svg]:shrink-0 bg-primary hover:bg-primary/90 py-2 h-11 px-8 font-semibold bg-gradient-to-r from-warning-500 to-orange-500 hover:from-warning-600 hover:to-orange-600 text-white shadow-lg hover:shadow-xl transition-all duration-200 disabled:opacity-50 disabled:cursor-not-allowed"[39m
      [33mtype[39m=[32m"submit"[39m
    [36m>[39m
      [36m<svg[39m
        [33maria-hidden[39m=[32m"true"[39m
        [33mclass[39m=[32m"lucide lucide-clock mr-2 h-4 w-4 text-white"[39m
        [33mfill[39m=[32m"none"[39m
        [33mheight[39m=[32m"24"[39m
        [33mstroke[39m=[32m"currentColor"[39m
        [33mstroke-linecap[39m=[32m"round"[39m
        [33mstroke-linejoin[39m=[32m"round"[39m
        [33mstroke-width[39m=[32m"2"[39m
        [33mviewBox[39m=[32m"0 0 24 24"[39m
        [33mwidth[39m=[32m"24"[39m
        [33mxmlns[39m=[32m"http://www.w3.org/2000/svg"[39m
      [36m>[39m
        [36m<circle[39m
          [33mcx[39m=[32m"12"[39m
          [33mcy[39m=[32m"12"[39m
          [33mr[39m=[32m"10"[39m
        [36m/>[39m
        [36m<polyline[39m
          [33mpoints[39m=[32m"12 6 12 12 16 14"[39m
        [36m/>[39m
      [36m</svg>[39m
      [0mSchedule SMS[0m
    [36m</button>[39m

    (If this is intentional, then use the `*AllBy*` variant of the query (like `queryAllByText`, `getAllByText`, or `findAllByText`)).

    Ignored nodes: comments, script, style
    [36m<body>[39m
      [36m<div>[39m
        [36m<div[39m
          [33mclass[39m=[32m"space-y-6"[39m
        [36m>[39m
          [36m<div>[39m
            [36m<h1[39m
              [33mclass[39m=[32m"text-3xl font-bold tracking-tight text-gray-900 dark:text-white"[39m
            [36m>[39m
              [0mSchedule SMS[0m
            [36m</h1>[39m
            [36m<p[39m
              [33mclass[39m=[32m"text-muted-foreground dark:text-gray-400 mt-2"[39m
            [36m>[39m
              [0mSchedule SMS messages to be sent at a specific date and time[0m
            [36m</p>[39m
          [36m</div>[39m
          [36m<div[39m
            [33mclass[39m=[32m"rounded-xl text-card-foreground border-2 border-border/50 dark:border-border/30 bg-card dark:bg-gray-900/50 shadow-xl hover:shadow-2xl transition-all duration-300"[39m
          [36m>[39m
            [36m<div[39m
              [33mclass[39m=[32m"flex flex-col space-y-1.5 p-6 bg-gradient-to-r from-warning-50/50 to-orange-50/50 dark:from-warning-950/30 dark:to-orange-950/30 border-b-2 border-border/50 dark:border-border/30 px-6 py-6"[39m
            [36m>[39m
              [36m<h3[39m
                [33mclass[39m=[32m"tracking-tight text-xl font-semibold flex items-center gap-3 text-gray-900 dark:text-white"[39m
              [36m>[39m
                [36m<svg[39m
                  [33maria-hidden[39m=[32m"true"[39m
                  [33mclass[39m=[32m"lucide lucide-clock h-5 w-5 text-warning-500"[39m
                  [33mfill[39m=[32m"none"[39m
                  [33mheight[39m=[32m"24"[39m
                  [33mstroke[39m=[32m"currentColor"[39m
                  [33mstroke-linecap[39m=[32m"round"[39m
                  [33mstroke-linejoin[39m=[32m"round"[39m
                  [33mstroke-width[39m=[32m"2"[39m
                  [33mviewBox[39m=[32m"0 0 24 24"[39m
                  [33mwidth[39m=[32m"24"[39m
                  [33mxmlns[39m=[32m"http://www.w3.org/2000/svg"[39m
                [36m>[39m
                  [36m<circle[39m
                    [33mcx[39m=[32m"12"[39m
                    [33mcy[39m=[32m"12"[39m
                    [33mr[39m=[32m"10"[39m
                  [36m/>[39m
                  [36m<polyline[39m
                    [33mpoints[39m=[32m"12 6 12 12 16 14"[39m
                  [36m/>[39m
                [36m</svg>[39m
                [0mSchedule SMS Form[0m
              [36m</h3>[39m
              [36m<p[39m
                [33mclass[39m=[32m"text-sm text-gray-600 dark:text-gray-400 mt-2"[39m
              [36m>[39m
                [0mFill in the details to schedule an SMS message[0m
              [36m</p>[39m
            [36m</div>[39m
            [36m<div[39m
              [33mclass[39m=[32m"p-6 px-6 py-8"[39m
            [36m>[39m
              [36m<form[39m
                [33mclass[39m=[32m"space-y-8"[39m
              [36m>[39m
                [36m<div[39m
                  [33mclass[39m=[32m"grid gap-6 md:grid-cols-2"[39m
                [36m>[39m
                  [36m<div[39m
                    [33mclass[39m=[32m"space-y-3"[39m
                  [36m>[39m
                    [36m<div[39m
                      [33mclass[39m=[32m"peer-disabled:cursor-not-allowed peer-disabled:opacity-70 text-sm font-semibold text-gray-900 dark:text-white"[39m
                      [33mfor[39m=[32m"msisdn"[39m
                    [36m>[39m
                      [0mPhone Number (MSISDN) *[0m
                    [36m</div>[39m
                    [36m<input[39m
                      [33mclass[39m=[32m"flex w-full rounded-xl bg-white px-3 py-2 text-base text-gray-900 ring-offset-background file:border-0 file:bg-transparent file:text-sm file:font-medium file:text-foreground placeholder:text-muted-foreground focus-visible:outline-none focus-visible:border-brand-500 dark:focus-visible:border-brand-400 focus-visible:ring-2 focus-visible:ring-brand-500/20 dark:focus-visible:ring-brand-400/20 focus-visible:ring-offset-2 disabled:cursor-not-allowed disabled:opacity-50 disabled:bg-gray-50 dark:disabled:bg-gray-800/50 md:text-sm transition-colors h-12 border-2 border-border/50 dark:border-gray-700 focus:border-warning-500 dark:focus:border-warning-500 focus:ring-2 focus:ring-warning-500/20 dark:bg-gray-800 dark:text-white"[39m
                      [33mid[39m=[32m"msisdn"[39m
                      [33mplaceholder[39m=[32m"+243974096458"[39m
                      [33mrequired[39m=[32m""[39m
                      [33mvalue[39m=[32m""[39m
                    [36m/>[39m
                  [36m</div>[39m
                  [36m<div[39m
                    [33mclass[39m=[32m"space-y-3"[39m
                  [36m>[39m
                    [36m<div[39m
                      [33mclass[39m=[32m"peer-disabled:cursor-not-allowed peer-disabled:opacity-70 text-sm font-semibold text-gray-900 dark:text-white"[39m
                      [33mfor[39m=[32m"sender_id"[39m
                    [36m>[39m
                      [0mSender ID *[0m
                    [36m</div>[39m
                    [36m<div[39m
                      [33mclass[39m=[32m"relative w-full"[39m
                    [36m>[39m
                      [36m<button[39m
                        [33maria-expanded[39m=[32m"false"[39m
                        [33maria-haspopup[39m=[32m"listbox"[39m
                        [33mclass[39m=[32m"flex items-center justify-between rounded-xl bg-white text-gray-900 px-3 py-2 text-sm focus:outline-none dark:focus:ring-brand-400/20 focus:ring-offset-2 placeholder:text-muted-foreground disabled:cursor-not-allowed disabled:opacity-50 disabled:bg-gray-50 dark:disabled:bg-gray-800/50 transition-colors w-full h-12 border-2 border-border/50 dark:border-gray-700 focus:border-warning-500 dark:focus:border-warning-500 focus:ring-2 focus:ring-warning-500/20 dark:bg-gray-800 dark:text-white"[39m
                        [33mid[39m=[32m"sender_id"[39m
                        [33mrole[39m=[32m"combobox"[39m
                        [33mtype[39m=[32m"button"[39m
                      [36m>[39m
                        [36m<span[39m
                          [33mclass[39m=[32m"block truncate text-muted-foreground"[39m
                        [36m>[39m
                          [0mSelect Sender ID[0m
                        [36m</span>[39m
                        [36m<svg[39m
                          [33maria-hidden[39m=[32m"true"[39m
                          [33mclass[39m=[32m"lucide lucide-chevron-down h-4 w-4 opacity-60 text-gray-500 dark:text-gray-400 shrink-0 transition-transform"[39m
                          [33mfill[39m=[32m"none"[39m
                          [33mheight[39m=[32m"24"[39m
                          [33mstroke[39m=[32m"currentColor"[39m
                          [33mstroke-linecap[39m=[32m"round"[39m
                          [33mstroke-linejoin[39m=[32m"round"[39m
                          [33mstroke-width[39m=[32m"2"[39m
                          [33mviewBox[39m=[32m"0 0 24 24"[39m
                          [33mwidth[39m=[32m"24"[39m
                          [33mxmlns[39m=[32m"http://www.w3.org/2000/svg"[39m
                        [36m>[39m
               ...

      47 |   it('should render send scheduled form', () => {
      48 |     render(<SendScheduledForm apiKey="test-key" />);
    > 49 |     expect(screen.getByText(/Schedule SMS/i)).toBeInTheDocument();
         |                   ^
      50 |   });
      51 |
      52 |   it('should validate required fields', async () => {

      at Object.getElementError (node_modules/@testing-library/dom/dist/config.js:37:19)
      at getElementError (node_modules/@testing-library/dom/dist/query-helpers.js:20:35)
      at getMultipleElementsFoundError (node_modules/@testing-library/dom/dist/query-helpers.js:23:10)
      at node_modules/@testing-library/dom/dist/query-helpers.js:55:13
      at node_modules/@testing-library/dom/dist/query-helpers.js:95:19
      at Object.getByText (/home/iann/code/project/sms_portail/src/app/(admin)../../../../../messages/components/__tests__/SendScheduledForm.test.tsx:49:19)

  ● SendScheduledForm › should validate required fields

    expect(jest.fn()).toHaveBeenCalled()

    Expected number of calls: >= 1
    Received number of calls:    0

      54 |     const submitButton = screen.getByRole('button', { name: /Schedule/i });
      55 |     fireEvent.click(submitButton);
    > 56 |     expect(mockShowAlert).toHaveBeenCalled();
         |                           ^
      57 |   });
      58 |
      59 |   it('should show loading state when submitting', () => {

      at Object.toHaveBeenCalled (/home/iann/code/project/sms_portail/src/app/(admin)../../../../../messages/components/__tests__/SendScheduledForm.test.tsx:56:27)

PASS src/app/(admin)/documents/upload/__tests__/page.test.tsx
FAIL src/app/(admin)/documents/components/__tests__/CreateDocumentTypeTab.test.tsx
  ● CreateDocumentTypeTab › should render create document type form

    Element type is invalid: expected a string (for built-in components) or a class/function (for composite components) but got: undefined. You likely forgot to export your component from the file it's defined in, or you might have mixed up default and named imports.

    Check the render method of `Root`.

      35 |
      36 |   it('should render create document type form', () => {
    > 37 |     render(<CreateDocumentTypeTab />);
         |           ^
      38 |     expect(screen.getByText(/Create Document Type/i)).toBeInTheDocument();
      39 |   });
      40 |

      at createFiberFromTypeAndProps (node_modules/react-dom/cjs/react-dom-client.development.js:5021:28)
      at createFiberFromElement (node_modules/react-dom/cjs/react-dom-client.development.js:5035:14)
      at reconcileChildFibersImpl (node_modules/react-dom/cjs/react-dom-client.development.js:6920:31)
      at node_modules/react-dom/cjs/react-dom-client.development.js:7098:33
      at reconcileChildren (node_modules/react-dom/cjs/react-dom-client.development.js:9701:13)
      at beginWork (node_modules/react-dom/cjs/react-dom-client.development.js:12049:13)
      at runWithFiberInDEV (node_modules/react-dom/cjs/react-dom-client.development.js:874:13)
      at performUnitOfWork (node_modules/react-dom/cjs/react-dom-client.development.js:17641:22)
      at workLoopSync (node_modules/react-dom/cjs/react-dom-client.development.js:17469:41)
      at renderRootSync (node_modules/react-dom/cjs/react-dom-client.development.js:17450:11)
      at performWorkOnRoot (node_modules/react-dom/cjs/react-dom-client.development.js:16583:35)
      at performWorkOnRootViaSchedulerTask (node_modules/react-dom/cjs/react-dom-client.development.js:18957:7)
      at flushActQueue (node_modules/react/cjs/react.development.js:590:34)
      at process.env.NODE_ENV.exports.act (node_modules/react/cjs/react.development.js:884:10)
      at node_modules/@testing-library/react/dist/act-compat.js:47:25
      at renderRoot (node_modules/@testing-library/react/dist/pure.js:190:26)
      at render (node_modules/@testing-library/react/dist/pure.js:292:10)
      at Object.<anonymous> (/home/iann/code/project/sms_portail/src/app/(admin)../../../../../documents/components/__tests__/CreateDocumentTypeTab.test.tsx:37:11)

  ● CreateDocumentTypeTab › should validate required fields

    Element type is invalid: expected a string (for built-in components) or a class/function (for composite components) but got: undefined. You likely forgot to export your component from the file it's defined in, or you might have mixed up default and named imports.

    Check the render method of `Root`.

      40 |
      41 |   it('should validate required fields', async () => {
    > 42 |     render(<CreateDocumentTypeTab />);
         |           ^
      43 |     const submitButton = screen.getByRole('button', { name: /save/i });
      44 |     fireEvent.click(submitButton);
      45 |     expect(mockShowAlert).toHaveBeenCalled();

      at createFiberFromTypeAndProps (node_modules/react-dom/cjs/react-dom-client.development.js:5021:28)
      at createFiberFromElement (node_modules/react-dom/cjs/react-dom-client.development.js:5035:14)
      at reconcileChildFibersImpl (node_modules/react-dom/cjs/react-dom-client.development.js:6920:31)
      at node_modules/react-dom/cjs/react-dom-client.development.js:7098:33
      at reconcileChildren (node_modules/react-dom/cjs/react-dom-client.development.js:9701:13)
      at beginWork (node_modules/react-dom/cjs/react-dom-client.development.js:12049:13)
      at runWithFiberInDEV (node_modules/react-dom/cjs/react-dom-client.development.js:874:13)
      at performUnitOfWork (node_modules/react-dom/cjs/react-dom-client.development.js:17641:22)
      at workLoopSync (node_modules/react-dom/cjs/react-dom-client.development.js:17469:41)
      at renderRootSync (node_modules/react-dom/cjs/react-dom-client.development.js:17450:11)
      at performWorkOnRoot (node_modules/react-dom/cjs/react-dom-client.development.js:16583:35)
      at performWorkOnRootViaSchedulerTask (node_modules/react-dom/cjs/react-dom-client.development.js:18957:7)
      at flushActQueue (node_modules/react/cjs/react.development.js:590:34)
      at process.env.NODE_ENV.exports.act (node_modules/react/cjs/react.development.js:884:10)
      at node_modules/@testing-library/react/dist/act-compat.js:47:25
      at renderRoot (node_modules/@testing-library/react/dist/pure.js:190:26)
      at render (node_modules/@testing-library/react/dist/pure.js:292:10)
      at Object.<anonymous> (/home/iann/code/project/sms_portail/src/app/(admin)../../../../../documents/components/__tests__/CreateDocumentTypeTab.test.tsx:42:11)

PASS src/controller/query/messages/__tests__/useMessagesTable.test.tsx
FAIL src/components/header/__tests__/NotificationDropdown.test.tsx
  ● NotificationDropdown › should display notification count

    TestingLibraryElementError: Unable to find an element with the text: /SMS Sent Successfully/i. This could be because the text is broken up by multiple elements. In this case, you can provide a function for your text matcher to make your matcher more flexible.

    Ignored nodes: comments, script, style
    [36m<body>[39m
      [36m<div>[39m
        [36m<div[39m
          [33mclass[39m=[32m"relative"[39m
        [36m>[39m
          [36m<button[39m
            [33maria-label[39m=[32m"Toggle notifications dropdown"[39m
            [33mclass[39m=[32m"dropdown-toggle relative flex h-11 w-11 items-center justify-center rounded-xl border-2 border-gray-200/50 bg-white/50 backdrop-blur-sm text-gray-600 transition-colors hover:bg-brand-50 hover:text-brand-600 hover:border-brand-200 dark:border-gray-800/50 dark:bg-gray-800/50 dark:text-gray-400 dark:hover:bg-brand-500/10 dark:hover:text-brand-400 dark:hover:border-brand-500/30"[39m
            [33mtitle[39m=[32m"Notifications"[39m
          [36m>[39m
            [36m<span[39m
              [33mclass[39m=[32m"absolute right-1 top-1 z-10 h-2.5 w-2.5 rounded-full bg-brand-500 flex"[39m
            [36m>[39m
              [36m<span[39m
                [33mclass[39m=[32m"absolute inline-flex h-full w-full animate-ping rounded-full bg-brand-500 opacity-75"[39m
              [36m/>[39m
            [36m</span>[39m
            [36m<svg[39m
              [33maria-hidden[39m=[32m"true"[39m
              [33mclass[39m=[32m"lucide lucide-bell h-5 w-5"[39m
              [33mfill[39m=[32m"none"[39m
              [33mheight[39m=[32m"24"[39m
              [33mstroke[39m=[32m"currentColor"[39m
              [33mstroke-linecap[39m=[32m"round"[39m
              [33mstroke-linejoin[39m=[32m"round"[39m
              [33mstroke-width[39m=[32m"2"[39m
              [33mviewBox[39m=[32m"0 0 24 24"[39m
              [33mwidth[39m=[32m"24"[39m
              [33mxmlns[39m=[32m"http://www.w3.org/2000/svg"[39m
            [36m>[39m
              [36m<path[39m
                [33md[39m=[32m"M10.268 21a2 2 0 0 0 3.464 0"[39m
              [36m/>[39m
              [36m<path[39m
                [33md[39m=[32m"M3.262 15.326A1 1 0 0 0 4 17h16a1 1 0 0 0 .74-1.673C19.41 13.956 18 12.499 18 8A6 6 0 0 0 6 8c0 4.499-1.411 5.956-2.738 7.326"[39m
              [36m/>[39m
            [36m</svg>[39m
          [36m</button>[39m
        [36m</div>[39m
      [36m</div>[39m
    [36m</body>[39m

      60 |   it('should display notification count', () => {
      61 |     render(<NotificationDropdown />);
    > 62 |     expect(screen.getByText(/SMS Sent Successfully/i)).toBeInTheDocument();
         |                   ^
      63 |   });
      64 |
      65 |   it('should display unread notifications badge', () => {

      at Object.getElementError (node_modules/@testing-library/dom/dist/config.js:37:19)
      at node_modules/@testing-library/dom/dist/query-helpers.js:76:38
      at node_modules/@testing-library/dom/dist/query-helpers.js:52:17
      at node_modules/@testing-library/dom/dist/query-helpers.js:95:19
      at Object.getByText (src/components/header/__tests__/NotificationDropdown.test.tsx:62:19)

  ● NotificationDropdown › should display unread notifications badge

    TestingLibraryElementError: Found multiple elements with the text: /Notifications/i

    Here are the matching elements:

    Ignored nodes: comments, script, style
    [36m<h5[39m
      [33mclass[39m=[32m"text-lg font-semibold text-gray-900 dark:text-white"[39m
    [36m>[39m
      [0mNotifications[0m
    [36m</h5>[39m

    Ignored nodes: comments, script, style
    [36m<a[39m
      [33mhref[39m=[32m"/notifications"[39m
    [36m>[39m
      [0mView All Notifications[0m
    [36m</a>[39m

    (If this is intentional, then use the `*AllBy*` variant of the query (like `queryAllByText`, `getAllByText`, or `findAllByText`)).

    Ignored nodes: comments, script, style
    [36m<body>[39m
      [36m<div>[39m
        [36m<div[39m
          [33mclass[39m=[32m"relative"[39m
        [36m>[39m
          [36m<button[39m
            [33maria-label[39m=[32m"Toggle notifications dropdown"[39m
            [33mclass[39m=[32m"dropdown-toggle relative flex h-11 w-11 items-center justify-center rounded-xl border-2 border-gray-200/50 bg-white/50 backdrop-blur-sm text-gray-600 transition-colors hover:bg-brand-50 hover:text-brand-600 hover:border-brand-200 dark:border-gray-800/50 dark:bg-gray-800/50 dark:text-gray-400 dark:hover:bg-brand-500/10 dark:hover:text-brand-400 dark:hover:border-brand-500/30"[39m
            [33mtitle[39m=[32m"Notifications"[39m
          [36m>[39m
            [36m<span[39m
              [33mclass[39m=[32m"absolute right-1 top-1 z-10 h-2.5 w-2.5 rounded-full bg-brand-500 flex"[39m
            [36m>[39m
              [36m<span[39m
                [33mclass[39m=[32m"absolute inline-flex h-full w-full animate-ping rounded-full bg-brand-500 opacity-75"[39m
              [36m/>[39m
            [36m</span>[39m
            [36m<svg[39m
              [33maria-hidden[39m=[32m"true"[39m
              [33mclass[39m=[32m"lucide lucide-bell h-5 w-5"[39m
              [33mfill[39m=[32m"none"[39m
              [33mheight[39m=[32m"24"[39m
              [33mstroke[39m=[32m"currentColor"[39m
              [33mstroke-linecap[39m=[32m"round"[39m
              [33mstroke-linejoin[39m=[32m"round"[39m
              [33mstroke-width[39m=[32m"2"[39m
              [33mviewBox[39m=[32m"0 0 24 24"[39m
              [33mwidth[39m=[32m"24"[39m
              [33mxmlns[39m=[32m"http://www.w3.org/2000/svg"[39m
            [36m>[39m
              [36m<path[39m
                [33md[39m=[32m"M10.268 21a2 2 0 0 0 3.464 0"[39m
              [36m/>[39m
              [36m<path[39m
                [33md[39m=[32m"M3.262 15.326A1 1 0 0 0 4 17h16a1 1 0 0 0 .74-1.673C19.41 13.956 18 12.499 18 8A6 6 0 0 0 6 8c0 4.499-1.411 5.956-2.738 7.326"[39m
              [36m/>[39m
            [36m</svg>[39m
          [36m</button>[39m
          [36m<div[39m
            [33mclass[39m=[32m"absolute right-0 z-40 mt-2 rounded-xl border border-gray-200 bg-white shadow-theme-lg dark:border-gray-800 dark:bg-gray-dark absolute -right-[240px] mt-[17px] flex h-[480px] w-[350px] flex-col rounded-2xl border-2 border-gray-200/50 bg-white/95 backdrop-blur-sm p-3 shadow-lg dark:border-gray-800/50 dark:bg-gray-900/95 sm:w-[361px] lg:right-0"[39m
          [36m>[39m
            [36m<div[39m
              [33mclass[39m=[32m"mb-3 flex items-center justify-between border-b border-gray-200/50 pb-3 dark:border-gray-800/50"[39m
            [36m>[39m
              [36m<h5[39m
                [33mclass[39m=[32m"text-lg font-semibold text-gray-900 dark:text-white"[39m
              [36m>[39m
                [0mNotifications[0m
              [36m</h5>[39m
              [36m<button[39m
                [33maria-label[39m=[32m"Close notifications dropdown"[39m
                [33mclass[39m=[32m"dropdown-toggle text-gray-500 transition hover:text-gray-700 dark:text-gray-400 dark:hover:text-gray-200"[39m
                [33mtitle[39m=[32m"Close"[39m
              [36m>[39m
                [36m<svg[39m
                  [33mclass[39m=[32m"fill-current"[39m
                  [33mheight[39m=[32m"24"[39m
                  [33mviewBox[39m=[32m"0 0 24 24"[39m
                  [33mwidth[39m=[32m"24"[39m
                  [33mxmlns[39m=[32m"http://www.w3.org/2000/svg"[39m
                [36m>[39m
                  [36m<path[39m
                    [33mclip-rule[39m=[32m"evenodd"[39m
                    [33md[39m=[32m"M6.21967 7.28131C5.92678 6.98841 5.92678 6.51354 6.21967 6.22065C6.51256 5.92775 6.98744 5.92775 7.28033 6.22065L11.999 10.9393L16.7176 6.22078C17.0105 5.92789 17.4854 5.92788 17.7782 6.22078C18.0711 6.51367 18.0711 6.98855 17.7782 7.28144L13.0597 12L17.7782 16.7186C18.0711 17.0115 18.0711 17.4863 17.7782 17.7792C17.4854 18.0721 17.0105 18.0721 16.7176 17.7792L11.999 13.0607L7.28033 17.7794C6.98744 18.0722 6.51256 18.0722 6.21967 17.7794C5.92678 17.4865 5.92678 17.0116 6.21967 16.7187L10.9384 12L6.21967 7.28131Z"[39m
                    [33mfill[39m=[32m"currentColor"[39m
                    [33mfill-rule[39m=[32m"evenodd"[39m
                  [36m/>[39m
                [36m</svg>[39m
              [36m</button>[39m
            [36m</div>[39m
            [36m<ul[39m
              [33mclass[39m=[32m"custom-scrollbar flex h-auto max-h-[400px] flex-col overflow-y-auto"[39m
            [36m>[39m
              [36m<li>[39m
                [36m<button[39m
                  [33mclass[39m=[32m"block w-full text-left px-4 py-2 text-sm text-gray-700 hover:bg-gray-100 hover:text-gray-900 flex gap-3 rounded-lg border-b border-gray-200/50 p-3 px-4 py-3 transition-colors hover:bg-gray-100 dark:border-gray-800/50 dark:hover:bg-gray-800/50"[39m
                [36m>[39m
                  [36m<div[39m
                    [33mclass[39m=[32m"flex h-10 w-10 items-center justify-center rounded-lg bg-brand-500/10 text-brand-500 dark:bg-brand-500/20"[39m
                  [36m>[39m
                    [36m<svg[39m
                      [33maria-hidden[39m=[32m"true"[39m
                      [33mclass[39m=[32m"lucide lucide-info h-5 w-5"[39m
                      [33mfill[39m=[32m"none"[39m
                      [33mheight[39m=[32m"24"[39m
                      [33mstroke[39m=[32m"currentColor"[39m
                      [33mstroke-linecap[39m=[32m"round"[39m
                      [33mstroke-linejoin[39m=[32m"round"[39m
                      [33mstroke-width[39m=[32m"2"[39m
                      [33mviewBox[39m=[32m"0 0 24 24"[39m
                      [33mwidth[39m=[32m"24"[39m
                      [33mxmlns[39m=[32m"http://www.w3.org/2000/svg"[39m
                    [36m>[39m
                      [36m<circle[39m
                        [33mcx[39m=[32m"12"[39m
                        [33mcy[39m=[32m"12"[39m
                        [33mr[39m=[32m"10"[39m
                      [36m/>[39m
                      [36m<path[39m
                        [33md[39m=[32m"M12 16v-4"[39m
                      [36m/>[39m
                      [36m<path[39m
                        [33md[39m=[32m"M12 8h.01"[39m
                      [36m/>[39m
                    [36m</svg>[39m
                  [36m</div>[39m
                  [36m<div[39m
                    [33mclass[39m=[32m"flex-1 space-y-1"[39m
                  [36m>[39m
                    [36m<div[39m
                      [33mclass[39m=[32m"flex items-start justify-between gap-2"[39m
                    [36m>[39m
                      [36m<div[39m
                        [33mclass[39m=[32m"flex-1"[39m
                      [36m>[39m
                        [36m<div[39m
                          [33mclass[39m=[32m"flex items-center gap-2"[39m
                        [36m>[39m
                          [36m<p[39m
                            [33mclass[39m=[32m"text-sm font-medium text-gray-900 dark:text-white font-bold"[39m
                          [36m>[39m
                            [0mSMS Sent Successfully[0m
                          [36m</p>[39m
                          [36m<div[39m
                            [33mclass[39m=[32m"h-2 w-2 rounded-full bg-brand-500"[39m
                          [36m/>[39m
                        [36m</div>[39m
                        [36m<p[39m
                          [33mclass[39m=[32m"text-xs text-gray-600 dark:text-gray-400 mt-1 line-clamp-2"[39m
                        [36m>[39m
                          [0mYour promotional SMS has been sent to 1,234 recipients[0m
                        [36m</p>[39m
                      [36m</div>[39m
                    [36m</div>[39m
                    [36m<div[39m
                      [33mclass[39m=[32m"flex items-center gap-2 text-xs text-gray-500 dark:text-gray-400"[39m
                    [36m>[39m
                      [36m<span>[39m
                        [0m11/17/2025[0m
                      [36m</span>[39m
                    [36m</div>[39m
                  [36m</div>[39m
                [36m</button>[39m
              [36m</li>[39m
              [36m<li>[39m
                [36m<button[39m
                  [33mclass[39m=[32m"block w-full text-left px-4 py-2 text-sm text-gray-700 hover:bg-gray-100 hover:text-gray-900 flex gap-3 rounded-lg border-b border-gray-200/50 p-3 px-4 py-3 transition-colors hover:bg-gray-100 dark:border-gray-800/50 dark:hover:bg-gray-800/50"[39m
                [36m>[39m
                  [36m<div[39m
                    [33mclass[39m=[32m"flex h-10 w-10 items-center justify-center rounded-lg bg-brand-500/10 text-brand-500 dark:bg-brand-500/20"[39m
                  [36m>[39m
                    [36m<svg[39m
                      [33maria-hidden[39m=[32m"true"[39m
                      [33mclass[39m=[32m"lucide lucide-info h-5 w-5"[39m
                      [33mfill[39m=[32m"none"[39m
                      [33mheight[39m=[32m"24"[39m
                      [33mstroke[39m=[32m"currentColor"[39m
                      [33mstroke-linecap[39m=[32m"round"[39m
                      [33mstroke-linejoin[39m=[32m"round"[39m
                      [33mstroke-width[39m=[32m"2"[39m
                      [33mviewBox[39m=[32m"0 0 24 24"[39m
                      [33mwidth[39m=[32m"24"[39m
                      [33mxmlns[39m=[32m"http://www.w3.org/2000/svg"[39m
                    [36m>[39m
                      [36m<circle[39m
                        [33mcx[39m=[32m"12"[39m
                        [33mcy[39m=[32m"12"[39m
                        [33mr[39m=[32m"10"[39m
                      [36m/>[39m
                      [36m<path[39m
                        [33md[39m=[32m"M12 16v-4"[39m
                      [36m/>[39m
                      [36m<path[39m
                        [33md[39m=[32m"M12 8h.01"[39m
                      [36m/>[39m
                    [36m</svg>[39m
                  [36m</div>[39m
                  [36m<div[39m
                    [33mclass[39m=[32m"flex-1 space-y-1"[39m
                  [36m>[39m
                    [36m<div[39m
                      [33mclass[39m=[32m"flex items-start justify-between gap-2"[39m
                    [36m>[39m
                      [36m<div[39m
                        [33mclass[39m=[32m"flex-1"[39m
                      [36m>[39m
                        [36m<div[39m
                          [33mclass[39m=[32m"flex items-center gap-2"[39m
                        [36m>[39m
                          [36m<p[39m
                            [33mclass[39m=[32m"text-sm font-medium text-gray-900 dark:text-white font-bold"[39m
                          [36m>[39m
                            [0mLow Balance Alert[0m
                          [36m</p>[39m
                          [36m<div[39m
                            [33mclass[39m=[32m"h-2 w-2 rounded-full bg-brand-500"[39m
                          [36m/>[39m
                        [36m</div>[39m
                        [36m<p[39m
                          [33mclass[39m=[32m"text-xs text-gray-600 dark:text-gray-400 mt-1 line-clamp-2"[39m
                        [36m>[39m
                          [0mYour account balance is below $100[0m
                        [36m</p>[39m
                      [36m</div>[39m
                    [36m</div>[39m
                    [36m<div[39m
                      [33mclass[39m=[32m"flex items-center gap-2 text-xs text-gray-500 dark:text-gray-400"[39m
                    [36m>[39m
                      [36m<span>[39m
                        [0m11/17/2025[0m
                      [36m</span>[39m
                    [36m</div>[39m
                  [36m</div>[39m
                [36m</button>[39m
              [36m</li>[39m
              [36m<li>[39m
                [36m<button[39m
                  [33mclass[39m=[32m"block w-full text-left px-4 py-2 text-sm text-gray-700 hover:bg-gray-100 hover:text-gray-900 flex gap-3 rounded-lg border-b border-gray-200/50 p-3 px-4 py-3 transition-colors hover:bg-gray-100 dark:border-gray-800/50 dark:hover:bg-gray-800/50"[39m
                [36m>[39m
                  [36m<div[39m
                    [33mclass[39m=[32m"flex h-10 w-10 items-center justify-center rounded-lg bg-brand-500/10 text-brand-500 dark:bg-brand-500/20"[39m
                  [36m>[39m
                    [36m<svg[39m
                      [33maria-hidden[39m=[32m"true"[39m
                      [33mclass[39m=[32m"lucide lucide-shield h-5 w-5"[39m
                      [33mfill[39m=[32m"none"[39m
                      [33mheight[39m=[32m"24"[39m
                      [33mstroke[39m=[32m"currentColor"[39m
                      [33mstroke-linecap[39m=[32m"round"[39m
                      [33mstroke-linejoin[39m=[32m"round"[39m
                      [33mstroke-width[39m=[32m"2"[39m
                      [33mviewBox[39m=[32m"0 0 24 24"[39m
                      [33mwidth[39m=[32m"24"[39m
                      [33mxmlns[39m=[32m"http://www.w3.org/2000/svg"[39m
                    [36m>[39m
                      [36m<path[39m
                        [33md[39m=[32m"M20 13c0 5-3.5 7.5-7.66 8.95a1 1 0 0 1-.67-.01C7.5 20.5 4 18 4 13V6a1 1 0 0 1 1-1c2 0 4.5-1.2 6.24-2.72a1.17 1.17 0 0 1 1.52 0C14.51 3.81 17 5 19 5a1 1 0 0 1 1 1z"[39m
                      [36m/>[39m
                    [36m</svg>[39m
                  [36m</div>[39m
                  [36m<div[39m
                    [33mclass[39m=[32m"flex-1 space-y-1"[39m
                  [36m>[39m
                    [36m<div[39m
                      [33mclass[39m=[32m"flex items-start justify-between gap-2"[39m
                    [36m>[39m
                      [36m<div[39m
                        [33mclass[39m=[32m"flex-1"[39m
                      [36m>[39m
                        [36m<div[39m
                          [33mclass[39m=[32m"flex items-center gap-2"[39m
                        [36m>[39m
                          [36m<p[39m
                            [33mclass[39m=[32m"text-sm font-medium text-gray-900 dark:text-white "[39m
                          [36m>[39m
                            [0mAPI Key Generated[0m
                          [36m</p>[39m
                        [36m</div>[39m
                        [36m<p[39m
                          [33mclass[39m=[32m"text-xs text-gray-600 dark:text-gray-400 mt-1 line-clamp-2"[39m
                        [36m>[39m
                          [0mA new API key has been generated[0m
                        [36m</p>[39m
                      [36m</div>[39m
                    [36m</div>[39m
                    [36m<div[39m
                      [33mclass[39m=[32m"flex items-center gap-2 text-xs text-gray-500 dark:text-gray-400"[39m
                    [36m>[39m
                      [36m<span>[39m
                        [0m11/16/2025[0m
                      [36m</span>[39m
                    [36m</div>[39m
                  [36m</div>[39m
                [36m</button>[39m
              [36m</li>[39m
            [36m</ul>[39m
            [36m<a[39m
              [33mhref[39m=[32m"/notifications"[39m
            [36m>[39m
              [0mView All Notifications[0m
            [36m</a>[39m
          [36m</div>[39m
        [36m</div>[39m
      [36m</div>[39m
    [36m</body>[39m

      68 |     fireEvent.click(button);
      69 |     
    > 70 |     expect(screen.getByText(/Notifications/i)).toBeInTheDocument();
         |                   ^
      71 |   });
      72 |
      73 |   it('should close dropdown when close button is clicked', () => {

      at Object.getElementError (node_modules/@testing-library/dom/dist/config.js:37:19)
      at getElementError (node_modules/@testing-library/dom/dist/query-helpers.js:20:35)
      at getMultipleElementsFoundError (node_modules/@testing-library/dom/dist/query-helpers.js:23:10)
      at node_modules/@testing-library/dom/dist/query-helpers.js:55:13
      at node_modules/@testing-library/dom/dist/query-helpers.js:95:19
      at Object.getByText (src/components/header/__tests__/NotificationDropdown.test.tsx:70:19)

PASS src/controller/query/messages/__tests__/useMessagesTable.test.ts
FAIL src/controller/query/notifications/__tests__/notifications.service.test.tsx
  ● notifications.service › getNotificationsList › should throw error when response data is missing

    expect(received).rejects.toThrow(expected)

    Expected substring: "No server response for notifications list."
    Received message:   "Error retrieving notifications list."

          19 |     }
          20 |   }
        > 21 |   throw new Error(fallbackMessage);
             |         ^
          22 | };
          23 |
          24 | export const getNotificationsList = async (

      at handleAxiosError (src/controller/query/notifications/notifications.service.ts:21:9)
      at handleAxiosError (src/controller/query/notifications/notifications.service.ts:40:5)
      at Object.<anonymous> (src/controller/query/notifications/__tests__/notifications.service.test.tsx:67:7)
      at Object.toThrow (node_modules/expect/build/index.js:2155:20)
      at Object.toThrow (src/controller/query/notifications/__tests__/notifications.service.test.tsx:67:88)

  ● notifications.service › markNotificationAsRead › should throw error when response data is missing

    expect(received).rejects.toThrow(expected)

    Expected substring: "No server response for mark notification as read."
    Received message:   "Error marking notification as read."

          19 |     }
          20 |   }
        > 21 |   throw new Error(fallbackMessage);
             |         ^
          22 | };
          23 |
          24 | export const getNotificationsList = async (

      at handleAxiosError (src/controller/query/notifications/notifications.service.ts:21:9)
      at handleAxiosError (src/controller/query/notifications/notifications.service.ts:60:5)
      at Object.<anonymous> (src/controller/query/notifications/__tests__/notifications.service.test.tsx:120:7)
      at Object.toThrow (node_modules/expect/build/index.js:2155:20)
      at Object.toThrow (src/controller/query/notifications/__tests__/notifications.service.test.tsx:120:87)

  ● notifications.service › markAllNotificationsAsRead › should throw error when response data is missing

    expect(received).rejects.toThrow(expected)

    Expected substring: "No server response for mark all notifications as read."
    Received message:   "Error marking all notifications as read."

          19 |     }
          20 |   }
        > 21 |   throw new Error(fallbackMessage);
             |         ^
          22 | };
          23 |
          24 | export const getNotificationsList = async (

      at handleAxiosError (src/controller/query/notifications/notifications.service.ts:21:9)
      at handleAxiosError (src/controller/query/notifications/notifications.service.ts:79:5)
      at Object.<anonymous> (src/controller/query/notifications/__tests__/notifications.service.test.tsx:173:7)
      at Object.toThrow (node_modules/expect/build/index.js:2155:20)
      at Object.toThrow (src/controller/query/notifications/__tests__/notifications.service.test.tsx:173:67)

  ● notifications.service › deleteNotification › should throw error when response data is missing

    expect(received).rejects.toThrow(expected)

    Expected substring: "No server response for delete notification."
    Received message:   "Error deleting notification."

          19 |     }
          20 |   }
        > 21 |   throw new Error(fallbackMessage);
             |         ^
          22 | };
          23 |
          24 | export const getNotificationsList = async (

      at handleAxiosError (src/controller/query/notifications/notifications.service.ts:21:9)
      at handleAxiosError (src/controller/query/notifications/notifications.service.ts:99:5)
      at Object.<anonymous> (src/controller/query/notifications/__tests__/notifications.service.test.tsx:247:7)
      at Object.toThrow (node_modules/expect/build/index.js:2155:20)
      at Object.toThrow (src/controller/query/notifications/__tests__/notifications.service.test.tsx:247:62)

  ● notifications.service › deleteAllNotifications › should throw error when response data is missing

    expect(received).rejects.toThrow(expected)

    Expected substring: "No server response for delete all notifications."
    Received message:   "Error deleting all notifications."

          19 |     }
          20 |   }
        > 21 |   throw new Error(fallbackMessage);
             |         ^
          22 | };
          23 |
          24 | export const getNotificationsList = async (

      at handleAxiosError (src/controller/query/notifications/notifications.service.ts:21:9)
      at handleAxiosError (src/controller/query/notifications/notifications.service.ts:118:5)
      at Object.<anonymous> (src/controller/query/notifications/__tests__/notifications.service.test.tsx:298:7)
      at Object.toThrow (node_modules/expect/build/index.js:2155:20)
      at Object.toThrow (src/controller/query/notifications/__tests__/notifications.service.test.tsx:298:63)

  ● notifications.service › updateNotificationPreferences › should throw error when response data is missing

    expect(received).rejects.toThrow(expected)

    Expected substring: "No server response for update notification preferences."
    Received message:   "Error updating notification preferences."

          19 |     }
          20 |   }
        > 21 |   throw new Error(fallbackMessage);
             |         ^
          22 | };
          23 |
          24 | export const getNotificationsList = async (

      at handleAxiosError (src/controller/query/notifications/notifications.service.ts:21:9)
      at handleAxiosError (src/controller/query/notifications/notifications.service.ts:138:5)
      at Object.<anonymous> (src/controller/query/notifications/__tests__/notifications.service.test.tsx:352:7)
      at Object.toThrow (node_modules/expect/build/index.js:2155:20)
      at Object.toThrow (src/controller/query/notifications/__tests__/notifications.service.test.tsx:354:17)

FAIL src/controller/api/config/__tests__/config.test.ts
  ● config › billingApi › should create axios instance with correct baseURL

    TypeError: Cannot read properties of undefined (reading 'defaults')

      15 |   describe('billingApi', () => {
      16 |     it('should create axios instance with correct baseURL', () => {
    > 17 |       expect(billingApi.defaults.baseURL).toBe('https://api.test.com');
         |                         ^
      18 |       expect(billingApi.defaults.headers['Content-Type']).toBe('application/json');
      19 |     });
      20 |   });

      at Object.defaults (src/controller/api/config/__tests__/config.test.ts:17:25)

  ● config › apiRequest › should make GET request without token

    TypeError: Cannot read properties of undefined (reading 'mockResolvedValue')

      30 |       };
      31 |
    > 32 |       (billingApi as any).mockResolvedValue(mockResponse);
         |                           ^
      33 |
      34 |       const result = await apiRequest({
      35 |         method: 'GET',

      at Object.mockResolvedValue (src/controller/api/config/__tests__/config.test.ts:32:27)

  ● config › apiRequest › should include token in Authorization header

    TypeError: Cannot read properties of undefined (reading 'mockResolvedValue')

      50 |       };
      51 |
    > 52 |       (billingApi as any).mockResolvedValue(mockResponse);
         |                           ^
      53 |
      54 |       await apiRequest({
      55 |         method: 'GET',

      at Object.mockResolvedValue (src/controller/api/config/__tests__/config.test.ts:52:27)

  ● config › apiRequest › should handle endpoint with id

    TypeError: Cannot read properties of undefined (reading 'mockResolvedValue')

      76 |       };
      77 |
    > 78 |       (billingApi as any).mockResolvedValue(mockResponse);
         |                           ^
      79 |
      80 |       await apiRequest({
      81 |         method: 'GET',

      at Object.mockResolvedValue (src/controller/api/config/__tests__/config.test.ts:78:27)

  ● config › apiRequest › should handle errors

    TypeError: Cannot read properties of undefined (reading 'mockRejectedValue')

      93 |     it('should handle errors', async () => {
      94 |       const mockError = new Error('Request failed');
    > 95 |       (billingApi as any).mockRejectedValue(mockError);
         |                           ^
      96 |
      97 |       await expect(
      98 |         apiRequest({

      at Object.mockRejectedValue (src/controller/api/config/__tests__/config.test.ts:95:27)

  ● config › billingApiRequest › should make request with api-key header

    TypeError: Cannot read properties of undefined (reading 'mockResolvedValue')

      114 |       };
      115 |
    > 116 |       (billingApi as any).mockResolvedValue(mockResponse);
          |                           ^
      117 |
      118 |       await billingApiRequest({
      119 |         method: 'GET',

      at Object.mockResolvedValue (src/controller/api/config/__tests__/config.test.ts:116:27)

  ● config › billingApiRequest › should normalize endpoint to start with /

    TypeError: Cannot read properties of undefined (reading 'mockResolvedValue')

      140 |       };
      141 |
    > 142 |       (billingApi as any).mockResolvedValue(mockResponse);
          |                           ^
      143 |
      144 |       await billingApiRequest({
      145 |         method: 'GET',

      at Object.mockResolvedValue (src/controller/api/config/__tests__/config.test.ts:142:27)

  ● config › billingApiRequest › should handle request without api-key

    TypeError: Cannot read properties of undefined (reading 'mockResolvedValue')

      164 |       };
      165 |
    > 166 |       (billingApi as any).mockResolvedValue(mockResponse);
          |                           ^
      167 |
      168 |       await billingApiRequest({
      169 |         method: 'GET',

      at Object.mockResolvedValue (src/controller/api/config/__tests__/config.test.ts:166:27)

FAIL src/hooks/__tests__/useGoBack.test.tsx
  ● useGoBack › should handle window undefined gracefully

    expect(jest.fn()).toHaveBeenCalledWith(...expected)

    Expected: "/"

    Number of calls: 0

      85 |     result.current.goBack();
      86 |     
    > 87 |     expect(mockPush).toHaveBeenCalledWith('/');
         |                      ^
      88 |     
      89 |     global.window = originalWindow;
      90 |   });

      at Object.toHaveBeenCalledWith (src/hooks/__tests__/useGoBack.test.tsx:87:22)

FAIL src/app/(admin)/messages/components/__tests__/SendBulkForm.test.tsx
  ● Console

    console.error
      Unknown event handler property `onCheckedChange`. It will be ignored.

      58 |
      59 |   it('should render send bulk form', () => {
    > 60 |     render(<SendBulkForm apiKey="test-key" />);
         |           ^
      61 |     expect(screen.getByText(/Bulk SMS/i)).toBeInTheDocument();
      62 |   });
      63 |

      at validateProperty (node_modules/react-dom/cjs/react-dom-client.development.js:2935:21)
      at warnUnknownProperties (node_modules/react-dom/cjs/react-dom-client.development.js:3146:9)
      at validatePropertiesInDevelopment (node_modules/react-dom/cjs/react-dom-client.development.js:19868:9)
      at setInitialProperties (node_modules/react-dom/cjs/react-dom-client.development.js:20491:7)
      at completeWork (node_modules/react-dom/cjs/react-dom-client.development.js:12662:18)
      at runWithFiberInDEV (node_modules/react-dom/cjs/react-dom-client.development.js:874:13)
      at completeUnitOfWork (node_modules/react-dom/cjs/react-dom-client.development.js:17777:19)
      at performUnitOfWork (node_modules/react-dom/cjs/react-dom-client.development.js:17658:11)
      at workLoopSync (node_modules/react-dom/cjs/react-dom-client.development.js:17469:41)
      at renderRootSync (node_modules/react-dom/cjs/react-dom-client.development.js:17450:11)
      at performWorkOnRoot (node_modules/react-dom/cjs/react-dom-client.development.js:16504:11)
      at performWorkOnRootViaSchedulerTask (node_modules/react-dom/cjs/react-dom-client.development.js:18957:7)
      at flushActQueue (node_modules/react/cjs/react.development.js:590:34)
      at process.env.NODE_ENV.exports.act (node_modules/react/cjs/react.development.js:884:10)
      at node_modules/@testing-library/react/dist/act-compat.js:47:25
      at renderRoot (node_modules/@testing-library/react/dist/pure.js:190:26)
      at render (node_modules/@testing-library/react/dist/pure.js:292:10)
      at Object.<anonymous> (/home/iann/code/project/sms_portail/src/app/(admin)../../../../../messages/components/__tests__/SendBulkForm.test.tsx:60:11)

  ● SendBulkForm › should render send bulk form

    TestingLibraryElementError: Found multiple elements with the text: /Bulk SMS/i

    Here are the matching elements:

    Ignored nodes: comments, script, style
    [36m<h1[39m
      [33mclass[39m=[32m"text-3xl font-bold tracking-tight text-gray-900 dark:text-white"[39m
    [36m>[39m
      [0mSend Bulk SMS[0m
    [36m</h1>[39m

    Ignored nodes: comments, script, style
    [36m<h3[39m
      [33mclass[39m=[32m"tracking-tight text-xl font-semibold flex items-center gap-3 text-gray-900 dark:text-white"[39m
    [36m>[39m
      [36m<svg[39m
        [33maria-hidden[39m=[32m"true"[39m
        [33mclass[39m=[32m"lucide lucide-send h-5 w-5 text-success-500"[39m
        [33mfill[39m=[32m"none"[39m
        [33mheight[39m=[32m"24"[39m
        [33mstroke[39m=[32m"currentColor"[39m
        [33mstroke-linecap[39m=[32m"round"[39m
        [33mstroke-linejoin[39m=[32m"round"[39m
        [33mstroke-width[39m=[32m"2"[39m
        [33mviewBox[39m=[32m"0 0 24 24"[39m
        [33mwidth[39m=[32m"24"[39m
        [33mxmlns[39m=[32m"http://www.w3.org/2000/svg"[39m
      [36m>[39m
        [36m<path[39m
          [33md[39m=[32m"M14.536 21.686a.5.5 0 0 0 .937-.024l6.5-19a.496.496 0 0 0-.635-.635l-19 6.5a.5.5 0 0 0-.024.937l7.93 3.18a2 2 0 0 1 1.112 1.11z"[39m
        [36m/>[39m
        [36m<path[39m
          [33md[39m=[32m"m21.854 2.147-10.94 10.939"[39m
        [36m/>[39m
      [36m</svg>[39m
      [0mBulk SMS Form[0m
    [36m</h3>[39m

    Ignored nodes: comments, script, style
    [36m<span[39m
      [33mclass[39m=[32m"!text-white"[39m
    [36m>[39m
      [0mSend Bulk SMS[0m
    [36m</span>[39m

    (If this is intentional, then use the `*AllBy*` variant of the query (like `queryAllByText`, `getAllByText`, or `findAllByText`)).

    Ignored nodes: comments, script, style
    [36m<body>[39m
      [36m<div>[39m
        [36m<div[39m
          [33mclass[39m=[32m"space-y-6"[39m
        [36m>[39m
          [36m<div>[39m
            [36m<h1[39m
              [33mclass[39m=[32m"text-3xl font-bold tracking-tight text-gray-900 dark:text-white"[39m
            [36m>[39m
              [0mSend Bulk SMS[0m
            [36m</h1>[39m
            [36m<p[39m
              [33mclass[39m=[32m"text-muted-foreground dark:text-gray-400 mt-2"[39m
            [36m>[39m
              [0mSend SMS to multiple recipients via list or file upload[0m
            [36m</p>[39m
          [36m</div>[39m
          [36m<div[39m
            [33mclass[39m=[32m"rounded-xl text-card-foreground border-2 border-border/50 dark:border-border/30 bg-card dark:bg-gray-900/50 shadow-xl hover:shadow-2xl transition-all duration-300"[39m
          [36m>[39m
            [36m<div[39m
              [33mclass[39m=[32m"flex flex-col space-y-1.5 p-6 bg-success-50 dark:bg-success-950/30 border-b-2 border-border/50 dark:border-border/30 px-6 py-6"[39m
            [36m>[39m
              [36m<h3[39m
                [33mclass[39m=[32m"tracking-tight text-xl font-semibold flex items-center gap-3 text-gray-900 dark:text-white"[39m
              [36m>[39m
                [36m<svg[39m
                  [33maria-hidden[39m=[32m"true"[39m
                  [33mclass[39m=[32m"lucide lucide-send h-5 w-5 text-success-500"[39m
                  [33mfill[39m=[32m"none"[39m
                  [33mheight[39m=[32m"24"[39m
                  [33mstroke[39m=[32m"currentColor"[39m
                  [33mstroke-linecap[39m=[32m"round"[39m
                  [33mstroke-linejoin[39m=[32m"round"[39m
                  [33mstroke-width[39m=[32m"2"[39m
                  [33mviewBox[39m=[32m"0 0 24 24"[39m
                  [33mwidth[39m=[32m"24"[39m
                  [33mxmlns[39m=[32m"http://www.w3.org/2000/svg"[39m
                [36m>[39m
                  [36m<path[39m
                    [33md[39m=[32m"M14.536 21.686a.5.5 0 0 0 .937-.024l6.5-19a.496.496 0 0 0-.635-.635l-19 6.5a.5.5 0 0 0-.024.937l7.93 3.18a2 2 0 0 1 1.112 1.11z"[39m
                  [36m/>[39m
                  [36m<path[39m
                    [33md[39m=[32m"m21.854 2.147-10.94 10.939"[39m
                  [36m/>[39m
                [36m</svg>[39m
                [0mBulk SMS Form[0m
              [36m</h3>[39m
              [36m<p[39m
                [33mclass[39m=[32m"text-sm text-gray-600 dark:text-gray-400 mt-2"[39m
              [36m>[39m
                [0mChoose upload method and fill in the details[0m
              [36m</p>[39m
            [36m</div>[39m
            [36m<div[39m
              [33mclass[39m=[32m"p-6 px-6 py-8"[39m
            [36m>[39m
              [36m<form[39m
                [33mclass[39m=[32m"space-y-8"[39m
              [36m>[39m
                [36m<div[39m
                  [33mclass[39m=[32m"flex gap-4"[39m
                [36m>[39m
                  [36m<button[39m
                    [33mclass[39m=[32m"inline-flex items-center justify-center gap-2 whitespace-nowrap rounded-md text-sm font-medium ring-offset-background transition-colors focus-visible:outline-none focus-visible:ring-2 focus-visible:ring-ring focus-visible:ring-offset-2 disabled:pointer-events-none disabled:opacity-50 [&_svg]:pointer-events-none [&_svg]:size-4 [&_svg]:shrink-0 h-10 px-4 py-2 bg-success-500 hover:bg-success-600 text-white shadow-md"[39m
                    [33mtype[39m=[32m"button"[39m
                  [36m>[39m
                    [0mMSISDN List[0m
                  [36m</button>[39m
                  [36m<button[39m
                    [33mclass[39m=[32m"inline-flex items-center justify-center gap-2 whitespace-nowrap rounded-md text-sm font-medium ring-offset-background transition-colors focus-visible:outline-none focus-visible:ring-2 focus-visible:ring-ring focus-visible:ring-offset-2 disabled:pointer-events-none disabled:opacity-50 [&_svg]:pointer-events-none [&_svg]:size-4 [&_svg]:shrink-0 border border-input bg-background hover:text-accent-foreground h-10 px-4 py-2 hover:bg-gray-100 dark:hover:bg-gray-800 text-gray-900 dark:text-white"[39m
                    [33mtype[39m=[32m"button"[39m
                  [36m>[39m
                    [36m<svg[39m
                      [33maria-hidden[39m=[32m"true"[39m
                      [33mclass[39m=[32m"lucide lucide-upload mr-2 h-4 w-4"[39m
                      [33mfill[39m=[32m"none"[39m
                      [33mheight[39m=[32m"24"[39m
                      [33mstroke[39m=[32m"currentColor"[39m
                      [33mstroke-linecap[39m=[32m"round"[39m
                      [33mstroke-linejoin[39m=[32m"round"[39m
                      [33mstroke-width[39m=[32m"2"[39m
                      [33mviewBox[39m=[32m"0 0 24 24"[39m
                      [33mwidth[39m=[32m"24"[39m
                      [33mxmlns[39m=[32m"http://www.w3.org/2000/svg"[39m
                    [36m>[39m
                      [36m<path[39m
                        [33md[39m=[32m"M21 15v4a2 2 0 0 1-2 2H5a2 2 0 0 1-2-2v-4"[39m
                      [36m/>[39m
                      [36m<polyline[39m
                        [33mpoints[39m=[32m"17 8 12 3 7 8"[39m
                      [36m/>[39m
                      [36m<line[39m
                        [33mx1[39m=[32m"12"[39m
                        [33mx2[39m=[32m"12"[39m
                        [33my1[39m=[32m"3"[39m
                        [33my2[39m=[32m"15"[39m
                      [36m/>[39m
                    [36m</svg>[39m
                    [0mUpload CSV File[0m
                  [36m</button>[39m
                [36m</div>[39m
                [36m<div[39m
                  [33mclass[39m=[32m"space-y-3"[39m
                [36m>[39m
                  [36m<div[39m
                    [33mclass[39m=[32m"peer-disabled:cursor-not-allowed peer-disabled:opacity-70 text-sm font-semibold text-gray-900 dark:text-white"[39m
                    [33mfor[39m=[32m"msisdn_list"[39m
                  [36m>[39m
                    [0mMSISDN List *[0m
                  [36m</div>[39m
                  [36m<textarea[39m
                    [33mclass[39m=[32m"flex min-h-[80px] w-full rounded-xl bg-white px-3 py-2 text-sm text-gray-900 ring-offset-background placeholder:text-muted-foreground focus-visible:outline-none focus-visible:border-brand-500 dark:focus-visible:border-brand-400 focus-visible:ring-2 focus-visible:ring-brand-500/20 dark:focus-visible:ring-brand-400/20 focus-visible:ring-offset-2 disabled:cursor-not-allowed disabled:opacity-50 disabled:bg-gray-50 dark:disabled:bg-gray-800/50 transition-colors border-2 border-border/50 dark:border-gray-700 focus:border-success-500 dark:focus:border-success-500 focus:ring-2 focus:ring-success-500/20 dark:bg-gray-800 dark:text-white resize-none"[39m
                    [33mid[39m=[32m"msisdn_list"[39m
                    [33mplaceholder[39m=[32m"254712345678,254723456789,254734567890"[39m
                    [33mrequired[39m=[32m""[39m
                    [33mrows[39m=[32m"5"[39m
                  [36m/>[39m
                  [36m<p[39m
                    [33...

      59 |   it('should render send bulk form', () => {
      60 |     render(<SendBulkForm apiKey="test-key" />);
    > 61 |     expect(screen.getByText(/Bulk SMS/i)).toBeInTheDocument();
         |                   ^
      62 |   });
      63 |
      64 |   it('should show error when API key is missing', async () => {

      at Object.getElementError (node_modules/@testing-library/dom/dist/config.js:37:19)
      at getElementError (node_modules/@testing-library/dom/dist/query-helpers.js:20:35)
      at getMultipleElementsFoundError (node_modules/@testing-library/dom/dist/query-helpers.js:23:10)
      at node_modules/@testing-library/dom/dist/query-helpers.js:55:13
      at node_modules/@testing-library/dom/dist/query-helpers.js:95:19
      at Object.getByText (/home/iann/code/project/sms_portail/src/app/(admin)../../../../../messages/components/__tests__/SendBulkForm.test.tsx:61:19)

  ● SendBulkForm › should show error when API key is missing

    expect(jest.fn()).toHaveBeenCalledWith(...expected)

    Expected: ObjectContaining {"message": "API Key is required", "variant": "error"}

    Number of calls: 0

      66 |     const submitButton = screen.getByRole('button', { name: /Send/i });
      67 |     fireEvent.click(submitButton);
    > 68 |     expect(mockShowAlert).toHaveBeenCalledWith(
         |                           ^
      69 |       expect.objectContaining({
      70 |         variant: 'error',
      71 |         message: 'API Key is required',

      at Object.toHaveBeenCalledWith (/home/iann/code/project/sms_portail/src/app/(admin)../../../../../messages/components/__tests__/SendBulkForm.test.tsx:68:27)

  ● SendBulkForm › should validate required fields

    expect(jest.fn()).toHaveBeenCalled()

    Expected number of calls: >= 1
    Received number of calls:    0

      78 |     const submitButton = screen.getByRole('button', { name: /Send/i });
      79 |     fireEvent.click(submitButton);
    > 80 |     expect(mockShowAlert).toHaveBeenCalled();
         |                           ^
      81 |   });
      82 | });
      83 |

      at Object.toHaveBeenCalled (/home/iann/code/project/sms_portail/src/app/(admin)../../../../../messages/components/__tests__/SendBulkForm.test.tsx:80:27)

FAIL src/components/auth/__tests__/SignUpForm.test.tsx
  ● SignUpForm › Rendering › should render sign up form with initial step

    TestingLibraryElementError: Unable to find an element with the text: /Create an Account/i. This could be because the text is broken up by multiple elements. In this case, you can provide a function for your text matcher to make your matcher more flexible.

    Ignored nodes: comments, script, style
    [36m<body>[39m
      [36m<div>[39m
        [36m<div[39m
          [33mclass[39m=[32m"w-full flex text-gray-900 dark:text-white"[39m
        [36m>[39m
          [36m<div[39m
            [33mclass[39m=[32m"hidden lg:flex lg:w-1/2 bg-gradient-to-br from-brand-700 via-brand-500 to-blue-light-25 dark:from-brand-950 dark:via-brand-800 dark:to-brand-700 relative overflow-hidden"[39m
          [36m>[39m
            [36m<div[39m
              [33mclass[39m=[32m"absolute inset-0 bg-[url('data:image/svg+xml;base64,PHN2ZyB3aWR0aD0iNjAiIGhlaWdodD0iNjAiIHZpZXdCb3g9IjAgMCA2MCA2MCIgeG1sbnM9Imh0dHA6Ly93d3cudzMub3JnLzIwMDAvc3ZnIj48ZyBmaWxsPSJub25lIiBmaWxsLXJ1bGU9ImV2ZW5vZGQiPjxnIGZpbGw9IiNmZmZmZmYiIGZpbGwtb3BhY2l0eT0iMC4xIj48cGF0aCBkPSJNMzYgMzBoMnYyaC0yem0wLTZoMnYyaC0yem02IDZoMnYyaC0yem0wLTZoMnYyaC0yem0tMTIgNmgydjJoLTJ6bTAtNmgydjJoLTJ6Ii8+PC9nPjwvZz48L3N2Zz4=')] opacity-18"[39m
            [36m/>[39m
            [0m        [0m
            [36m<div[39m
              [33mclass[39m=[32m"relative z-10 flex flex-col justify-center items-center text-gray-900 dark:text-white p-12 w-full"[39m
            [36m>[39m
              [36m<div[39m
                [33mclass[39m=[32m"max-w-md space-y-8"[39m
              [36m>[39m
                [36m<div[39m
                  [33mclass[39m=[32m"flex items-center space-x-3 mb-12"[39m
                [36m>[39m
                  [36m<div[39m
                    [33mclass[39m=[32m"bg-white/20 dark:bg-white/10 backdrop-blur-sm p-3 rounded-2xl"[39m
                  [36m>[39m
                    [36m<svg[39m
                      [33maria-hidden[39m=[32m"true"[39m
                      [33mclass[39m=[32m"lucide lucide-message-square w-10 h-10 text-brand-600 dark:text-brand-300"[39m
                      [33mfill[39m=[32m"none"[39m
                      [33mheight[39m=[32m"24"[39m
                      [33mstroke[39m=[32m"currentColor"[39m
                      [33mstroke-linecap[39m=[32m"round"[39m
                      [33mstroke-linejoin[39m=[32m"round"[39m
                      [33mstroke-width[39m=[32m"2"[39m
                      [33mviewBox[39m=[32m"0 0 24 24"[39m
                      [33mwidth[39m=[32m"24"[39m
                      [33mxmlns[39m=[32m"http://www.w3.org/2000/svg"[39m
                    [36m>[39m
                      [36m<path[39m
                        [33md[39m=[32m"M21 15a2 2 0 0 1-2 2H7l-4 4V5a2 2 0 0 1 2-2h14a2 2 0 0 1 2 2z"[39m
                      [36m/>[39m
                    [36m</svg>[39m
                  [36m</div>[39m
                  [36m<div>[39m
                    [36m<h1[39m
                      [33mclass[39m=[32m"text-3xl font-bold"[39m
                    [36m>[39m
                      [0mSMS Platform[0m
                    [36m</h1>[39m
                    [36m<p[39m
                      [33mclass[39m=[32m"text-sm text-gray-700 dark:text-white/90"[39m
                    [36m>[39m
                      [0mEnterprise Messaging Solutions[0m
                    [36m</p>[39m
                  [36m</div>[39m
                [36m</div>[39m
                [36m<div[39m
                  [33mclass[39m=[32m"space-y-6"[39m
                [36m>[39m
                  [36m<h2[39m
                    [33mclass[39m=[32m"text-4xl font-bold leading-tight"[39m
                  [36m>[39m
                    [0mStreamline Your Business Communications[0m
                  [36m</h2>[39m
                  [36m<p[39m
                    [33mclass[39m=[32m"text-lg text-gray-700 dark:text-white/90"[39m
                  [36m>[39m
                    [0mConnect with your customers instantly through our reliable SMS delivery platform. Trusted by businesses worldwide.[0m
                  [36m</p>[39m
                [36m</div>[39m
                [36m<div[39m
                  [33mclass[39m=[32m"grid grid-cols-2 gap-6 pt-8"[39m
                [36m>[39m
                  [36m<div[39m
                    [33mclass[39m=[32m"bg-white/10 dark:bg-white/5 backdrop-blur-sm rounded-xl p-6"[39m
                  [36m>[39m
                    [36m<div[39m
                      [33mclass[39m=[32m"text-3xl font-bold mb-2"[39m
                    [36m>[39m
                      [0m99.9%[0m
                    [36m</div>[39m
                    [36m<div[39m
                      [33mclass[39m=[32m"text-sm text-gray-600 dark:text-white/80"[39m
                    [36m>[39m
                      [0mDelivery Rate[0m
                    [36m</div>[39m
                  [36m</div>[39m
                  [36m<div[39m
                    [33mclass[39m=[32m"bg-white/10 dark:bg-white/5 backdrop-blur-sm rounded-xl p-6"[39m
                  [36m>[39m
                    [36m<div[39m
                      [33mclass[39m=[32m"text-3xl font-bold mb-2"[39m
                    [36m>[39m
                      [0m24/7[0m
                    [36m</div>[39m
                    [36m<div[39m
                      [33mclass[39m=[32m"text-sm text-gray-600 dark:text-white/80"[39m
                    [36m>[39m
                      [0mSupport[0m
                    [36m</div>[39m
                  [36m</div>[39m
                [36m</div>[39m
              [36m</div>[39m
            [36m</div>[39m
          [36m</div>[39m
          [36m<div[39m
            [33mclass[39m=[32m"flex-1 flex items-center justify-center p-8"[39m
          [36m>[39m
            [36m<div[39m
              [33mclass[39m=[32m"w-full max-w-2xl"[39m
            [36m>[39m
              [36m<div[39m
                [33mclass[39m=[32m"text-card-foreground shadow-sm shadow-theme-lg border border-gray-100 dark:border-gray-800 rounded-2xl bg-white dark:bg-gray-800"[39m
              [36m>[39m
                [36m<div[39m
                  [33mclass[39m=[32m"flex flex-col p-6 space-y-3 pb-6 text-center"[39m
                [36m>[39m
                  [36m<div[39m
                    [33mclass[39m=[32m"flex justify-center mb-2"[39m
                  [36m>[39m
                    [36m<div[39m
                      [33mclass[39m=[32m"bg-white/20 dark:bg-gray-900 p-3 rounded-full shadow-theme-sm"[39m
                    [36m>[39m
                      [36m<svg[39m
                        [33maria-hidden[39m=[32m"true"[39m
                        [33mclass[39m=[32m"lucide lucide-message-square w-8 h-8 text-brand-500"[39m
                        [33mfill[39m=[32m"none"[39m
                        [33mheight[39m=[32m"24"[39m
                        [33mstroke[39m=[32m"currentColor"[39m
                        [33mstroke-linecap[39m=[32m"round"[39m
                        [33mstroke-linejoin[39m=[32m"round"[39m
                        [33mstroke-width[39m=[32m"2"[39m
                        [33mviewBox[39m=[32m"0 0 24 24"[39m
                        [33mwidth[39m=[32m"24"[39m
                        [33mxmlns[39m=[32m"http://www.w3.org/2000/svg"[39m
                      [36m>[39m
                        [36m<path[39m
                          [33md[39m=[32m"M21 15a2 2 0 0 1-2 2H7l-4 4V5a2 2 0 0 1 2-2h14a2 2 0 0 1 2 2z"[39m
                        [36m/>[39m
                      [36m</svg>[39m
                    [36m</div>[39m
                  [36m</div>[39m
                  [36m<h3[39m
      ...

      106 |     it('should render sign up form with initial step', () => {
      107 |       render(<SignUpForm />);
    > 108 |       expect(screen.getByText(/Create an Account/i)).toBeInTheDocument();
          |                     ^
      109 |     });
      110 |
      111 |     it('should render form fields in step 1', () => {

      at Object.getElementError (node_modules/@testing-library/dom/dist/config.js:37:19)
      at node_modules/@testing-library/dom/dist/query-helpers.js:76:38
      at node_modules/@testing-library/dom/dist/query-helpers.js:52:17
      at node_modules/@testing-library/dom/dist/query-helpers.js:95:19
      at Object.getByText (src/components/auth/__tests__/SignUpForm.test.tsx:108:21)

  ● SignUpForm › Form validation › should validate step 1 form and show error when fields are empty

    expect(jest.fn()).toHaveBeenCalled()

    Expected number of calls: >= 1
    Received number of calls:    0

    Ignored nodes: comments, script, style
    [36m<html>[39m
      [36m<head />[39m
      [36m<body>[39m
        [36m<div>[39m
          [36m<div[39m
            [33mclass[39m=[32m"w-full flex text-gray-900 dark:text-white"[39m
          [36m>[39m
            [36m<div[39m
              [33mclass[39m=[32m"hidden lg:flex lg:w-1/2 bg-gradient-to-br from-brand-700 via-brand-500 to-blue-light-25 dark:from-brand-950 dark:via-brand-800 dark:to-brand-700 relative overflow-hidden"[39m
            [36m>[39m
              [36m<div[39m
                [33mclass[39m=[32m"absolute inset-0 bg-[url('data:image/svg+xml;base64,PHN2ZyB3aWR0aD0iNjAiIGhlaWdodD0iNjAiIHZpZXdCb3g9IjAgMCA2MCA2MCIgeG1sbnM9Imh0dHA6Ly93d3cudzMub3JnLzIwMDAvc3ZnIj48ZyBmaWxsPSJub25lIiBmaWxsLXJ1bGU9ImV2ZW5vZGQiPjxnIGZpbGw9IiNmZmZmZmYiIGZpbGwtb3BhY2l0eT0iMC4xIj48cGF0aCBkPSJNMzYgMzBoMnYyaC0yem0wLTZoMnYyaC0yem02IDZoMnYyaC0yem0wLTZoMnYyaC0yem0tMTIgNmgydjJoLTJ6bTAtNmgydjJoLTJ6Ii8+PC9nPjwvZz48L3N2Zz4=')] opacity-18"[39m
              [36m/>[39m
              [0m        [0m
              [36m<div[39m
                [33mclass[39m=[32m"relative z-10 flex flex-col justify-center items-center text-gray-900 dark:text-white p-12 w-full"[39m
              [36m>[39m
                [36m<div[39m
                  [33mclass[39m=[32m"max-w-md space-y-8"[39m
                [36m>[39m
                  [36m<div[39m
                    [33mclass[39m=[32m"flex items-center space-x-3 mb-12"[39m
                  [36m>[39m
                    [36m<div[39m
                      [33mclass[39m=[32m"bg-white/20 dark:bg-white/10 backdrop-blur-sm p-3 rounded-2xl"[39m
                    [36m>[39m
                      [36m<svg[39m
                        [33maria-hidden[39m=[32m"true"[39m
                        [33mclass[39m=[32m"lucide lucide-message-square w-10 h-10 text-brand-600 dark:text-brand-300"[39m
                        [33mfill[39m=[32m"none"[39m
                        [33mheight[39m=[32m"24"[39m
                        [33mstroke[39m=[32m"currentColor"[39m
                        [33mstroke-linecap[39m=[32m"round"[39m
                        [33mstroke-linejoin[39m=[32m"round"[39m
                        [33mstroke-width[39m=[32m"2"[39m
                        [33mviewBox[39m=[32m"0 0 24 24"[39m
                        [33mwidth[39m=[32m"24"[39m
                        [33mxmlns[39m=[32m"http://www.w3.org/2000/svg"[39m
                      [36m>[39m
                        [36m<path[39m
                          [33md[39m=[32m"M21 15a2 2 0 0 1-2 2H7l-4 4V5a2 2 0 0 1 2-2h14a2 2 0 0 1 2 2z"[39m
                        [36m/>[39m
                      [36m</svg>[39m
                    [36m</div>[39m
                    [36m<div>[39m
                      [36m<h1[39m
                        [33mclass[39m=[32m"text-3xl font-bold"[39m
                      [36m>[39m
                        [0mSMS Platform[0m
                      [36m</h1>[39m
                      [36m<p[39m
                        [33mclass[39m=[32m"text-sm text-gray-700 dark:text-white/90"[39m
                      [36m>[39m
                        [0mEnterprise Messaging Solutions[0m
                      [36m</p>[39m
                    [36m</div>[39m
                  [36m</div>[39m
                  [36m<div[39m
                    [33mclass[39m=[32m"space-y-6"[39m
                  [36m>[39m
                    [36m<h2[39m
                      [33mclass[39m=[32m"text-4xl font-bold leading-tight"[39m
                    [36m>[39m
                      [0mStreamline Your Business Communications[0m
                    [36m</h2>[39m
                    [36m<p[39m
                      [33mclass[39m=[32m"text-lg text-gray-700 dark:text-white/90"[39m
                    [36m>[39m
                      [0mConnect with your customers instantly through our reliable SMS delivery platform. Trusted by businesses worldwide.[0m
                    [36m</p>[39m
                  [36m</div>[39m
                  [36m<div[39m
                    [33mclass[39m=[32m"grid grid-cols-2 gap-6 pt-8"[39m
                  [36m>[39m
                    [36m<div[39m
                      [33mclass[39m=[32m"bg-white/10 dark:bg-white/5 backdrop-blur-sm rounded-xl p-6"[39m
                    [36m>[39m
                      [36m<div[39m
                        [33mclass[39m=[32m"text-3xl font-bold mb-2"[39m
                      [36m>[39m
                        [0m99.9%[0m
                      [36m</div>[39m
                      [36m<div[39m
                        [33mclass[39m=[32m"text-sm text-gray-600 dark:text-white/80"[39m
                      [36m>[39m
                        [0mDelivery Rate[0m
                      [36m</div>[39m
                    [36m</div>[39m
                    [36m<div[39m
                      [33mclass[39m=[32m"bg-white/10 dark:bg-white/5 backdrop-blur-sm rounded-xl p-6"[39m
                    [36m>[39m
                      [36m<div[39m
                        [33mclass[39m=[32m"text-3xl font-bold mb-2"[39m
                      [36m>[39m
                        [0m24/7[0m
                      [36m</div>[39m
                      [36m<div[39m
                        [33mclass[39m=[32m"text-sm text-gray-600 dark:text-white/80"[39m
                      [36m>[39m
                        [0mSupport[0m
                      [36m</div>[39m
                    [36m</div>[39m
                  [36m</div>[39m
                [36m</div>[39m
              [36m</div>[39m
            [36m</div>[39m
            [36m<div[39m
              [33mclass[39m=[32m"flex-1 flex items-center justify-center p-8"[39m
            [36m>[39m
              [36m<div[39m
                [33mclass[39m=[32m"w-full max-w-2xl"[39m
              [36m>[39m
                [36m<div[39m
                  [33mclass[39m=[32m"text-card-foreground shadow-sm shadow-theme-lg border border-gray-100 dark:border-gray-800 rounded-2xl bg-white dark:bg-gray-800"[39m
                [36m>[39m
                  [36m<div[39m
                    [33mclass[39m=[32m"flex flex-col p-6 space-y-3 pb-6 text-center"[39m
                  [36m>[39m
                    [36m<div[39m
                      [33mclass[39m=[32m"flex justify-center mb-2"[39m
                    [36m>[39m
                      [36m<div[39m
                        [33mclass[39m=[32m"bg-white/20 dark:bg-gray-900 p-3 rounded-full shadow-theme-sm"[39m
                      [36m>[39m
                        [36m<svg[39m
                          [33maria-hidden[39m=[32m"true"[39m
                          [33mclass[39m=[32m"lucide lucide-message-square w-8 h-8 text-brand-500"[39m
                          [33mfill[39m=[32m"none"[39m
                          [33mheight[39m=[32m"24"[39m
                          [33mstroke[39m=[32m"currentColor"[39m
                          [33mstroke-linecap[39m=[32m"round"[39m
                          [33mstroke-linejoin[39m=[32m"round"[39m
                          [33mstroke-width[39m=[32m"2"[39m
                          [33mviewBox[39m=[32m"0 0 24 24"[39m
                          [33mwidth[39m=[32m"24"[39m
                          [33mxmlns[39m=[32m"http://www.w3.org/2000/svg"[39m
                        [36m>[39...

      123 |       
      124 |       await waitFor(() => {
    > 125 |         expect(mockShowAlert).toHaveBeenCalled();
          |                               ^
      126 |       });
      127 |     });
      128 |

      at toHaveBeenCalled (src/components/auth/__tests__/SignUpForm.test.tsx:125:31)
      at runWithExpensiveErrorDiagnosticsDisabled (node_modules/@testing-library/dom/dist/config.js:47:12)
      at checkCallback (node_modules/@testing-library/dom/dist/wait-for.js:124:77)
      at checkRealTimersCallback (node_modules/@testing-library/dom/dist/wait-for.js:118:16)
      at Timeout.task [as _onTimeout] (node_modules/jsdom/lib/jsdom/browser/Window.js:579:19)

  ● SignUpForm › Form validation › should not proceed to next step when validation fails

    expect(jest.fn()).toHaveBeenCalled()

    Expected number of calls: >= 1
    Received number of calls:    0

    Ignored nodes: comments, script, style
    [36m<html>[39m
      [36m<head />[39m
      [36m<body>[39m
        [36m<div>[39m
          [36m<div[39m
            [33mclass[39m=[32m"w-full flex text-gray-900 dark:text-white"[39m
          [36m>[39m
            [36m<div[39m
              [33mclass[39m=[32m"hidden lg:flex lg:w-1/2 bg-gradient-to-br from-brand-700 via-brand-500 to-blue-light-25 dark:from-brand-950 dark:via-brand-800 dark:to-brand-700 relative overflow-hidden"[39m
            [36m>[39m
              [36m<div[39m
                [33mclass[39m=[32m"absolute inset-0 bg-[url('data:image/svg+xml;base64,PHN2ZyB3aWR0aD0iNjAiIGhlaWdodD0iNjAiIHZpZXdCb3g9IjAgMCA2MCA2MCIgeG1sbnM9Imh0dHA6Ly93d3cudzMub3JnLzIwMDAvc3ZnIj48ZyBmaWxsPSJub25lIiBmaWxsLXJ1bGU9ImV2ZW5vZGQiPjxnIGZpbGw9IiNmZmZmZmYiIGZpbGwtb3BhY2l0eT0iMC4xIj48cGF0aCBkPSJNMzYgMzBoMnYyaC0yem0wLTZoMnYyaC0yem02IDZoMnYyaC0yem0wLTZoMnYyaC0yem0tMTIgNmgydjJoLTJ6bTAtNmgydjJoLTJ6Ii8+PC9nPjwvZz48L3N2Zz4=')] opacity-18"[39m
              [36m/>[39m
              [0m        [0m
              [36m<div[39m
                [33mclass[39m=[32m"relative z-10 flex flex-col justify-center items-center text-gray-900 dark:text-white p-12 w-full"[39m
              [36m>[39m
                [36m<div[39m
                  [33mclass[39m=[32m"max-w-md space-y-8"[39m
                [36m>[39m
                  [36m<div[39m
                    [33mclass[39m=[32m"flex items-center space-x-3 mb-12"[39m
                  [36m>[39m
                    [36m<div[39m
                      [33mclass[39m=[32m"bg-white/20 dark:bg-white/10 backdrop-blur-sm p-3 rounded-2xl"[39m
                    [36m>[39m
                      [36m<svg[39m
                        [33maria-hidden[39m=[32m"true"[39m
                        [33mclass[39m=[32m"lucide lucide-message-square w-10 h-10 text-brand-600 dark:text-brand-300"[39m
                        [33mfill[39m=[32m"none"[39m
                        [33mheight[39m=[32m"24"[39m
                        [33mstroke[39m=[32m"currentColor"[39m
                        [33mstroke-linecap[39m=[32m"round"[39m
                        [33mstroke-linejoin[39m=[32m"round"[39m
                        [33mstroke-width[39m=[32m"2"[39m
                        [33mviewBox[39m=[32m"0 0 24 24"[39m
                        [33mwidth[39m=[32m"24"[39m
                        [33mxmlns[39m=[32m"http://www.w3.org/2000/svg"[39m
                      [36m>[39m
                        [36m<path[39m
                          [33md[39m=[32m"M21 15a2 2 0 0 1-2 2H7l-4 4V5a2 2 0 0 1 2-2h14a2 2 0 0 1 2 2z"[39m
                        [36m/>[39m
                      [36m</svg>[39m
                    [36m</div>[39m
                    [36m<div>[39m
                      [36m<h1[39m
                        [33mclass[39m=[32m"text-3xl font-bold"[39m
                      [36m>[39m
                        [0mSMS Platform[0m
                      [36m</h1>[39m
                      [36m<p[39m
                        [33mclass[39m=[32m"text-sm text-gray-700 dark:text-white/90"[39m
                      [36m>[39m
                        [0mEnterprise Messaging Solutions[0m
                      [36m</p>[39m
                    [36m</div>[39m
                  [36m</div>[39m
                  [36m<div[39m
                    [33mclass[39m=[32m"space-y-6"[39m
                  [36m>[39m
                    [36m<h2[39m
                      [33mclass[39m=[32m"text-4xl font-bold leading-tight"[39m
                    [36m>[39m
                      [0mStreamline Your Business Communications[0m
                    [36m</h2>[39m
                    [36m<p[39m
                      [33mclass[39m=[32m"text-lg text-gray-700 dark:text-white/90"[39m
                    [36m>[39m
                      [0mConnect with your customers instantly through our reliable SMS delivery platform. Trusted by businesses worldwide.[0m
                    [36m</p>[39m
                  [36m</div>[39m
                  [36m<div[39m
                    [33mclass[39m=[32m"grid grid-cols-2 gap-6 pt-8"[39m
                  [36m>[39m
                    [36m<div[39m
                      [33mclass[39m=[32m"bg-white/10 dark:bg-white/5 backdrop-blur-sm rounded-xl p-6"[39m
                    [36m>[39m
                      [36m<div[39m
                        [33mclass[39m=[32m"text-3xl font-bold mb-2"[39m
                      [36m>[39m
                        [0m99.9%[0m
                      [36m</div>[39m
                      [36m<div[39m
                        [33mclass[39m=[32m"text-sm text-gray-600 dark:text-white/80"[39m
                      [36m>[39m
                        [0mDelivery Rate[0m
                      [36m</div>[39m
                    [36m</div>[39m
                    [36m<div[39m
                      [33mclass[39m=[32m"bg-white/10 dark:bg-white/5 backdrop-blur-sm rounded-xl p-6"[39m
                    [36m>[39m
                      [36m<div[39m
                        [33mclass[39m=[32m"text-3xl font-bold mb-2"[39m
                      [36m>[39m
                        [0m24/7[0m
                      [36m</div>[39m
                      [36m<div[39m
                        [33mclass[39m=[32m"text-sm text-gray-600 dark:text-white/80"[39m
                      [36m>[39m
                        [0mSupport[0m
                      [36m</div>[39m
                    [36m</div>[39m
                  [36m</div>[39m
                [36m</div>[39m
              [36m</div>[39m
            [36m</div>[39m
            [36m<div[39m
              [33mclass[39m=[32m"flex-1 flex items-center justify-center p-8"[39m
            [36m>[39m
              [36m<div[39m
                [33mclass[39m=[32m"w-full max-w-2xl"[39m
              [36m>[39m
                [36m<div[39m
                  [33mclass[39m=[32m"text-card-foreground shadow-sm shadow-theme-lg border border-gray-100 dark:border-gray-800 rounded-2xl bg-white dark:bg-gray-800"[39m
                [36m>[39m
                  [36m<div[39m
                    [33mclass[39m=[32m"flex flex-col p-6 space-y-3 pb-6 text-center"[39m
                  [36m>[39m
                    [36m<div[39m
                      [33mclass[39m=[32m"flex justify-center mb-2"[39m
                    [36m>[39m
                      [36m<div[39m
                        [33mclass[39m=[32m"bg-white/20 dark:bg-gray-900 p-3 rounded-full shadow-theme-sm"[39m
                      [36m>[39m
                        [36m<svg[39m
                          [33maria-hidden[39m=[32m"true"[39m
                          [33mclass[39m=[32m"lucide lucide-message-square w-8 h-8 text-brand-500"[39m
                          [33mfill[39m=[32m"none"[39m
                          [33mheight[39m=[32m"24"[39m
                          [33mstroke[39m=[32m"currentColor"[39m
                          [33mstroke-linecap[39m=[32m"round"[39m
                          [33mstroke-linejoin[39m=[32m"round"[39m
                          [33mstroke-width[39m=[32m"2"[39m
                          [33mviewBox[39m=[32m"0 0 24 24"[39m
                          [33mwidth[39m=[32m"24"[39m
                          [33mxmlns[39m=[32m"http://www.w3.org/2000/svg"[39m
                        [36m>[39...

      133 |       
      134 |       await waitFor(() => {
    > 135 |         expect(mockShowAlert).toHaveBeenCalled();
          |                               ^
      136 |       });
      137 |       // Should still be on step 1
      138 |       expect(screen.getByText(/Next/i)).toBeInTheDocument();

      at toHaveBeenCalled (src/components/auth/__tests__/SignUpForm.test.tsx:135:31)
      at runWithExpensiveErrorDiagnosticsDisabled (node_modules/@testing-library/dom/dist/config.js:47:12)
      at checkCallback (node_modules/@testing-library/dom/dist/wait-for.js:124:77)
      at checkRealTimersCallback (node_modules/@testing-library/dom/dist/wait-for.js:118:16)
      at Timeout.task [as _onTimeout] (node_modules/jsdom/lib/jsdom/browser/Window.js:579:19)

PASS src/components/contacts/__tests__/ContactsTable.test.tsx
FAIL src/components/ui/__tests__/radio-group.test.tsx
  ● Console

    console.error
      Unknown event handler property `onValueChange`. It will be ignored.

      35 |   it('should handle radio group value change', () => {
      36 |     const onValueChange = jest.fn();
    > 37 |     render(
         |           ^
      38 |       <RadioGroup onValueChange={onValueChange}>
      39 |         <div className="flex items-center space-x-2">
      40 |           <RadioGroupItem value="option1" id="option1" />

      at validateProperty (node_modules/react-dom/cjs/react-dom-client.development.js:2935:21)
      at warnUnknownProperties (node_modules/react-dom/cjs/react-dom-client.development.js:3146:9)
      at validatePropertiesInDevelopment (node_modules/react-dom/cjs/react-dom-client.development.js:19868:9)
      at setInitialProperties (node_modules/react-dom/cjs/react-dom-client.development.js:20491:7)
      at completeWork (node_modules/react-dom/cjs/react-dom-client.development.js:12662:18)
      at runWithFiberInDEV (node_modules/react-dom/cjs/react-dom-client.development.js:874:13)
      at completeUnitOfWork (node_modules/react-dom/cjs/react-dom-client.development.js:17777:19)
      at performUnitOfWork (node_modules/react-dom/cjs/react-dom-client.development.js:17658:11)
      at workLoopSync (node_modules/react-dom/cjs/react-dom-client.development.js:17469:41)
      at renderRootSync (node_modules/react-dom/cjs/react-dom-client.development.js:17450:11)
      at performWorkOnRoot (node_modules/react-dom/cjs/react-dom-client.development.js:16504:11)
      at performWorkOnRootViaSchedulerTask (node_modules/react-dom/cjs/react-dom-client.development.js:18957:7)
      at flushActQueue (node_modules/react/cjs/react.development.js:590:34)
      at process.env.NODE_ENV.exports.act (node_modules/react/cjs/react.development.js:884:10)
      at node_modules/@testing-library/react/dist/act-compat.js:47:25
      at renderRoot (node_modules/@testing-library/react/dist/pure.js:190:26)
      at render (node_modules/@testing-library/react/dist/pure.js:292:10)
      at Object.<anonymous> (src/components/ui/__tests__/radio-group.test.tsx:37:11)

  ● RadioGroup › should render radio group

    TestingLibraryElementError: Unable to find an accessible element with the role "radiogroup"

    There are no accessible roles. But there might be some inaccessible roles. If you wish to access them, then set the `hidden` option to `true`. Learn more about this here: https://testing-library.com/docs/dom-testing-library/api-queries#byrole

    Ignored nodes: comments, script, style
    [36m<body>[39m
      [36m<div>[39m
        [36m<div[39m
          [33mclass[39m=[32m"grid gap-2"[39m
        [36m>[39m
          [36m<div[39m
            [33mclass[39m=[32m"aspect-square h-4 w-4 rounded-full border border-primary text-primary ring-offset-background focus:outline-none focus-visible:ring-2 focus-visible:ring-ring focus-visible:ring-offset-2 disabled:cursor-not-allowed disabled:opacity-50"[39m
            [33mid[39m=[32m"option1"[39m
            [33mvalue[39m=[32m"option1"[39m
          [36m>[39m
            [36m<div[39m
              [33mclass[39m=[32m"flex items-center justify-center"[39m
            [36m>[39m
              [36m<svg[39m
                [33maria-hidden[39m=[32m"true"[39m
                [33mclass[39m=[32m"lucide lucide-circle h-2.5 w-2.5 fill-current text-current"[39m
                [33mfill[39m=[32m"none"[39m
                [33mheight[39m=[32m"24"[39m
                [33mstroke[39m=[32m"currentColor"[39m
                [33mstroke-linecap[39m=[32m"round"[39m
                [33mstroke-linejoin[39m=[32m"round"[39m
                [33mstroke-width[39m=[32m"2"[39m
                [33mviewBox[39m=[32m"0 0 24 24"[39m
                [33mwidth[39m=[32m"24"[39m
                [33mxmlns[39m=[32m"http://www.w3.org/2000/svg"[39m
              [36m>[39m
                [36m<circle[39m
                  [33mcx[39m=[32m"12"[39m
                  [33mcy[39m=[32m"12"[39m
                  [33mr[39m=[32m"10"[39m
                [36m/>[39m
              [36m</svg>[39m
            [36m</div>[39m
          [36m</div>[39m
          [36m<div[39m
            [33mclass[39m=[32m"text-sm font-semibold leading-none text-gray-700 dark:text-gray-200 peer-disabled:cursor-not-allowed peer-disabled:opacity-70"[39m
            [33mfor[39m=[32m"option1"[39m
          [36m>[39m
            [0mOption 1[0m
          [36m</div>[39m
        [36m</div>[39m
      [36m</div>[39m
    [36m</body>[39m

      12 |       </RadioGroup>
      13 |     );
    > 14 |     const radioGroup = screen.getByRole('radiogroup');
         |                               ^
      15 |     expect(radioGroup).toBeInTheDocument();
      16 |   });
      17 |

      at Object.getElementError (node_modules/@testing-library/dom/dist/config.js:37:19)
      at node_modules/@testing-library/dom/dist/query-helpers.js:76:38
      at node_modules/@testing-library/dom/dist/query-helpers.js:52:17
      at node_modules/@testing-library/dom/dist/query-helpers.js:95:19
      at Object.getByRole (src/components/ui/__tests__/radio-group.test.tsx:14:31)

  ● RadioGroup › should render radio group items

    TestingLibraryElementError: Unable to find an accessible element with the role "radio"

    There are no accessible roles. But there might be some inaccessible roles. If you wish to access them, then set the `hidden` option to `true`. Learn more about this here: https://testing-library.com/docs/dom-testing-library/api-queries#byrole

    Ignored nodes: comments, script, style
    [36m<body>[39m
      [36m<div>[39m
        [36m<div[39m
          [33mclass[39m=[32m"grid gap-2"[39m
        [36m>[39m
          [36m<div[39m
            [33mclass[39m=[32m"flex items-center space-x-2"[39m
          [36m>[39m
            [36m<div[39m
              [33mclass[39m=[32m"aspect-square h-4 w-4 rounded-full border border-primary text-primary ring-offset-background focus:outline-none focus-visible:ring-2 focus-visible:ring-ring focus-visible:ring-offset-2 disabled:cursor-not-allowed disabled:opacity-50"[39m
              [33mid[39m=[32m"option1"[39m
              [33mvalue[39m=[32m"option1"[39m
            [36m>[39m
              [36m<div[39m
                [33mclass[39m=[32m"flex items-center justify-center"[39m
              [36m>[39m
                [36m<svg[39m
                  [33maria-hidden[39m=[32m"true"[39m
                  [33mclass[39m=[32m"lucide lucide-circle h-2.5 w-2.5 fill-current text-current"[39m
                  [33mfill[39m=[32m"none"[39m
                  [33mheight[39m=[32m"24"[39m
                  [33mstroke[39m=[32m"currentColor"[39m
                  [33mstroke-linecap[39m=[32m"round"[39m
                  [33mstroke-linejoin[39m=[32m"round"[39m
                  [33mstroke-width[39m=[32m"2"[39m
                  [33mviewBox[39m=[32m"0 0 24 24"[39m
                  [33mwidth[39m=[32m"24"[39m
                  [33mxmlns[39m=[32m"http://www.w3.org/2000/svg"[39m
                [36m>[39m
                  [36m<circle[39m
                    [33mcx[39m=[32m"12"[39m
                    [33mcy[39m=[32m"12"[39m
                    [33mr[39m=[32m"10"[39m
                  [36m/>[39m
                [36m</svg>[39m
              [36m</div>[39m
            [36m</div>[39m
            [36m<div[39m
              [33mclass[39m=[32m"text-sm font-semibold leading-none text-gray-700 dark:text-gray-200 peer-disabled:cursor-not-allowed peer-disabled:opacity-70"[39m
              [33mfor[39m=[32m"option1"[39m
            [36m>[39m
              [0mOption 1[0m
            [36m</div>[39m
          [36m</div>[39m
          [36m<div[39m
            [33mclass[39m=[32m"flex items-center space-x-2"[39m
          [36m>[39m
            [36m<div[39m
              [33mclass[39m=[32m"aspect-square h-4 w-4 rounded-full border border-primary text-primary ring-offset-background focus:outline-none focus-visible:ring-2 focus-visible:ring-ring focus-visible:ring-offset-2 disabled:cursor-not-allowed disabled:opacity-50"[39m
              [33mid[39m=[32m"option2"[39m
              [33mvalue[39m=[32m"option2"[39m
            [36m>[39m
              [36m<div[39m
                [33mclass[39m=[32m"flex items-center justify-center"[39m
              [36m>[39m
                [36m<svg[39m
                  [33maria-hidden[39m=[32m"true"[39m
                  [33mclass[39m=[32m"lucide lucide-circle h-2.5 w-2.5 fill-current text-current"[39m
                  [33mfill[39m=[32m"none"[39m
                  [33mheight[39m=[32m"24"[39m
                  [33mstroke[39m=[32m"currentColor"[39m
                  [33mstroke-linecap[39m=[32m"round"[39m
                  [33mstroke-linejoin[39m=[32m"round"[39m
                  [33mstroke-width[39m=[32m"2"[39m
                  [33mviewBox[39m=[32m"0 0 24 24"[39m
                  [33mwidth[39m=[32m"24"[39m
                  [33mxmlns[39m=[32m"http://www.w3.org/2000/svg"[39m
                [36m>[39m
                  [36m<circle[39m
                    [33mcx[39m=[32m"12"[39m
                    [33mcy[39m=[32m"12"[39m
                    [33mr[39m=[32m"10"[39m
                  [36m/>[39m
                [36m</svg>[39m
              [36m</div>[39m
            [36m</div>[39m
            [36m<div[39m
              [33mclass[39m=[32m"text-sm font-semibold leading-none text-gray-700 dark:text-gray-200 peer-disabled:cursor-not-allowed peer-disabled:opacity-70"[39m
              [33mfor[39m=[32m"option2"[39m
            [36m>[39m
              [0mOption 2[0m
            [36m</div>[39m
          [36m</div>[39m
        [36m</div>[39m
      [36m</div>[39m
    [36m</body>[39m

      29 |       </RadioGroup>
      30 |     );
    > 31 |     const radios = screen.getAllByRole('radio');
         |                           ^
      32 |     expect(radios).toHaveLength(2);
      33 |   });
      34 |

      at Object.getElementError (node_modules/@testing-library/dom/dist/config.js:37:19)
      at node_modules/@testing-library/dom/dist/query-helpers.js:76:38
      at node_modules/@testing-library/dom/dist/query-helpers.js:109:15
      at Object.getAllByRole (src/components/ui/__tests__/radio-group.test.tsx:31:27)

  ● RadioGroup › should handle radio group value change

    TestingLibraryElementError: Unable to find an accessible element with the role "radio"

    There are no accessible roles. But there might be some inaccessible roles. If you wish to access them, then set the `hidden` option to `true`. Learn more about this here: https://testing-library.com/docs/dom-testing-library/api-queries#byrole

    Ignored nodes: comments, script, style
    [36m<body>[39m
      [36m<div>[39m
        [36m<div[39m
          [33mclass[39m=[32m"grid gap-2"[39m
        [36m>[39m
          [36m<div[39m
            [33mclass[39m=[32m"flex items-center space-x-2"[39m
          [36m>[39m
            [36m<div[39m
              [33mclass[39m=[32m"aspect-square h-4 w-4 rounded-full border border-primary text-primary ring-offset-background focus:outline-none focus-visible:ring-2 focus-visible:ring-ring focus-visible:ring-offset-2 disabled:cursor-not-allowed disabled:opacity-50"[39m
              [33mid[39m=[32m"option1"[39m
              [33mvalue[39m=[32m"option1"[39m
            [36m>[39m
              [36m<div[39m
                [33mclass[39m=[32m"flex items-center justify-center"[39m
              [36m>[39m
                [36m<svg[39m
                  [33maria-hidden[39m=[32m"true"[39m
                  [33mclass[39m=[32m"lucide lucide-circle h-2.5 w-2.5 fill-current text-current"[39m
                  [33mfill[39m=[32m"none"[39m
                  [33mheight[39m=[32m"24"[39m
                  [33mstroke[39m=[32m"currentColor"[39m
                  [33mstroke-linecap[39m=[32m"round"[39m
                  [33mstroke-linejoin[39m=[32m"round"[39m
                  [33mstroke-width[39m=[32m"2"[39m
                  [33mviewBox[39m=[32m"0 0 24 24"[39m
                  [33mwidth[39m=[32m"24"[39m
                  [33mxmlns[39m=[32m"http://www.w3.org/2000/svg"[39m
                [36m>[39m
                  [36m<circle[39m
                    [33mcx[39m=[32m"12"[39m
                    [33mcy[39m=[32m"12"[39m
                    [33mr[39m=[32m"10"[39m
                  [36m/>[39m
                [36m</svg>[39m
              [36m</div>[39m
            [36m</div>[39m
            [36m<div[39m
              [33mclass[39m=[32m"text-sm font-semibold leading-none text-gray-700 dark:text-gray-200 peer-disabled:cursor-not-allowed peer-disabled:opacity-70"[39m
              [33mfor[39m=[32m"option1"[39m
            [36m>[39m
              [0mOption 1[0m
            [36m</div>[39m
          [36m</div>[39m
          [36m<div[39m
            [33mclass[39m=[32m"flex items-center space-x-2"[39m
          [36m>[39m
            [36m<div[39m
              [33mclass[39m=[32m"aspect-square h-4 w-4 rounded-full border border-primary text-primary ring-offset-background focus:outline-none focus-visible:ring-2 focus-visible:ring-ring focus-visible:ring-offset-2 disabled:cursor-not-allowed disabled:opacity-50"[39m
              [33mid[39m=[32m"option2"[39m
              [33mvalue[39m=[32m"option2"[39m
            [36m>[39m
              [36m<div[39m
                [33mclass[39m=[32m"flex items-center justify-center"[39m
              [36m>[39m
                [36m<svg[39m
                  [33maria-hidden[39m=[32m"true"[39m
                  [33mclass[39m=[32m"lucide lucide-circle h-2.5 w-2.5 fill-current text-current"[39m
                  [33mfill[39m=[32m"none"[39m
                  [33mheight[39m=[32m"24"[39m
                  [33mstroke[39m=[32m"currentColor"[39m
                  [33mstroke-linecap[39m=[32m"round"[39m
                  [33mstroke-linejoin[39m=[32m"round"[39m
                  [33mstroke-width[39m=[32m"2"[39m
                  [33mviewBox[39m=[32m"0 0 24 24"[39m
                  [33mwidth[39m=[32m"24"[39m
                  [33mxmlns[39m=[32m"http://www.w3.org/2000/svg"[39m
                [36m>[39m
                  [36m<circle[39m
                    [33mcx[39m=[32m"12"[39m
                    [33mcy[39m=[32m"12"[39m
                    [33mr[39m=[32m"10"[39m
                  [36m/>[39m
                [36m</svg>[39m
              [36m</div>[39m
            [36m</div>[39m
            [36m<div[39m
              [33mclass[39m=[32m"text-sm font-semibold leading-none text-gray-700 dark:text-gray-200 peer-disabled:cursor-not-allowed peer-disabled:opacity-70"[39m
              [33mfor[39m=[32m"option2"[39m
            [36m>[39m
              [0mOption 2[0m
            [36m</div>[39m
          [36m</div>[39m
        [36m</div>[39m
      [36m</div>[39m
    [36m</body>[39m

      47 |       </RadioGroup>
      48 |     );
    > 49 |     const radios = screen.getAllByRole('radio');
         |                           ^
      50 |     fireEvent.click(radios[1]);
      51 |     expect(onValueChange).toHaveBeenCalledWith('option2');
      52 |   });

      at Object.getElementError (node_modules/@testing-library/dom/dist/config.js:37:19)
      at node_modules/@testing-library/dom/dist/query-helpers.js:76:38
      at node_modules/@testing-library/dom/dist/query-helpers.js:109:15
      at Object.getAllByRole (src/components/ui/__tests__/radio-group.test.tsx:49:27)

  ● RadioGroup › should render radio group with defaultValue

    TestingLibraryElementError: Unable to find an accessible element with the role "radio"

    There are no accessible roles. But there might be some inaccessible roles. If you wish to access them, then set the `hidden` option to `true`. Learn more about this here: https://testing-library.com/docs/dom-testing-library/api-queries#byrole

    Ignored nodes: comments, script, style
    [36m<body>[39m
      [36m<div>[39m
        [36m<div[39m
          [33mclass[39m=[32m"grid gap-2"[39m
        [36m>[39m
          [36m<div[39m
            [33mclass[39m=[32m"flex items-center space-x-2"[39m
          [36m>[39m
            [36m<div[39m
              [33mclass[39m=[32m"aspect-square h-4 w-4 rounded-full border border-primary text-primary ring-offset-background focus:outline-none focus-visible:ring-2 focus-visible:ring-ring focus-visible:ring-offset-2 disabled:cursor-not-allowed disabled:opacity-50"[39m
              [33mid[39m=[32m"option1"[39m
              [33mvalue[39m=[32m"option1"[39m
            [36m>[39m
              [36m<div[39m
                [33mclass[39m=[32m"flex items-center justify-center"[39m
              [36m>[39m
                [36m<svg[39m
                  [33maria-hidden[39m=[32m"true"[39m
                  [33mclass[39m=[32m"lucide lucide-circle h-2.5 w-2.5 fill-current text-current"[39m
                  [33mfill[39m=[32m"none"[39m
                  [33mheight[39m=[32m"24"[39m
                  [33mstroke[39m=[32m"currentColor"[39m
                  [33mstroke-linecap[39m=[32m"round"[39m
                  [33mstroke-linejoin[39m=[32m"round"[39m
                  [33mstroke-width[39m=[32m"2"[39m
                  [33mviewBox[39m=[32m"0 0 24 24"[39m
                  [33mwidth[39m=[32m"24"[39m
                  [33mxmlns[39m=[32m"http://www.w3.org/2000/svg"[39m
                [36m>[39m
                  [36m<circle[39m
                    [33mcx[39m=[32m"12"[39m
                    [33mcy[39m=[32m"12"[39m
                    [33mr[39m=[32m"10"[39m
                  [36m/>[39m
                [36m</svg>[39m
              [36m</div>[39m
            [36m</div>[39m
            [36m<div[39m
              [33mclass[39m=[32m"text-sm font-semibold leading-none text-gray-700 dark:text-gray-200 peer-disabled:cursor-not-allowed peer-disabled:opacity-70"[39m
              [33mfor[39m=[32m"option1"[39m
            [36m>[39m
              [0mOption 1[0m
            [36m</div>[39m
          [36m</div>[39m
          [36m<div[39m
            [33mclass[39m=[32m"flex items-center space-x-2"[39m
          [36m>[39m
            [36m<div[39m
              [33mclass[39m=[32m"aspect-square h-4 w-4 rounded-full border border-primary text-primary ring-offset-background focus:outline-none focus-visible:ring-2 focus-visible:ring-ring focus-visible:ring-offset-2 disabled:cursor-not-allowed disabled:opacity-50"[39m
              [33mid[39m=[32m"option2"[39m
              [33mvalue[39m=[32m"option2"[39m
            [36m>[39m
              [36m<div[39m
                [33mclass[39m=[32m"flex items-center justify-center"[39m
              [36m>[39m
                [36m<svg[39m
                  [33maria-hidden[39m=[32m"true"[39m
                  [33mclass[39m=[32m"lucide lucide-circle h-2.5 w-2.5 fill-current text-current"[39m
                  [33mfill[39m=[32m"none"[39m
                  [33mheight[39m=[32m"24"[39m
                  [33mstroke[39m=[32m"currentColor"[39m
                  [33mstroke-linecap[39m=[32m"round"[39m
                  [33mstroke-linejoin[39m=[32m"round"[39m
                  [33mstroke-width[39m=[32m"2"[39m
                  [33mviewBox[39m=[32m"0 0 24 24"[39m
                  [33mwidth[39m=[32m"24"[39m
                  [33mxmlns[39m=[32m"http://www.w3.org/2000/svg"[39m
                [36m>[39m
                  [36m<circle[39m
                    [33mcx[39m=[32m"12"[39m
                    [33mcy[39m=[32m"12"[39m
                    [33mr[39m=[32m"10"[39m
                  [36m/>[39m
                [36m</svg>[39m
              [36m</div>[39m
            [36m</div>[39m
            [36m<div[39m
              [33mclass[39m=[32m"text-sm font-semibold leading-none text-gray-700 dark:text-gray-200 peer-disabled:cursor-not-allowed peer-disabled:opacity-70"[39m
              [33mfor[39m=[32m"option2"[39m
            [36m>[39m
              [0mOption 2[0m
            [36m</div>[39m
          [36m</div>[39m
        [36m</div>[39m
      [36m</div>[39m
    [36m</body>[39m

      65 |       </RadioGroup>
      66 |     );
    > 67 |     const radios = screen.getAllByRole('radio');
         |                           ^
      68 |     expect(radios[1]).toHaveAttribute('aria-checked', 'true');
      69 |   });
      70 |

      at Object.getElementError (node_modules/@testing-library/dom/dist/config.js:37:19)
      at node_modules/@testing-library/dom/dist/query-helpers.js:76:38
      at node_modules/@testing-library/dom/dist/query-helpers.js:109:15
      at Object.getAllByRole (src/components/ui/__tests__/radio-group.test.tsx:67:27)

  ● RadioGroup › should render radio group as disabled

    TestingLibraryElementError: Unable to find an accessible element with the role "radio"

    There are no accessible roles. But there might be some inaccessible roles. If you wish to access them, then set the `hidden` option to `true`. Learn more about this here: https://testing-library.com/docs/dom-testing-library/api-queries#byrole

    Ignored nodes: comments, script, style
    [36m<body>[39m
      [36m<div>[39m
        [36m<div[39m
          [33mclass[39m=[32m"grid gap-2"[39m
          [33mdisabled[39m=[32m""[39m
        [36m>[39m
          [36m<div[39m
            [33mclass[39m=[32m"flex items-center space-x-2"[39m
          [36m>[39m
            [36m<div[39m
              [33mclass[39m=[32m"aspect-square h-4 w-4 rounded-full border border-primary text-primary ring-offset-background focus:outline-none focus-visible:ring-2 focus-visible:ring-ring focus-visible:ring-offset-2 disabled:cursor-not-allowed disabled:opacity-50"[39m
              [33mid[39m=[32m"option1"[39m
              [33mvalue[39m=[32m"option1"[39m
            [36m>[39m
              [36m<div[39m
                [33mclass[39m=[32m"flex items-center justify-center"[39m
              [36m>[39m
                [36m<svg[39m
                  [33maria-hidden[39m=[32m"true"[39m
                  [33mclass[39m=[32m"lucide lucide-circle h-2.5 w-2.5 fill-current text-current"[39m
                  [33mfill[39m=[32m"none"[39m
                  [33mheight[39m=[32m"24"[39m
                  [33mstroke[39m=[32m"currentColor"[39m
                  [33mstroke-linecap[39m=[32m"round"[39m
                  [33mstroke-linejoin[39m=[32m"round"[39m
                  [33mstroke-width[39m=[32m"2"[39m
                  [33mviewBox[39m=[32m"0 0 24 24"[39m
                  [33mwidth[39m=[32m"24"[39m
                  [33mxmlns[39m=[32m"http://www.w3.org/2000/svg"[39m
                [36m>[39m
                  [36m<circle[39m
                    [33mcx[39m=[32m"12"[39m
                    [33mcy[39m=[32m"12"[39m
                    [33mr[39m=[32m"10"[39m
                  [36m/>[39m
                [36m</svg>[39m
              [36m</div>[39m
            [36m</div>[39m
            [36m<div[39m
              [33mclass[39m=[32m"text-sm font-semibold leading-none text-gray-700 dark:text-gray-200 peer-disabled:cursor-not-allowed peer-disabled:opacity-70"[39m
              [33mfor[39m=[32m"option1"[39m
            [36m>[39m
              [0mOption 1[0m
            [36m</div>[39m
          [36m</div>[39m
        [36m</div>[39m
      [36m</div>[39m
    [36m</body>[39m

      78 |       </RadioGroup>
      79 |     );
    > 80 |     const radio = screen.getByRole('radio');
         |                          ^
      81 |     expect(radio).toBeDisabled();
      82 |   });
      83 | });

      at Object.getElementError (node_modules/@testing-library/dom/dist/config.js:37:19)
      at node_modules/@testing-library/dom/dist/query-helpers.js:76:38
      at node_modules/@testing-library/dom/dist/query-helpers.js:52:17
      at node_modules/@testing-library/dom/dist/query-helpers.js:95:19
      at Object.getByRole (src/components/ui/__tests__/radio-group.test.tsx:80:26)

FAIL src/components/search/__tests__/GlobalSearchDialog.test.tsx
  ● GlobalSearchDialog › should render search dialog when open

    TypeError: (0 , L.useId) is not a function

      35 |
      36 |   it('should render search dialog when open', () => {
    > 37 |     render(<GlobalSearchDialog open={true} onOpenChange={jest.fn()} />);
         |           ^
      38 |     expect(screen.getByPlaceholderText(/Rechercher des pages/i)).toBeInTheDocument();
      39 |   });
      40 |

      at node_modules/cmdk/dist/index.js:1:2662
      at Object.react_stack_bottom_frame (node_modules/react-dom/cjs/react-dom-client.development.js:25904:20)
      at renderWithHooks (node_modules/react-dom/cjs/react-dom-client.development.js:7662:22)
      at updateForwardRef (node_modules/react-dom/cjs/react-dom-client.development.js:9724:19)
      at beginWork (node_modules/react-dom/cjs/react-dom-client.development.js:12117:18)
      at runWithFiberInDEV (node_modules/react-dom/cjs/react-dom-client.development.js:874:13)
      at performUnitOfWork (node_modules/react-dom/cjs/react-dom-client.development.js:17641:22)
      at workLoopSync (node_modules/react-dom/cjs/react-dom-client.development.js:17469:41)
      at renderRootSync (node_modules/react-dom/cjs/react-dom-client.development.js:17450:11)
      at performWorkOnRoot (node_modules/react-dom/cjs/react-dom-client.development.js:16583:35)
      at performWorkOnRootViaSchedulerTask (node_modules/react-dom/cjs/react-dom-client.development.js:18957:7)
      at flushActQueue (node_modules/react/cjs/react.development.js:590:34)
      at process.env.NODE_ENV.exports.act (node_modules/react/cjs/react.development.js:884:10)
      at node_modules/@testing-library/react/dist/act-compat.js:47:25
      at renderRoot (node_modules/@testing-library/react/dist/pure.js:190:26)
      at render (node_modules/@testing-library/react/dist/pure.js:292:10)
      at Object.<anonymous> (src/components/search/__tests__/GlobalSearchDialog.test.tsx:37:11)

  ● GlobalSearchDialog › should not render when closed

    TypeError: (0 , L.useId) is not a function

      40 |
      41 |   it('should not render when closed', () => {
    > 42 |     render(<GlobalSearchDialog open={false} onOpenChange={jest.fn()} />);
         |           ^
      43 |     expect(screen.queryByPlaceholderText(/Rechercher des pages/i)).not.toBeInTheDocument();
      44 |   });
      45 |

      at node_modules/cmdk/dist/index.js:1:2662
      at Object.react_stack_bottom_frame (node_modules/react-dom/cjs/react-dom-client.development.js:25904:20)
      at renderWithHooks (node_modules/react-dom/cjs/react-dom-client.development.js:7662:22)
      at updateForwardRef (node_modules/react-dom/cjs/react-dom-client.development.js:9724:19)
      at beginWork (node_modules/react-dom/cjs/react-dom-client.development.js:12117:18)
      at runWithFiberInDEV (node_modules/react-dom/cjs/react-dom-client.development.js:874:13)
      at performUnitOfWork (node_modules/react-dom/cjs/react-dom-client.development.js:17641:22)
      at workLoopSync (node_modules/react-dom/cjs/react-dom-client.development.js:17469:41)
      at renderRootSync (node_modules/react-dom/cjs/react-dom-client.development.js:17450:11)
      at performWorkOnRoot (node_modules/react-dom/cjs/react-dom-client.development.js:16583:35)
      at performWorkOnRootViaSchedulerTask (node_modules/react-dom/cjs/react-dom-client.development.js:18957:7)
      at flushActQueue (node_modules/react/cjs/react.development.js:590:34)
      at process.env.NODE_ENV.exports.act (node_modules/react/cjs/react.development.js:884:10)
      at node_modules/@testing-library/react/dist/act-compat.js:47:25
      at renderRoot (node_modules/@testing-library/react/dist/pure.js:190:26)
      at render (node_modules/@testing-library/react/dist/pure.js:292:10)
      at Object.<anonymous> (src/components/search/__tests__/GlobalSearchDialog.test.tsx:42:11)

  ● GlobalSearchDialog › should call search when typing

    TypeError: (0 , L.useId) is not a function

      45 |
      46 |   it('should call search when typing', () => {
    > 47 |     render(<GlobalSearchDialog open={true} onOpenChange={jest.fn()} />);
         |           ^
      48 |     const input = screen.getByPlaceholderText(/Rechercher des pages/i);
      49 |     fireEvent.change(input, { target: { value: 'test' } });
      50 |     expect(mockSearch).toHaveBeenCalled();

      at node_modules/cmdk/dist/index.js:1:2662
      at Object.react_stack_bottom_frame (node_modules/react-dom/cjs/react-dom-client.development.js:25904:20)
      at renderWithHooks (node_modules/react-dom/cjs/react-dom-client.development.js:7662:22)
      at updateForwardRef (node_modules/react-dom/cjs/react-dom-client.development.js:9724:19)
      at beginWork (node_modules/react-dom/cjs/react-dom-client.development.js:12117:18)
      at runWithFiberInDEV (node_modules/react-dom/cjs/react-dom-client.development.js:874:13)
      at performUnitOfWork (node_modules/react-dom/cjs/react-dom-client.development.js:17641:22)
      at workLoopSync (node_modules/react-dom/cjs/react-dom-client.development.js:17469:41)
      at renderRootSync (node_modules/react-dom/cjs/react-dom-client.development.js:17450:11)
      at performWorkOnRoot (node_modules/react-dom/cjs/react-dom-client.development.js:16583:35)
      at performWorkOnRootViaSchedulerTask (node_modules/react-dom/cjs/react-dom-client.development.js:18957:7)
      at flushActQueue (node_modules/react/cjs/react.development.js:590:34)
      at process.env.NODE_ENV.exports.act (node_modules/react/cjs/react.development.js:884:10)
      at node_modules/@testing-library/react/dist/act-compat.js:47:25
      at renderRoot (node_modules/@testing-library/react/dist/pure.js:190:26)
      at render (node_modules/@testing-library/react/dist/pure.js:292:10)
      at Object.<anonymous> (src/components/search/__tests__/GlobalSearchDialog.test.tsx:47:11)

  ● GlobalSearchDialog › should reset search when dialog closes

    TypeError: (0 , L.useId) is not a function

      53 |   it('should reset search when dialog closes', () => {
      54 |     const onOpenChange = jest.fn();
    > 55 |     const { rerender } = render(<GlobalSearchDialog open={true} onOpenChange={onOpenChange} />);
         |                                ^
      56 |     const input = screen.getByPlaceholderText(/Rechercher des pages/i);
      57 |     fireEvent.change(input, { target: { value: 'test' } });
      58 |     

      at node_modules/cmdk/dist/index.js:1:2662
      at Object.react_stack_bottom_frame (node_modules/react-dom/cjs/react-dom-client.development.js:25904:20)
      at renderWithHooks (node_modules/react-dom/cjs/react-dom-client.development.js:7662:22)
      at updateForwardRef (node_modules/react-dom/cjs/react-dom-client.development.js:9724:19)
      at beginWork (node_modules/react-dom/cjs/react-dom-client.development.js:12117:18)
      at runWithFiberInDEV (node_modules/react-dom/cjs/react-dom-client.development.js:874:13)
      at performUnitOfWork (node_modules/react-dom/cjs/react-dom-client.development.js:17641:22)
      at workLoopSync (node_modules/react-dom/cjs/react-dom-client.development.js:17469:41)
      at renderRootSync (node_modules/react-dom/cjs/react-dom-client.development.js:17450:11)
      at performWorkOnRoot (node_modules/react-dom/cjs/react-dom-client.development.js:16583:35)
      at performWorkOnRootViaSchedulerTask (node_modules/react-dom/cjs/react-dom-client.development.js:18957:7)
      at flushActQueue (node_modules/react/cjs/react.development.js:590:34)
      at process.env.NODE_ENV.exports.act (node_modules/react/cjs/react.development.js:884:10)
      at node_modules/@testing-library/react/dist/act-compat.js:47:25
      at renderRoot (node_modules/@testing-library/react/dist/pure.js:190:26)
      at render (node_modules/@testing-library/react/dist/pure.js:292:10)
      at Object.<anonymous> (src/components/search/__tests__/GlobalSearchDialog.test.tsx:55:32)

  ● GlobalSearchDialog › should display search results when available

    TypeError: (0 , L.useId) is not a function

      69 |     ]);
      70 |
    > 71 |     render(<GlobalSearchDialog open={true} onOpenChange={jest.fn()} />);
         |           ^
      72 |     const input = screen.getByPlaceholderText(/Rechercher des pages/i);
      73 |     fireEvent.change(input, { target: { value: 'test' } });
      74 |     

      at node_modules/cmdk/dist/index.js:1:2662
      at Object.react_stack_bottom_frame (node_modules/react-dom/cjs/react-dom-client.development.js:25904:20)
      at renderWithHooks (node_modules/react-dom/cjs/react-dom-client.development.js:7662:22)
      at updateForwardRef (node_modules/react-dom/cjs/react-dom-client.development.js:9724:19)
      at beginWork (node_modules/react-dom/cjs/react-dom-client.development.js:12117:18)
      at runWithFiberInDEV (node_modules/react-dom/cjs/react-dom-client.development.js:874:13)
      at performUnitOfWork (node_modules/react-dom/cjs/react-dom-client.development.js:17641:22)
      at workLoopSync (node_modules/react-dom/cjs/react-dom-client.development.js:17469:41)
      at renderRootSync (node_modules/react-dom/cjs/react-dom-client.development.js:17450:11)
      at performWorkOnRoot (node_modules/react-dom/cjs/react-dom-client.development.js:16583:35)
      at performWorkOnRootViaSchedulerTask (node_modules/react-dom/cjs/react-dom-client.development.js:18957:7)
      at flushActQueue (node_modules/react/cjs/react.development.js:590:34)
      at process.env.NODE_ENV.exports.act (node_modules/react/cjs/react.development.js:884:10)
      at node_modules/@testing-library/react/dist/act-compat.js:47:25
      at renderRoot (node_modules/@testing-library/react/dist/pure.js:190:26)
      at render (node_modules/@testing-library/react/dist/pure.js:292:10)
      at Object.<anonymous> (src/components/search/__tests__/GlobalSearchDialog.test.tsx:71:11)

  ● GlobalSearchDialog › should navigate to result when selected

    TypeError: (0 , L.useId) is not a function

      82 |
      83 |     const onOpenChange = jest.fn();
    > 84 |     render(<GlobalSearchDialog open={true} onOpenChange={onOpenChange} />);
         |           ^
      85 |     const input = screen.getByPlaceholderText(/Rechercher des pages/i);
      86 |     fireEvent.change(input, { target: { value: 'dashboard' } });
      87 |     

      at node_modules/cmdk/dist/index.js:1:2662
      at Object.react_stack_bottom_frame (node_modules/react-dom/cjs/react-dom-client.development.js:25904:20)
      at renderWithHooks (node_modules/react-dom/cjs/react-dom-client.development.js:7662:22)
      at updateForwardRef (node_modules/react-dom/cjs/react-dom-client.development.js:9724:19)
      at beginWork (node_modules/react-dom/cjs/react-dom-client.development.js:12117:18)
      at runWithFiberInDEV (node_modules/react-dom/cjs/react-dom-client.development.js:874:13)
      at performUnitOfWork (node_modules/react-dom/cjs/react-dom-client.development.js:17641:22)
      at workLoopSync (node_modules/react-dom/cjs/react-dom-client.development.js:17469:41)
      at renderRootSync (node_modules/react-dom/cjs/react-dom-client.development.js:17450:11)
      at performWorkOnRoot (node_modules/react-dom/cjs/react-dom-client.development.js:16583:35)
      at performWorkOnRootViaSchedulerTask (node_modules/react-dom/cjs/react-dom-client.development.js:18957:7)
      at flushActQueue (node_modules/react/cjs/react.development.js:590:34)
      at process.env.NODE_ENV.exports.act (node_modules/react/cjs/react.development.js:884:10)
      at node_modules/@testing-library/react/dist/act-compat.js:47:25
      at renderRoot (node_modules/@testing-library/react/dist/pure.js:190:26)
      at render (node_modules/@testing-library/react/dist/pure.js:292:10)
      at Object.<anonymous> (src/components/search/__tests__/GlobalSearchDialog.test.tsx:84:11)

  ● GlobalSearchDialog › should display empty state when no results

    TypeError: (0 , L.useId) is not a function

       98 |     mockSearch.mockReturnValue([]);
       99 |
    > 100 |     render(<GlobalSearchDialog open={true} onOpenChange={jest.fn()} />);
          |           ^
      101 |     const input = screen.getByPlaceholderText(/Rechercher des pages/i);
      102 |     fireEvent.change(input, { target: { value: 'nonexistent' } });
      103 |     

      at node_modules/cmdk/dist/index.js:1:2662
      at Object.react_stack_bottom_frame (node_modules/react-dom/cjs/react-dom-client.development.js:25904:20)
      at renderWithHooks (node_modules/react-dom/cjs/react-dom-client.development.js:7662:22)
      at updateForwardRef (node_modules/react-dom/cjs/react-dom-client.development.js:9724:19)
      at beginWork (node_modules/react-dom/cjs/react-dom-client.development.js:12117:18)
      at runWithFiberInDEV (node_modules/react-dom/cjs/react-dom-client.development.js:874:13)
      at performUnitOfWork (node_modules/react-dom/cjs/react-dom-client.development.js:17641:22)
      at workLoopSync (node_modules/react-dom/cjs/react-dom-client.development.js:17469:41)
      at renderRootSync (node_modules/react-dom/cjs/react-dom-client.development.js:17450:11)
      at performWorkOnRoot (node_modules/react-dom/cjs/react-dom-client.development.js:16583:35)
      at performWorkOnRootViaSchedulerTask (node_modules/react-dom/cjs/react-dom-client.development.js:18957:7)
      at flushActQueue (node_modules/react/cjs/react.development.js:590:34)
      at process.env.NODE_ENV.exports.act (node_modules/react/cjs/react.development.js:884:10)
      at node_modules/@testing-library/react/dist/act-compat.js:47:25
      at renderRoot (node_modules/@testing-library/react/dist/pure.js:190:26)
      at render (node_modules/@testing-library/react/dist/pure.js:292:10)
      at Object.<anonymous> (src/components/search/__tests__/GlobalSearchDialog.test.tsx:100:11)

FAIL src/app/(admin)/documents/components/__tests__/UploadDocumentTab.test.tsx
  ● UploadDocumentTab › should render upload document tab

    TypeError: Cannot destructure property 'showAlert' of '(0 , _AlertProvider.useAlert)(...)' as it is undefined.

      18 |   const router = useRouter();
      19 |   const { user } = useAuth();
    > 20 |   const { showAlert } = useAlert();
         |           ^
      21 |   const [authToken, setAuthToken] = useState<string | null>(null);
      22 |   const [uploadedFiles, setUploadedFiles] = useState<Record<number, { file: File; documentNumber: string; filePath?: string; uploadProgress?: number } | null>>({});
      23 |   const [isLoading, setIsLoading] = useState(false);

      at showAlert (/home/iann/code/project/sms_portail/src/app/(admin)../../../../../documents/components/UploadDocumentTab.tsx:20:11)
      at Object.react_stack_bottom_frame (node_modules/react-dom/cjs/react-dom-client.development.js:25904:20)
      at renderWithHooks (node_modules/react-dom/cjs/react-dom-client.development.js:7662:22)
      at updateFunctionComponent (node_modules/react-dom/cjs/react-dom-client.development.js:10166:19)
      at beginWork (node_modules/react-dom/cjs/react-dom-client.development.js:11778:18)
      at runWithFiberInDEV (node_modules/react-dom/cjs/react-dom-client.development.js:874:13)
      at performUnitOfWork (node_modules/react-dom/cjs/react-dom-client.development.js:17641:22)
      at workLoopSync (node_modules/react-dom/cjs/react-dom-client.development.js:17469:41)
      at renderRootSync (node_modules/react-dom/cjs/react-dom-client.development.js:17450:11)
      at performWorkOnRoot (node_modules/react-dom/cjs/react-dom-client.development.js:16583:35)
      at performWorkOnRootViaSchedulerTask (node_modules/react-dom/cjs/react-dom-client.development.js:18957:7)
      at flushActQueue (node_modules/react/cjs/react.development.js:590:34)
      at process.env.NODE_ENV.exports.act (node_modules/react/cjs/react.development.js:884:10)
      at node_modules/@testing-library/react/dist/act-compat.js:47:25
      at renderRoot (node_modules/@testing-library/react/dist/pure.js:190:26)
      at render (node_modules/@testing-library/react/dist/pure.js:292:10)
      at Object.<anonymous> (/home/iann/code/project/sms_portail/src/app/(admin)../../../../../documents/components/__tests__/UploadDocumentTab.test.tsx:50:11)

PASS src/components/messages/__tests__/RecentMessagesTable.test.tsx
PASS src/context/__tests__/SidebarContext.test.tsx
  ● Console

    console.error
      An update to SidebarProvider inside a test was not wrapped in act(...).
      
      When testing, code that causes React state updates should be wrapped into act(...):
      
      act(() => {
        /* fire events that update state */
      });
      /* assert on the output */
      
      This ensures that you're testing the behavior the user would see in the browser. Learn more at https://react.dev/link/wrap-tests-with-act

      72 |   };
      73 |   const toggleMobileSidebar = () => {
    > 74 |     setIsMobileOpen((prev: boolean) => !prev);
         |     ^
      75 |   };
      76 |   const toggleSubmenu = (item: string) => {
      77 |     setOpenSubmenu((prev: string | null) => (prev === item ? null : item));

      at node_modules/react-dom/cjs/react-dom-client.development.js:18758:19
      at runWithFiberInDEV (node_modules/react-dom/cjs/react-dom-client.development.js:874:13)
      at warnIfUpdatesNotWrappedWithActDEV (node_modules/react-dom/cjs/react-dom-client.development.js:18757:9)
      at scheduleUpdateOnFiber (node_modules/react-dom/cjs/react-dom-client.development.js:16409:11)
      at dispatchSetStateInternal (node_modules/react-dom/cjs/react-dom-client.development.js:9170:13)
      at dispatchSetState (node_modules/react-dom/cjs/react-dom-client.development.js:9127:7)
      at setIsMobileOpen (src/context/SidebarContext.tsx:74:5)
      at executeDispatch (node_modules/react-dom/cjs/react-dom-client.development.js:19116:9)
      at runWithFiberInDEV (node_modules/react-dom/cjs/react-dom-client.development.js:874:13)
      at processDispatchQueue (node_modules/react-dom/cjs/react-dom-client.development.js:19166:19)
      at node_modules/react-dom/cjs/react-dom-client.development.js:19767:9
      at batchedUpdates$1 (node_modules/react-dom/cjs/react-dom-client.development.js:3255:40)
      at dispatchEventForPluginEventSystem (node_modules/react-dom/cjs/react-dom-client.development.js:19320:7)
      at dispatchEvent (node_modules/react-dom/cjs/react-dom-client.development.js:23585:11)
      at dispatchDiscreteEvent (node_modules/react-dom/cjs/react-dom-client.development.js:23553:11)
      at HTMLDivElement.callTheUserObjectsOperation (node_modules/jsdom/lib/jsdom/living/generated/EventListener.js:26:30)
      at innerInvokeEventListeners (node_modules/jsdom/lib/jsdom/living/events/EventTarget-impl.js:350:25)
      at invokeEventListeners (node_modules/jsdom/lib/jsdom/living/events/EventTarget-impl.js:286:3)
      at HTMLButtonElementImpl._dispatch (node_modules/jsdom/lib/jsdom/living/events/EventTarget-impl.js:233:9)
      at fireAnEvent (node_modules/jsdom/lib/jsdom/living/helpers/events.js:18:36)
      at HTMLButtonElementImpl.click (node_modules/jsdom/lib/jsdom/living/nodes/HTMLElement-impl.js:85:5)
      at HTMLButtonElement.click (node_modules/jsdom/lib/jsdom/living/generated/HTMLElement.js:108:34)
      at Object.click (src/context/__tests__/SidebarContext.test.tsx:57:12)

FAIL src/layout/__tests__/AppHeader.test.tsx
  ● AppHeader › should render header

    useTheme must be used within a ThemeProvider

      41 |   const context = useContext(ThemeContext);
      42 |   if (context === undefined) {
    > 43 |     throw new Error('useTheme must be used within a ThemeProvider');
         |           ^
      44 |   }
      45 |   return context;
      46 | };

      at useTheme (src/context/ThemeContext.tsx:43:11)
      at ThemeToggleButton (src/components/common/ThemeToggleButton.tsx:4:42)
      at Object.react_stack_bottom_frame (node_modules/react-dom/cjs/react-dom-client.development.js:25904:20)
      at renderWithHooks (node_modules/react-dom/cjs/react-dom-client.development.js:7662:22)
      at updateFunctionComponent (node_modules/react-dom/cjs/react-dom-client.development.js:10166:19)
      at beginWork (node_modules/react-dom/cjs/react-dom-client.development.js:11778:18)
      at runWithFiberInDEV (node_modules/react-dom/cjs/react-dom-client.development.js:874:13)
      at performUnitOfWork (node_modules/react-dom/cjs/react-dom-client.development.js:17641:22)
      at workLoopSync (node_modules/react-dom/cjs/react-dom-client.development.js:17469:41)
      at renderRootSync (node_modules/react-dom/cjs/react-dom-client.development.js:17450:11)
      at performWorkOnRoot (node_modules/react-dom/cjs/react-dom-client.development.js:16583:35)
      at performWorkOnRootViaSchedulerTask (node_modules/react-dom/cjs/react-dom-client.development.js:18957:7)
      at flushActQueue (node_modules/react/cjs/react.development.js:590:34)
      at process.env.NODE_ENV.exports.act (node_modules/react/cjs/react.development.js:884:10)
      at node_modules/@testing-library/react/dist/act-compat.js:47:25
      at renderRoot (node_modules/@testing-library/react/dist/pure.js:190:26)
      at render (node_modules/@testing-library/react/dist/pure.js:292:10)
      at Object.<anonymous> (src/layout/__tests__/AppHeader.test.tsx:65:11)

  ● AppHeader › should toggle sidebar when button is clicked

    useTheme must be used within a ThemeProvider

      41 |   const context = useContext(ThemeContext);
      42 |   if (context === undefined) {
    > 43 |     throw new Error('useTheme must be used within a ThemeProvider');
         |           ^
      44 |   }
      45 |   return context;
      46 | };

      at useTheme (src/context/ThemeContext.tsx:43:11)
      at ThemeToggleButton (src/components/common/ThemeToggleButton.tsx:4:42)
      at Object.react_stack_bottom_frame (node_modules/react-dom/cjs/react-dom-client.development.js:25904:20)
      at renderWithHooks (node_modules/react-dom/cjs/react-dom-client.development.js:7662:22)
      at updateFunctionComponent (node_modules/react-dom/cjs/react-dom-client.development.js:10166:19)
      at beginWork (node_modules/react-dom/cjs/react-dom-client.development.js:11778:18)
      at runWithFiberInDEV (node_modules/react-dom/cjs/react-dom-client.development.js:874:13)
      at performUnitOfWork (node_modules/react-dom/cjs/react-dom-client.development.js:17641:22)
      at workLoopSync (node_modules/react-dom/cjs/react-dom-client.development.js:17469:41)
      at renderRootSync (node_modules/react-dom/cjs/react-dom-client.development.js:17450:11)
      at performWorkOnRoot (node_modules/react-dom/cjs/react-dom-client.development.js:16583:35)
      at performWorkOnRootViaSchedulerTask (node_modules/react-dom/cjs/react-dom-client.development.js:18957:7)
      at flushActQueue (node_modules/react/cjs/react.development.js:590:34)
      at process.env.NODE_ENV.exports.act (node_modules/react/cjs/react.development.js:884:10)
      at node_modules/@testing-library/react/dist/act-compat.js:47:25
      at renderRoot (node_modules/@testing-library/react/dist/pure.js:190:26)
      at render (node_modules/@testing-library/react/dist/pure.js:292:10)
      at Object.<anonymous> (src/layout/__tests__/AppHeader.test.tsx:70:11)

  ● AppHeader › should display balance

    useTheme must be used within a ThemeProvider

      41 |   const context = useContext(ThemeContext);
      42 |   if (context === undefined) {
    > 43 |     throw new Error('useTheme must be used within a ThemeProvider');
         |           ^
      44 |   }
      45 |   return context;
      46 | };

      at useTheme (src/context/ThemeContext.tsx:43:11)
      at ThemeToggleButton (src/components/common/ThemeToggleButton.tsx:4:42)
      at Object.react_stack_bottom_frame (node_modules/react-dom/cjs/react-dom-client.development.js:25904:20)
      at renderWithHooks (node_modules/react-dom/cjs/react-dom-client.development.js:7662:22)
      at updateFunctionComponent (node_modules/react-dom/cjs/react-dom-client.development.js:10166:19)
      at beginWork (node_modules/react-dom/cjs/react-dom-client.development.js:11778:18)
      at runWithFiberInDEV (node_modules/react-dom/cjs/react-dom-client.development.js:874:13)
      at performUnitOfWork (node_modules/react-dom/cjs/react-dom-client.development.js:17641:22)
      at workLoopSync (node_modules/react-dom/cjs/react-dom-client.development.js:17469:41)
      at renderRootSync (node_modules/react-dom/cjs/react-dom-client.development.js:17450:11)
      at performWorkOnRoot (node_modules/react-dom/cjs/react-dom-client.development.js:16583:35)
      at performWorkOnRootViaSchedulerTask (node_modules/react-dom/cjs/react-dom-client.development.js:18957:7)
      at flushActQueue (node_modules/react/cjs/react.development.js:590:34)
      at process.env.NODE_ENV.exports.act (node_modules/react/cjs/react.development.js:884:10)
      at node_modules/@testing-library/react/dist/act-compat.js:47:25
      at renderRoot (node_modules/@testing-library/react/dist/pure.js:190:26)
      at render (node_modules/@testing-library/react/dist/pure.js:292:10)
      at Object.<anonymous> (src/layout/__tests__/AppHeader.test.tsx:77:11)

  ● AppHeader › should render search button

    useTheme must be used within a ThemeProvider

      41 |   const context = useContext(ThemeContext);
      42 |   if (context === undefined) {
    > 43 |     throw new Error('useTheme must be used within a ThemeProvider');
         |           ^
      44 |   }
      45 |   return context;
      46 | };

      at useTheme (src/context/ThemeContext.tsx:43:11)
      at ThemeToggleButton (src/components/common/ThemeToggleButton.tsx:4:42)
      at Object.react_stack_bottom_frame (node_modules/react-dom/cjs/react-dom-client.development.js:25904:20)
      at renderWithHooks (node_modules/react-dom/cjs/react-dom-client.development.js:7662:22)
      at updateFunctionComponent (node_modules/react-dom/cjs/react-dom-client.development.js:10166:19)
      at beginWork (node_modules/react-dom/cjs/react-dom-client.development.js:11778:18)
      at runWithFiberInDEV (node_modules/react-dom/cjs/react-dom-client.development.js:874:13)
      at performUnitOfWork (node_modules/react-dom/cjs/react-dom-client.development.js:17641:22)
      at workLoopSync (node_modules/react-dom/cjs/react-dom-client.development.js:17469:41)
      at renderRootSync (node_modules/react-dom/cjs/react-dom-client.development.js:17450:11)
      at performWorkOnRoot (node_modules/react-dom/cjs/react-dom-client.development.js:16583:35)
      at performWorkOnRootViaSchedulerTask (node_modules/react-dom/cjs/react-dom-client.development.js:18957:7)
      at flushActQueue (node_modules/react/cjs/react.development.js:590:34)
      at process.env.NODE_ENV.exports.act (node_modules/react/cjs/react.development.js:884:10)
      at node_modules/@testing-library/react/dist/act-compat.js:47:25
      at renderRoot (node_modules/@testing-library/react/dist/pure.js:190:26)
      at render (node_modules/@testing-library/react/dist/pure.js:292:10)
      at Object.<anonymous> (src/layout/__tests__/AppHeader.test.tsx:82:11)

PASS src/controller/hook/__tests__/useAuth.test.tsx
FAIL src/components/ui/__tests__/input-otp.test.tsx
  ● InputOTP Components › InputOTP › should render input OTP

    Element type is invalid: expected a string (for built-in components) or a class/function (for composite components) but got: undefined. You likely forgot to export your component from the file it's defined in, or you might have mixed up default and named imports.

    Check the render method of `InputOTP`.

      11 |   describe('InputOTP', () => {
      12 |     it('should render input OTP', () => {
    > 13 |       render(
         |             ^
      14 |         <InputOTP maxLength={6}>
      15 |           <InputOTPGroup>
      16 |             <InputOTPSlot index={0} />

      at createFiberFromTypeAndProps (node_modules/react-dom/cjs/react-dom-client.development.js:5021:28)
      at createFiberFromElement (node_modules/react-dom/cjs/react-dom-client.development.js:5035:14)
      at reconcileChildFibersImpl (node_modules/react-dom/cjs/react-dom-client.development.js:6920:31)
      at node_modules/react-dom/cjs/react-dom-client.development.js:7098:33
      at reconcileChildren (node_modules/react-dom/cjs/react-dom-client.development.js:9701:13)
      at updateForwardRef (node_modules/react-dom/cjs/react-dom-client.development.js:9740:7)
      at beginWork (node_modules/react-dom/cjs/react-dom-client.development.js:12117:18)
      at runWithFiberInDEV (node_modules/react-dom/cjs/react-dom-client.development.js:874:13)
      at performUnitOfWork (node_modules/react-dom/cjs/react-dom-client.development.js:17641:22)
      at workLoopSync (node_modules/react-dom/cjs/react-dom-client.development.js:17469:41)
      at renderRootSync (node_modules/react-dom/cjs/react-dom-client.development.js:17450:11)
      at performWorkOnRoot (node_modules/react-dom/cjs/react-dom-client.development.js:16583:35)
      at performWorkOnRootViaSchedulerTask (node_modules/react-dom/cjs/react-dom-client.development.js:18957:7)
      at flushActQueue (node_modules/react/cjs/react.development.js:590:34)
      at process.env.NODE_ENV.exports.act (node_modules/react/cjs/react.development.js:884:10)
      at node_modules/@testing-library/react/dist/act-compat.js:47:25
      at renderRoot (node_modules/@testing-library/react/dist/pure.js:190:26)
      at render (node_modules/@testing-library/react/dist/pure.js:292:10)
      at Object.<anonymous> (src/components/ui/__tests__/input-otp.test.tsx:13:13)

  ● InputOTP Components › InputOTP › should render input OTP with maxLength

    Element type is invalid: expected a string (for built-in components) or a class/function (for composite components) but got: undefined. You likely forgot to export your component from the file it's defined in, or you might have mixed up default and named imports.

    Check the render method of `InputOTP`.

      25 |
      26 |     it('should render input OTP with maxLength', () => {
    > 27 |       render(
         |             ^
      28 |         <InputOTP maxLength={4}>
      29 |           <InputOTPGroup>
      30 |             <InputOTPSlot index={0} />

      at createFiberFromTypeAndProps (node_modules/react-dom/cjs/react-dom-client.development.js:5021:28)
      at createFiberFromElement (node_modules/react-dom/cjs/react-dom-client.development.js:5035:14)
      at reconcileChildFibersImpl (node_modules/react-dom/cjs/react-dom-client.development.js:6920:31)
      at node_modules/react-dom/cjs/react-dom-client.development.js:7098:33
      at reconcileChildren (node_modules/react-dom/cjs/react-dom-client.development.js:9701:13)
      at updateForwardRef (node_modules/react-dom/cjs/react-dom-client.development.js:9740:7)
      at beginWork (node_modules/react-dom/cjs/react-dom-client.development.js:12117:18)
      at runWithFiberInDEV (node_modules/react-dom/cjs/react-dom-client.development.js:874:13)
      at performUnitOfWork (node_modules/react-dom/cjs/react-dom-client.development.js:17641:22)
      at workLoopSync (node_modules/react-dom/cjs/react-dom-client.development.js:17469:41)
      at renderRootSync (node_modules/react-dom/cjs/react-dom-client.development.js:17450:11)
      at performWorkOnRoot (node_modules/react-dom/cjs/react-dom-client.development.js:16583:35)
      at performWorkOnRootViaSchedulerTask (node_modules/react-dom/cjs/react-dom-client.development.js:18957:7)
      at flushActQueue (node_modules/react/cjs/react.development.js:590:34)
      at process.env.NODE_ENV.exports.act (node_modules/react/cjs/react.development.js:884:10)
      at node_modules/@testing-library/react/dist/act-compat.js:47:25
      at renderRoot (node_modules/@testing-library/react/dist/pure.js:190:26)
      at render (node_modules/@testing-library/react/dist/pure.js:292:10)
      at Object.<anonymous> (src/components/ui/__tests__/input-otp.test.tsx:27:13)

  ● InputOTP Components › InputOTPGroup › should render input OTP group

    Element type is invalid: expected a string (for built-in components) or a class/function (for composite components) but got: undefined. You likely forgot to export your component from the file it's defined in, or you might have mixed up default and named imports.

    Check the render method of `InputOTP`.

      42 |   describe('InputOTPGroup', () => {
      43 |     it('should render input OTP group', () => {
    > 44 |       render(
         |             ^
      45 |         <InputOTP maxLength={3}>
      46 |           <InputOTPGroup>
      47 |             <InputOTPSlot index={0} />

      at createFiberFromTypeAndProps (node_modules/react-dom/cjs/react-dom-client.development.js:5021:28)
      at createFiberFromElement (node_modules/react-dom/cjs/react-dom-client.development.js:5035:14)
      at reconcileChildFibersImpl (node_modules/react-dom/cjs/react-dom-client.development.js:6920:31)
      at node_modules/react-dom/cjs/react-dom-client.development.js:7098:33
      at reconcileChildren (node_modules/react-dom/cjs/react-dom-client.development.js:9701:13)
      at updateForwardRef (node_modules/react-dom/cjs/react-dom-client.development.js:9740:7)
      at beginWork (node_modules/react-dom/cjs/react-dom-client.development.js:12117:18)
      at runWithFiberInDEV (node_modules/react-dom/cjs/react-dom-client.development.js:874:13)
      at performUnitOfWork (node_modules/react-dom/cjs/react-dom-client.development.js:17641:22)
      at workLoopSync (node_modules/react-dom/cjs/react-dom-client.development.js:17469:41)
      at renderRootSync (node_modules/react-dom/cjs/react-dom-client.development.js:17450:11)
      at performWorkOnRoot (node_modules/react-dom/cjs/react-dom-client.development.js:16583:35)
      at performWorkOnRootViaSchedulerTask (node_modules/react-dom/cjs/react-dom-client.development.js:18957:7)
      at flushActQueue (node_modules/react/cjs/react.development.js:590:34)
      at process.env.NODE_ENV.exports.act (node_modules/react/cjs/react.development.js:884:10)
      at node_modules/@testing-library/react/dist/act-compat.js:47:25
      at renderRoot (node_modules/@testing-library/react/dist/pure.js:190:26)
      at render (node_modules/@testing-library/react/dist/pure.js:292:10)
      at Object.<anonymous> (src/components/ui/__tests__/input-otp.test.tsx:44:13)

  ● InputOTP Components › InputOTPSlot › should render input OTP slot

    Element type is invalid: expected a string (for built-in components) or a class/function (for composite components) but got: undefined. You likely forgot to export your component from the file it's defined in, or you might have mixed up default and named imports.

    Check the render method of `InputOTP`.

      58 |   describe('InputOTPSlot', () => {
      59 |     it('should render input OTP slot', () => {
    > 60 |       render(
         |             ^
      61 |         <InputOTP maxLength={1}>
      62 |           <InputOTPGroup>
      63 |             <InputOTPSlot index={0} />

      at createFiberFromTypeAndProps (node_modules/react-dom/cjs/react-dom-client.development.js:5021:28)
      at createFiberFromElement (node_modules/react-dom/cjs/react-dom-client.development.js:5035:14)
      at reconcileChildFibersImpl (node_modules/react-dom/cjs/react-dom-client.development.js:6920:31)
      at node_modules/react-dom/cjs/react-dom-client.development.js:7098:33
      at reconcileChildren (node_modules/react-dom/cjs/react-dom-client.development.js:9701:13)
      at updateForwardRef (node_modules/react-dom/cjs/react-dom-client.development.js:9740:7)
      at beginWork (node_modules/react-dom/cjs/react-dom-client.development.js:12117:18)
      at runWithFiberInDEV (node_modules/react-dom/cjs/react-dom-client.development.js:874:13)
      at performUnitOfWork (node_modules/react-dom/cjs/react-dom-client.development.js:17641:22)
      at workLoopSync (node_modules/react-dom/cjs/react-dom-client.development.js:17469:41)
      at renderRootSync (node_modules/react-dom/cjs/react-dom-client.development.js:17450:11)
      at performWorkOnRoot (node_modules/react-dom/cjs/react-dom-client.development.js:16583:35)
      at performWorkOnRootViaSchedulerTask (node_modules/react-dom/cjs/react-dom-client.development.js:18957:7)
      at flushActQueue (node_modules/react/cjs/react.development.js:590:34)
      at process.env.NODE_ENV.exports.act (node_modules/react/cjs/react.development.js:884:10)
      at node_modules/@testing-library/react/dist/act-compat.js:47:25
      at renderRoot (node_modules/@testing-library/react/dist/pure.js:190:26)
      at render (node_modules/@testing-library/react/dist/pure.js:292:10)
      at Object.<anonymous> (src/components/ui/__tests__/input-otp.test.tsx:60:13)

  ● InputOTP Components › InputOTPSeparator › should render input OTP separator

    Element type is invalid: expected a string (for built-in components) or a class/function (for composite components) but got: undefined. You likely forgot to export your component from the file it's defined in, or you might have mixed up default and named imports.

    Check the render method of `InputOTP`.

      72 |   describe('InputOTPSeparator', () => {
      73 |     it('should render input OTP separator', () => {
    > 74 |       const { container } = render(
         |                                   ^
      75 |         <InputOTP maxLength={6}>
      76 |           <InputOTPGroup>
      77 |             <InputOTPSlot index={0} />

      at createFiberFromTypeAndProps (node_modules/react-dom/cjs/react-dom-client.development.js:5021:28)
      at createFiberFromElement (node_modules/react-dom/cjs/react-dom-client.development.js:5035:14)
      at reconcileChildFibersImpl (node_modules/react-dom/cjs/react-dom-client.development.js:6920:31)
      at node_modules/react-dom/cjs/react-dom-client.development.js:7098:33
      at reconcileChildren (node_modules/react-dom/cjs/react-dom-client.development.js:9701:13)
      at updateForwardRef (node_modules/react-dom/cjs/react-dom-client.development.js:9740:7)
      at beginWork (node_modules/react-dom/cjs/react-dom-client.development.js:12117:18)
      at runWithFiberInDEV (node_modules/react-dom/cjs/react-dom-client.development.js:874:13)
      at performUnitOfWork (node_modules/react-dom/cjs/react-dom-client.development.js:17641:22)
      at workLoopSync (node_modules/react-dom/cjs/react-dom-client.development.js:17469:41)
      at renderRootSync (node_modules/react-dom/cjs/react-dom-client.development.js:17450:11)
      at performWorkOnRoot (node_modules/react-dom/cjs/react-dom-client.development.js:16583:35)
      at performWorkOnRootViaSchedulerTask (node_modules/react-dom/cjs/react-dom-client.development.js:18957:7)
      at flushActQueue (node_modules/react/cjs/react.development.js:590:34)
      at process.env.NODE_ENV.exports.act (node_modules/react/cjs/react.development.js:884:10)
      at node_modules/@testing-library/react/dist/act-compat.js:47:25
      at renderRoot (node_modules/@testing-library/react/dist/pure.js:190:26)
      at render (node_modules/@testing-library/react/dist/pure.js:292:10)
      at Object.<anonymous> (src/components/ui/__tests__/input-otp.test.tsx:74:35)

FAIL src/components/ui/__tests__/sheet.test.tsx
  ● Console

    console.error
      React does not recognize the `asChild` prop on a DOM element. If you intentionally want it to appear in the DOM as a custom attribute, spell it as lowercase `aschild` instead. If you accidentally passed it from a parent component, remove it from the DOM element.

      123 |   describe('SheetTrigger', () => {
      124 |     it('should render sheet trigger', () => {
    > 125 |       render(
          |             ^
      126 |         <Sheet>
      127 |           <SheetTrigger asChild>
      128 |             <button>Open Sheet</button>

      at validateProperty (node_modules/react-dom/cjs/react-dom-client.development.js:3001:19)
      at warnUnknownProperties (node_modules/react-dom/cjs/react-dom-client.development.js:3146:9)
      at validatePropertiesInDevelopment (node_modules/react-dom/cjs/react-dom-client.development.js:19868:9)
      at setInitialProperties (node_modules/react-dom/cjs/react-dom-client.development.js:20491:7)
      at completeWork (node_modules/react-dom/cjs/react-dom-client.development.js:12662:18)
      at runWithFiberInDEV (node_modules/react-dom/cjs/react-dom-client.development.js:874:13)
      at completeUnitOfWork (node_modules/react-dom/cjs/react-dom-client.development.js:17777:19)
      at performUnitOfWork (node_modules/react-dom/cjs/react-dom-client.development.js:17658:11)
      at workLoopSync (node_modules/react-dom/cjs/react-dom-client.development.js:17469:41)
      at renderRootSync (node_modules/react-dom/cjs/react-dom-client.development.js:17450:11)
      at performWorkOnRoot (node_modules/react-dom/cjs/react-dom-client.development.js:16504:11)
      at performWorkOnRootViaSchedulerTask (node_modules/react-dom/cjs/react-dom-client.development.js:18957:7)
      at flushActQueue (node_modules/react/cjs/react.development.js:590:34)
      at process.env.NODE_ENV.exports.act (node_modules/react/cjs/react.development.js:884:10)
      at node_modules/@testing-library/react/dist/act-compat.js:47:25
      at renderRoot (node_modules/@testing-library/react/dist/pure.js:190:26)
      at render (node_modules/@testing-library/react/dist/pure.js:292:10)
      at Object.<anonymous> (src/components/ui/__tests__/sheet.test.tsx:125:13)

  ● Sheet Components › Sheet › should not render sheet when closed

    expect(element).not.toBeInTheDocument()

    expected document not to contain element, found <div class="text-lg font-semibold text-foreground">Test Sheet</div> instead

      37 |         </Sheet>
      38 |       );
    > 39 |       expect(screen.queryByText('Test Sheet')).not.toBeInTheDocument();
         |                                                    ^
      40 |     });
      41 |   });
      42 |

      at Object.toBeInTheDocument (src/components/ui/__tests__/sheet.test.tsx:39:52)

  ● Sheet Components › SheetFooter › should render sheet footer

    TestingLibraryElementError: Found multiple elements with the text: Close

    Here are the matching elements:

    Ignored nodes: comments, script, style
    [36m<button>[39m
      [0mClose[0m
    [36m</button>[39m

    Ignored nodes: comments, script, style
    [36m<span[39m
      [33mclass[39m=[32m"sr-only"[39m
    [36m>[39m
      [0mClose[0m
    [36m</span>[39m

    (If this is intentional, then use the `*AllBy*` variant of the query (like `queryAllByText`, `getAllByText`, or `findAllByText`)).

    Ignored nodes: comments, script, style
    [36m<body>[39m
      [36m<div>[39m
        [36m<div[39m
          [33mopen[39m=[32m""[39m
        [36m>[39m
          [36m<div>[39m
            [36m<div[39m
              [33mclass[39m=[32m"fixed inset-0 z-50 bg-black/80 data-[state=open]:animate-in data-[state=closed]:animate-out data-[state=closed]:fade-out-0 data-[state=open]:fade-in-0"[39m
            [36m/>[39m
            [36m<div[39m
              [33mclass[39m=[32m"fixed z-50 gap-4 bg-background p-6 shadow-lg transition ease-in-out data-[state=open]:animate-in data-[state=closed]:animate-out data-[state=closed]:duration-300 data-[state=open]:duration-500 inset-y-0 right-0 h-full w-3/4 border-l data-[state=closed]:slide-out-to-right data-[state=open]:slide-in-from-right sm:max-w-sm"[39m
            [36m>[39m
              [36m<div[39m
                [33mclass[39m=[32m"flex flex-col space-y-2 text-center sm:text-left"[39m
              [36m>[39m
                [36m<div[39m
                  [33mclass[39m=[32m"text-lg font-semibold text-foreground"[39m
                [36m>[39m
                  [0mTest Title[0m
                [36m</div>[39m
              [36m</div>[39m
              [36m<div[39m
                [33mclass[39m=[32m"flex flex-col-reverse sm:flex-row sm:justify-end sm:space-x-2"[39m
              [36m>[39m
                [36m<button>[39m
                  [0mClose[0m
                [36m</button>[39m
              [36m</div>[39m
              [36m<div[39m
                [33mclass[39m=[32m"absolute right-4 top-4 rounded-sm opacity-70 ring-offset-background transition-opacity data-[state=open]:bg-secondary hover:opacity-100 focus:outline-none focus:ring-2 focus:ring-ring focus:ring-offset-2 disabled:pointer-events-none"[39m
              [36m>[39m
                [36m<svg[39m
                  [33maria-hidden[39m=[32m"true"[39m
                  [33mclass[39m=[32m"lucide lucide-x h-4 w-4"[39m
                  [33mfill[39m=[32m"none"[39m
                  [33mheight[39m=[32m"24"[39m
                  [33mstroke[39m=[32m"currentColor"[39m
                  [33mstroke-linecap[39m=[32m"round"[39m
                  [33mstroke-linejoin[39m=[32m"round"[39m
                  [33mstroke-width[39m=[32m"2"[39m
                  [33mviewBox[39m=[32m"0 0 24 24"[39m
                  [33mwidth[39m=[32m"24"[39m
                  [33mxmlns[39m=[32m"http://www.w3.org/2000/svg"[39m
                [36m>[39m
                  [36m<path[39m
                    [33md[39m=[32m"M18 6 6 18"[39m
                  [36m/>[39m
                  [36m<path[39m
                    [33md[39m=[32m"m6 6 12 12"[39m
                  [36m/>[39m
                [36m</svg>[39m
                [36m<span[39m
                  [33mclass[39m=[32m"sr-only"[39m
                [36m>[39m
                  [0mClose[0m
                [36m</span>[39m
              [36m</div>[39m
            [36m</div>[39m
          [36m</div>[39m
        [36m</div>[39m
      [36m</div>[39m
    [36m</body>[39m

      117 |         </Sheet>
      118 |       );
    > 119 |       expect(screen.getByText('Close')).toBeInTheDocument();
          |                     ^
      120 |     });
      121 |   });
      122 |

      at Object.getElementError (node_modules/@testing-library/dom/dist/config.js:37:19)
      at getElementError (node_modules/@testing-library/dom/dist/query-helpers.js:20:35)
      at getMultipleElementsFoundError (node_modules/@testing-library/dom/dist/query-helpers.js:23:10)
      at node_modules/@testing-library/dom/dist/query-helpers.js:55:13
      at node_modules/@testing-library/dom/dist/query-helpers.js:95:19
      at Object.getByText (src/components/ui/__tests__/sheet.test.tsx:119:21)

  ● Sheet Components › SheetClose › should render sheet close button

    TestingLibraryElementError: Found multiple elements with the text: Close

    Here are the matching elements:

    Ignored nodes: comments, script, style
    [36m<button>[39m
      [0mClose[0m
    [36m</button>[39m

    Ignored nodes: comments, script, style
    [36m<span[39m
      [33mclass[39m=[32m"sr-only"[39m
    [36m>[39m
      [0mClose[0m
    [36m</span>[39m

    (If this is intentional, then use the `*AllBy*` variant of the query (like `queryAllByText`, `getAllByText`, or `findAllByText`)).

    Ignored nodes: comments, script, style
    [36m<body>[39m
      [36m<div>[39m
        [36m<div[39m
          [33mopen[39m=[32m""[39m
        [36m>[39m
          [36m<div>[39m
            [36m<div[39m
              [33mclass[39m=[32m"fixed inset-0 z-50 bg-black/80 data-[state=open]:animate-in data-[state=closed]:animate-out data-[state=closed]:fade-out-0 data-[state=open]:fade-in-0"[39m
            [36m/>[39m
            [36m<div[39m
              [33mclass[39m=[32m"fixed z-50 gap-4 bg-background p-6 shadow-lg transition ease-in-out data-[state=open]:animate-in data-[state=closed]:animate-out data-[state=closed]:duration-300 data-[state=open]:duration-500 inset-y-0 right-0 h-full w-3/4 border-l data-[state=closed]:slide-out-to-right data-[state=open]:slide-in-from-right sm:max-w-sm"[39m
            [36m>[39m
              [36m<div[39m
                [33mclass[39m=[32m"flex flex-col space-y-2 text-center sm:text-left"[39m
              [36m>[39m
                [36m<div[39m
                  [33mclass[39m=[32m"text-lg font-semibold text-foreground"[39m
                [36m>[39m
                  [0mTest Sheet[0m
                [36m</div>[39m
              [36m</div>[39m
              [36m<div>[39m
                [36m<button>[39m
                  [0mClose[0m
                [36m</button>[39m
              [36m</div>[39m
              [36m<div[39m
                [33mclass[39m=[32m"absolute right-4 top-4 rounded-sm opacity-70 ring-offset-background transition-opacity data-[state=open]:bg-secondary hover:opacity-100 focus:outline-none focus:ring-2 focus:ring-ring focus:ring-offset-2 disabled:pointer-events-none"[39m
              [36m>[39m
                [36m<svg[39m
                  [33maria-hidden[39m=[32m"true"[39m
                  [33mclass[39m=[32m"lucide lucide-x h-4 w-4"[39m
                  [33mfill[39m=[32m"none"[39m
                  [33mheight[39m=[32m"24"[39m
                  [33mstroke[39m=[32m"currentColor"[39m
                  [33mstroke-linecap[39m=[32m"round"[39m
                  [33mstroke-linejoin[39m=[32m"round"[39m
                  [33mstroke-width[39m=[32m"2"[39m
                  [33mviewBox[39m=[32m"0 0 24 24"[39m
                  [33mwidth[39m=[32m"24"[39m
                  [33mxmlns[39m=[32m"http://www.w3.org/2000/svg"[39m
                [36m>[39m
                  [36m<path[39m
                    [33md[39m=[32m"M18 6 6 18"[39m
                  [36m/>[39m
                  [36m<path[39m
                    [33md[39m=[32m"m6 6 12 12"[39m
                  [36m/>[39m
                [36m</svg>[39m
                [36m<span[39m
                  [33mclass[39m=[32m"sr-only"[39m
                [36m>[39m
                  [0mClose[0m
                [36m</span>[39m
              [36m</div>[39m
            [36m</div>[39m
          [36m</div>[39m
        [36m</div>[39m
      [36m</div>[39m
    [36m</body>[39m

      153 |         </Sheet>
      154 |       );
    > 155 |       expect(screen.getByText('Close')).toBeInTheDocument();
          |                     ^
      156 |     });
      157 |   });
      158 | });

      at Object.getElementError (node_modules/@testing-library/dom/dist/config.js:37:19)
      at getElementError (node_modules/@testing-library/dom/dist/query-helpers.js:20:35)
      at getMultipleElementsFoundError (node_modules/@testing-library/dom/dist/query-helpers.js:23:10)
      at node_modules/@testing-library/dom/dist/query-helpers.js:55:13
      at node_modules/@testing-library/dom/dist/query-helpers.js:95:19
      at Object.getByText (src/components/ui/__tests__/sheet.test.tsx:155:21)

PASS src/components/common/__tests__/ComponentCard.test.tsx
FAIL src/components/header/__tests__/UserDropdown.test.tsx
  ● UserDropdown › should close dropdown when item is clicked

    TestingLibraryElementError: Unable to find an element with the text: /Profile/i. This could be because the text is broken up by multiple elements. In this case, you can provide a function for your text matcher to make your matcher more flexible.

    Ignored nodes: comments, script, style
    [36m<body>[39m
      [36m<div>[39m
        [36m<div[39m
          [33mclass[39m=[32m"relative"[39m
        [36m>[39m
          [36m<button[39m
            [33mclass[39m=[32m"dropdown-toggle flex items-center gap-2 text-gray-700 dark:text-gray-400 hover:text-gray-900 dark:hover:text-gray-300 transition-colors"[39m
          [36m>[39m
            [36m<div[39m
              [33mclass[39m=[32m"h-11 w-11 rounded-full flex items-center justify-center text-white font-semibold text-sm bg-green-500 shadow-sm"[39m
            [36m>[39m
              [0mTU[0m
            [36m</div>[39m
            [36m<div[39m
              [33mclass[39m=[32m"hidden lg:flex flex-col items-start mr-1"[39m
            [36m>[39m
              [36m<span[39m
                [33mclass[39m=[32m"block text-theme-sm font-semibold text-gray-800 dark:text-gray-200 leading-tight"[39m
              [36m>[39m
                [0mTest User[0m
              [36m</span>[39m
              [36m<span[39m
                [33mclass[39m=[32m"block text-theme-xs text-gray-500 dark:text-gray-400 leading-tight"[39m
              [36m>[39m
                [0mtest@example.com[0m
              [36m</span>[39m
            [36m</div>[39m
            [36m<svg[39m
              [33mclass[39m=[32m"stroke-gray-500 transition-transform duration-200 dark:stroke-gray-400 rotate-180"[39m
              [33mfill[39m=[32m"none"[39m
              [33mheight[39m=[32m"20"[39m
              [33mviewBox[39m=[32m"0 0 18 20"[39m
              [33mwidth[39m=[32m"18"[39m
              [33mxmlns[39m=[32m"http://www.w3.org/2000/svg"[39m
            [36m>[39m
              [36m<path[39m
                [33md[39m=[32m"M4.3125 8.65625L9 13.3437L13.6875 8.65625"[39m
                [33mstroke[39m=[32m"currentColor"[39m
                [33mstroke-linecap[39m=[32m"round"[39m
                [33mstroke-linejoin[39m=[32m"round"[39m
                [33mstroke-width[39m=[32m"1.5"[39m
              [36m/>[39m
            [36m</svg>[39m
          [36m</button>[39m
          [36m<div[39m
            [33mclass[39m=[32m"absolute right-0 z-40 mt-2 rounded-xl border border-gray-200 bg-white shadow-theme-lg dark:border-gray-800 dark:bg-gray-dark absolute right-0 mt-[17px] flex w-[280px] flex-col rounded-2xl border border-gray-200 bg-white p-4 shadow-theme-lg dark:border-gray-800 dark:bg-gray-dark"[39m
          [36m>[39m
            [36m<div[39m
              [33mclass[39m=[32m"flex items-center gap-3 pb-4 border-b border-gray-200 dark:border-gray-800"[39m
            [36m>[39m
              [36m<div[39m
                [33mclass[39m=[32m"h-14 w-14 rounded-full flex items-center justify-center text-white font-semibold text-base bg-green-500 shadow-md flex-shrink-0"[39m
              [36m>[39m
                [0mTU[0m
              [36m</div>[39m
              [36m<div[39m
                [33mclass[39m=[32m"flex-1 min-w-0"[39m
              [36m>[39m
                [36m<h4[39m
                  [33mclass[39m=[32m"block text-base font-semibold text-gray-800 dark:text-gray-200 truncate"[39m
                [36m>[39m
                  [0mTest User[0m
                [36m</h4>[39m
                [36m<p[39m
                  [33mclass[39m=[32m"mt-0.5 block text-sm text-gray-500 dark:text-gray-400 truncate"[39m
                [36m>[39m
                  [0mtest@example.com[0m
                [36m</p>[39m
              [36m</div>[39m
            [36m</div>[39m
            [36m<ul[39m
              [33mclass[39m=[32m"flex flex-col gap-1 border-b border-gray-200 pb-3 pt-4 dark:border-gray-800"[39m
            [36m>[39m
              [36m<li>[39m
                [36m<a[39m
                  [33mhref[39m=[32m"/profile"[39m
                [36m>[39m
                  [36m<svg[39m
                    [33mclass[39m=[32m"fill-gray-500 group-hover:fill-gray-700 dark:fill-gray-400 dark:group-hover:fill-gray-300"[39m
                    [33mfill[39m=[32m"none"[39m
                    [33mheight[39m=[32m"24"[39m
                    [33mviewBox[39m=[32m"0 0 24 24"[39m
                    [33mwidth[39m=[32m"24"[39m
                    [33mxmlns[39m=[32m"http://www.w3.org/2000/svg"[39m
                  [36m>[39m
                    [36m<path[39m
                      [33mclip-rule[39m=[32m"evenodd"[39m
                      [33md[39m=[32m"M12 3.5C7.30558 3.5 3.5 7.30558 3.5 12C3.5 14.1526 4.3002 16.1184 5.61936 17.616C6.17279 15.3096 8.24852 13.5955 10.7246 13.5955H13.2746C15.7509 13.5955 17.8268 15.31 18.38 17.6167C19.6996 16.119 20.5 14.153 20.5 12C20.5 7.30558 16.6944 3.5 12 3.5ZM17.0246 18.8566V18.8455C17.0246 16.7744 15.3457 15.0955 13.2746 15.0955H10.7246C8.65354 15.0955 6.97461 16.7744 6.97461 18.8455V18.856C8.38223 19.8895 10.1198 20.5 12 20.5C13.8798 20.5 15.6171 19.8898 17.0246 18.8566ZM2 12C2 6.47715 6.47715 2 12 2C17.5228 2 22 6.47715 22 12C22 17.5228 17.5228 22 12 22C6.47715 22 2 17.5228 2 12ZM11.9991 7.25C10.8847 7.25 9.98126 8.15342 9.98126 9.26784C9.98126 10.3823 10.8847 11.2857 11.9991 11.2857C13.1135 11.2857 14.0169 10.3823 14.0169 9.26784C14.0169 8.15342 13.1135 7.25 11.9991 7.25ZM8.48126 9.26784C8.48126 7.32499 10.0563 5.75 11.9991 5.75C13.9419 5.75 15.5169 7.32499 15.5169 9.26784C15.5169 11.2107 13.9419 12.7857 11.9991 12.7857C10.0563 12.7857 8.48126 11.2107 8.48126 9.26784Z"[39m
                      [33mfill[39m=[32m""[39m
                      [33mfill-rule[39m=[32m"evenodd"[39m
                    [36m/>[39m
                  [36m</svg>[39m
                  [0mModifier profil[0m
                [36m</a>[39m
              [36m</li>[39m
            [36m</ul>[39m
            [36m<button[39m
              [33mclass[39m=[32m"group mt-3 flex items-center gap-3 rounded-lg px-3 py-2.5 text-theme-sm font-medium text-red-600 hover:bg-red-50 hover:text-red-700 dark:text-red-400 dark:hover:bg-red-500/10 dark:hover:text-red-300 transition-colors"[39m
            [36m>[39m
              [36m<svg[39m
                [33mclass[39m=[32m"fill-red-500 group-hover:fill-red-600 dark:fill-red-400 dark:group-hover:fill-red-300"[39m
                [33mfill[39m=[32m"none"[39m
                [33mheight[39m=[32m"24"[39m
                [33mviewBox[39m=[32m"0 0 24 24"[39m
                [33mwidth[39m=[32m"24"[39m
                [33mxmlns[39m=[32m"http://www.w3.org/2000/svg"[39m
              [36m>[39m
                [36m<path[39m
                  [33mclip-rule[39m=[32m"evenodd"[39m
                  [33md[39m=[32m"M15.1007 19.247C14.6865 19.247 14.3507 18.9112 14.3507 18.497L14.3507 14.245H12.8507V18.497C12.8507 19.7396 13.8581 20.747 15.1007 20.747H18.5007C19.7434 20.747 20.7507 19.7396 20.7507 18.497L20.7507 5.49609C20.7507 4.25345 19.7433 3.24609 18.5007 3.24609H15.1007C13.8581 3.24609 12.8507 4.25345 12.8507 5.49609V9.74501L14.3507 9.74501V5.49609C14.3507 5.08188 14.6865 4.74609 15.1007 4.74609L18.5007 4.74609C18.9149 4.74609 19.2507 5.08188 19.2507 5.49609L19.2507 18.497C19.2507 18.9112 18.9149 19.247 18.5007 19.247H15.1007ZM3.25073 11.9984C3.25073 12.2144 3.34204 12.4091 3.48817 12.546L8.09483 17.1556C8.38763 17.4485 8.86251 17.4487 9.15549 17.1559C9.44848 16.8631 9.44863 16.3882 9.15583 16.0952L5.81116 12.7484L16.0007 12.7484C16.4149 12.7484 16.7507 12.4127 16.7507 11.9984C16.7507 11.5842 16.4149 11.2484 16.0007 11.2484L5.81528 11.2484L9.15585 7.90554C9.44864 7.61255 9.44847 7.13767 9.15547 6.84488C8.86248 6.55209 8.3876 6.55226 8.09481 6.84525L3.52309 11.4202C3.35673 11.5577 3.25073 11.7657 3.25073 11.9984Z"[39m
                  [33mfill[39m=[32m""[39m
                  [33mfill-rule[39m=[32m"evenodd"[39m
                [36m/>[39m
              [36m</svg>[39m
              [0mDéconnexion[0m
            [36m</button>[39m
          [36m</div>[39m
        [36m</div>[39m
      [36m</div>[39m
    [36m</body>[39m

      108 |     fireEvent.click(button);
      109 |     
    > 110 |     const profileLink = screen.getByText(/Profile/i);
          |                                ^
      111 |     if (profileLink) {
      112 |       fireEvent.click(profileLink);
      113 |     }

      at Object.getElementError (node_modules/@testing-library/dom/dist/config.js:37:19)
      at node_modules/@testing-library/dom/dist/query-helpers.js:76:38
      at node_modules/@testing-library/dom/dist/query-helpers.js:52:17
      at node_modules/@testing-library/dom/dist/query-helpers.js:95:19
      at Object.getByText (src/components/header/__tests__/UserDropdown.test.tsx:110:32)

FAIL src/components/ui/__tests__/sidebar.test.tsx
  ● Sidebar Components › Sidebar › should render sidebar

    useSidebar must be used within a SidebarProvider.

      30 |   const context = React.useContext(SidebarContext);
      31 |   if (!context) {
    > 32 |     throw new Error("useSidebar must be used within a SidebarProvider.");
         |           ^
      33 |   }
      34 |   return context;
      35 | }

      at useSidebar (src/components/ui/sidebar.tsx:32:11)
      at useSidebar (src/components/ui/sidebar.tsx:116:58)
      at Object.react_stack_bottom_frame (node_modules/react-dom/cjs/react-dom-client.development.js:25904:20)
      at renderWithHooks (node_modules/react-dom/cjs/react-dom-client.development.js:7662:22)
      at updateForwardRef (node_modules/react-dom/cjs/react-dom-client.development.js:9724:19)
      at beginWork (node_modules/react-dom/cjs/react-dom-client.development.js:12117:18)
      at runWithFiberInDEV (node_modules/react-dom/cjs/react-dom-client.development.js:874:13)
      at performUnitOfWork (node_modules/react-dom/cjs/react-dom-client.development.js:17641:22)
      at workLoopSync (node_modules/react-dom/cjs/react-dom-client.development.js:17469:41)
      at renderRootSync (node_modules/react-dom/cjs/react-dom-client.development.js:17450:11)
      at performWorkOnRoot (node_modules/react-dom/cjs/react-dom-client.development.js:16583:35)
      at performWorkOnRootViaSchedulerTask (node_modules/react-dom/cjs/react-dom-client.development.js:18957:7)
      at flushActQueue (node_modules/react/cjs/react.development.js:590:34)
      at process.env.NODE_ENV.exports.act (node_modules/react/cjs/react.development.js:884:10)
      at node_modules/@testing-library/react/dist/act-compat.js:47:25
      at renderRoot (node_modules/@testing-library/react/dist/pure.js:190:26)
      at render (node_modules/@testing-library/react/dist/pure.js:292:10)
      at Object.<anonymous> (src/components/ui/__tests__/sidebar.test.tsx:23:13)

  ● Sidebar Components › SidebarContent › should render sidebar content

    useSidebar must be used within a SidebarProvider.

      30 |   const context = React.useContext(SidebarContext);
      31 |   if (!context) {
    > 32 |     throw new Error("useSidebar must be used within a SidebarProvider.");
         |           ^
      33 |   }
      34 |   return context;
      35 | }

      at useSidebar (src/components/ui/sidebar.tsx:32:11)
      at useSidebar (src/components/ui/sidebar.tsx:116:58)
      at Object.react_stack_bottom_frame (node_modules/react-dom/cjs/react-dom-client.development.js:25904:20)
      at renderWithHooks (node_modules/react-dom/cjs/react-dom-client.development.js:7662:22)
      at updateForwardRef (node_modules/react-dom/cjs/react-dom-client.development.js:9724:19)
      at beginWork (node_modules/react-dom/cjs/react-dom-client.development.js:12117:18)
      at runWithFiberInDEV (node_modules/react-dom/cjs/react-dom-client.development.js:874:13)
      at performUnitOfWork (node_modules/react-dom/cjs/react-dom-client.development.js:17641:22)
      at workLoopSync (node_modules/react-dom/cjs/react-dom-client.development.js:17469:41)
      at renderRootSync (node_modules/react-dom/cjs/react-dom-client.development.js:17450:11)
      at performWorkOnRoot (node_modules/react-dom/cjs/react-dom-client.development.js:16583:35)
      at performWorkOnRootViaSchedulerTask (node_modules/react-dom/cjs/react-dom-client.development.js:18957:7)
      at flushActQueue (node_modules/react/cjs/react.development.js:590:34)
      at process.env.NODE_ENV.exports.act (node_modules/react/cjs/react.development.js:884:10)
      at node_modules/@testing-library/react/dist/act-compat.js:47:25
      at renderRoot (node_modules/@testing-library/react/dist/pure.js:190:26)
      at render (node_modules/@testing-library/react/dist/pure.js:292:10)
      at Object.<anonymous> (src/components/ui/__tests__/sidebar.test.tsx:35:13)

  ● Sidebar Components › SidebarHeader › should render sidebar header

    useSidebar must be used within a SidebarProvider.

      30 |   const context = React.useContext(SidebarContext);
      31 |   if (!context) {
    > 32 |     throw new Error("useSidebar must be used within a SidebarProvider.");
         |           ^
      33 |   }
      34 |   return context;
      35 | }

      at useSidebar (src/components/ui/sidebar.tsx:32:11)
      at useSidebar (src/components/ui/sidebar.tsx:116:58)
      at Object.react_stack_bottom_frame (node_modules/react-dom/cjs/react-dom-client.development.js:25904:20)
      at renderWithHooks (node_modules/react-dom/cjs/react-dom-client.development.js:7662:22)
      at updateForwardRef (node_modules/react-dom/cjs/react-dom-client.development.js:9724:19)
      at beginWork (node_modules/react-dom/cjs/react-dom-client.development.js:12117:18)
      at runWithFiberInDEV (node_modules/react-dom/cjs/react-dom-client.development.js:874:13)
      at performUnitOfWork (node_modules/react-dom/cjs/react-dom-client.development.js:17641:22)
      at workLoopSync (node_modules/react-dom/cjs/react-dom-client.development.js:17469:41)
      at renderRootSync (node_modules/react-dom/cjs/react-dom-client.development.js:17450:11)
      at performWorkOnRoot (node_modules/react-dom/cjs/react-dom-client.development.js:16583:35)
      at performWorkOnRootViaSchedulerTask (node_modules/react-dom/cjs/react-dom-client.development.js:18957:7)
      at flushActQueue (node_modules/react/cjs/react.development.js:590:34)
      at process.env.NODE_ENV.exports.act (node_modules/react/cjs/react.development.js:884:10)
      at node_modules/@testing-library/react/dist/act-compat.js:47:25
      at renderRoot (node_modules/@testing-library/react/dist/pure.js:190:26)
      at render (node_modules/@testing-library/react/dist/pure.js:292:10)
      at Object.<anonymous> (src/components/ui/__tests__/sidebar.test.tsx:47:13)

  ● Sidebar Components › SidebarFooter › should render sidebar footer

    useSidebar must be used within a SidebarProvider.

      30 |   const context = React.useContext(SidebarContext);
      31 |   if (!context) {
    > 32 |     throw new Error("useSidebar must be used within a SidebarProvider.");
         |           ^
      33 |   }
      34 |   return context;
      35 | }

      at useSidebar (src/components/ui/sidebar.tsx:32:11)
      at useSidebar (src/components/ui/sidebar.tsx:116:58)
      at Object.react_stack_bottom_frame (node_modules/react-dom/cjs/react-dom-client.development.js:25904:20)
      at renderWithHooks (node_modules/react-dom/cjs/react-dom-client.development.js:7662:22)
      at updateForwardRef (node_modules/react-dom/cjs/react-dom-client.development.js:9724:19)
      at beginWork (node_modules/react-dom/cjs/react-dom-client.development.js:12117:18)
      at runWithFiberInDEV (node_modules/react-dom/cjs/react-dom-client.development.js:874:13)
      at performUnitOfWork (node_modules/react-dom/cjs/react-dom-client.development.js:17641:22)
      at workLoopSync (node_modules/react-dom/cjs/react-dom-client.development.js:17469:41)
      at renderRootSync (node_modules/react-dom/cjs/react-dom-client.development.js:17450:11)
      at performWorkOnRoot (node_modules/react-dom/cjs/react-dom-client.development.js:16583:35)
      at performWorkOnRootViaSchedulerTask (node_modules/react-dom/cjs/react-dom-client.development.js:18957:7)
      at flushActQueue (node_modules/react/cjs/react.development.js:590:34)
      at process.env.NODE_ENV.exports.act (node_modules/react/cjs/react.development.js:884:10)
      at node_modules/@testing-library/react/dist/act-compat.js:47:25
      at renderRoot (node_modules/@testing-library/react/dist/pure.js:190:26)
      at render (node_modules/@testing-library/react/dist/pure.js:292:10)
      at Object.<anonymous> (src/components/ui/__tests__/sidebar.test.tsx:60:13)

  ● Sidebar Components › SidebarMenu › should render sidebar menu

    useSidebar must be used within a SidebarProvider.

      30 |   const context = React.useContext(SidebarContext);
      31 |   if (!context) {
    > 32 |     throw new Error("useSidebar must be used within a SidebarProvider.");
         |           ^
      33 |   }
      34 |   return context;
      35 | }

      at useSidebar (src/components/ui/sidebar.tsx:32:11)
      at useSidebar (src/components/ui/sidebar.tsx:116:58)
      at Object.react_stack_bottom_frame (node_modules/react-dom/cjs/react-dom-client.development.js:25904:20)
      at renderWithHooks (node_modules/react-dom/cjs/react-dom-client.development.js:7662:22)
      at updateForwardRef (node_modules/react-dom/cjs/react-dom-client.development.js:9724:19)
      at beginWork (node_modules/react-dom/cjs/react-dom-client.development.js:12117:18)
      at runWithFiberInDEV (node_modules/react-dom/cjs/react-dom-client.development.js:874:13)
      at performUnitOfWork (node_modules/react-dom/cjs/react-dom-client.development.js:17641:22)
      at workLoopSync (node_modules/react-dom/cjs/react-dom-client.development.js:17469:41)
      at renderRootSync (node_modules/react-dom/cjs/react-dom-client.development.js:17450:11)
      at performWorkOnRoot (node_modules/react-dom/cjs/react-dom-client.development.js:16583:35)
      at performWorkOnRootViaSchedulerTask (node_modules/react-dom/cjs/react-dom-client.development.js:18957:7)
      at flushActQueue (node_modules/react/cjs/react.development.js:590:34)
      at process.env.NODE_ENV.exports.act (node_modules/react/cjs/react.development.js:884:10)
      at node_modules/@testing-library/react/dist/act-compat.js:47:25
      at renderRoot (node_modules/@testing-library/react/dist/pure.js:190:26)
      at render (node_modules/@testing-library/react/dist/pure.js:292:10)
      at Object.<anonymous> (src/components/ui/__tests__/sidebar.test.tsx:73:13)

  ● Sidebar Components › SidebarMenuItem › should render sidebar menu item

    useSidebar must be used within a SidebarProvider.

      30 |   const context = React.useContext(SidebarContext);
      31 |   if (!context) {
    > 32 |     throw new Error("useSidebar must be used within a SidebarProvider.");
         |           ^
      33 |   }
      34 |   return context;
      35 | }

      at useSidebar (src/components/ui/sidebar.tsx:32:11)
      at useSidebar (src/components/ui/sidebar.tsx:116:58)
      at Object.react_stack_bottom_frame (node_modules/react-dom/cjs/react-dom-client.development.js:25904:20)
      at renderWithHooks (node_modules/react-dom/cjs/react-dom-client.development.js:7662:22)
      at updateForwardRef (node_modules/react-dom/cjs/react-dom-client.development.js:9724:19)
      at beginWork (node_modules/react-dom/cjs/react-dom-client.development.js:12117:18)
      at runWithFiberInDEV (node_modules/react-dom/cjs/react-dom-client.development.js:874:13)
      at performUnitOfWork (node_modules/react-dom/cjs/react-dom-client.development.js:17641:22)
      at workLoopSync (node_modules/react-dom/cjs/react-dom-client.development.js:17469:41)
      at renderRootSync (node_modules/react-dom/cjs/react-dom-client.development.js:17450:11)
      at performWorkOnRoot (node_modules/react-dom/cjs/react-dom-client.development.js:16583:35)
      at performWorkOnRootViaSchedulerTask (node_modules/react-dom/cjs/react-dom-client.development.js:18957:7)
      at flushActQueue (node_modules/react/cjs/react.development.js:590:34)
      at process.env.NODE_ENV.exports.act (node_modules/react/cjs/react.development.js:884:10)
      at node_modules/@testing-library/react/dist/act-compat.js:47:25
      at renderRoot (node_modules/@testing-library/react/dist/pure.js:190:26)
      at render (node_modules/@testing-library/react/dist/pure.js:292:10)
      at Object.<anonymous> (src/components/ui/__tests__/sidebar.test.tsx:91:13)

  ● Sidebar Components › SidebarMenuButton › should render sidebar menu button

    useSidebar must be used within a SidebarProvider.

      30 |   const context = React.useContext(SidebarContext);
      31 |   if (!context) {
    > 32 |     throw new Error("useSidebar must be used within a SidebarProvider.");
         |           ^
      33 |   }
      34 |   return context;
      35 | }

      at useSidebar (src/components/ui/sidebar.tsx:32:11)
      at useSidebar (src/components/ui/sidebar.tsx:116:58)
      at Object.react_stack_bottom_frame (node_modules/react-dom/cjs/react-dom-client.development.js:25904:20)
      at renderWithHooks (node_modules/react-dom/cjs/react-dom-client.development.js:7662:22)
      at updateForwardRef (node_modules/react-dom/cjs/react-dom-client.development.js:9724:19)
      at beginWork (node_modules/react-dom/cjs/react-dom-client.development.js:12117:18)
      at runWithFiberInDEV (node_modules/react-dom/cjs/react-dom-client.development.js:874:13)
      at performUnitOfWork (node_modules/react-dom/cjs/react-dom-client.development.js:17641:22)
      at workLoopSync (node_modules/react-dom/cjs/react-dom-client.development.js:17469:41)
      at renderRootSync (node_modules/react-dom/cjs/react-dom-client.development.js:17450:11)
      at performWorkOnRoot (node_modules/react-dom/cjs/react-dom-client.development.js:16583:35)
      at performWorkOnRootViaSchedulerTask (node_modules/react-dom/cjs/react-dom-client.development.js:18957:7)
      at flushActQueue (node_modules/react/cjs/react.development.js:590:34)
      at process.env.NODE_ENV.exports.act (node_modules/react/cjs/react.development.js:884:10)
      at node_modules/@testing-library/react/dist/act-compat.js:47:25
      at renderRoot (node_modules/@testing-library/react/dist/pure.js:190:26)
      at render (node_modules/@testing-library/react/dist/pure.js:292:10)
      at Object.<anonymous> (src/components/ui/__tests__/sidebar.test.tsx:109:13)

PASS src/hooks/__tests__/useModal.test.ts
PASS src/app/(admin)/documents/my-documents/__tests__/page.test.tsx
FAIL src/components/ui/__tests__/dropdown-menu.test.tsx
  ● Console

    console.error
      React does not recognize the `sideOffset` prop on a DOM element. If you intentionally want it to appear in the DOM as a custom attribute, spell it as lowercase `sideoffset` instead. If you accidentally passed it from a parent component, remove it from the DOM element.

      19 |   describe('DropdownMenu', () => {
      20 |     it('should render dropdown menu', () => {
    > 21 |       render(
         |             ^
      22 |         <DropdownMenu>
      23 |           <DropdownMenuTrigger>Open</DropdownMenuTrigger>
      24 |           <DropdownMenuContent>

      at validateProperty (node_modules/react-dom/cjs/react-dom-client.development.js:3001:19)
      at warnUnknownProperties (node_modules/react-dom/cjs/react-dom-client.development.js:3146:9)
      at validatePropertiesInDevelopment (node_modules/react-dom/cjs/react-dom-client.development.js:19868:9)
      at setInitialProperties (node_modules/react-dom/cjs/react-dom-client.development.js:20491:7)
      at completeWork (node_modules/react-dom/cjs/react-dom-client.development.js:12662:18)
      at runWithFiberInDEV (node_modules/react-dom/cjs/react-dom-client.development.js:874:13)
      at completeUnitOfWork (node_modules/react-dom/cjs/react-dom-client.development.js:17777:19)
      at performUnitOfWork (node_modules/react-dom/cjs/react-dom-client.development.js:17658:11)
      at workLoopSync (node_modules/react-dom/cjs/react-dom-client.development.js:17469:41)
      at renderRootSync (node_modules/react-dom/cjs/react-dom-client.development.js:17450:11)
      at performWorkOnRoot (node_modules/react-dom/cjs/react-dom-client.development.js:16504:11)
      at performWorkOnRootViaSchedulerTask (node_modules/react-dom/cjs/react-dom-client.development.js:18957:7)
      at flushActQueue (node_modules/react/cjs/react.development.js:590:34)
      at process.env.NODE_ENV.exports.act (node_modules/react/cjs/react.development.js:884:10)
      at node_modules/@testing-library/react/dist/act-compat.js:47:25
      at renderRoot (node_modules/@testing-library/react/dist/pure.js:190:26)
      at render (node_modules/@testing-library/react/dist/pure.js:292:10)
      at Object.<anonymous> (src/components/ui/__tests__/dropdown-menu.test.tsx:21:13)

  ● DropdownMenu Components › DropdownMenuRadioGroup › should render dropdown menu radio group

    Element type is invalid: expected a string (for built-in components) or a class/function (for composite components) but got: undefined. You likely forgot to export your component from the file it's defined in, or you might have mixed up default and named imports.

      121 |   describe('DropdownMenuRadioGroup', () => {
      122 |     it('should render dropdown menu radio group', () => {
    > 123 |       render(
          |             ^
      124 |         <DropdownMenu open={true}>
      125 |           <DropdownMenuTrigger>Open</DropdownMenuTrigger>
      126 |           <DropdownMenuContent>

      at createFiberFromTypeAndProps (node_modules/react-dom/cjs/react-dom-client.development.js:5021:28)
      at createFiberFromElement (node_modules/react-dom/cjs/react-dom-client.development.js:5035:14)
      at reconcileChildFibersImpl (node_modules/react-dom/cjs/react-dom-client.development.js:6920:31)
      at node_modules/react-dom/cjs/react-dom-client.development.js:7098:33
      at reconcileChildren (node_modules/react-dom/cjs/react-dom-client.development.js:9701:13)
      at beginWork (node_modules/react-dom/cjs/react-dom-client.development.js:12049:13)
      at runWithFiberInDEV (node_modules/react-dom/cjs/react-dom-client.development.js:874:13)
      at performUnitOfWork (node_modules/react-dom/cjs/react-dom-client.development.js:17641:22)
      at workLoopSync (node_modules/react-dom/cjs/react-dom-client.development.js:17469:41)
      at renderRootSync (node_modules/react-dom/cjs/react-dom-client.development.js:17450:11)
      at performWorkOnRoot (node_modules/react-dom/cjs/react-dom-client.development.js:16583:35)
      at performWorkOnRootViaSchedulerTask (node_modules/react-dom/cjs/react-dom-client.development.js:18957:7)
      at flushActQueue (node_modules/react/cjs/react.development.js:590:34)
      at process.env.NODE_ENV.exports.act (node_modules/react/cjs/react.development.js:884:10)
      at node_modules/@testing-library/react/dist/act-compat.js:47:25
      at renderRoot (node_modules/@testing-library/react/dist/pure.js:190:26)
      at render (node_modules/@testing-library/react/dist/pure.js:292:10)
      at Object.<anonymous> (src/components/ui/__tests__/dropdown-menu.test.tsx:123:13)

FAIL src/app/(admin)/documents/components/__tests__/ClientDocumentsTab.test.tsx
  ● ClientDocumentsTab › should render client documents tab

    TestingLibraryElementError: Found multiple elements with the text: /Client Documents/i

    Here are the matching elements:

    Ignored nodes: comments, script, style
    [36m<h3[39m
      [33mclass[39m=[32m"tracking-tight text-lg sm:text-xl font-semibold text-gray-900 dark:text-white flex items-center gap-2"[39m
    [36m>[39m
      [36m<svg[39m
        [33maria-hidden[39m=[32m"true"[39m
        [33mclass[39m=[32m"lucide lucide-folder-open h-5 w-5 text-brand-500"[39m
        [33mfill[39m=[32m"none"[39m
        [33mheight[39m=[32m"24"[39m
        [33mstroke[39m=[32m"currentColor"[39m
        [33mstroke-linecap[39m=[32m"round"[39m
        [33mstroke-linejoin[39m=[32m"round"[39m
        [33mstroke-width[39m=[32m"2"[39m
        [33mviewBox[39m=[32m"0 0 24 24"[39m
        [33mwidth[39m=[32m"24"[39m
        [33mxmlns[39m=[32m"http://www.w3.org/2000/svg"[39m
      [36m>[39m
        [36m<path[39m
          [33md[39m=[32m"m6 14 1.5-2.9A2 2 0 0 1 9.24 10H20a2 2 0 0 1 1.94 2.5l-1.54 6a2 2 0 0 1-1.95 1.5H4a2 2 0 0 1-2-2V5a2 2 0 0 1 2-2h3.9a2 2 0 0 1 1.69.9l.81 1.2a2 2 0 0 0 1.67.9H18a2 2 0 0 1 2 2v2"[39m
        [36m/>[39m
      [36m</svg>[39m
      [0mClient documents overview[0m
    [36m</h3>[39m

    Ignored nodes: comments, script, style
    [36m<p[39m
      [33mclass[39m=[32m"text-sm font-medium text-gray-900 dark:text-gray-100"[39m
    [36m>[39m
      [0mNo client documents match the current filters.[0m
    [36m</p>[39m

    (If this is intentional, then use the `*AllBy*` variant of the query (like `queryAllByText`, `getAllByText`, or `findAllByText`)).

    Ignored nodes: comments, script, style
    [36m<body>[39m
      [36m<div>[39m
        [36m<div[39m
          [33mclass[39m=[32m"space-y-6"[39m
        [36m>[39m
          [36m<section[39m
            [33mclass[39m=[32m"grid gap-4 xl:grid-cols-4"[39m
          [36m>[39m
            [36m<div[39m
              [33mclass[39m=[32m"text-card-foreground border border-gray-200 dark:border-gray-800 bg-white dark:bg-gray-900 shadow-sm rounded-2xl"[39m
            [36m>[39m
              [36m<div[39m
                [33mclass[39m=[32m"p-4 flex items-center gap-3"[39m
              [36m>[39m
                [36m<svg[39m
                  [33maria-hidden[39m=[32m"true"[39m
                  [33mclass[39m=[32m"lucide lucide-folder-open h-9 w-9 p-2 rounded-xl bg-brand-500/10 text-brand-600 dark:text-brand-400"[39m
                  [33mfill[39m=[32m"none"[39m
                  [33mheight[39m=[32m"24"[39m
                  [33mstroke[39m=[32m"currentColor"[39m
                  [33mstroke-linecap[39m=[32m"round"[39m
                  [33mstroke-linejoin[39m=[32m"round"[39m
                  [33mstroke-width[39m=[32m"2"[39m
                  [33mviewBox[39m=[32m"0 0 24 24"[39m
                  [33mwidth[39m=[32m"24"[39m
                  [33mxmlns[39m=[32m"http://www.w3.org/2000/svg"[39m
                [36m>[39m
                  [36m<path[39m
                    [33md[39m=[32m"m6 14 1.5-2.9A2 2 0 0 1 9.24 10H20a2 2 0 0 1 1.94 2.5l-1.54 6a2 2 0 0 1-1.95 1.5H4a2 2 0 0 1-2-2V5a2 2 0 0 1 2-2h3.9a2 2 0 0 1 1.69.9l.81 1.2a2 2 0 0 0 1.67.9H18a2 2 0 0 1 2 2v2"[39m
                  [36m/>[39m
                [36m</svg>[39m
                [36m<div>[39m
                  [36m<p[39m
                    [33mclass[39m=[32m"text-xs font-medium text-muted-foreground uppercase tracking-wide"[39m
                  [36m>[39m
                    [0mTotal documents[0m
                  [36m</p>[39m
                  [36m<p[39m
                    [33mclass[39m=[32m"text-lg font-semibold text-gray-900 dark:text-white"[39m
                  [36m>[39m
                    [0m0[0m
                  [36m</p>[39m
                  [36m<p[39m
                    [33mclass[39m=[32m"text-xs text-muted-foreground"[39m
                  [36m>[39m
                    [0mUploaded by clients[0m
                  [36m</p>[39m
                [36m</div>[39m
              [36m</div>[39m
            [36m</div>[39m
            [36m<div[39m
              [33mclass[39m=[32m"text-card-foreground border border-gray-200 dark:border-gray-800 bg-white dark:bg-gray-900 shadow-sm rounded-2xl"[39m
            [36m>[39m
              [36m<div[39m
                [33mclass[39m=[32m"p-4 flex items-center gap-3"[39m
              [36m>[39m
                [36m<svg[39m
                  [33maria-hidden[39m=[32m"true"[39m
                  [33mclass[39m=[32m"lucide lucide-shield-check h-9 w-9 p-2 rounded-xl bg-emerald-500/10 text-emerald-600 dark:text-emerald-300"[39m
                  [33mfill[39m=[32m"none"[39m
                  [33mheight[39m=[32m"24"[39m
                  [33mstroke[39m=[32m"currentColor"[39m
                  [33mstroke-linecap[39m=[32m"round"[39m
                  [33mstroke-linejoin[39m=[32m"round"[39m
                  [33mstroke-width[39m=[32m"2"[39m
                  [33mviewBox[39m=[32m"0 0 24 24"[39m
                  [33mwidth[39m=[32m"24"[39m
                  [33mxmlns[39m=[32m"http://www.w3.org/2000/svg"[39m
                [36m>[39m
                  [36m<path[39m
                    [33md[39m=[32m"M20 13c0 5-3.5 7.5-7.66 8.95a1 1 0 0 1-.67-.01C7.5 20.5 4 18 4 13V6a1 1 0 0 1 1-1c2 0 4.5-1.2 6.24-2.72a1.17 1.17 0 0 1 1.52 0C14.51 3.81 17 5 19 5a1 1 0 0 1 1 1z"[39m
                  [36m/>[39m
                  [36m<path[39m
                    [33md[39m=[32m"m9 12 2 2 4-4"[39m
                  [36m/>[39m
                [36m</svg>[39m
                [36m<div>[39m
                  [36m<p[39m
                    [33mclass[39m=[32m"text-xs font-medium text-muted-foreground uppercase tracking-wide"[39m
                  [36m>[39m
                    [0mApproved[0m
                  [36m</p>[39m
                  [36m<p[39m
                    [33mclass[39m=[32m"text-lg font-semibold text-gray-900 dark:text-white"[39m
                  [36m>[39m
                    [0m0[0m
                  [36m</p>[39m
                  [36m<p[39m
                    [33mclass[39m=[32m"text-xs text-muted-foreground"[39m
                  [36m>[39m
                    [0mCleared for compliance[0m
                  [36m</p>[39m
                [36m</div>[39m
              [36m</div>[39m
            [36m</div>[39m
            [36m<div[39m
              [33mclass[39m=[32m"text-card-foreground border border-gray-200 dark:border-gray-800 bg-white dark:bg-gray-900 shadow-sm rounded-2xl"[39m
            [36m>[39m
              [36m<div[39m
                [33mclass[39m=[32m"p-4 flex items-center gap-3"[39m
              [36m>[39m
                [36m<svg[39m
                  [33maria-hidden[39m=[32m"true"[39m
                  [33mclass[39m=[32m"lucide lucide-clock h-9 w-9 p-2 rounded-xl bg-amber-500/10 text-amber-600 dark:text-amber-300"[39m
                  [33mfill[39m=[32m"none"[39m
                  [33mheight[39m=[32m"24"[39m
                  [33mstroke[39m=[32m"currentColor"[39m
                  [33mstroke-linecap[39m=[32m"round"[39m
                  [33mstroke-linejoin[39m=[32m"round"[39m
                  [33mstroke-width[39m=[32m"2"[39m
                  [33mviewBox[39m=[32m"0 0 24 24"[39m
                  [33mwidth[39m=[32m"24"[39m
                  [33mxmlns[39m=[32m"http://www.w3.org/2000/svg"[39m
                [36m>[39m
                  [36m<circle[39m
                    [33mcx[39m=[32m"12"[39m
                    [33mcy[39m=[32m"12"[39m
                    [33mr[39m=[32m"10"[39m
                  [36m/>[39m
                  [36m<polyline[39m
                    [33mpoints[39m=[32m"12 6 12 12 16 14"[39m
                  [36m/>[39m
                [36m</svg>[39m
                [36m<div>[39m
                  [36m<p[39m
                    [33mclass[39m=[32m"text-xs font-medium text-muted-foreground uppercase tracking-wide"[39m
                  [36m>[39m
                    [0mPending review[0m
                  [36m</p>[39m
                  [36m<p[39m
                    [33mclass[39m=[32m"text-lg font-semibold text-gray-900 dark:text-white"[39m
                  [36m>[39m
                    [0m0[0m
                  [36m</p>[39m
                  [36m<p[39m
                    [33mclass[39m=[32m"text-xs text-muted-foreground"[39m
                  [36m>[39m
                    [0mAwaiting validation[0m
                  [36m</p>[39m
                [36m</div>[39m
              [36m</div>[39m
            [36m</div>[39m
            [36m<div[39m
              [33mclass[39m=[32m"text-card-foreground border border-gray-200 dark:border-gray-800 bg-white dark:bg-gray-900 shadow-sm rounded-2xl"[39m
            [36m>[39m
              [36m<div[39m
                [33mclass[39m=[32m"p-4 flex items-center gap-3"[39m
              [36m>[39m
                [36m<svg[39m
                  [33maria-hidden[39m=[32m"true"[39m
        ...

      38 |   it('should render client documents tab', () => {
      39 |     render(<ClientDocumentsTab />);
    > 40 |     expect(screen.getByText(/Client Documents/i)).toBeInTheDocument();
         |                   ^
      41 |   });
      42 |
      43 |   it('should show loading state', () => {

      at Object.getElementError (node_modules/@testing-library/dom/dist/config.js:37:19)
      at getElementError (node_modules/@testing-library/dom/dist/query-helpers.js:20:35)
      at getMultipleElementsFoundError (node_modules/@testing-library/dom/dist/query-helpers.js:23:10)
      at node_modules/@testing-library/dom/dist/query-helpers.js:55:13
      at node_modules/@testing-library/dom/dist/query-helpers.js:95:19
      at Object.getByText (/home/iann/code/project/sms_portail/src/app/(admin)../../../../../documents/components/__tests__/ClientDocumentsTab.test.tsx:40:19)

FAIL src/components/ui/__tests__/navigation-menu.test.tsx
  ● NavigationMenu Components › NavigationMenu › should render navigation menu

    Element type is invalid: expected a string (for built-in components) or a class/function (for composite components) but got: undefined. You likely forgot to export your component from the file it's defined in, or you might have mixed up default and named imports.

      13 |   describe('NavigationMenu', () => {
      14 |     it('should render navigation menu', () => {
    > 15 |       render(
         |             ^
      16 |         <NavigationMenu>
      17 |           <NavigationMenuList>
      18 |             <NavigationMenuItem>

      at createFiberFromTypeAndProps (node_modules/react-dom/cjs/react-dom-client.development.js:5021:28)
      at createFiberFromElement (node_modules/react-dom/cjs/react-dom-client.development.js:5035:14)
      at reconcileChildFibersImpl (node_modules/react-dom/cjs/react-dom-client.development.js:6920:31)
      at node_modules/react-dom/cjs/react-dom-client.development.js:7098:33
      at reconcileChildren (node_modules/react-dom/cjs/react-dom-client.development.js:9701:13)
      at beginWork (node_modules/react-dom/cjs/react-dom-client.development.js:12049:13)
      at runWithFiberInDEV (node_modules/react-dom/cjs/react-dom-client.development.js:874:13)
      at performUnitOfWork (node_modules/react-dom/cjs/react-dom-client.development.js:17641:22)
      at workLoopSync (node_modules/react-dom/cjs/react-dom-client.development.js:17469:41)
      at renderRootSync (node_modules/react-dom/cjs/react-dom-client.development.js:17450:11)
      at performWorkOnRoot (node_modules/react-dom/cjs/react-dom-client.development.js:16583:35)
      at performWorkOnRootViaSchedulerTask (node_modules/react-dom/cjs/react-dom-client.development.js:18957:7)
      at flushActQueue (node_modules/react/cjs/react.development.js:590:34)
      at process.env.NODE_ENV.exports.act (node_modules/react/cjs/react.development.js:884:10)
      at node_modules/@testing-library/react/dist/act-compat.js:47:25
      at renderRoot (node_modules/@testing-library/react/dist/pure.js:190:26)
      at render (node_modules/@testing-library/react/dist/pure.js:292:10)
      at Object.<anonymous> (src/components/ui/__tests__/navigation-menu.test.tsx:15:13)

  ● NavigationMenu Components › NavigationMenuItem › should render navigation menu item

    Element type is invalid: expected a string (for built-in components) or a class/function (for composite components) but got: undefined. You likely forgot to export your component from the file it's defined in, or you might have mixed up default and named imports.

      41 |   describe('NavigationMenuItem', () => {
      42 |     it('should render navigation menu item', () => {
    > 43 |       render(
         |             ^
      44 |         <NavigationMenu>
      45 |           <NavigationMenuList>
      46 |             <NavigationMenuItem>

      at createFiberFromTypeAndProps (node_modules/react-dom/cjs/react-dom-client.development.js:5021:28)
      at createFiberFromElement (node_modules/react-dom/cjs/react-dom-client.development.js:5035:14)
      at reconcileChildFibersImpl (node_modules/react-dom/cjs/react-dom-client.development.js:6920:31)
      at node_modules/react-dom/cjs/react-dom-client.development.js:7098:33
      at reconcileChildren (node_modules/react-dom/cjs/react-dom-client.development.js:9701:13)
      at beginWork (node_modules/react-dom/cjs/react-dom-client.development.js:12049:13)
      at runWithFiberInDEV (node_modules/react-dom/cjs/react-dom-client.development.js:874:13)
      at performUnitOfWork (node_modules/react-dom/cjs/react-dom-client.development.js:17641:22)
      at workLoopSync (node_modules/react-dom/cjs/react-dom-client.development.js:17469:41)
      at renderRootSync (node_modules/react-dom/cjs/react-dom-client.development.js:17450:11)
      at performWorkOnRoot (node_modules/react-dom/cjs/react-dom-client.development.js:16583:35)
      at performWorkOnRootViaSchedulerTask (node_modules/react-dom/cjs/react-dom-client.development.js:18957:7)
      at flushActQueue (node_modules/react/cjs/react.development.js:590:34)
      at process.env.NODE_ENV.exports.act (node_modules/react/cjs/react.development.js:884:10)
      at node_modules/@testing-library/react/dist/act-compat.js:47:25
      at renderRoot (node_modules/@testing-library/react/dist/pure.js:190:26)
      at render (node_modules/@testing-library/react/dist/pure.js:292:10)
      at Object.<anonymous> (src/components/ui/__tests__/navigation-menu.test.tsx:43:13)

PASS src/app/__tests__/page.test.tsx
FAIL src/app/(auth)/forgot-password/__tests__/page.test.tsx
  ● ForgotPasswordPage › should render reset step when token param is present

    TestingLibraryElementError: Found multiple elements with the text: /Reset Password/i

    Here are the matching elements:

    Ignored nodes: comments, script, style
    [36m<h3[39m
      [33mclass[39m=[32m"tracking-tight text-3xl font-bold text-brand-500 dark:text-brand-300"[39m
    [36m>[39m
      [0mReset Password[0m
    [36m</h3>[39m

    Ignored nodes: comments, script, style
    [36m<button[39m
      [33mclass[39m=[32m"inline-flex items-center justify-center gap-2 whitespace-nowrap ring-offset-background transition-colors focus-visible:outline-none focus-visible:ring-2 focus-visible:ring-ring focus-visible:ring-offset-2 disabled:pointer-events-none disabled:opacity-50 [&_svg]:pointer-events-none [&_svg]:size-4 [&_svg]:shrink-0 px-4 py-2 w-full h-12 text-base font-semibold rounded-xl bg-brand-500 hover:bg-brand-600 dark:bg-brand-400 dark:hover:bg-brand-300 text-white"[39m
      [33mtype[39m=[32m"submit"[39m
    [36m>[39m
      [0mReset Password[0m
    [36m</button>[39m

    (If this is intentional, then use the `*AllBy*` variant of the query (like `queryAllByText`, `getAllByText`, or `findAllByText`)).

    Ignored nodes: comments, script, style
    [36m<body>[39m
      [36m<div>[39m
        [36m<div[39m
          [33mclass[39m=[32m"w-full min-h-screen flex items-center justify-center p-8 bg-gradient-to-br from-gray-50 to-gray-100 dark:from-gray-900 dark:to-gray-800"[39m
        [36m>[39m
          [36m<div[39m
            [33mclass[39m=[32m"w-full max-w-md"[39m
          [36m>[39m
            [36m<div[39m
              [33mclass[39m=[32m"text-card-foreground shadow-sm shadow-theme-lg border border-gray-100 dark:border-gray-800 rounded-2xl bg-white dark:bg-gray-800"[39m
            [36m>[39m
              [36m<div[39m
                [33mclass[39m=[32m"flex flex-col p-6 space-y-3 pb-6 text-center"[39m
              [36m>[39m
                [36m<div[39m
                  [33mclass[39m=[32m"flex justify-center mb-2"[39m
                [36m>[39m
                  [36m<div[39m
                    [33mclass[39m=[32m"bg-white/20 dark:bg-gray-900 p-3 rounded-full shadow-theme-sm"[39m
                  [36m>[39m
                    [36m<svg[39m
                      [33maria-hidden[39m=[32m"true"[39m
                      [33mclass[39m=[32m"lucide lucide-lock w-8 h-8 text-brand-500"[39m
                      [33mfill[39m=[32m"none"[39m
                      [33mheight[39m=[32m"24"[39m
                      [33mstroke[39m=[32m"currentColor"[39m
                      [33mstroke-linecap[39m=[32m"round"[39m
                      [33mstroke-linejoin[39m=[32m"round"[39m
                      [33mstroke-width[39m=[32m"2"[39m
                      [33mviewBox[39m=[32m"0 0 24 24"[39m
                      [33mwidth[39m=[32m"24"[39m
                      [33mxmlns[39m=[32m"http://www.w3.org/2000/svg"[39m
                    [36m>[39m
                      [36m<rect[39m
                        [33mheight[39m=[32m"11"[39m
                        [33mrx[39m=[32m"2"[39m
                        [33mry[39m=[32m"2"[39m
                        [33mwidth[39m=[32m"18"[39m
                        [33mx[39m=[32m"3"[39m
                        [33my[39m=[32m"11"[39m
                      [36m/>[39m
                      [36m<path[39m
                        [33md[39m=[32m"M7 11V7a5 5 0 0 1 10 0v4"[39m
                      [36m/>[39m
                    [36m</svg>[39m
                  [36m</div>[39m
                [36m</div>[39m
                [36m<h3[39m
                  [33mclass[39m=[32m"tracking-tight text-3xl font-bold text-brand-500 dark:text-brand-300"[39m
                [36m>[39m
                  [0mReset Password[0m
                [36m</h3>[39m
                [36m<p[39m
                  [33mclass[39m=[32m"text-base text-muted-foreground dark:text-gray-300"[39m
                [36m>[39m
                  [0mEnter your new password[0m
                [36m</p>[39m
              [36m</div>[39m
              [36m<div[39m
                [33mclass[39m=[32m"p-6 pt-0 space-y-6"[39m
              [36m>[39m
                [36m<form[39m
                  [33mclass[39m=[32m"space-y-5"[39m
                [36m>[39m
                  [36m<div[39m
                    [33mclass[39m=[32m"space-y-2"[39m
                  [36m>[39m
                    [36m<div[39m
                      [33mclass[39m=[32m"peer-disabled:cursor-not-allowed peer-disabled:opacity-70 text-sm font-semibold text-gray-700 dark:text-gray-200"[39m
                      [33mfor[39m=[32m"newPassword"[39m
                    [36m>[39m
                      [0mNew Password[0m
                    [36m</div>[39m
                    [36m<div[39m
                      [33mclass[39m=[32m"relative"[39m
                    [36m>[39m
                      [36m<svg[39m
                        [33maria-hidden[39m=[32m"true"[39m
                        [33mclass[39m=[32m"lucide lucide-lock absolute left-3 top-1/2 -translate-y-1/2 w-5 h-5 text-gray-400"[39m
                        [33mfill[39m=[32m"none"[39m
                        [33mheight[39m=[32m"24"[39m
                        [33mstroke[39m=[32m"currentColor"[39m
                        [33mstroke-linecap[39m=[32m"round"[39m
                        [33mstroke-linejoin[39m=[32m"round"[39m
                        [33mstroke-width[39m=[32m"2"[39m
                        [33mviewBox[39m=[32m"0 0 24 24"[39m
                        [33mwidth[39m=[32m"24"[39m
                        [33mxmlns[39m=[32m"http://www.w3.org/2000/svg"[39m
                      [36m>[39m
                        [36m<rect[39m
                          [33mheight[39m=[32m"11"[39m
                          [33mrx[39m=[32m"2"[39m
                          [33mry[39m=[32m"2"[39m
                          [33mwidth[39m=[32m"18"[39m
                          [33mx[39m=[32m"3"[39m
                          [33my[39m=[32m"11"[39m
                        [36m/>[39m
                        [36m<path[39m
                          [33md[39m=[32m"M7 11V7a5 5 0 0 1 10 0v4"[39m
                        [36m/>[39m
                      [36m</svg>[39m
                      [36m<input[39m
                        [33mclass[39m=[32m"flex w-full px-3 py-2 text-base text-gray-900 dark:text-white ring-offset-background file:border-0 file:bg-transparent file:text-sm file:font-medium file:text-foreground placeholder:text-muted-foreground focus-visible:outline-none focus-visible:border-brand-500 dark:focus-visible:border-brand-400 focus-visible:ring-2 focus-visible:ring-brand-500/20 dark:focus-visible:ring-brand-400/20 focus-visible:ring-offset-2 disabled:cursor-not-allowed disabled:opacity-50 disabled:bg-gray-50 dark:disabled:bg-gray-800/50 md:text-sm transition-colors pl-11 pr-11 h-12 rounded-xl border-2 border-gray-100 dark:border-gray-700 focus:border-brand-500 dark:focus:border-brand-400 bg-white dark:bg-gray-900"[39m
                        [33mid[39m=[32m"newPassword"[39m
                        [33mminlength[39m=[32m"6"[39m
                        [33mplaceholder[39m=[32m"Enter your new password"[39m
                        [33mrequired[39m=[32m""[39m
                        [33mtype[39m=[32m"password"[39m
                        [33mvalue[39m=[32m""[39m
                      [36m/>[39m
                      [36m<button[39m
                        [33maria-label[39m=[32m"Show password"[39m
                        [33mclass[39m=[32m"absolute right-3 top-1/2 -translate-y-1/2 text-gray-500 hover:text-gray-700 dark:text-gray-300 dark:hover:text-white"[39m
                        [33mtype[39m=[32m"button"[39m
                      [36m>[39m
                        [36m<svg[39m
                          [33maria-hidden[39m=[32m"true"[39m
                          [33mclass[39m=[32m"lucide lucide-eye w-5 h-5"[39m
                          [33mfill[39m=[32m"none"[39m
                          [33mheight[39m=[32m"24"[39m
                          [33mstroke[39m=[32m"currentColor"[39m
                          [33mstroke-linecap[39m=[32m"round"[39m
                          [33mstroke-linejoin[39m=[32m"round"[39m
                          [33mstroke-width[39m=[32m"2"[39m
                          [33mviewBox[39m=[32m"0 0 24 24"[39m
                          [33mwidth[39m=[32m"24"[39m
                          [33mxmlns[39m=[32m"http://www.w3.org/2000/svg"[39m
                        [36m>[39m
                          [36m<path[39m
                            [33md[39m=[32m"M2.062 12.348a1 1 0 0 1 0-.696 10.75 10.75 0 0 1 19.876 0 1 1 0 0 1 0 .696 10.75 10.75 0 0 1-19.876 0"[39m
                          [36m/>[39m
                          [36m<circle[39m
                            [33mcx[39m=[32m"12"[39m
                            [33mcy[39m=[32m"12"[39m
                            [33mr[39m=[32m"3"[39m
                          [36m/>[39m
                        [36m</svg>[39m
                      [36m</button>[39m
                    [36m</div>[39m
                  [36m</div>[39m
                  [36m<div[39m
                    [33mclass[39m=[32m"space-y-2"[39m
                  [36m>[39m
                    [36m<div[39m
                      [33mclass[39m=[32m"peer-disabled:cursor-not-allowed peer-disabled:opacity-70 text-sm font-semibold text-gray-700 dark:text-gray-200"[39m
                      [33mfor[39m=[32m"confirmPassword"[39m
                    [36m>[39m
                      [0mConfirm Password[0m
                    [36m</div>[39m
                    [36m<div[39m
                      [33mclass[39m=[32m"relative"[39m
                    [36m>[39m
                      [36m<svg[39m
                        [33maria-hidden[39m=[32m"true"[39m
                        [33mclass[39m=[32m"lucide lucide-lock absolute left-3 top-1/2 -translate-y-1/2 w-5 h-5 text-gray-400"[39m
                        [33mfill[39m=[32m"none"[39m
                        [33mheight[39m=[32m"24"[39m
                        [33mstroke[39m=[32m"currentColor"[39m
                        [33mstroke-linecap[39m=[32m"round"[39m
                        [33mstroke-linejoin[39m=[32m"round"[39m
                        [33mstroke-width[39m=[32m"2"[39m
                        [33mviewBox[39m=[32m"0 0 24 24"[39m
                        [33mwidth[39m=[32m"24"[39m
                        [33mxmlns[39m=[32m"http://www.w3.org/2000/svg"[39m
                      [36m>[39m
                        [36m<rect[39m
                          [33mheight[39m=[32m"11"[39m
                          [33mrx[39m=[32m"2"[39m
                          [33mry[39m=[32m"2"[39m
                          [33mwidth[39m=[32m"18"[39m
                          [33mx[39m=[32m"3"[39m
                          [33my[39m=[32m"11"[39m
                        [36m/>[39m
                        [36m<path[39m
                          [33md[39m=[32m"M7 11V7a5 5 0 0 1 10 0v4"[39m
                        [36m/>[39m
                      [36m</svg>[39m
                      [36m<input[39m
                        [33mclass[39m=[32m"flex w-full px-3 py-2 text-base text-gray-900 dark:text-white ring-offset-background file:border-0 file:bg-transparent file:text-sm file:font-medium file:text-foreground placeholder:text-muted-foreground focus-visible:outline-none focus-visible:border-brand-500 dark:focus-visible:border-brand-400 focus-visible:ring-2 focus-visible:ring-brand-500/20 dark:focus-visible:ring-brand-400/20 focus-visible:ring-offset-2 disabled:cursor-not-allowed disabled:opacity-50 disabled:bg-gray-50 dark:disabled:bg-gray-800/50 md:text-sm transition-colors pl-11 pr-11 h-12 rounded-xl border-2 border-gray-100 dark:border-gray-700 focus:border-brand-500 dark:focus:border-brand-400 bg-white dark:bg-gray-900"[39m
                        [33mid[39m=[32m"confirmPassword"[39m
                        [33mminlength[39m=[32m"6"[39m
                        [33mplaceholder[39m=[32m"Confirm your new password"[39m
                        [33mrequired[39m=[32m""[39m
                        [33mtype[39m=[32m"password"[39m
                        [33mvalue[39m=[32m""[39m
                      [36m/>[39m
                      [36m<button[39m
                        [33maria-label[39m=[32m"Show password"[39m
                        [33mclass[39m=[32m"absolute right-3 top-1/2 -translate-y-1/2 text-gray-500 hover:text-gray-700 dark:text-gray-300 dark:hover:text-white"[39m
                        [33mtype[39m=[32m"button"[39m
                      [36m>[39m
                        [36m<svg[39m
                          [33maria-hidden[39m=[32m"true"[39m
                          [33mclass[39m=[32m"lucide lucide-eye w-5 h-5"[39m
                          [33mfill[39m=[32m"none"[39m
                          [33mheight[39m=[32m"24"[39m
                          [33mstroke[39m=[32m"currentColor"[39m
                          [33mstroke-linecap[39m=[32m"round"[39m
                          [33mstroke-linejoin[39m=[32m"round"[39m
                          [33mstroke-width[39m=[32m"2"[39m
                          [33mviewBox[39m=[32m"0 0 24 24"[39m
                          [33mwidth[39m=[32m"24"[39m
                          [33mxmlns[39m=[32m"http://www.w3.org/2000/svg"[39m
                        [36m>[39m
                          [36m<path[39m
                            [33md[39m=[32m"M2.062 12.348a1 1 0 0 1 0-.696 10.75 10.75 0 0 1 19.876 0 1 1 0 0 1 0 .696 10.75 10.75 0 0 1-19.876 0"[39m
                          [36m/>[39m
                          [36m<circle[39m
                            [33mcx[39m=[32m"12"[39m
                            [33mcy[39m=[32m"12"[39m
                            [33mr[39m=[32m"3"[39m
                          [36m/>[39m
                        [36m</svg>[39m
                      [36m</button>[39m
                    [36m</div>[39m
                  [36m</div>[39m
                  [36m<button[39m
                    [33mclass[39m=[32m"inline-flex items-center justify-center gap-2 whitespace-nowrap ring-offset-background transition-colors focus-visible:outline-none focus-visible:ring-2 focus-visible:ring-ring focus-visible:ring-offset-2 disabled:pointer-events-none disabled:opacity-50 [&_svg]:pointer-events-none [&_svg]:size-4 [&_svg]:shrink-0 px-4 py-2 w-full h-12 text-base font-semibold rounded-xl bg-brand-500 hover:bg-brand-600 dark:bg-brand-400 dark:hover:bg-brand-300 text-white"[39m
                    [33mtype[39m=[32m"submit"[39m
                  [36m>[39m
                    [0mReset Password[0m
                  [36m</button>[39m
                [36m</form>[39m
                [36m<div[39m
                  [33mclass[39m=[32m"text-center"[39m
                [36m>[39m
                  [36m<a[39m
                    [33mclass[39m=[32m"text-brand-500 hover:text-brand-600 dark:text-brand-300 dark:hover:text-brand-200 font-semibold flex items-center justify-center gap-2"[39m
                    [33mhref[39m=[32m"/signin"[39m
                  [36m>[39m
                    [36m<svg[39m
                      [33maria-hidden[39m=[32m"true"[39m
                      [33mclass[39m=[32m"lucide lucide-arrow-left w-4 h-4"[39m
                      [33mfill[39m=[32m"none"[39m
                      [33mheight[39m=[32m"24"[39m
                      [33mstroke[39m=[32m"currentColor"[39m
                      [33mstroke-linecap[39m=[32m"round"[39m
                      [33mstroke-linejoin[39m=[32m"round"[39m
                      [33mstroke-width[39m=[32m"2"[39m
                      [33mviewBox[39m=[32m"0 0 24 24"[39m
                      [33mwidth[39m=[32m"24"[39m
                      [33mxmlns[39m=[32m"http://www.w3.org/2000/svg"[39m
                    [36m>[39m
                      [36m<path[39m
                        [33md[39m=[32m"m12 19-7-7 7-7"[39m
                      [36m/>[39m
                      [36m<path[39m
                        [33md[39m=[32m"M19 12H5"[39m
                      [36m/>[39m
                    [36m</svg>[39m
                    [0mBack to Sign In[0m
                  [36m</a>[39m
                [36m</div>[39m
              [36m</div>[39m
            [36m</div>[39m
          [36m</div>[39m
        [36m</div>[39m
        [36m<div[39m
          [33mclass[39m=[32m"fixed bottom-4 right-4 z-[999999] w-[300px] space-y-3"[39m
        [36m/>[39m
      [36m</div>[39m
    [36m</body>[39m

      71 |     });
      72 |     render(<ForgotPasswordPage />, { wrapper: createWrapper() });
    > 73 |     expect(screen.getByText(/Reset Password/i)).toBeInTheDocument();
         |                   ^
      74 |   });
      75 | });
      76 |

      at Object.getElementError (node_modules/@testing-library/dom/dist/config.js:37:19)
      at getElementError (node_modules/@testing-library/dom/dist/query-helpers.js:20:35)
      at getMultipleElementsFoundError (node_modules/@testing-library/dom/dist/query-helpers.js:23:10)
      at node_modules/@testing-library/dom/dist/query-helpers.js:55:13
      at node_modules/@testing-library/dom/dist/query-helpers.js:95:19
      at Object.getByText (/home/iann/code/project/sms_portail/src/app/(auth)../../../../../forgot-password/__tests__/page.test.tsx:73:19)

FAIL src/components/ui/__tests__/select.test.tsx
  ● Console

    console.log
      Rendered HTML: <div class="relative w-full"><button type="button" role="combobox" aria-expanded="false" aria-haspopup="listbox" class="flex h-10 w-full items-center justify-between rounded-xl border-2 border-gray-100 dark:border-gray-700 bg-white dark:bg-gray-900 text-gray-900 dark:text-white px-3 py-2 text-sm focus:outline-none focus:border-brand-500 dark:focus:border-brand-400 focus:ring-2 focus:ring-brand-500/20 dark:focus:ring-brand-400/20 focus:ring-offset-2 placeholder:text-muted-foreground disabled:cursor-not-allowed disabled:opacity-50 disabled:bg-gray-50 dark:disabled:bg-gray-800/50 transition-colors"><span class="block truncate text-muted-foreground">Select an option</span><svg xmlns="http://www.w3.org/2000/svg" width="24" height="24" viewBox="0 0 24 24" fill="none" stroke="currentColor" stroke-width="2" stroke-linecap="round" stroke-linejoin="round" class="lucide lucide-chevron-down h-4 w-4 opacity-60 text-gray-500 dark:text-gray-400 shrink-0 transition-transform" aria-hidden="true"><path d="m6 9 6 6 6-6"></path></svg></button></div>

      at Object.log (src/components/ui/__tests__/select.test.tsx:38:15)

    console.log
      Placeholder found: <ref *1> HTMLSpanElement {
        '__reactFiber$vrs42slq7': <ref *2> FiberNode {
          tag: 5,
          key: null,
          elementType: 'span',
          type: 'span',
          stateNode: [Circular *1],
          return: FiberNode {
            tag: 11,
            key: null,
            elementType: [Object],
            type: [Object],
            stateNode: null,
            return: [FiberNode],
            child: [Circular *2],
            sibling: [FiberNode],
            index: 0,
            ref: null,
            refCleanup: null,
            pendingProps: [Object],
            memoizedProps: [Object],
            updateQueue: null,
            memoizedState: null,
            dependencies: [Object],
            mode: 3,
            flags: 1572865,
            subtreeFlags: 0,
            deletions: null,
            lanes: 0,
            childLanes: 0,
            alternate: null,
            actualDuration: 5.164108999999371,
            actualStartTime: 589.2836829999997,
            selfBaseDuration: 0.5413779999998951,
            treeBaseDuration: 0.6429680000001099,
            _debugInfo: null,
            _debugOwner: null,
            _debugStack: Error: react-stack-top-frame
                at process.env.NODE_ENV.exports.jsx (/home/iann/code/project/sms_portail/node_modules/react/cjs/react-jsx-runtime.development.js:333:13)
                at Object.<anonymous> (/home/iann/code/project/sms_portail/src/components/ui/__tests__/select.test.tsx:29:13)
                at Promise.finally.completed (/home/iann/code/project/sms_portail/node_modules/jest-circus/build/jestAdapterInit.js:1557:28)
                at new Promise (<anonymous>)
                at callAsyncCircusFn (/home/iann/code/project/sms_portail/node_modules/jest-circus/build/jestAdapterInit.js:1497:10)
                at _callCircusTest (/home/iann/code/project/sms_portail/node_modules/jest-circus/build/jestAdapterInit.js:1007:40)
                at processTicksAndRejections (node:internal/process/task_queues:95:5)
                at _runTest (/home/iann/code/project/sms_portail/node_modules/jest-circus/build/jestAdapterInit.js:947:3)
                at /home/iann/code/project/sms_portail/node_modules/jest-circus/build/jestAdapterInit.js:849:7
                at _runTestsForDescribeBlock (/home/iann/code/project/sms_portail/node_modules/jest-circus/build/jestAdapterInit.js:862:11)
                at _runTestsForDescribeBlock (/home/iann/code/project/sms_portail/node_modules/jest-circus/build/jestAdapterInit.js:857:11)
                at _runTestsForDescribeBlock (/home/iann/code/project/sms_portail/node_modules/jest-circus/build/jestAdapterInit.js:857:11)
                at run (/home/iann/code/project/sms_portail/node_modules/jest-circus/build/jestAdapterInit.js:761:3)
                at runAndTransformResultsToJestFormat (/home/iann/code/project/sms_portail/node_modules/jest-circus/build/jestAdapterInit.js:1918:21)
                at jestAdapter (/home/iann/code/project/sms_portail/node_modules/jest-circus/build/runner.js:101:19)
                at runTestInternal (/home/iann/code/project/sms_portail/node_modules/jest-runner/build/testWorker.js:275:16)
                at runTest (/home/iann/code/project/sms_portail/node_modules/jest-runner/build/testWorker.js:343:7)
                at Object.worker (/home/iann/code/project/sms_portail/node_modules/jest-runner/build/testWorker.js:497:12),
            _debugTask: null,
            _debugNeedsRemount: false,
            _debugHookTypes: [Array]
          },
          child: null,
          sibling: null,
          index: 0,
          ref: null,
          refCleanup: null,
          pendingProps: {
            ref: null,
            className: 'block truncate text-muted-foreground',
            children: 'Select an option'
          },
          memoizedProps: {
            ref: null,
            className: 'block truncate text-muted-foreground',
            children: 'Select an option'
          },
          updateQueue: null,
          memoizedState: null,
          dependencies: null,
          mode: 3,
          flags: 0,
          subtreeFlags: 0,
          deletions: null,
          lanes: 0,
          childLanes: 0,
          alternate: null,
          actualDuration: 4.610271999999895,
          actualStartTime: 589.8305769999988,
          selfBaseDuration: 0.10159000000021479,
          treeBaseDuration: 0.10159000000021479,
          _debugInfo: null,
          _debugOwner: FiberNode {
            tag: 11,
            key: null,
            elementType: [Object],
            type: [Object],
            stateNode: null,
            return: [FiberNode],
            child: [Circular *2],
            sibling: [FiberNode],
            index: 0,
            ref: null,
            refCleanup: null,
            pendingProps: [Object],
            memoizedProps: [Object],
            updateQueue: null,
            memoizedState: null,
            dependencies: [Object],
            mode: 3,
            flags: 1572865,
            subtreeFlags: 0,
            deletions: null,
            lanes: 0,
            childLanes: 0,
            alternate: null,
            actualDuration: 5.164108999999371,
            actualStartTime: 589.2836829999997,
            selfBaseDuration: 0.5413779999998951,
            treeBaseDuration: 0.6429680000001099,
            _debugInfo: null,
            _debugOwner: null,
            _debugStack: Error: react-stack-top-frame
                at process.env.NODE_ENV.exports.jsx (/home/iann/code/project/sms_portail/node_modules/react/cjs/react-jsx-runtime.development.js:333:13)
                at Object.<anonymous> (/home/iann/code/project/sms_portail/src/components/ui/__tests__/select.test.tsx:29:13)
                at Promise.finally.completed (/home/iann/code/project/sms_portail/node_modules/jest-circus/build/jestAdapterInit.js:1557:28)
                at new Promise (<anonymous>)
                at callAsyncCircusFn (/home/iann/code/project/sms_portail/node_modules/jest-circus/build/jestAdapterInit.js:1497:10)
                at _callCircusTest (/home/iann/code/project/sms_portail/node_modules/jest-circus/build/jestAdapterInit.js:1007:40)
                at processTicksAndRejections (node:internal/process/task_queues:95:5)
                at _runTest (/home/iann/code/project/sms_portail/node_modules/jest-circus/build/jestAdapterInit.js:947:3)
                at /home/iann/code/project/sms_portail/node_modules/jest-circus/build/jestAdapterInit.js:849:7
                at _runTestsForDescribeBlock (/home/iann/code/project/sms_portail/node_modules/jest-circus/build/jestAdapterInit.js:862:11)
                at _runTestsForDescribeBlock (/home/iann/code/project/sms_portail/node_modules/jest-circus/build/jestAdapterInit.js:857:11)
                at _runTestsForDescribeBlock (/home/iann/code/project/sms_portail/node_modules/jest-circus/build/jestAdapterInit.js:857:11)
                at run (/home/iann/code/project/sms_portail/node_modules/jest-circus/build/jestAdapterInit.js:761:3)
                at runAndTransformResultsToJestFormat (/home/iann/code/project/sms_portail/node_modules/jest-circus/build/jestAdapterInit.js:1918:21)
                at jestAdapter (/home/iann/code/project/sms_portail/node_modules/jest-circus/build/runner.js:101:19)
                at runTestInternal (/home/iann/code/project/sms_portail/node_modules/jest-runner/build/testWorker.js:275:16)
                at runTest (/home/iann/code/project/sms_portail/node_modules/jest-runner/build/testWorker.js:343:7)
                at Object.worker (/home/iann/code/project/sms_portail/node_modules/jest-runner/build/testWorker.js:497:12),
            _debugTask: null,
            _debugNeedsRemount: false,
            _debugHookTypes: [Array]
          },
          _debugStack: Error: react-stack-top-frame
              at process.env.NODE_ENV.exports.jsx (/home/iann/code/project/sms_portail/node_modules/react/cjs/react-jsx-runtime.development.js:333:13)
              at SelectValue (/home/iann/code/project/sms_portail/src/components/ui/select.tsx:180:7)
              at Object.react_stack_bottom_frame (/home/iann/code/project/sms_portail/node_modules/react-dom/cjs/react-dom-client.development.js:25904:20)
              at renderWithHooks (/home/iann/code/project/sms_portail/node_modules/react-dom/cjs/react-dom-client.development.js:7662:22)
              at updateForwardRef (/home/iann/code/project/sms_portail/node_modules/react-dom/cjs/react-dom-client.development.js:9724:19)
              at beginWork (/home/iann/code/project/sms_portail/node_modules/react-dom/cjs/react-dom-client.development.js:12117:18)
              at runWithFiberInDEV (/home/iann/code/project/sms_portail/node_modules/react-dom/cjs/react-dom-client.development.js:874:13)
              at performUnitOfWork (/home/iann/code/project/sms_portail/node_modules/react-dom/cjs/react-dom-client.development.js:17641:22)
              at workLoopSync (/home/iann/code/project/sms_portail/node_modules/react-dom/cjs/react-dom-client.development.js:17469:41)
              at renderRootSync (/home/iann/code/project/sms_portail/node_modules/react-dom/cjs/react-dom-client.development.js:17450:11)
              at performWorkOnRoot (/home/iann/code/project/sms_portail/node_modules/react-dom/cjs/react-dom-client.development.js:16504:11)
              at performWorkOnRootViaSchedulerTask (/home/iann/code/project/sms_portail/node_modules/react-dom/cjs/react-dom-client.development.js:18957:7)
              at flushActQueue (/home/iann/code/project/sms_portail/node_modules/react/cjs/react.development.js:590:34)
              at process.env.NODE_ENV.exports.act (/home/iann/code/project/sms_portail/node_modules/react/cjs/react.development.js:884:10)
              at /home/iann/code/project/sms_portail/node_modules/@testing-library/react/dist/act-compat.js:47:25
              at renderRoot (/home/iann/code/project/sms_portail/node_modules/@testing-library/react/dist/pure.js:190:26)
              at render (/home/iann/code/project/sms_portail/node_modules/@testing-library/react/dist/pure.js:292:10)
              at Object.<anonymous> (/home/iann/code/project/sms_portail/src/components/ui/__tests__/select.test.tsx:26:35)
              at Promise.finally.completed (/home/iann/code/project/sms_portail/node_modules/jest-circus/build/jestAdapterInit.js:1557:28)
              at new Promise (<anonymous>)
              at callAsyncCircusFn (/home/iann/code/project/sms_portail/node_modules/jest-circus/build/jestAdapterInit.js:1497:10)
              at _callCircusTest (/home/iann/code/project/sms_portail/node_modules/jest-circus/build/jestAdapterInit.js:1007:40)
              at processTicksAndRejections (node:internal/process/task_queues:95:5)
              at _runTest (/home/iann/code/project/sms_portail/node_modules/jest-circus/build/jestAdapterInit.js:947:3)
              at /home/iann/code/project/sms_portail/node_modules/jest-circus/build/jestAdapterInit.js:849:7
              at _runTestsForDescribeBlock (/home/iann/code/project/sms_portail/node_modules/jest-circus/build/jestAdapterInit.js:862:11)
              at _runTestsForDescribeBlock (/home/iann/code/project/sms_portail/node_modules/jest-circus/build/jestAdapterInit.js:857:11)
              at _runTestsForDescribeBlock (/home/iann/code/project/sms_portail/node_modules/jest-circus/build/jestAdapterInit.js:857:11)
              at run (/home/iann/code/project/sms_portail/node_modules/jest-circus/build/jestAdapterInit.js:761:3)
              at runAndTransformResultsToJestFormat (/home/iann/code/project/sms_portail/node_modules/jest-circus/build/jestAdapterInit.js:1918:21)
              at jestAdapter (/home/iann/code/project/sms_portail/node_modules/jest-circus/build/runner.js:101:19)
              at runTestInternal (/home/iann/code/project/sms_portail/node_modules/jest-runner/build/testWorker.js:275:16)
              at runTest (/home/iann/code/project/sms_portail/node_modules/jest-runner/build/testWorker.js:343:7)
              at Object.worker (/home/iann/code/project/sms_portail/node_modules/jest-runner/build/testWorker.js:497:12),
          _debugTask: null,
          _debugNeedsRemount: false,
          _debugHookTypes: null
        },
        '__reactProps$vrs42slq7': {
          ref: null,
          className: 'block truncate text-muted-foreground',
          children: 'Select an option'
        },
        [Symbol(SameObject caches)]: [Object: null prototype] { childNodes: NodeList {} }
      }

      at Object.log (src/components/ui/__tests__/select.test.tsx:44:15)

    console.log
      All text elements: 1

      at Object.log (src/components/ui/__tests__/select.test.tsx:45:15)

  ● Select Components › Select › should render select with placeholder

    TypeError: received is not iterable

      54 |       }
      55 |       
    > 56 |       expect(placeholder || container.textContent).toContain('Select an option');
         |                                                    ^
      57 |     });
      58 |
      59 |     it('should handle uncontrolled value', () => {

      at Object.toContain (src/components/ui/__tests__/select.test.tsx:56:52)

FAIL src/app/(admin)/documents/components/__tests__/DocumentTypesTab.test.tsx
  ● DocumentTypesTab › should render document types tab

    TestingLibraryElementError: Found multiple elements with the text: /Document Types/i

    Here are the matching elements:

    Ignored nodes: comments, script, style
    [36m<h2[39m
      [33mclass[39m=[32m"text-xl sm:text-2xl font-bold text-gray-900 dark:text-white"[39m
    [36m>[39m
      [0mDocument Types[0m
    [36m</h2>[39m

    Ignored nodes: comments, script, style
    [36m<h3[39m
      [33mclass[39m=[32m"tracking-tight text-lg sm:text-xl font-semibold text-gray-900 dark:text-white flex items-center gap-2"[39m
    [36m>[39m
      [36m<svg[39m
        [33maria-hidden[39m=[32m"true"[39m
        [33mclass[39m=[32m"lucide lucide-file-text h-5 w-5 text-brand-500"[39m
        [33mfill[39m=[32m"none"[39m
        [33mheight[39m=[32m"24"[39m
        [33mstroke[39m=[32m"currentColor"[39m
        [33mstroke-linecap[39m=[32m"round"[39m
        [33mstroke-linejoin[39m=[32m"round"[39m
        [33mstroke-width[39m=[32m"2"[39m
        [33mviewBox[39m=[32m"0 0 24 24"[39m
        [33mwidth[39m=[32m"24"[39m
        [33mxmlns[39m=[32m"http://www.w3.org/2000/svg"[39m
      [36m>[39m
        [36m<path[39m
          [33md[39m=[32m"M15 2H6a2 2 0 0 0-2 2v16a2 2 0 0 0 2 2h12a2 2 0 0 0 2-2V7Z"[39m
        [36m/>[39m
        [36m<path[39m
          [33md[39m=[32m"M14 2v4a2 2 0 0 0 2 2h4"[39m
        [36m/>[39m
        [36m<path[39m
          [33md[39m=[32m"M10 9H8"[39m
        [36m/>[39m
        [36m<path[39m
          [33md[39m=[32m"M16 13H8"[39m
        [36m/>[39m
        [36m<path[39m
          [33md[39m=[32m"M16 17H8"[39m
        [36m/>[39m
      [36m</svg>[39m
      [0mManage document types[0m
    [36m</h3>[39m

    Ignored nodes: comments, script, style
    [36m<p[39m
      [33mclass[39m=[32m"text-sm font-medium text-gray-900 dark:text-gray-100"[39m
    [36m>[39m
      [0mNo document types match the current filters.[0m
    [36m</p>[39m

    (If this is intentional, then use the `*AllBy*` variant of the query (like `queryAllByText`, `getAllByText`, or `findAllByText`)).

    Ignored nodes: comments, script, style
    [36m<body>[39m
      [36m<div>[39m
        [36m<div[39m
          [33mclass[39m=[32m"space-y-6"[39m
        [36m>[39m
          [36m<div[39m
            [33mclass[39m=[32m"flex flex-col sm:flex-row items-start sm:items-center justify-between gap-4"[39m
          [36m>[39m
            [36m<div>[39m
              [36m<h2[39m
                [33mclass[39m=[32m"text-xl sm:text-2xl font-bold text-gray-900 dark:text-white"[39m
              [36m>[39m
                [0mDocument Types[0m
              [36m</h2>[39m
              [36m<p[39m
                [33mclass[39m=[32m"text-sm text-gray-600 dark:text-gray-400 mt-1"[39m
              [36m>[39m
                [0mConfigure the set of documents your clients must submit[0m
              [36m</p>[39m
            [36m</div>[39m
            [36m<div[39m
              [33mclass[39m=[32m"flex flex-col sm:flex-row gap-3 sm:items-center w-full sm:w-auto"[39m
            [36m>[39m
              [36m<button[39m
                [33mclass[39m=[32m"inline-flex items-center justify-center gap-2 whitespace-nowrap text-sm font-medium ring-offset-background transition-colors focus-visible:outline-none focus-visible:ring-2 focus-visible:ring-ring focus-visible:ring-offset-2 disabled:pointer-events-none disabled:opacity-50 [&_svg]:pointer-events-none [&_svg]:size-4 [&_svg]:shrink-0 border-input bg-background text-gray-900 dark:text-white hover:bg-accent hover:text-accent-foreground px-4 py-2 h-10 sm:h-11 w-full sm:w-auto rounded-xl border-2"[39m
              [36m>[39m
                [36m<svg[39m
                  [33maria-hidden[39m=[32m"true"[39m
                  [33mclass[39m=[32m"lucide lucide-refresh-cw mr-2 h-4 w-4"[39m
                  [33mfill[39m=[32m"none"[39m
                  [33mheight[39m=[32m"24"[39m
                  [33mstroke[39m=[32m"currentColor"[39m
                  [33mstroke-linecap[39m=[32m"round"[39m
                  [33mstroke-linejoin[39m=[32m"round"[39m
                  [33mstroke-width[39m=[32m"2"[39m
                  [33mviewBox[39m=[32m"0 0 24 24"[39m
                  [33mwidth[39m=[32m"24"[39m
                  [33mxmlns[39m=[32m"http://www.w3.org/2000/svg"[39m
                [36m>[39m
                  [36m<path[39m
                    [33md[39m=[32m"M3 12a9 9 0 0 1 9-9 9.75 9.75 0 0 1 6.74 2.74L21 8"[39m
                  [36m/>[39m
                  [36m<path[39m
                    [33md[39m=[32m"M21 3v5h-5"[39m
                  [36m/>[39m
                  [36m<path[39m
                    [33md[39m=[32m"M21 12a9 9 0 0 1-9 9 9.75 9.75 0 0 1-6.74-2.74L3 16"[39m
                  [36m/>[39m
                  [36m<path[39m
                    [33md[39m=[32m"M8 16H3v5"[39m
                  [36m/>[39m
                [36m</svg>[39m
                [0mRefresh list[0m
              [36m</button>[39m
              [36m<button[39m
                [33mclass[39m=[32m"inline-flex items-center justify-center gap-2 whitespace-nowrap text-sm font-medium ring-offset-background transition-colors focus-visible:outline-none focus-visible:ring-2 focus-visible:ring-ring focus-visible:ring-offset-2 disabled:pointer-events-none disabled:opacity-50 [&_svg]:pointer-events-none [&_svg]:size-4 [&_svg]:shrink-0 bg-primary text-primary-foreground hover:bg-primary/90 px-4 py-2 h-10 sm:h-11 w-full sm:w-auto rounded-xl"[39m
              [36m>[39m
                [36m<svg[39m
                  [33maria-hidden[39m=[32m"true"[39m
                  [33mclass[39m=[32m"lucide lucide-plus mr-2 h-4 w-4"[39m
                  [33mfill[39m=[32m"none"[39m
                  [33mheight[39m=[32m"24"[39m
                  [33mstroke[39m=[32m"currentColor"[39m
                  [33mstroke-linecap[39m=[32m"round"[39m
                  [33mstroke-linejoin[39m=[32m"round"[39m
                  [33mstroke-width[39m=[32m"2"[39m
                  [33mviewBox[39m=[32m"0 0 24 24"[39m
                  [33mwidth[39m=[32m"24"[39m
                  [33mxmlns[39m=[32m"http://www.w3.org/2000/svg"[39m
                [36m>[39m
                  [36m<path[39m
                    [33md[39m=[32m"M5 12h14"[39m
                  [36m/>[39m
                  [36m<path[39m
                    [33md[39m=[32m"M12 5v14"[39m
                  [36m/>[39m
                [36m</svg>[39m
                [0mNew type[0m
              [36m</button>[39m
            [36m</div>[39m
          [36m</div>[39m
          [36m<section[39m
            [33mclass[39m=[32m"grid gap-4 xl:grid-cols-4"[39m
          [36m>[39m
            [36m<div[39m
              [33mclass[39m=[32m"text-card-foreground border border-gray-200 dark:border-gray-800 bg-white dark:bg-gray-900 shadow-sm rounded-2xl"[39m
            [36m>[39m
              [36m<div[39m
                [33mclass[39m=[32m"p-4 flex items-center gap-3"[39m
              [36m>[39m
                [36m<svg[39m
                  [33maria-hidden[39m=[32m"true"[39m
                  [33mclass[39m=[32m"lucide lucide-file-text h-9 w-9 p-2 rounded-xl bg-brand-500/10 text-brand-600 dark:text-brand-400"[39m
                  [33mfill[39m=[32m"none"[39m
                  [33mheight[39m=[32m"24"[39m
                  [33mstroke[39m=[32m"currentColor"[39m
                  [33mstroke-linecap[39m=[32m"round"[39m
                  [33mstroke-linejoin[39m=[32m"round"[39m
                  [33mstroke-width[39m=[32m"2"[39m
                  [33mviewBox[39m=[32m"0 0 24 24"[39m
                  [33mwidth[39m=[32m"24"[39m
                  [33mxmlns[39m=[32m"http://www.w3.org/2000/svg"[39m
                [36m>[39m
                  [36m<path[39m
                    [33md[39m=[32m"M15 2H6a2 2 0 0 0-2 2v16a2 2 0 0 0 2 2h12a2 2 0 0 0 2-2V7Z"[39m
                  [36m/>[39m
                  [36m<path[39m
                    [33md[39m=[32m"M14 2v4a2 2 0 0 0 2 2h4"[39m
                  [36m/>[39m
                  [36m<path[39m
                    [33md[39m=[32m"M10 9H8"[39m
                  [36m/>[39m
                  [36m<path[39m
                    [33md[39m=[32m"M16 13H8"[39m
                  [36m/>[39m
                  [36m<path[39m
                    [33md[39m=[32m"M16 17H8"[39m
                  [36m/>[39m
                [36m</svg>[39m
                [36m<div>[39m
                  [36m<p[39m
                    [33mclass[39m=[32m"text-xs font-medium text-muted-foreground uppercase tracking-wide"[39m
                  [36m>[39m
                    [0mTotal types[0m
                  [36m</p>[39m
                  [36m<p[39m
                    [33mclass[39m=[32m"text-lg font-semibold text-gray-900 dark:text-white"[39m
                  [36m>[39m
                    [0m0[0m
                  [36m</p>[39m
                  [36m<p[39m
                    [33mclass[39m=[32m"text-xs text-muted-foreground"[39m
                  [36m>[39m
                    [0mConfigured entries[0m
                  [36m</p>[39m
                [36m</div>[39m
              [36m</div>[39m
            [36m</div>[39m
            [36m<div[39m
              [33mclass[39m=[32m"text-card-foreground border border-gray-200 dark:border-gray-800 bg-white dark:bg-gray-900 shadow-sm rounded-2xl"[39m
            [36m>[39m
              ...

      44 |   it('should render document types tab', () => {
      45 |     render(<DocumentTypesTab />);
    > 46 |     expect(screen.getByText(/Document Types/i)).toBeInTheDocument();
         |                   ^
      47 |   });
      48 | });
      49 |

      at Object.getElementError (node_modules/@testing-library/dom/dist/config.js:37:19)
      at getElementError (node_modules/@testing-library/dom/dist/query-helpers.js:20:35)
      at getMultipleElementsFoundError (node_modules/@testing-library/dom/dist/query-helpers.js:23:10)
      at node_modules/@testing-library/dom/dist/query-helpers.js:55:13
      at node_modules/@testing-library/dom/dist/query-helpers.js:95:19
      at Object.getByText (/home/iann/code/project/sms_portail/src/app/(admin)../../../../../documents/components/__tests__/DocumentTypesTab.test.tsx:46:19)

FAIL src/components/ui/__tests__/pagination.test.tsx
  ● Pagination Components › PaginationPrevious › should render pagination previous

    TestingLibraryElementError: Unable to find an accessible element with the role "button" and name `/previous/i`

    Here are the accessible roles:

      navigation:

      Name "pagination":
      [36m<nav[39m
        [33maria-label[39m=[32m"pagination"[39m
        [33mclass[39m=[32m"mx-auto flex w-full justify-center"[39m
        [33mrole[39m=[32m"navigation"[39m
      [36m/>[39m

      --------------------------------------------------
      list:

      Name "":
      [36m<ul[39m
        [33mclass[39m=[32m"flex flex-row items-center gap-1"[39m
      [36m/>[39m

      --------------------------------------------------
      listitem:

      Name "":
      [36m<li[39m
        [33mclass[39m=[32m""[39m
      [36m/>[39m

      --------------------------------------------------

    Ignored nodes: comments, script, style
    [36m<body>[39m
      [36m<div>[39m
        [36m<nav[39m
          [33maria-label[39m=[32m"pagination"[39m
          [33mclass[39m=[32m"mx-auto flex w-full justify-center"[39m
          [33mrole[39m=[32m"navigation"[39m
        [36m>[39m
          [36m<ul[39m
            [33mclass[39m=[32m"flex flex-row items-center gap-1"[39m
          [36m>[39m
            [36m<li[39m
              [33mclass[39m=[32m""[39m
            [36m>[39m
              [36m<a[39m
                [33maria-label[39m=[32m"Go to previous page"[39m
                [33mclass[39m=[32m"inline-flex items-center justify-center whitespace-nowrap rounded-md text-sm font-medium ring-offset-background transition-colors focus-visible:outline-none focus-visible:ring-2 focus-visible:ring-ring focus-visible:ring-offset-2 disabled:pointer-events-none disabled:opacity-50 [&_svg]:pointer-events-none [&_svg]:size-4 [&_svg]:shrink-0 text-gray-900 dark:text-white hover:bg-accent hover:text-accent-foreground h-10 px-4 py-2 gap-1 pl-2.5"[39m
              [36m>[39m
                [36m<svg[39m
                  [33maria-hidden[39m=[32m"true"[39m
                  [33mclass[39m=[32m"lucide lucide-chevron-left h-4 w-4"[39m
                  [33mfill[39m=[32m"none"[39m
                  [33mheight[39m=[32m"24"[39m
                  [33mstroke[39m=[32m"currentColor"[39m
                  [33mstroke-linecap[39m=[32m"round"[39m
                  [33mstroke-linejoin[39m=[32m"round"[39m
                  [33mstroke-width[39m=[32m"2"[39m
                  [33mviewBox[39m=[32m"0 0 24 24"[39m
                  [33mwidth[39m=[32m"24"[39m
                  [33mxmlns[39m=[32m"http://www.w3.org/2000/svg"[39m
                [36m>[39m
                  [36m<path[39m
                    [33md[39m=[32m"m15 18-6-6 6-6"[39m
                  [36m/>[39m
                [36m</svg>[39m
                [36m<span>[39m
                  [0mPrevious[0m
                [36m</span>[39m
              [36m</a>[39m
            [36m</li>[39m
          [36m</ul>[39m
        [36m</nav>[39m
      [36m</div>[39m
    [36m</body>[39m

      114 |         </Pagination>
      115 |       );
    > 116 |       const previous = screen.getByRole('button', { name: /previous/i });
          |                               ^
      117 |       expect(previous).toBeInTheDocument();
      118 |     });
      119 |   });

      at Object.getElementError (node_modules/@testing-library/dom/dist/config.js:37:19)
      at node_modules/@testing-library/dom/dist/query-helpers.js:76:38
      at node_modules/@testing-library/dom/dist/query-helpers.js:52:17
      at node_modules/@testing-library/dom/dist/query-helpers.js:95:19
      at Object.getByRole (src/components/ui/__tests__/pagination.test.tsx:116:31)

  ● Pagination Components › PaginationNext › should render pagination next

    TestingLibraryElementError: Unable to find an accessible element with the role "button" and name `/next/i`

    Here are the accessible roles:

      navigation:

      Name "pagination":
      [36m<nav[39m
        [33maria-label[39m=[32m"pagination"[39m
        [33mclass[39m=[32m"mx-auto flex w-full justify-center"[39m
        [33mrole[39m=[32m"navigation"[39m
      [36m/>[39m

      --------------------------------------------------
      list:

      Name "":
      [36m<ul[39m
        [33mclass[39m=[32m"flex flex-row items-center gap-1"[39m
      [36m/>[39m

      --------------------------------------------------
      listitem:

      Name "":
      [36m<li[39m
        [33mclass[39m=[32m""[39m
      [36m/>[39m

      --------------------------------------------------

    Ignored nodes: comments, script, style
    [36m<body>[39m
      [36m<div>[39m
        [36m<nav[39m
          [33maria-label[39m=[32m"pagination"[39m
          [33mclass[39m=[32m"mx-auto flex w-full justify-center"[39m
          [33mrole[39m=[32m"navigation"[39m
        [36m>[39m
          [36m<ul[39m
            [33mclass[39m=[32m"flex flex-row items-center gap-1"[39m
          [36m>[39m
            [36m<li[39m
              [33mclass[39m=[32m""[39m
            [36m>[39m
              [36m<a[39m
                [33maria-label[39m=[32m"Go to next page"[39m
                [33mclass[39m=[32m"inline-flex items-center justify-center whitespace-nowrap rounded-md text-sm font-medium ring-offset-background transition-colors focus-visible:outline-none focus-visible:ring-2 focus-visible:ring-ring focus-visible:ring-offset-2 disabled:pointer-events-none disabled:opacity-50 [&_svg]:pointer-events-none [&_svg]:size-4 [&_svg]:shrink-0 text-gray-900 dark:text-white hover:bg-accent hover:text-accent-foreground h-10 px-4 py-2 gap-1 pr-2.5"[39m
              [36m>[39m
                [36m<span>[39m
                  [0mNext[0m
                [36m</span>[39m
                [36m<svg[39m
                  [33maria-hidden[39m=[32m"true"[39m
                  [33mclass[39m=[32m"lucide lucide-chevron-right h-4 w-4"[39m
                  [33mfill[39m=[32m"none"[39m
                  [33mheight[39m=[32m"24"[39m
                  [33mstroke[39m=[32m"currentColor"[39m
                  [33mstroke-linecap[39m=[32m"round"[39m
                  [33mstroke-linejoin[39m=[32m"round"[39m
                  [33mstroke-width[39m=[32m"2"[39m
                  [33mviewBox[39m=[32m"0 0 24 24"[39m
                  [33mwidth[39m=[32m"24"[39m
                  [33mxmlns[39m=[32m"http://www.w3.org/2000/svg"[39m
                [36m>[39m
                  [36m<path[39m
                    [33md[39m=[32m"m9 18 6-6-6-6"[39m
                  [36m/>[39m
                [36m</svg>[39m
              [36m</a>[39m
            [36m</li>[39m
          [36m</ul>[39m
        [36m</nav>[39m
      [36m</div>[39m
    [36m</body>[39m

      130 |         </Pagination>
      131 |       );
    > 132 |       const next = screen.getByRole('button', { name: /next/i });
          |                           ^
      133 |       expect(next).toBeInTheDocument();
      134 |     });
      135 |   });

      at Object.getElementError (node_modules/@testing-library/dom/dist/config.js:37:19)
      at node_modules/@testing-library/dom/dist/query-helpers.js:76:38
      at node_modules/@testing-library/dom/dist/query-helpers.js:52:17
      at node_modules/@testing-library/dom/dist/query-helpers.js:95:19
      at Object.getByRole (src/components/ui/__tests__/pagination.test.tsx:132:27)

  ● Pagination Components › PaginationEllipsis › should render pagination ellipsis

    TestingLibraryElementError: Unable to find an element with the text: …. This could be because the text is broken up by multiple elements. In this case, you can provide a function for your text matcher to make your matcher more flexible.

    Ignored nodes: comments, script, style
    [36m<body>[39m
      [36m<div>[39m
        [36m<nav[39m
          [33maria-label[39m=[32m"pagination"[39m
          [33mclass[39m=[32m"mx-auto flex w-full justify-center"[39m
          [33mrole[39m=[32m"navigation"[39m
        [36m>[39m
          [36m<ul[39m
            [33mclass[39m=[32m"flex flex-row items-center gap-1"[39m
          [36m>[39m
            [36m<li[39m
              [33mclass[39m=[32m""[39m
            [36m>[39m
              [36m<span[39m
                [33maria-hidden[39m=[32m"true"[39m
                [33mclass[39m=[32m"flex h-9 w-9 items-center justify-center"[39m
              [36m>[39m
                [36m<svg[39m
                  [33maria-hidden[39m=[32m"true"[39m
                  [33mclass[39m=[32m"lucide lucide-ellipsis h-4 w-4"[39m
                  [33mfill[39m=[32m"none"[39m
                  [33mheight[39m=[32m"24"[39m
                  [33mstroke[39m=[32m"currentColor"[39m
                  [33mstroke-linecap[39m=[32m"round"[39m
                  [33mstroke-linejoin[39m=[32m"round"[39m
                  [33mstroke-width[39m=[32m"2"[39m
                  [33mviewBox[39m=[32m"0 0 24 24"[39m
                  [33mwidth[39m=[32m"24"[39m
                  [33mxmlns[39m=[32m"http://www.w3.org/2000/svg"[39m
                [36m>[39m
                  [36m<circle[39m
                    [33mcx[39m=[32m"12"[39m
                    [33mcy[39m=[32m"12"[39m
                    [33mr[39m=[32m"1"[39m
                  [36m/>[39m
                  [36m<circle[39m
                    [33mcx[39m=[32m"19"[39m
                    [33mcy[39m=[32m"12"[39m
                    [33mr[39m=[32m"1"[39m
                  [36m/>[39m
                  [36m<circle[39m
                    [33mcx[39m=[32m"5"[39m
                    [33mcy[39m=[32m"12"[39m
                    [33mr[39m=[32m"1"[39m
                  [36m/>[39m
                [36m</svg>[39m
                [36m<span[39m
                  [33mclass[39m=[32m"sr-only"[39m
                [36m>[39m
                  [0mMore pages[0m
                [36m</span>[39m
              [36m</span>[39m
            [36m</li>[39m
          [36m</ul>[39m
        [36m</nav>[39m
      [36m</div>[39m
    [36m</body>[39m

      146 |         </Pagination>
      147 |       );
    > 148 |       const ellipsis = screen.getByText('…');
          |                               ^
      149 |       expect(ellipsis).toBeInTheDocument();
      150 |     });
      151 |   });

      at Object.getElementError (node_modules/@testing-library/dom/dist/config.js:37:19)
      at node_modules/@testing-library/dom/dist/query-helpers.js:76:38
      at node_modules/@testing-library/dom/dist/query-helpers.js:52:17
      at node_modules/@testing-library/dom/dist/query-helpers.js:95:19
      at Object.getByText (src/components/ui/__tests__/pagination.test.tsx:148:31)

FAIL src/components/ui/__tests__/dialog.test.tsx
  ● Console

    console.error
      Unknown event handler property `onOpenChange`. It will be ignored.

      42 |     it('should call onOpenChange when dialog state changes', () => {
      43 |       const onOpenChange = jest.fn();
    > 44 |       render(
         |             ^
      45 |         <Dialog open={true} onOpenChange={onOpenChange}>
      46 |           <DialogContent>
      47 |             <DialogHeader>

      at validateProperty (node_modules/react-dom/cjs/react-dom-client.development.js:2935:21)
      at warnUnknownProperties (node_modules/react-dom/cjs/react-dom-client.development.js:3146:9)
      at validatePropertiesInDevelopment (node_modules/react-dom/cjs/react-dom-client.development.js:19868:9)
      at setInitialProperties (node_modules/react-dom/cjs/react-dom-client.development.js:20491:7)
      at completeWork (node_modules/react-dom/cjs/react-dom-client.development.js:12662:18)
      at runWithFiberInDEV (node_modules/react-dom/cjs/react-dom-client.development.js:874:13)
      at completeUnitOfWork (node_modules/react-dom/cjs/react-dom-client.development.js:17777:19)
      at performUnitOfWork (node_modules/react-dom/cjs/react-dom-client.development.js:17658:11)
      at workLoopSync (node_modules/react-dom/cjs/react-dom-client.development.js:17469:41)
      at renderRootSync (node_modules/react-dom/cjs/react-dom-client.development.js:17450:11)
      at performWorkOnRoot (node_modules/react-dom/cjs/react-dom-client.development.js:16504:11)
      at performWorkOnRootViaSchedulerTask (node_modules/react-dom/cjs/react-dom-client.development.js:18957:7)
      at flushActQueue (node_modules/react/cjs/react.development.js:590:34)
      at process.env.NODE_ENV.exports.act (node_modules/react/cjs/react.development.js:884:10)
      at node_modules/@testing-library/react/dist/act-compat.js:47:25
      at renderRoot (node_modules/@testing-library/react/dist/pure.js:190:26)
      at render (node_modules/@testing-library/react/dist/pure.js:292:10)
      at Object.<anonymous> (src/components/ui/__tests__/dialog.test.tsx:44:13)

    console.error
      React does not recognize the `asChild` prop on a DOM element. If you intentionally want it to appear in the DOM as a custom attribute, spell it as lowercase `aschild` instead. If you accidentally passed it from a parent component, remove it from the DOM element.

      137 |   describe('DialogTrigger', () => {
      138 |     it('should render dialog trigger', () => {
    > 139 |       render(
          |             ^
      140 |         <Dialog>
      141 |           <DialogTrigger asChild>
      142 |             <button>Open Dialog</button>

      at validateProperty (node_modules/react-dom/cjs/react-dom-client.development.js:3001:19)
      at warnUnknownProperties (node_modules/react-dom/cjs/react-dom-client.development.js:3146:9)
      at validatePropertiesInDevelopment (node_modules/react-dom/cjs/react-dom-client.development.js:19868:9)
      at setInitialProperties (node_modules/react-dom/cjs/react-dom-client.development.js:20491:7)
      at completeWork (node_modules/react-dom/cjs/react-dom-client.development.js:12662:18)
      at runWithFiberInDEV (node_modules/react-dom/cjs/react-dom-client.development.js:874:13)
      at completeUnitOfWork (node_modules/react-dom/cjs/react-dom-client.development.js:17777:19)
      at performUnitOfWork (node_modules/react-dom/cjs/react-dom-client.development.js:17658:11)
      at workLoopSync (node_modules/react-dom/cjs/react-dom-client.development.js:17469:41)
      at renderRootSync (node_modules/react-dom/cjs/react-dom-client.development.js:17450:11)
      at performWorkOnRoot (node_modules/react-dom/cjs/react-dom-client.development.js:16504:11)
      at performWorkOnRootViaSchedulerTask (node_modules/react-dom/cjs/react-dom-client.development.js:18957:7)
      at flushActQueue (node_modules/react/cjs/react.development.js:590:34)
      at process.env.NODE_ENV.exports.act (node_modules/react/cjs/react.development.js:884:10)
      at node_modules/@testing-library/react/dist/act-compat.js:47:25
      at renderRoot (node_modules/@testing-library/react/dist/pure.js:190:26)
      at render (node_modules/@testing-library/react/dist/pure.js:292:10)
      at Object.<anonymous> (src/components/ui/__tests__/dialog.test.tsx:139:13)

  ● Dialog Components › Dialog › should not render dialog when closed

    expect(element).not.toBeInTheDocument()

    expected document not to contain element, found <div class="text-lg font-semibold leading-none tracking-tight">Test Dialog</div> instead

      37 |         </Dialog>
      38 |       );
    > 39 |       expect(screen.queryByText('Test Dialog')).not.toBeInTheDocument();
         |                                                     ^
      40 |     });
      41 |
      42 |     it('should call onOpenChange when dialog state changes', () => {

      at Object.toBeInTheDocument (src/components/ui/__tests__/dialog.test.tsx:39:53)

  ● Dialog Components › DialogFooter › should render dialog footer

    TestingLibraryElementError: Found multiple elements with the text: Close

    Here are the matching elements:

    Ignored nodes: comments, script, style
    [36m<button>[39m
      [0mClose[0m
    [36m</button>[39m

    Ignored nodes: comments, script, style
    [36m<span[39m
      [33mclass[39m=[32m"sr-only"[39m
    [36m>[39m
      [0mClose[0m
    [36m</span>[39m

    (If this is intentional, then use the `*AllBy*` variant of the query (like `queryAllByText`, `getAllByText`, or `findAllByText`)).

    Ignored nodes: comments, script, style
    [36m<body>[39m
      [36m<div>[39m
        [36m<div[39m
          [33mopen[39m=[32m""[39m
        [36m>[39m
          [36m<div>[39m
            [36m<div[39m
              [33mclass[39m=[32m"fixed inset-0 z-50 bg-black/80 data-[state=open]:animate-in data-[state=closed]:animate-out data-[state=closed]:fade-out-0 data-[state=open]:fade-in-0"[39m
            [36m/>[39m
            [36m<div[39m
              [33mclass[39m=[32m"fixed left-[50%] top-[50%] z-50 grid w-full max-w-lg translate-x-[-50%] translate-y-[-50%] gap-4 border bg-background p-6 shadow-lg duration-200 data-[state=open]:animate-in data-[state=closed]:animate-out data-[state=closed]:fade-out-0 data-[state=open]:fade-in-0 data-[state=closed]:zoom-out-95 data-[state=open]:zoom-in-95 data-[state=closed]:slide-out-to-left-1/2 data-[state=closed]:slide-out-to-top-[48%] data-[state=open]:slide-in-from-left-1/2 data-[state=open]:slide-in-from-top-[48%] sm:rounded-lg"[39m
            [36m>[39m
              [36m<div[39m
                [33mclass[39m=[32m"flex flex-col space-y-1.5 text-center sm:text-left"[39m
              [36m>[39m
                [36m<div[39m
                  [33mclass[39m=[32m"text-lg font-semibold leading-none tracking-tight"[39m
                [36m>[39m
                  [0mTest Title[0m
                [36m</div>[39m
              [36m</div>[39m
              [36m<div[39m
                [33mclass[39m=[32m"flex flex-col-reverse sm:flex-row sm:justify-end sm:space-x-2"[39m
              [36m>[39m
                [36m<button>[39m
                  [0mClose[0m
                [36m</button>[39m
              [36m</div>[39m
              [36m<div[39m
                [33mclass[39m=[32m"absolute right-4 top-4 rounded-sm opacity-70 ring-offset-background transition-opacity data-[state=open]:bg-accent data-[state=open]:text-muted-foreground hover:opacity-100 focus:outline-none focus:ring-2 focus:ring-ring focus:ring-offset-2 disabled:pointer-events-none"[39m
              [36m>[39m
                [36m<svg[39m
                  [33maria-hidden[39m=[32m"true"[39m
                  [33mclass[39m=[32m"lucide lucide-x h-4 w-4"[39m
                  [33mfill[39m=[32m"none"[39m
                  [33mheight[39m=[32m"24"[39m
                  [33mstroke[39m=[32m"currentColor"[39m
                  [33mstroke-linecap[39m=[32m"round"[39m
                  [33mstroke-linejoin[39m=[32m"round"[39m
                  [33mstroke-width[39m=[32m"2"[39m
                  [33mviewBox[39m=[32m"0 0 24 24"[39m
                  [33mwidth[39m=[32m"24"[39m
                  [33mxmlns[39m=[32m"http://www.w3.org/2000/svg"[39m
                [36m>[39m
                  [36m<path[39m
                    [33md[39m=[32m"M18 6 6 18"[39m
                  [36m/>[39m
                  [36m<path[39m
                    [33md[39m=[32m"m6 6 12 12"[39m
                  [36m/>[39m
                [36m</svg>[39m
                [36m<span[39m
                  [33mclass[39m=[32m"sr-only"[39m
                [36m>[39m
                  [0mClose[0m
                [36m</span>[39m
              [36m</div>[39m
            [36m</div>[39m
          [36m</div>[39m
        [36m</div>[39m
      [36m</div>[39m
    [36m</body>[39m

      131 |         </Dialog>
      132 |       );
    > 133 |       expect(screen.getByText('Close')).toBeInTheDocument();
          |                     ^
      134 |     });
      135 |   });
      136 |

      at Object.getElementError (node_modules/@testing-library/dom/dist/config.js:37:19)
      at getElementError (node_modules/@testing-library/dom/dist/query-helpers.js:20:35)
      at getMultipleElementsFoundError (node_modules/@testing-library/dom/dist/query-helpers.js:23:10)
      at node_modules/@testing-library/dom/dist/query-helpers.js:55:13
      at node_modules/@testing-library/dom/dist/query-helpers.js:95:19
      at Object.getByText (src/components/ui/__tests__/dialog.test.tsx:133:21)

  ● Dialog Components › DialogClose › should render dialog close button

    TestingLibraryElementError: Found multiple elements with the text: Close

    Here are the matching elements:

    Ignored nodes: comments, script, style
    [36m<button>[39m
      [0mClose[0m
    [36m</button>[39m

    Ignored nodes: comments, script, style
    [36m<span[39m
      [33mclass[39m=[32m"sr-only"[39m
    [36m>[39m
      [0mClose[0m
    [36m</span>[39m

    (If this is intentional, then use the `*AllBy*` variant of the query (like `queryAllByText`, `getAllByText`, or `findAllByText`)).

    Ignored nodes: comments, script, style
    [36m<body>[39m
      [36m<div>[39m
        [36m<div[39m
          [33mopen[39m=[32m""[39m
        [36m>[39m
          [36m<div>[39m
            [36m<div[39m
              [33mclass[39m=[32m"fixed inset-0 z-50 bg-black/80 data-[state=open]:animate-in data-[state=closed]:animate-out data-[state=closed]:fade-out-0 data-[state=open]:fade-in-0"[39m
            [36m/>[39m
            [36m<div[39m
              [33mclass[39m=[32m"fixed left-[50%] top-[50%] z-50 grid w-full max-w-lg translate-x-[-50%] translate-y-[-50%] gap-4 border bg-background p-6 shadow-lg duration-200 data-[state=open]:animate-in data-[state=closed]:animate-out data-[state=closed]:fade-out-0 data-[state=open]:fade-in-0 data-[state=closed]:zoom-out-95 data-[state=open]:zoom-in-95 data-[state=closed]:slide-out-to-left-1/2 data-[state=closed]:slide-out-to-top-[48%] data-[state=open]:slide-in-from-left-1/2 data-[state=open]:slide-in-from-top-[48%] sm:rounded-lg"[39m
            [36m>[39m
              [36m<div[39m
                [33mclass[39m=[32m"flex flex-col space-y-1.5 text-center sm:text-left"[39m
              [36m>[39m
                [36m<div[39m
                  [33mclass[39m=[32m"text-lg font-semibold leading-none tracking-tight"[39m
                [36m>[39m
                  [0mTest Dialog[0m
                [36m</div>[39m
              [36m</div>[39m
              [36m<div>[39m
                [36m<button>[39m
                  [0mClose[0m
                [36m</button>[39m
              [36m</div>[39m
              [36m<div[39m
                [33mclass[39m=[32m"absolute right-4 top-4 rounded-sm opacity-70 ring-offset-background transition-opacity data-[state=open]:bg-accent data-[state=open]:text-muted-foreground hover:opacity-100 focus:outline-none focus:ring-2 focus:ring-ring focus:ring-offset-2 disabled:pointer-events-none"[39m
              [36m>[39m
                [36m<svg[39m
                  [33maria-hidden[39m=[32m"true"[39m
                  [33mclass[39m=[32m"lucide lucide-x h-4 w-4"[39m
                  [33mfill[39m=[32m"none"[39m
                  [33mheight[39m=[32m"24"[39m
                  [33mstroke[39m=[32m"currentColor"[39m
                  [33mstroke-linecap[39m=[32m"round"[39m
                  [33mstroke-linejoin[39m=[32m"round"[39m
                  [33mstroke-width[39m=[32m"2"[39m
                  [33mviewBox[39m=[32m"0 0 24 24"[39m
                  [33mwidth[39m=[32m"24"[39m
                  [33mxmlns[39m=[32m"http://www.w3.org/2000/svg"[39m
                [36m>[39m
                  [36m<path[39m
                    [33md[39m=[32m"M18 6 6 18"[39m
                  [36m/>[39m
                  [36m<path[39m
                    [33md[39m=[32m"m6 6 12 12"[39m
                  [36m/>[39m
                [36m</svg>[39m
                [36m<span[39m
                  [33mclass[39m=[32m"sr-only"[39m
                [36m>[39m
                  [0mClose[0m
                [36m</span>[39m
              [36m</div>[39m
            [36m</div>[39m
          [36m</div>[39m
        [36m</div>[39m
      [36m</div>[39m
    [36m</body>[39m

      167 |         </Dialog>
      168 |       );
    > 169 |       expect(screen.getByText('Close')).toBeInTheDocument();
          |                     ^
      170 |     });
      171 |   });
      172 | });

      at Object.getElementError (node_modules/@testing-library/dom/dist/config.js:37:19)
      at getElementError (node_modules/@testing-library/dom/dist/query-helpers.js:20:35)
      at getMultipleElementsFoundError (node_modules/@testing-library/dom/dist/query-helpers.js:23:10)
      at node_modules/@testing-library/dom/dist/query-helpers.js:55:13
      at node_modules/@testing-library/dom/dist/query-helpers.js:95:19
      at Object.getByText (src/components/ui/__tests__/dialog.test.tsx:169:21)

PASS src/app/__tests__/not-found.test.tsx
PASS src/context/__tests__/ModalContext.test.tsx
FAIL src/components/ui/__tests__/context-menu.test.tsx
  ● ContextMenu Components › ContextMenuSub › should render context menu sub

    Element type is invalid: expected a string (for built-in components) or a class/function (for composite components) but got: undefined. You likely forgot to export your component from the file it's defined in, or you might have mixed up default and named imports.

      87 |   describe('ContextMenuSub', () => {
      88 |     it('should render context menu sub', () => {
    > 89 |       render(
         |             ^
      90 |         <ContextMenu>
      91 |           <ContextMenuTrigger>Right click me</ContextMenuTrigger>
      92 |           <ContextMenuContent>

      at createFiberFromTypeAndProps (node_modules/react-dom/cjs/react-dom-client.development.js:5021:28)
      at createFiberFromElement (node_modules/react-dom/cjs/react-dom-client.development.js:5035:14)
      at reconcileChildFibersImpl (node_modules/react-dom/cjs/react-dom-client.development.js:6920:31)
      at node_modules/react-dom/cjs/react-dom-client.development.js:7098:33
      at reconcileChildren (node_modules/react-dom/cjs/react-dom-client.development.js:9701:13)
      at beginWork (node_modules/react-dom/cjs/react-dom-client.development.js:12049:13)
      at runWithFiberInDEV (node_modules/react-dom/cjs/react-dom-client.development.js:874:13)
      at performUnitOfWork (node_modules/react-dom/cjs/react-dom-client.development.js:17641:22)
      at workLoopSync (node_modules/react-dom/cjs/react-dom-client.development.js:17469:41)
      at renderRootSync (node_modules/react-dom/cjs/react-dom-client.development.js:17450:11)
      at performWorkOnRoot (node_modules/react-dom/cjs/react-dom-client.development.js:16583:35)
      at performWorkOnRootViaSchedulerTask (node_modules/react-dom/cjs/react-dom-client.development.js:18957:7)
      at flushActQueue (node_modules/react/cjs/react.development.js:590:34)
      at process.env.NODE_ENV.exports.act (node_modules/react/cjs/react.development.js:884:10)
      at node_modules/@testing-library/react/dist/act-compat.js:47:25
      at renderRoot (node_modules/@testing-library/react/dist/pure.js:190:26)
      at render (node_modules/@testing-library/react/dist/pure.js:292:10)
      at Object.<anonymous> (src/components/ui/__tests__/context-menu.test.tsx:89:13)

PASS src/hooks/__tests__/useModal.test.tsx
PASS src/components/form/__tests__/PhoneInput.test.tsx
PASS src/components/ui/__tests__/toast.test.tsx
  ● Console

    console.error
      React does not recognize the `altText` prop on a DOM element. If you intentionally want it to appear in the DOM as a custom attribute, spell it as lowercase `alttext` instead. If you accidentally passed it from a parent component, remove it from the DOM element.

      94 |   describe('ToastAction', () => {
      95 |     it('should render toast action', () => {
    > 96 |       render(
         |             ^
      97 |         <ToastProvider>
      98 |           <Toast>
      99 |             <ToastTitle>Title</ToastTitle>

      at validateProperty (node_modules/react-dom/cjs/react-dom-client.development.js:3001:19)
      at warnUnknownProperties (node_modules/react-dom/cjs/react-dom-client.development.js:3146:9)
      at validatePropertiesInDevelopment (node_modules/react-dom/cjs/react-dom-client.development.js:19868:9)
      at setInitialProperties (node_modules/react-dom/cjs/react-dom-client.development.js:20491:7)
      at completeWork (node_modules/react-dom/cjs/react-dom-client.development.js:12662:18)
      at runWithFiberInDEV (node_modules/react-dom/cjs/react-dom-client.development.js:874:13)
      at completeUnitOfWork (node_modules/react-dom/cjs/react-dom-client.development.js:17777:19)
      at performUnitOfWork (node_modules/react-dom/cjs/react-dom-client.development.js:17658:11)
      at workLoopSync (node_modules/react-dom/cjs/react-dom-client.development.js:17469:41)
      at renderRootSync (node_modules/react-dom/cjs/react-dom-client.development.js:17450:11)
      at performWorkOnRoot (node_modules/react-dom/cjs/react-dom-client.development.js:16504:11)
      at performWorkOnRootViaSchedulerTask (node_modules/react-dom/cjs/react-dom-client.development.js:18957:7)
      at flushActQueue (node_modules/react/cjs/react.development.js:590:34)
      at process.env.NODE_ENV.exports.act (node_modules/react/cjs/react.development.js:884:10)
      at node_modules/@testing-library/react/dist/act-compat.js:47:25
      at renderRoot (node_modules/@testing-library/react/dist/pure.js:190:26)
      at render (node_modules/@testing-library/react/dist/pure.js:292:10)
      at Object.<anonymous> (src/components/ui/__tests__/toast.test.tsx:96:13)

PASS src/components/ui/__tests__/date-picker.test.tsx
FAIL src/layout/__tests__/AppSidebar.test.tsx
  ● AppSidebar › should render sidebar

    TypeError: localStorage.clear is not a function

      199 |   
      200 |   // Clear localStorage
    > 201 |   localStorage.clear();
          |                ^
      202 |   
      203 |   // Clear sessionStorage mocks
      204 |   if (sessionStorageMock.clear) {

      at Object.clear (jest.setup.js:201:16)

  ● AppSidebar › should render menu items

    TypeError: localStorage.clear is not a function

      199 |   
      200 |   // Clear localStorage
    > 201 |   localStorage.clear();
          |                ^
      202 |   
      203 |   // Clear sessionStorage mocks
      204 |   if (sessionStorageMock.clear) {

      at Object.clear (jest.setup.js:201:16)

  ● AppSidebar › should expand on hover

    expect(jest.fn()).toHaveBeenCalledWith(...expected)

    Expected: true

    Number of calls: 0

      79 |     const sidebar = screen.getByRole('complementary');
      80 |     fireEvent.mouseEnter(sidebar);
    > 81 |     expect(mockSetIsHovered).toHaveBeenCalledWith(true);
         |                              ^
      82 |   });
      83 |
      84 |   it('should collapse on mouse leave', () => {

      at Object.toHaveBeenCalledWith (src/layout/__tests__/AppSidebar.test.tsx:81:30)

  ● AppSidebar › should expand on hover

    TypeError: localStorage.clear is not a function

      199 |   
      200 |   // Clear localStorage
    > 201 |   localStorage.clear();
          |                ^
      202 |   
      203 |   // Clear sessionStorage mocks
      204 |   if (sessionStorageMock.clear) {

      at Object.clear (jest.setup.js:201:16)

  ● AppSidebar › should collapse on mouse leave

    TypeError: localStorage.clear is not a function

      199 |   
      200 |   // Clear localStorage
    > 201 |   localStorage.clear();
          |                ^
      202 |   
      203 |   // Clear sessionStorage mocks
      204 |   if (sessionStorageMock.clear) {

      at Object.clear (jest.setup.js:201:16)

  ● AppSidebar › should show admin menu for super admin

    TestingLibraryElementError: Unable to find an element with the text: Admin. This could be because the text is broken up by multiple elements. In this case, you can provide a function for your text matcher to make your matcher more flexible.

    Ignored nodes: comments, script, style
    [36m<body>[39m
      [36m<div>[39m
        [36m<aside[39m
          [33mclass[39m=[32m"fixed left-0 top-0 z-50 mt-16 flex h-screen flex-col border-r border-gray-200/50 bg-white/95 backdrop-blur-sm px-6 text-gray-900 shadow-lg transition-all duration-300 dark:border-gray-800/50 dark:bg-gray-900/95 lg:mt-0 w-[290px] -translate-x-full lg:translate-x-0"[39m
        [36m>[39m
          [36m<div[39m
            [33mclass[39m=[32m"flex py-6 justify-start"[39m
          [36m>[39m
            [36m<a[39m
              [33mclass[39m=[32m"group"[39m
              [33mhref[39m=[32m"/dashboard"[39m
            [36m>[39m
              [36m<div[39m
                [33mclass[39m=[32m"flex items-center gap-3"[39m
              [36m>[39m
                [36m<div[39m
                  [33mclass[39m=[32m"bg-gradient-to-br from-brand-500 to-brand-600 dark:from-brand-400 dark:to-brand-500 p-2.5 rounded-xl shadow-theme-sm group-hover:shadow-theme-md transition-shadow"[39m
                [36m>[39m
                  [36m<svg[39m
                    [33maria-hidden[39m=[32m"true"[39m
                    [33mclass[39m=[32m"lucide lucide-message-square w-6 h-6 text-white"[39m
                    [33mfill[39m=[32m"none"[39m
                    [33mheight[39m=[32m"24"[39m
                    [33mstroke[39m=[32m"currentColor"[39m
                    [33mstroke-linecap[39m=[32m"round"[39m
                    [33mstroke-linejoin[39m=[32m"round"[39m
                    [33mstroke-width[39m=[32m"2"[39m
                    [33mviewBox[39m=[32m"0 0 24 24"[39m
                    [33mwidth[39m=[32m"24"[39m
                    [33mxmlns[39m=[32m"http://www.w3.org/2000/svg"[39m
                  [36m>[39m
                    [36m<path[39m
                      [33md[39m=[32m"M21 15a2 2 0 0 1-2 2H7l-4 4V5a2 2 0 0 1 2-2h14a2 2 0 0 1 2 2z"[39m
                    [36m/>[39m
                  [36m</svg>[39m
                [36m</div>[39m
                [36m<div>[39m
                  [36m<p[39m
                    [33mclass[39m=[32m"text-xl font-bold text-gray-900 dark:text-white"[39m
                  [36m>[39m
                    [0mSMS Platform[0m
                  [36m</p>[39m
                  [36m<p[39m
                    [33mclass[39m=[32m"text-xs text-gray-500 dark:text-gray-400"[39m
                  [36m>[39m
                    [0mManagement[0m
                  [36m</p>[39m
                [36m</div>[39m
              [36m</div>[39m
            [36m</a>[39m
          [36m</div>[39m
          [36m<div[39m
            [33mclass[39m=[32m"no-scrollbar flex flex-col overflow-y-auto duration-300 ease-linear flex-1"[39m
          [36m>[39m
            [36m<nav[39m
              [33mclass[39m=[32m"mb-6"[39m
            [36m>[39m
              [36m<h2[39m
                [33mclass[39m=[32m"mb-4 flex text-xs font-semibold uppercase tracking-wider text-gray-500 dark:text-gray-400 justify-start"[39m
              [36m>[39m
                [0mMenu[0m
              [36m</h2>[39m
              [36m<ul[39m
                [33mclass[39m=[32m"flex flex-col gap-4"[39m
              [36m>[39m
                [36m<li>[39m
                  [36m<a[39m
                    [33mclass[39m=[32m"menu-item group menu-item-active"[39m
                    [33mhref[39m=[32m"/dashboard"[39m
                  [36m>[39m
                    [36m<span[39m
                      [33mclass[39m=[32m"menu-item-icon-active"[39m
                    [36m>[39m
                      [36m<svg[39m
                        [33maria-hidden[39m=[32m"true"[39m
                        [33mclass[39m=[32m"lucide lucide-layout-dashboard"[39m
                        [33mfill[39m=[32m"none"[39m
                        [33mheight[39m=[32m"20"[39m
                        [33mstroke[39m=[32m"currentColor"[39m
                        [33mstroke-linecap[39m=[32m"round"[39m
                        [33mstroke-linejoin[39m=[32m"round"[39m
                        [33mstroke-width[39m=[32m"2"[39m
                        [33mviewBox[39m=[32m"0 0 24 24"[39m
                        [33mwidth[39m=[32m"20"[39m
                        [33mxmlns[39m=[32m"http://www.w3.org/2000/svg"[39m
                      [36m>[39m
                        [36m<rect[39m
                          [33mheight[39m=[32m"9"[39m
                          [33mrx[39m=[32m"1"[39m
                          [33mwidth[39m=[32m"7"[39m
                          [33mx[39m=[32m"3"[39m
                          [33my[39m=[32m"3"[39m
                        [36m/>[39m
                        [36m<rect[39m
                          [33mheight[39m=[32m"5"[39m
                          [33mrx[39m=[32m"1"[39m
                          [33mwidth[39m=[32m"7"[39m
                          [33mx[39m=[32m"14"[39m
                          [33my[39m=[32m"3"[39m
                        [36m/>[39m
                        [36m<rect[39m
                          [33mheight[39m=[32m"9"[39m
                          [33mrx[39m=[32m"1"[39m
                          [33mwidth[39m=[32m"7"[39m
                          [33mx[39m=[32m"14"[39m
                          [33my[39m=[32m"12"[39m
                        [36m/>[39m
                        [36m<rect[39m
                          [33mheight[39m=[32m"5"[39m
                          [33mrx[39m=[32m"1"[39m
                          [33mwidth[39m=[32m"7"[39m
                          [33mx[39m=[32m"3"[39m
                          [33my[39m=[32m"16"[39m
                        [36m/>[39m
                      [36m</svg>[39m
                    [36m</span>[39m
                    [36m<span[39m
                      [33mclass[39m=[32m"menu-item-text"[39m
                    [36m>[39m
                      [0mDashboard[0m
                    [36m</span>[39m
                  [36m</a>[39m
                [36m</li>[39m
                [36m<li>[39m
                  [36m<button[39m
                    [33mclass[39m=[32m"menu-item group menu-item-inactive lg:justify-start"[39m
                  [36m>[39m
                    [36m<span[39m
                      [33mclass[39m=[32m"menu-item-icon-inactive"[39m
                    [36m>[39m
                      [36m<svg[39m
                        [33maria-hidden[39m=[32m"true"[39m
                        [33mclass[39m=[32m"lucide lucide-send"[39m
                        [33mfill[39m=[32m"none"[39m
                        [33mheight[39m=[32m"20"[39m
                        [33mstroke[39m=[32m"currentColor"[39m
                        [33mstroke-linecap[39m=[32m"round"[39m
                        [33mstroke-linejoin[39m=[32m"round"[39m
                        [33mstroke-width[39m=[32m"2"[39m
                        [33mviewBox[39m=[32m"0 0 24 24"[39m
                        [33mwidth[39m=[32m"20"[39m
                        [33mxmlns[39m=[32m"http://www.w3.org/2000/svg"[39m
                      [36m>[39m
                        [36m<path[39m
                          [33md[39m=[32m"M14.536 21.686a.5.5 0 0 0 .937-.024l6.5-19a.496.496 0 0 0-.635-.635l-19 6.5a.5.5 0 0 0-.024.937l7.93 3.18a2 2 0 0 1 1.112 1.11z"[39m
                        [36m/>[39m
                        [36m<path[39m
                          [33md[39m=[32m"m21.854 2.147-10.94 10.939"[39m
                        [36m/>[39m
                      [36m</svg>[39m
                    [36m</span>[39m
                    [36m<span[39m
                      [33mclass[39m=[32m"menu-item-text"[39m
                    [36m>[39m
                      [0mMessages[0m
                    [36m</span>[39m
                    [36m<svg[39m
                      [33maria-hidden[39m=[32m"true"[39m
                      [33mclass[39m=[32m"lucide lucide-chevron-down ml-auto h-5 w-5 transition-transform"[39m
                      [33mfill[39m=[32m"none"[39m
                      [33mheight[39m=[32m"24"[39m
                      [33mstroke[39m=[32m"currentColor"[39m
                      [33mstroke-linecap[39m=[32m"round"[39m
                      [33mstroke-linejoin[39m=[32m"round"[39m
                      [33mstroke-width[39m=[32m"2"[39m
                      [33mviewBox[39m=[32m"0 0 24 24"[39m
                      [33mwidth[39m=[32m"24"[39m
                      [33mxmlns[39m=[32m"http://www.w3.org/2000/svg"[39m
                    [36m>[39m
                      [36m<path[39m
                        [33md[39m=[32m"m6 9 6 6 6-6"[39m
                      [36m/>[39m
                    [36m</svg>[39m
                  [36m</button>[39m
                  [36m<div[39m
                    [33mclass[39m=[32m"overflow-hidden transition-all duration-300"[39m
                    [33mstyle[39m=[32m"height: 0px;"[39m
                  [36m>[39m
                    [36m<ul[39m
                      [33mclass[39m=[32m"ml-9 mt-2 space-y-1"[39m
                    [36m>[39m
                      [36m<li>[39m
                        [36m<a[39m
                          [33mclass[39m=[32m"menu-dropdown-item menu-dropdown-item-inactive"[39m
                          [33mhref[39m=[32m"/messages/send"[39m
                        [36m>[39m
                          [0mSend Messages[0m
                        [36m</a>[39m
                      [36m</li>[39m
                      [36m<li>[39m
                        [36m<a[39m
                          [33mclass[39m=[32m"menu-dropdown-item menu-dropdown-item-inactive"[39m
                          [33mhref[39m=[32m"/messages/history"[39m
                        [36m>[39m
                          [0mMessage History[0m
                        [36m</a>[39m
                      [36m</li>[39m
                    [36m</ul>[39m
                  [36m</div>[39m
                [36m</li>[39m
                [36m<li>[39m
                  [36m<button[39m
                    [33mclass[39m=[32m"menu-item group menu-item-inactive lg:justify-start"[39m
                  [36m>[39m
                    [36m<span[39m
                      [33mclass[39m=[32m"menu-item-icon-inactive"[39m
                    [36m>[39m
                      [36m<svg[39m
                        [33maria-hidden[39m=[32m"true"[39m
                        [33mclass[39m=[32m"lucide lucide-user-plus"[39m
                        [33mfill[39m=[32m"none"[39m
                        [33mheight[39m=[32m"20"[39m
                        [33mstroke[39m=[32m"currentColor"[39m
                        [33mstroke-linecap[39m=[32m"round"[39m
                        [33mstroke-linejoin[39m=[32m"round"[39m
                        [33mstroke-width[39m=[32m"2"[39m
                        [33mviewBox[39m=[32m"0 0 24 24"[39m
                        [33mwidth[39m=[32m"20"[39m
                        [33mxmlns[39m=[32m"http://www.w3.org/2000/svg"[39m
                      [36m>[39m
                        [36m<path[39m
                          [33md[39m=[32m"M16 21v-2a4 4 0 0 0-4-4H6a4 4 0 0 0-4 4v2"[39m
                        [36m/>[39m
                        [36m<circle[39m
                          [33mcx[39m=[32m"9"[39m
                          [33mcy[39m=[32m"7"[39m
                          [33mr[39m=[32m"4"[39m
                        [36m/>[39m
                        [36m<line[39m
                          [33mx1[39m=[32m"19"[39m
                          [33mx2[39m=[32m"19"[39m
                          [33my1[39m=[32m"8"[39m
                          [33my2[39m=[32m"14"[39m
                        [36m/>[39m
                        [36m<line[39m
                          [33mx1[39m=[32m"22"[39m
                          [33mx2[39m=[32m"16"[39m
                          [33my1[39m=[32m"11"[39m
                          [33my2[39m=[32m"11"[39m
                        [36m/>[39m
                      [36m</svg>[39m
                    [36m</span>[39m
                    [36m<span[39m
                      [33mclass[39m=[32m"menu-item-text"[39m
                    [36m>[39m
                      [0mContacts[0m
                    [36m</span>[39m
                    [36m<svg[39m
                      [33maria-hidden[39m=[32m"true"[39m
                      [33mclass[39m=[32m"lucide lucide-chevron-down ml-auto h-5 w-5 transition-transform"[39m
                      [33mfill[39m=[32m"none"[39m
                      [33mheight[39m=[32m"24"[39m
                      [33mstroke[39m=[32m"currentColor"[39m
                      [33mstroke-linecap[39m=[32m"round"[39m
                      [33mstroke-linejoin[39m=[32m"round"[39m
                      [33mstroke-width[39m=[32m"2"[39m
                      [33mviewBox[39m=[32m"0 0 24 24"[39m
                      [33mwidth[39m=[32m"24"[39m
                      [33mxmlns[39m=[32m"http://www.w3.org/2000/svg"[39m
                    [36m>[39m
                      [36m<path[39m
                        [33md[39m=[32m"m6 9 6 6 6-6"[39m
                      [36m/>[39m
                    [36m</svg>[39m
                  [36m</button>[39m
                  [36m<div[39m
                    [33mclass[39m=[32m"overflow-hidden transition-all duration-300"[39m
                    [33mstyle[39m=[32m"height: 0px;"[39m
                  [36m>[39m
                    [36m<ul[39m
                      [33mclass[39m=[32m"ml-9 mt-2 space-y-1"[39m
                    [36m>[39m
                      [36m<li>[39m
                        [36m<a[39m
                          [33mclass[39m=[32m"menu-dropdown-item menu-dropdown-item-inactive"[39m
                          [33mhref[39m=[32m"/contacts/groups"[39m
                        [36m>[39m
                          [0mAll Contact Groups[0m
                        [36m</a>[39m
                      [36m</li>[39m
                      [36m<li>[39m
                        [36m<a[39m
                          [33mclass[39m=[32m"menu-dropdown-item menu-dropdown-item-inactive"[39m
                          [33mhref[39m=[32m"/contacts/create"[39m
                        [36m>[39m
                          [0mCreate Contact[0m
                        [36m</a>[39m
                      [36m</li>[39m
                    [36m</ul>[39m
                  [36m</div>[39m
                [36m</li>[39m
                [36m<li>[39m
                  [36m<a[39m
                    [33mclass[39m=[32m"menu-item group menu-item-inactive"[39m
                    [33mhref[39m=[32m"/documents"[39m
                  [36m>[39m
                    [36m<span[39m
                      [33mclass[39m=[32m"menu-item-icon-inactive"[39m
                    [36m>[39m
                      [36m<svg[39m
                        [33maria-hidden[39m=[32m"true"[39m
                        [33mclass[39m=[32m"lucide lucide-file-text"[39m
                        [33mfill[39m=[32m"none"[39m
                        [33mheight[39m=[32m"20"[39m
                        [33mstroke[39m=[32m"currentColor"[39m
                        [33mstroke-linecap[39m=[32m"round"[39m
                        [33mstroke-linejoin[39m=[32m"round"[39m
                        [33mstroke-width[39m=[32m"2"[39m
                        [33mviewBox[39m=[32m"0 0 24 24"[39m
                        [33mwidth[39m=[32m"20"[39m
                        [33mxmlns[39m=[32m"http://www.w3.org/2000/svg"[39m
                      [36m>[39m
                        [36m<path[39m
                          [33md[39m=[32m"M15 2H6a2 2 0 0 0-2 2v16a2 2 0 0 0 2 2h12a2 2 0 0 0 2-2V7Z"[39m
                        [36m/>[39m
                        [36m<path[39m
                          [33md[39m=[32m"M14 2v4a2 2 0 0 0 2 2h4"[39m
                        [36m/>[39m
                        [36m<path[39m
                          [33md[39m=[32m"M10 9H8"[39m
                        [36m/>[39m
                        [36m<path[39m
                          [33md[39m=[32m"M16 13H8"[39m
                        [36m/>[39m
                        [36m<path[39m
                          [33md[39m=[32m"M16 17H8"[39m
                        [36m/>[39m
                      [36m</svg>[39m
                    [36m</span>[39m
                    [36m<span[39m
                      [33mclass[39m=[32m"menu-item-text"[39m
                    [36m>[39m
                      [0mDocuments[0m
                    [36m</span>[39m
                  [36m</a>[39m
                [36m</li>[39m
                [36m<li>[39m
                  [36m<a[39m
                    [33mclass[39m=[32m"menu-item group menu-item-inactive"[39m
                    [33mhref[39m=[32m"/reports"[39m
                  [36m>[39m
                    [36m<span[39m
                      [33mclass[39m=[32m"menu-item-icon-inactive"[39m
                    [36m>[39m
                      [36m<svg[39m
                        [33maria-hidden[39m=[32m"true"[39m
                        [33mclass[39m=[32m"lucide lucide-chart-column"[39m
                        [33mfill[39m=[32m"none"[39m
                        [33mheight[39m=[32m"20"[39m
                        [33mstroke[39m=[32m"currentColor"[39m
                        [33mstroke-linecap[39m=[32m"round"[39m
                        [33mstroke-linejoin[39m=[32m"round"[39m
                        [33mstroke-width[39m=[32m"2"[39m
                        [33mviewBox[39m=[32m"0 0 24 24"[39m
                        [33mwidth[39m=[32m"20"[39m
                        [33mxmlns[39m=[32m"http://www.w3.org/2000/svg"[39m
                      [36m>[39m
                        [36m<path[39m
                          [33md[39m=[32m"M3 3v16a2 2 0 0 0 2 2h16"[39m
                        [36m/>[39m
                        [36m<path[39m
                          [33md[39m=[32m"M18 17V9"[39m
                        [36m/>[39m
                        [36m<path[39m
                          [33md[39m=[32m"M13 17V5"[39m
                        [36m/>[39m
                        [36m<path[39m
                          [33md[39m=[32m"M8 17v-3"[39m
                        [36m/>[39m
                      [36m</svg>[39m
                    [36m</span>[39m
                    [36m<span[39m
                      [33mclass[39m=[32m"menu-item-text"[39m
                    [36m>[39m
                      [0mReports[0m
                    [36m</span>[39m
                  [36m</a>[39m
                [36m</li>[39m
                [36m<li>[39m
                  [36m<a[39m
                    [33mclass[39m=[32m"menu-item group menu-item-inactive"[39m
                    [33mhref[39m=[32m"/topup"[39m
                  [36m>[39m
                    [36m<span[39m
                      [33mclass[39m=[32m"menu-item-icon-inactive"[39m
                    [36m>[39m
                      [36m<svg[39m
                        [33maria-hidden[39m=[32m"true"[39m
                        [33mclass[39m=[32m"lucide lucide-wallet"[39m
                        [33mfill[39m=[32m"none"[39m
                        [33mheight[39m=[32m"20"[39m
                        [33mstroke[39m=[32m"currentColor"[39m
                        [33mstroke-linecap[39m=[32m"round"[39m
                        [33mstroke-linejoin[39m=[32m"round"[39m
                        [33mstroke-width[39m=[32m"2"[39m
                        [33mviewBox[39m=[32m"0 0 24 24"[39m
                        [33mwidth[39m=[32m"20"[39m
                        [33mxmlns[39m=[32m"http://www.w3.org/2000/svg"[39m
                      [36m>[39m
                        [36m<path[39m
                          [33md[39m=[32m"M19 7V4a1 1 0 0 0-1-1H5a2 2 0 0 0 0 4h15a1 1 0 0 1 1 1v4h-3a2 2 0 0 0 0 4h3a1 1 0 0 0 1-1v-2a1 1 0 0 0-1-1"[39m
                        [36m/>[39m
                        [36m<path[39m
                          [33md[39m=[32m"M3 5v14a2 2 0 0 0 2 2h15a1 1 0 0 0 1-1v-4"[39m
                        [36m/>[39m
                      [36m</svg>[39m
                    [36m</span>[39m
                    [36m<span[39m
                      [33mclass[39m=[32m"menu-item-text"[39m
                    [36m>[39m
                      [0mTopup[0m
                    [36m</span>[39m
                  [36m</a>[39m
                [36m</li>[39m
                [36m<li>[39m
                  [36m<a[39m
                    [33mclass[39m=[32m"menu-item group menu-item-inactive"[39m
                    [33mhref[39m=[32m"/senders"[39m
                  [36m>[39m
                    [36m<span[39m
                      [33mclass[39m=[32m"menu-item-icon-inactive"[39m
                    [36m>[39m
                      [36m<svg[39m
                        [33maria-hidden[39m=[32m"true"[39m
                        [33mclass[39m=[32m"lucide lucide-hash"[39m
                        [33mfill[39m=[32m"none"[39m
                        [33mheight[39m=[32m"20"[39m
                        [33mstroke[39m=[32m"currentColor"[39m
                        [33mstroke-linecap[39m=[32m"round"[39m
                        [33mstroke-linejoin[39m=[32m"round"[39m
                        [33mstroke-width[39m=[32m"2"[39m
                        [33mviewBox[39m=[32m"0 0 24 24"[39m
                        [33mwidth[39m=[32m"20"[39m
                        [33mxmlns[39m=[32m"http://www.w3.org/2000/svg"[39m
                      [36m>[39m
                        [36m<line[39m
                          [33mx1[39m=[32m"4"[39m
                          [33mx2[39m=[32m"20"[39m
                          [33my1[39m=[32m"9"[39m
                          [33my2[39m=[32m"9"[39m
                        [36m/>[39m
                        [36m<line[39m
                          [33mx1[39m=[32m"4"[39m
                          [33mx2[39m=[32m"20"[39m
                          [33my1[39m=[32m"15"[39m
                          [33my2[39m=[32m"15"[39m
                        [36m/>[39m
                        [36m<line[39m
                          [33mx1[39m=[32m"10"[39m
                          [33mx2[39m=[32m"8"[39m
                          [33my1[39m=[32m"3"[39m
                          [33my2[39m=[32m"21"[39m
                        [36m/>[39m
                        [36m<line[39m
                          [33mx1[39m=[32m"16"[39m
                          [33mx2[39m=[32m"14"[39m
                          [33my1[39m=[32m"3"[39m
                          [33my2[39m=[32m"21"[39m
                        [36m/>[39m
                      [36m</svg>[39m
                    [36m</span>[39m
                    [36m<span[39m
                      [33mclass[39m=[32m"menu-item-text"[39m
                    [36m>[39m
                      [0mSenders[0m
                    [36m</span>[39m
                  [36m</a>[39m
                [36m</li>[39m
              [36m</ul>[39m
            [36m</nav>[39m
          [36m</div>[39m
        [36m</aside>[39m
      [36m</div>[39m
    [36m</body>[39m

      100 |     } as PartialAuthContext as AuthContextType);
      101 |     render(<AppSidebar />);
    > 102 |     expect(screen.getByText('Admin')).toBeInTheDocument();
          |                   ^
      103 |   });
      104 | });
      105 |

      at Object.getElementError (node_modules/@testing-library/dom/dist/config.js:37:19)
      at node_modules/@testing-library/dom/dist/query-helpers.js:76:38
      at node_modules/@testing-library/dom/dist/query-helpers.js:52:17
      at node_modules/@testing-library/dom/dist/query-helpers.js:95:19
      at Object.getByText (src/layout/__tests__/AppSidebar.test.tsx:102:19)

  ● AppSidebar › should show admin menu for super admin

    TypeError: localStorage.clear is not a function

      199 |   
      200 |   // Clear localStorage
    > 201 |   localStorage.clear();
          |                ^
      202 |   
      203 |   // Clear sessionStorage mocks
      204 |   if (sessionStorageMock.clear) {

      at Object.clear (jest.setup.js:201:16)

FAIL src/components/calendar/__tests__/Calendar.test.tsx
  ● Calendar › should render modal when isOpen is true

    TestingLibraryElementError: Found multiple elements with the text: /Add Event|Edit Event/

    Here are the matching elements:

    Ignored nodes: comments, script, style
    [36m<button>[39m
      [0mAdd Event[0m
    [36m</button>[39m

    Ignored nodes: comments, script, style
    [36m<h5[39m
      [33mclass[39m=[32m"modal-title mb-2 text-theme-xl font-semibold text-gray-800 dark:text-white/90 lg:text-2xl"[39m
    [36m>[39m
      [0mAdd Event[0m
    [36m</h5>[39m

    Ignored nodes: comments, script, style
    [36m<button[39m
      [33mclass[39m=[32m"btn btn-success btn-update-event flex w-full justify-center rounded-lg bg-brand-500 px-4 py-2.5 text-sm font-medium text-white hover:bg-brand-600 sm:w-auto"[39m
      [33mtype[39m=[32m"button"[39m
    [36m>[39m
      [0mAdd Event[0m
    [36m</button>[39m

    (If this is intentional, then use the `*AllBy*` variant of the query (like `queryAllByText`, `getAllByText`, or `findAllByText`)).

    Ignored nodes: comments, script, style
    [36m<body[39m
      [33mstyle[39m=[32m"overflow: hidden;"[39m
    [36m>[39m
      [36m<div>[39m
        [36m<div[39m
          [33mclass[39m=[32m"rounded-2xl border border-gray-200 bg-white dark:border-gray-800 dark:bg-white/[0.03]"[39m
        [36m>[39m
          [36m<div[39m
            [33mclass[39m=[32m"custom-calendar"[39m
          [36m>[39m
            [36m<div[39m
              [33mdata-testid[39m=[32m"fullcalendar"[39m
            [36m>[39m
              [36m<button>[39m
                [0mSelect Date[0m
              [36m</button>[39m
              [36m<button>[39m
                [0mClick Event[0m
              [36m</button>[39m
              [36m<button>[39m
                [0mAdd Event[0m
              [36m</button>[39m
              [36m<div[39m
                [33mdata-testid[39m=[32m"event-1"[39m
              [36m>[39m
                [0mEvent Conf.[0m
              [36m</div>[39m
              [36m<div[39m
                [33mdata-testid[39m=[32m"event-2"[39m
              [36m>[39m
                [0mMeeting[0m
              [36m</div>[39m
              [36m<div[39m
                [33mdata-testid[39m=[32m"event-3"[39m
              [36m>[39m
                [0mWorkshop[0m
              [36m</div>[39m
            [36m</div>[39m
          [36m</div>[39m
          [36m<div[39m
            [33mclass[39m=[32m"fixed inset-0 z-[99999] flex items-center justify-center"[39m
          [36m>[39m
            [36m<div[39m
              [33mclass[39m=[32m"fixed inset-0 z-[99998] bg-black/30 backdrop-blur-md"[39m
            [36m/>[39m
            [36m<div[39m
              [33mclass[39m=[32m"relative w-full max-w-2xl rounded-3xl bg-white dark:bg-gray-900 p-6 max-w-[700px] p-6 lg:p-10 z-[99999] border border-gray-800 dark:border-gray-600"[39m
            [36m>[39m
              [36m<button[39m
                [33mclass[39m=[32m"absolute right-3 top-3 z-[99999] flex h-9 w-9 items-center justify-center rounded-full bg-gray-100 text-gray-400 transition-colors hover:bg-gray-200 hover:text-gray-700 dark:bg-gray-800 dark:text-gray-400 dark:hover:bg-gray-700 dark:hover:text-white"[39m
              [36m>[39m
                [36m<svg[39m
                  [33mfill[39m=[32m"none"[39m
                  [33mheight[39m=[32m"24"[39m
                  [33mviewBox[39m=[32m"0 0 24 24"[39m
                  [33mwidth[39m=[32m"24"[39m
                  [33mxmlns[39m=[32m"http://www.w3.org/2000/svg"[39m
                [36m>[39m
                  [36m<path[39m
                    [33mclip-rule[39m=[32m"evenodd"[39m
                    [33md[39m=[32m"M6.04289 16.5413C5.65237 16.9318 5.65237 17.565 6.04289 17.9555C6.43342 18.346 7.06658 18.346 7.45711 17.9555L11.9987 13.4139L16.5408 17.956C16.9313 18.3466 17.5645 18.3466 17.955 17.956C18.3455 17.5655 18.3455 16.9323 17.955 16.5418L13.4129 11.9997L17.955 7.4576C18.3455 7.06707 18.3455 6.43391 17.955 6.04338C17.5645 5.65286 16.9313 5.65286 16.5408 6.04338L11.9987 10.5855L7.45711 6.0439C7.06658 5.65338 6.43342 5.65338 6.04289 6.0439C5.65237 6.43442 5.65237 7.06759 6.04289 7.45811L10.5845 11.9997L6.04289 16.5413Z"[39m
                    [33mfill[39m=[32m"currentColor"[39m
                    [33mfill-rule[39m=[32m"evenodd"[39m
                  [36m/>[39m
                [36m</svg>[39m
              [36m</button>[39m
              [36m<div[39m
                [33mclass[39m=[32m"max-h-[90vh] overflow-y-auto"[39m
              [36m>[39m
                [36m<div[39m
                  [33mclass[39m=[32m"custom-scrollbar flex flex-col overflow-y-auto px-2"[39m
                [36m>[39m
                  [36m<div>[39m
                    [36m<h5[39m
                      [33mclass[39m=[32m"modal-title mb-2 text-theme-xl font-semibold text-gray-800 dark:text-white/90 lg:text-2xl"[39m
                    [36m>[39m
                      [0mAdd Event[0m
                    [36m</h5>[39m
                    [36m<p[39m
                      [33mclass[39m=[32m"text-sm text-gray-500 dark:text-gray-400"[39m
                    [36m>[39m
                      [0mPlan your next big moment: schedule or edit an event to stay on track[0m
                    [36m</p>[39m
                  [36m</div>[39m
                  [36m<div[39m
                    [33mclass[39m=[32m"mt-8"[39m
                  [36m>[39m
                    [36m<div>[39m
                      [36m<div>[39m
                        [36m<label[39m
                          [33mclass[39m=[32m"mb-1.5 block text-sm font-medium text-gray-700 dark:text-gray-400"[39m
                          [33mfor[39m=[32m"event-title"[39m
                        [36m>[39m
                          [0mEvent Title[0m
                        [36m</label>[39m
                        [36m<input[39m
                          [33mclass[39m=[32m"dark:bg-dark-900 h-11 w-full rounded-lg border border-gray-300 bg-transparent px-4 py-2.5 text-sm text-gray-800 shadow-theme-xs placeholder:text-gray-400 focus:border-brand-300 focus:outline-none focus:ring focus:ring-brand-500/10 dark:border-gray-700 dark:bg-gray-900 dark:text-white/90 dark:placeholder:text-white/30 dark:focus:border-brand-800"[39m
                          [33mid[39m=[32m"event-title"[39m
                          [33mtype[39m=[32m"text"[39m
                          [33mvalue[39m=[32m""[39m
                        [36m/>[39m
                      [36m</div>[39m
                    [36m</div>[39m
                    [36m<div[39m
                      [33mclass[39m=[32m"mt-6"[39m
                    [36m>[39m
                      [36m<label[39m
                        [33mclass[39m=[32m"mb-4 block text-sm font-medium text-gray-700 dark:text-gray-400"[39m
                      [36m>[39m
                        [0mEvent Color[0m
                      [36m</label>[39m
                      [36m<div[39m
                        [33mclass[39m=[32m"flex flex-wrap items-center gap-4 sm:gap-5"[39m
                      [36m>[39m
                        [36m<div[39m
                          [33mclass[39m=[32m"n-chk"[39m
                        [36m>[39m
                          [36m<div[39m
                            [33mclass[39m=[32m"form-check form-check-danger form-check-inline"[39m
                          [36m>[39m
                            [36m<label[39m
                              [33mclass[39m=[32m"form-check-label flex items-center text-sm text-gray-700 dark:text-gray-400"[39m
                              [33mfor[39m=[32m"modalDanger"[39m
                            [36m>[39m
                              [36m<span[39m
                                [33mclass[39m=[32m"relative"[39m
                              [36m>[39m
                                [36m<input[39m
                                  [33mclass[39m=[32m"form-check-input sr-only"[39m
                                  [33mid[39m=[32m"modalDanger"[39m
                                  [33mname[39m=[32m"event-level"[39m
                                  [33mtype[39m=[32m"radio"[39m
                                  [33mvalue[39m=[32m"Danger"[39m
                                [36m/>[39m
                                [36m<span[39m
                                  [33mclass[39m=[32m"box mr-2 flex h-5 w-5 items-center justify-center rounded-full border border-gray-300 dark:border-gray-700"[39m
                                [36m>[39m
                                  [36m<span[39m
                                    [33mclass[39m=[32m"h-2 w-2 rounded-full bg-white dark:bg-transparent"[39m
                                  [36m/>[39m
                                [36m</span>[39m
                              [36m</span>[39m
                              [0mDanger[0m
                            [36m</label>[39m
                          [36m</div>[39m
                        [36m</div>[39m
                        [36m<div[39m
                          [33mclass[39m=[32m"n-chk"[39m
                        [36m>[39m
                          [36m<div[39m
                            [33mclass[39m=[32m"form-check form-check-success form-check-inline"[39m
                          [36m>[39m
                            [36m<label[39m
                              [33mclass[39m=[32m"form-check-label flex items-center text-sm text-gray-700 dark:text-gray-400"[39m
                              [33mfor[39m=[32m"modalSuccess"[39m
                            [36m>[39m
                              [36m<span[39m
                                [33mclass[39m=[32m"relative"[39m
                              [36m>[39m
                                [36m<input[39m
                                  [33mclass[39m=[32m"form-check-input sr-only"[39m
                                  [33mid[39m=[32m"modalSuccess"[39m
                                  [33mname[39m=[32m"event-level"[39m
                                  [33mtype[39m=[32m"radio"[39m
                                  [33mvalue[39m=[32m"Success"[39m
                                [36m/>[39m
                                [36m<span[39m
                                  [33mclass[39m=[32m"box mr-2 flex h-5 w-5 items-center justify-center rounded-full border border-gray-300 dark:border-gray-700"[39m
                                [36m>[39m
                                  [36m<span[39m
                                    [33mclass[39m=[32m"h-2 w-2 rounded-full bg-white dark:bg-transparent"[39m
                                  [36m/>[39m
                                [36m</span>[39m
                              [36m</span>[39m
                              [0mSuccess[0m
                            [36m</label>[39m
                          [36m</div>[39m
                        [36m</div>[39m
                        [36m<div[39m
                          [33mclass[39m=[32m"n-chk"[39m
                        [36m>[39m
                          [36m<div[39m
                            [33mclass[39m=[32m"form-check form-check-primary form-check-inline"[39m
                          [36m>[39m
                            [36m<label[39m
                              [33mclass[39m=[32m"form-check-label flex items-center text-sm text-gray-700 dark:text-gray-400"[39m
                              [33mfor[39m=[32m"modalPrimary"[39m
                            [36m>[39m
                              [36m<span[39m
                                [33mclass[39m=[32m"relative"[39m
                              [36m>[39m
                                [36m<input[39m
                                  [33mclass[39m=[32m"form-check-input sr-only"[39m
                                  [33mid[39m=[32m"modalPrimary"[39m
                                  [33mname[39m=[32m"event-level"[39m
                                  [33mtype[39m=[32m"radio"[39m
                                  [33mvalue[39m=[32m"Primary"[39m
                                [36m/>[39m
                                [36m<span[39m
                                  [33mclass[39m=[32m"box mr-2 flex h-5 w-5 items-center justify-center rounded-full border border-gray-300 dark:border-gray-700"[39m
                                [36m>[39m
                                  [36m<span[39m
                                    [33mclass[39m=[32m"h-2 w-2 rounded-full bg-white dark:bg-transparent"[39m
                                  [36m/>[39m
                                [36m</span>[39m
                              [36m</span>[39m
                              [0mPrimary[0m
                            [36m</label>[39m
                          [36m</div>[39m
                        [36m</div>[39m
                        [36m<div[39m
                          [33mclass[39m=[32m"n-chk"[39m
                        [36m>[39m
                          [36m<div[39m
                            [33mclass[39m=[32m"form-check form-check-warning form-check-inline"[39m
                          [36m>[39m
                            [36m<label[39m
                              [33mclass[39m=[32m"form-check-label flex items-center text-sm text-gray-700 dark:text-gray-400"[39m
                              [33mfor[39m=[32m"modalWarning"[39m
                            [36m>[39m
                              [36m<span[39m
                                [33mclass[39m=[32m"relative"[39m
                              [36m>[39m
                                [36m<input[39m
                                  [33mclass[39m=[32m"form-check-input sr-only"[39m
                                  [33mid[39m=[32m"modalWarning"[39m
                                  [33mname[39m=[32m"event-level"[39m
                                  [33mtype[39m=[32m"radio"[39m
                                  [33mvalue[39m=[32m"Warning"[39m
                                [36m/>[39m
                                [36m<span[39m
                                  [33mclass[39m=[32m"box mr-2 flex h-5 w-5 items-center justify-center rounded-full border border-gray-300 dark:border-gray-700"[39m
                                [36m>[39m
                                  [36m<span[39m
                                    [33mclass[39m=[32m"h-2 w-2 rounded-full bg-white dark:bg-transparent"[39m
                                  [36m/>[39m
                                [36m</span>[39m
                              [36m</span>[39m
                              [0mWarning[0m
                            [36m</label>[39m
                          [36m</div>[39m
                        [36m</div>[39m
                      [36m</div>[39m
                    [36m</div>[39m
                    [36m<div[39m
                      [33mclass[39m=[32m"mt-6"[39m
                    [36m>[39m
                      [36m<label[39m
                        [33mclass[39m=[32m"mb-1.5 block text-sm font-medium text-gray-700 dark:text-gray-400"[39m
                        [33mfor[39m=[32m"event-start-date"[39m
                      [36m>[39m
                        [0mEnter Start Date[0m
                      [36m</label>[39m
                      [36m<div[39m
                        [33mclass[39m=[32m"relative"[39m
                      [36m>[39m
                        [36m<input[39m
                          [33mclass[39m=[32m"dark:bg-dark-900 h-11 w-full appearance-none rounded-lg border border-gray-300 bg-transparent bg-none px-4 py-2.5 pl-4 pr-11 text-sm text-gray-800 shadow-theme-xs placeholder:text-gray-400 focus:border-brand-300 focus:outline-none focus:ring focus:ring-brand-500/10 dark:border-gray-700 dark:bg-gray-900 dark:text-white/90 dark:placeholder:text-white/30 dark:focus:border-brand-800"[39m
                          [33mid[39m=[32m"event-start-date"[39m
                          [33mtype[39m=[32m"date"[39m
                          [33mvalue[39m=[32m""[39m
                        [36m/>[39m
                      [36m</div>[39m
                    [36m</div>[39m
                    [36m<div[39m
                      [33mclass[39m=[32m"mt-6"[39m
                    [36m>[39m
                      [36m<label[39m
                        [33mclass[39m=[32m"mb-1.5 block text-sm font-medium text-gray-700 dark:text-gray-400"[39m
                        [33mfor[39m=[32m"event-end-date"[39m
                      [36m>[39m
                        [0mEnter End Date[0m
                      [36m</label>[39m
                      [36m<div[39m
                        [33mclass[39m=[32m"relative"[39m
                      [36m>[39m
                        [36m<input[39m
                          [33mclass[39m=[32m"dark:bg-dark-900 h-11 w-full appearance-none rounded-lg border border-gray-300 bg-transparent bg-none px-4 py-2.5 pl-4 pr-11 text-sm text-gray-800 shadow-theme-xs placeholder:text-gray-400 focus:border-brand-300 focus:outline-none focus:ring focus:ring-brand-500/10 dark:border-gray-700 dark:bg-gray-900 dark:text-white/90 dark:placeholder:text-white/30 dark:focus:border-brand-800"[39m
                          [33mid[39m=[32m"event-end-date"[39m
                          [33mtype[39m=[32m"date"[39m
                          [33mvalue[39m=[32m""[39m
                        [36m/>[39m
                      [36m</div>[39m
                    [36m</div>[39m
                  [36m</div>[39m
                  [36m<div[39m
                    [33mclass[39m=[32m"modal-footer mt-6 flex items-center gap-3 sm:justify-end"[39m
                  [36m>[39m
                    [36m<button[39m
                      [33mclass[39m=[32m"flex w-full justify-center rounded-lg border border-gray-300 bg-white px-4 py-2.5 text-sm font-medium text-gray-700 hover:bg-gray-50 dark:border-gray-700 dark:bg-gray-800 dark:text-gray-400 dark:hover:bg-white/[0.03] sm:w-auto"[39m
                      [33mtype[39m=[32m"button"[39m
                    [36m>[39m
                      [0mClose[0m
                    [36m</button>[39m
                    [36m<button[39m
                      [33mclass[39m=[32m"btn btn-success btn-update-event flex w-full justify-center rounded-lg bg-brand-500 px-4 py-2.5 text-sm font-medium text-white hover:bg-brand-600 sm:w-auto"[39m
                      [33mtype[39m=[32m"button"[39m
                    [36m>[39m
                      [0mAdd Event[0m
                    [36m</button>[39m
                  [36m</div>[39m
                [36m</div>[39m
              [36m</div>[39m
            [36m</div>[39m
          [36m</div>[39m
        [36m</div>[39m
      [36m</div>[39m
    [36m</body>[39m

      106 |     });
      107 |     render(<Calendar />);
    > 108 |     expect(screen.getByText(/Add Event|Edit Event/)).toBeInTheDocument();
          |                   ^
      109 |   });
      110 |
      111 |   it('should close modal when close button is clicked', () => {

      at Object.getElementError (node_modules/@testing-library/dom/dist/config.js:37:19)
      at getElementError (node_modules/@testing-library/dom/dist/query-helpers.js:20:35)
      at getMultipleElementsFoundError (node_modules/@testing-library/dom/dist/query-helpers.js:23:10)
      at node_modules/@testing-library/dom/dist/query-helpers.js:55:13
      at node_modules/@testing-library/dom/dist/query-helpers.js:95:19
      at Object.getByText (src/components/calendar/__tests__/Calendar.test.tsx:108:19)

  ● Calendar › should update event when form is submitted with selected event

    TestingLibraryElementError: Found multiple elements with the text: /Update Changes|Add Event/

    Here are the matching elements:

    Ignored nodes: comments, script, style
    [36m<button>[39m
      [0mAdd Event[0m
    [36m</button>[39m

    Ignored nodes: comments, script, style
    [36m<button[39m
      [33mclass[39m=[32m"btn btn-success btn-update-event flex w-full justify-center rounded-lg bg-brand-500 px-4 py-2.5 text-sm font-medium text-white hover:bg-brand-600 sm:w-auto"[39m
      [33mtype[39m=[32m"button"[39m
    [36m>[39m
      [0mUpdate Changes[0m
    [36m</button>[39m

    (If this is intentional, then use the `*AllBy*` variant of the query (like `queryAllByText`, `getAllByText`, or `findAllByText`)).

    Ignored nodes: comments, script, style
    [36m<body[39m
      [33mstyle[39m=[32m"overflow: hidden;"[39m
    [36m>[39m
      [36m<div>[39m
        [36m<div[39m
          [33mclass[39m=[32m"rounded-2xl border border-gray-200 bg-white dark:border-gray-800 dark:bg-white/[0.03]"[39m
        [36m>[39m
          [36m<div[39m
            [33mclass[39m=[32m"custom-calendar"[39m
          [36m>[39m
            [36m<div[39m
              [33mdata-testid[39m=[32m"fullcalendar"[39m
            [36m>[39m
              [36m<button>[39m
                [0mSelect Date[0m
              [36m</button>[39m
              [36m<button>[39m
                [0mClick Event[0m
              [36m</button>[39m
              [36m<button>[39m
                [0mAdd Event[0m
              [36m</button>[39m
              [36m<div[39m
                [33mdata-testid[39m=[32m"event-1"[39m
              [36m>[39m
                [0mEvent Conf.[0m
              [36m</div>[39m
              [36m<div[39m
                [33mdata-testid[39m=[32m"event-2"[39m
              [36m>[39m
                [0mMeeting[0m
              [36m</div>[39m
              [36m<div[39m
                [33mdata-testid[39m=[32m"event-3"[39m
              [36m>[39m
                [0mWorkshop[0m
              [36m</div>[39m
            [36m</div>[39m
          [36m</div>[39m
          [36m<div[39m
            [33mclass[39m=[32m"fixed inset-0 z-[99999] flex items-center justify-center"[39m
          [36m>[39m
            [36m<div[39m
              [33mclass[39m=[32m"fixed inset-0 z-[99998] bg-black/30 backdrop-blur-md"[39m
            [36m/>[39m
            [36m<div[39m
              [33mclass[39m=[32m"relative w-full max-w-2xl rounded-3xl bg-white dark:bg-gray-900 p-6 max-w-[700px] p-6 lg:p-10 z-[99999] border border-gray-800 dark:border-gray-600"[39m
            [36m>[39m
              [36m<button[39m
                [33mclass[39m=[32m"absolute right-3 top-3 z-[99999] flex h-9 w-9 items-center justify-center rounded-full bg-gray-100 text-gray-400 transition-colors hover:bg-gray-200 hover:text-gray-700 dark:bg-gray-800 dark:text-gray-400 dark:hover:bg-gray-700 dark:hover:text-white"[39m
              [36m>[39m
                [36m<svg[39m
                  [33mfill[39m=[32m"none"[39m
                  [33mheight[39m=[32m"24"[39m
                  [33mviewBox[39m=[32m"0 0 24 24"[39m
                  [33mwidth[39m=[32m"24"[39m
                  [33mxmlns[39m=[32m"http://www.w3.org/2000/svg"[39m
                [36m>[39m
                  [36m<path[39m
                    [33mclip-rule[39m=[32m"evenodd"[39m
                    [33md[39m=[32m"M6.04289 16.5413C5.65237 16.9318 5.65237 17.565 6.04289 17.9555C6.43342 18.346 7.06658 18.346 7.45711 17.9555L11.9987 13.4139L16.5408 17.956C16.9313 18.3466 17.5645 18.3466 17.955 17.956C18.3455 17.5655 18.3455 16.9323 17.955 16.5418L13.4129 11.9997L17.955 7.4576C18.3455 7.06707 18.3455 6.43391 17.955 6.04338C17.5645 5.65286 16.9313 5.65286 16.5408 6.04338L11.9987 10.5855L7.45711 6.0439C7.06658 5.65338 6.43342 5.65338 6.04289 6.0439C5.65237 6.43442 5.65237 7.06759 6.04289 7.45811L10.5845 11.9997L6.04289 16.5413Z"[39m
                    [33mfill[39m=[32m"currentColor"[39m
                    [33mfill-rule[39m=[32m"evenodd"[39m
                  [36m/>[39m
                [36m</svg>[39m
              [36m</button>[39m
              [36m<div[39m
                [33mclass[39m=[32m"max-h-[90vh] overflow-y-auto"[39m
              [36m>[39m
                [36m<div[39m
                  [33mclass[39m=[32m"custom-scrollbar flex flex-col overflow-y-auto px-2"[39m
                [36m>[39m
                  [36m<div>[39m
                    [36m<h5[39m
                      [33mclass[39m=[32m"modal-title mb-2 text-theme-xl font-semibold text-gray-800 dark:text-white/90 lg:text-2xl"[39m
                    [36m>[39m
                      [0mEdit Event[0m
                    [36m</h5>[39m
                    [36m<p[39m
                      [33mclass[39m=[32m"text-sm text-gray-500 dark:text-gray-400"[39m
                    [36m>[39m
                      [0mPlan your next big moment: schedule or edit an event to stay on track[0m
                    [36m</p>[39m
                  [36m</div>[39m
                  [36m<div[39m
                    [33mclass[39m=[32m"mt-8"[39m
                  [36m>[39m
                    [36m<div>[39m
                      [36m<div>[39m
                        [36m<label[39m
                          [33mclass[39m=[32m"mb-1.5 block text-sm font-medium text-gray-700 dark:text-gray-400"[39m
                          [33mfor[39m=[32m"event-title"[39m
                        [36m>[39m
                          [0mEvent Title[0m
                        [36m</label>[39m
                        [36m<input[39m
                          [33mclass[39m=[32m"dark:bg-dark-900 h-11 w-full rounded-lg border border-gray-300 bg-transparent px-4 py-2.5 text-sm text-gray-800 shadow-theme-xs placeholder:text-gray-400 focus:border-brand-300 focus:outline-none focus:ring focus:ring-brand-500/10 dark:border-gray-700 dark:bg-gray-900 dark:text-white/90 dark:placeholder:text-white/30 dark:focus:border-brand-800"[39m
                          [33mid[39m=[32m"event-title"[39m
                          [33mtype[39m=[32m"text"[39m
                          [33mvalue[39m=[32m"Updated Event"[39m
                        [36m/>[39m
                      [36m</div>[39m
                    [36m</div>[39m
                    [36m<div[39m
                      [33mclass[39m=[32m"mt-6"[39m
                    [36m>[39m
                      [36m<label[39m
                        [33mclass[39m=[32m"mb-4 block text-sm font-medium text-gray-700 dark:text-gray-400"[39m
                      [36m>[39m
                        [0mEvent Color[0m
                      [36m</label>[39m
                      [36m<div[39m
                        [33mclass[39m=[32m"flex flex-wrap items-center gap-4 sm:gap-5"[39m
                      [36m>[39m
                        [36m<div[39m
                          [33mclass[39m=[32m"n-chk"[39m
                        [36m>[39m
                          [36m<div[39m
                            [33mclass[39m=[32m"form-check form-check-danger form-check-inline"[39m
                          [36m>[39m
                            [36m<label[39m
                              [33mclass[39m=[32m"form-check-label flex items-center text-sm text-gray-700 dark:text-gray-400"[39m
                              [33mfor[39m=[32m"modalDanger"[39m
                            [36m>[39m
                              [36m<span[39m
                                [33mclass[39m=[32m"relative"[39m
                              [36m>[39m
                                [36m<input[39m
                                  [33mclass[39m=[32m"form-check-input sr-only"[39m
                                  [33mid[39m=[32m"modalDanger"[39m
                                  [33mname[39m=[32m"event-level"[39m
                                  [33mtype[39m=[32m"radio"[39m
                                  [33mvalue[39m=[32m"Danger"[39m
                                [36m/>[39m
                                [36m<span[39m
                                  [33mclass[39m=[32m"box mr-2 flex h-5 w-5 items-center justify-center rounded-full border border-gray-300 dark:border-gray-700"[39m
                                [36m>[39m
                                  [36m<span[39m
                                    [33mclass[39m=[32m"h-2 w-2 rounded-full bg-white dark:bg-transparent"[39m
                                  [36m/>[39m
                                [36m</span>[39m
                              [36m</span>[39m
                              [0mDanger[0m
                            [36m</label>[39m
                          [36m</div>[39m
                        [36m</div>[39m
                        [36m<div[39m
                          [33mclass[39m=[32m"n-chk"[39m
                        [36m>[39m
                          [36m<div[39m
                            [33mclass[39m=[32m"form-check form-check-success form-check-inline"[39m
                          [36m>[39m
                            [36m<label[39m
                              [33mclass[39m=[32m"form-check-label flex items-center text-sm text-gray-700 dark:text-gray-400"[39m
                              [33mfor[39m=[32m"modalSuccess"[39m
                            [36m>[39m
                              [36m<span[39m
                                [33mclass[39m=[32m"relative"[39m
                              [36m>[39m
                                [36m<input[39m
                                  [33mclass[39m=[32m"form-check-input sr-only"[39m
                                  [33mid[39m=[32m"modalSuccess"[39m
                                  [33mname[39m=[32m"event-level"[39m
                                  [33mtype[39m=[32m"radio"[39m
                                  [33mvalue[39m=[32m"Success"[39m
                                [36m/>[39m
                                [36m<span[39m
                                  [33mclass[39m=[32m"box mr-2 flex h-5 w-5 items-center justify-center rounded-full border border-gray-300 dark:border-gray-700"[39m
                                [36m>[39m
                                  [36m<span[39m
                                    [33mclass[39m=[32m"h-2 w-2 rounded-full bg-white dark:bg-transparent"[39m
                                  [36m/>[39m
                                [36m</span>[39m
                              [36m</span>[39m
                              [0mSuccess[0m
                            [36m</label>[39m
                          [36m</div>[39m
                        [36m</div>[39m
                        [36m<div[39m
                          [33mclass[39m=[32m"n-chk"[39m
                        [36m>[39m
                          [36m<div[39m
                            [33mclass[39m=[32m"form-check form-check-primary form-check-inline"[39m
                          [36m>[39m
                            [36m<label[39m
                              [33mclass[39m=[32m"form-check-label flex items-center text-sm text-gray-700 dark:text-gray-400"[39m
                              [33mfor[39m=[32m"modalPrimary"[39m
                            [36m>[39m
                              [36m<span[39m
                                [33mclass[39m=[32m"relative"[39m
                              [36m>[39m
                                [36m<input[39m
                                  [33mclass[39m=[32m"form-check-input sr-only"[39m
                                  [33mid[39m=[32m"modalPrimary"[39m
                                  [33mname[39m=[32m"event-level"[39m
                                  [33mtype[39m=[32m"radio"[39m
                                  [33mvalue[39m=[32m"Primary"[39m
                                [36m/>[39m
                                [36m<span[39m
                                  [33mclass[39m=[32m"box mr-2 flex h-5 w-5 items-center justify-center rounded-full border border-gray-300 dark:border-gray-700"[39m
                                [36m>[39m
                                  [36m<span[39m
                                    [33mclass[39m=[32m"h-2 w-2 rounded-full bg-white dark:bg-transparent"[39m
                                  [36m/>[39m
                                [36m</span>[39m
                              [36m</span>[39m
                              [0mPrimary[0m
                            [36m</label>[39m
                          [36m</div>[39m
                        [36m</div>[39m
                        [36m<div[39m
                          [33mclass[39m=[32m"n-chk"[39m
                        [36m>[39m
                          [36m<div[39m
                            [33mclass[39m=[32m"form-check form-check-warning form-check-inline"[39m
                          [36m>[39m
                            [36m<label[39m
                              [33mclass[39m=[32m"form-check-label flex items-center text-sm text-gray-700 dark:text-gray-400"[39m
                              [33mfor[39m=[32m"modalWarning"[39m
                            [36m>[39m
                              [36m<span[39m
                                [33mclass[39m=[32m"relative"[39m
                              [36m>[39m
                                [36m<input[39m
                                  [33mclass[39m=[32m"form-check-input sr-only"[39m
                                  [33mid[39m=[32m"modalWarning"[39m
                                  [33mname[39m=[32m"event-level"[39m
                                  [33mtype[39m=[32m"radio"[39m
                                  [33mvalue[39m=[32m"Warning"[39m
                                [36m/>[39m
                                [36m<span[39m
                                  [33mclass[39m=[32m"box mr-2 flex h-5 w-5 items-center justify-center rounded-full border border-gray-300 dark:border-gray-700"[39m
                                [36m>[39m
                                  [36m<span[39m
                                    [33mclass[39m=[32m"h-2 w-2 rounded-full bg-white dark:bg-transparent"[39m
                                  [36m/>[39m
                                [36m</span>[39m
                              [36m</span>[39m
                              [0mWarning[0m
                            [36m</label>[39m
                          [36m</div>[39m
                        [36m</div>[39m
                      [36m</div>[39m
                    [36m</div>[39m
                    [36m<div[39m
                      [33mclass[39m=[32m"mt-6"[39m
                    [36m>[39m
                      [36m<label[39m
                        [33mclass[39m=[32m"mb-1.5 block text-sm font-medium text-gray-700 dark:text-gray-400"[39m
                        [33mfor[39m=[32m"event-start-date"[39m
                      [36m>[39m
                        [0mEnter Start Date[0m
                      [36m</label>[39m
                      [36m<div[39m
                        [33mclass[39m=[32m"relative"[39m
                      [36m>[39m
                        [36m<input[39m
                          [33mclass[39m=[32m"dark:bg-dark-900 h-11 w-full appearance-none rounded-lg border border-gray-300 bg-transparent bg-none px-4 py-2.5 pl-4 pr-11 text-sm text-gray-800 shadow-theme-xs placeholder:text-gray-400 focus:border-brand-300 focus:outline-none focus:ring focus:ring-brand-500/10 dark:border-gray-700 dark:bg-gray-900 dark:text-white/90 dark:placeholder:text-white/30 dark:focus:border-brand-800"[39m
                          [33mid[39m=[32m"event-start-date"[39m
                          [33mtype[39m=[32m"date"[39m
                          [33mvalue[39m=[32m"2024-01-15"[39m
                        [36m/>[39m
                      [36m</div>[39m
                    [36m</div>[39m
                    [36m<div[39m
                      [33mclass[39m=[32m"mt-6"[39m
                    [36m>[39m
                      [36m<label[39m
                        [33mclass[39m=[32m"mb-1.5 block text-sm font-medium text-gray-700 dark:text-gray-400"[39m
                        [33mfor[39m=[32m"event-end-date"[39m
                      [36m>[39m
                        [0mEnter End Date[0m
                      [36m</label>[39m
                      [36m<div[39m
                        [33mclass[39m=[32m"relative"[39m
                      [36m>[39m
                        [36m<input[39m
                          [33mclass[39m=[32m"dark:bg-dark-900 h-11 w-full appearance-none rounded-lg border border-gray-300 bg-transparent bg-none px-4 py-2.5 pl-4 pr-11 text-sm text-gray-800 shadow-theme-xs placeholder:text-gray-400 focus:border-brand-300 focus:outline-none focus:ring focus:ring-brand-500/10 dark:border-gray-700 dark:bg-gray-900 dark:text-white/90 dark:placeholder:text-white/30 dark:focus:border-brand-800"[39m
                          [33mid[39m=[32m"event-end-date"[39m
                          [33mtype[39m=[32m"date"[39m
                          [33mvalue[39m=[32m""[39m
                        [36m/>[39m
                      [36m</div>[39m
                    [36m</div>[39m
                  [36m</div>[39m
                  [36m<div[39m
                    [33mclass[39m=[32m"modal-footer mt-6 flex items-center gap-3 sm:justify-end"[39m
                  [36m>[39m
                    [36m<button[39m
                      [33mclass[39m=[32m"flex w-full justify-center rounded-lg border border-gray-300 bg-white px-4 py-2.5 text-sm font-medium text-gray-700 hover:bg-gray-50 dark:border-gray-700 dark:bg-gray-800 dark:text-gray-400 dark:hover:bg-white/[0.03] sm:w-auto"[39m
                      [33mtype[39m=[32m"button"[39m
                    [36m>[39m
                      [0mClose[0m
                    [36m</button>[39m
                    [36m<button[39m
                      [33mclass[39m=[32m"btn btn-success btn-update-event flex w-full justify-center rounded-lg bg-brand-500 px-4 py-2.5 text-sm font-medium text-white hover:bg-brand-600 sm:w-auto"[39m
                      [33mtype[39m=[32m"button"[39m
                    [36m>[39m
                      [0mUpdate Changes[0m
                    [36m</button>[39m
                  [36m</div>[39m
                [36m</div>[39m
              [36m</div>[39m
            [36m</div>[39m
          [36m</div>[39m
        [36m</div>[39m
      [36m</div>[39m
    [36m</body>[39m

      139 |     }
      140 |     
    > 141 |     const updateButton = screen.getByText(/Update Changes|Add Event/);
          |                                 ^
      142 |     fireEvent.click(updateButton);
      143 |     
      144 |     expect(mockCloseModal).toHaveBeenCalled();

      at Object.getElementError (node_modules/@testing-library/dom/dist/config.js:37:19)
      at getElementError (node_modules/@testing-library/dom/dist/query-helpers.js:20:35)
      at getMultipleElementsFoundError (node_modules/@testing-library/dom/dist/query-helpers.js:23:10)
      at node_modules/@testing-library/dom/dist/query-helpers.js:55:13
      at node_modules/@testing-library/dom/dist/query-helpers.js:95:19
      at Object.getByText (src/components/calendar/__tests__/Calendar.test.tsx:141:33)

FAIL src/components/ui/__tests__/command.test.tsx
  ● Command Components › Command › should render command

    TypeError: (0 , L.useId) is not a function

      15 |   describe('Command', () => {
      16 |     it('should render command', () => {
    > 17 |       render(
         |             ^
      18 |         <Command>
      19 |           <CommandInput placeholder="Search..." />
      20 |           <CommandList>

      at node_modules/cmdk/dist/index.js:1:2662
      at Object.react_stack_bottom_frame (node_modules/react-dom/cjs/react-dom-client.development.js:25904:20)
      at renderWithHooks (node_modules/react-dom/cjs/react-dom-client.development.js:7662:22)
      at updateForwardRef (node_modules/react-dom/cjs/react-dom-client.development.js:9724:19)
      at beginWork (node_modules/react-dom/cjs/react-dom-client.development.js:12117:18)
      at runWithFiberInDEV (node_modules/react-dom/cjs/react-dom-client.development.js:874:13)
      at performUnitOfWork (node_modules/react-dom/cjs/react-dom-client.development.js:17641:22)
      at workLoopSync (node_modules/react-dom/cjs/react-dom-client.development.js:17469:41)
      at renderRootSync (node_modules/react-dom/cjs/react-dom-client.development.js:17450:11)
      at performWorkOnRoot (node_modules/react-dom/cjs/react-dom-client.development.js:16583:35)
      at performWorkOnRootViaSchedulerTask (node_modules/react-dom/cjs/react-dom-client.development.js:18957:7)
      at flushActQueue (node_modules/react/cjs/react.development.js:590:34)
      at process.env.NODE_ENV.exports.act (node_modules/react/cjs/react.development.js:884:10)
      at node_modules/@testing-library/react/dist/act-compat.js:47:25
      at renderRoot (node_modules/@testing-library/react/dist/pure.js:190:26)
      at render (node_modules/@testing-library/react/dist/pure.js:292:10)
      at Object.<anonymous> (src/components/ui/__tests__/command.test.tsx:17:13)

  ● Command Components › CommandDialog › should render command dialog when open

    TypeError: (0 , L.useId) is not a function

      29 |   describe('CommandDialog', () => {
      30 |     it('should render command dialog when open', () => {
    > 31 |       render(
         |             ^
      32 |         <CommandDialog open={true}>
      33 |           <CommandInput placeholder="Search..." />
      34 |         </CommandDialog>

      at node_modules/cmdk/dist/index.js:1:2662
      at Object.react_stack_bottom_frame (node_modules/react-dom/cjs/react-dom-client.development.js:25904:20)
      at renderWithHooks (node_modules/react-dom/cjs/react-dom-client.development.js:7662:22)
      at updateForwardRef (node_modules/react-dom/cjs/react-dom-client.development.js:9724:19)
      at beginWork (node_modules/react-dom/cjs/react-dom-client.development.js:12117:18)
      at runWithFiberInDEV (node_modules/react-dom/cjs/react-dom-client.development.js:874:13)
      at performUnitOfWork (node_modules/react-dom/cjs/react-dom-client.development.js:17641:22)
      at workLoopSync (node_modules/react-dom/cjs/react-dom-client.development.js:17469:41)
      at renderRootSync (node_modules/react-dom/cjs/react-dom-client.development.js:17450:11)
      at performWorkOnRoot (node_modules/react-dom/cjs/react-dom-client.development.js:16583:35)
      at performWorkOnRootViaSchedulerTask (node_modules/react-dom/cjs/react-dom-client.development.js:18957:7)
      at flushActQueue (node_modules/react/cjs/react.development.js:590:34)
      at process.env.NODE_ENV.exports.act (node_modules/react/cjs/react.development.js:884:10)
      at node_modules/@testing-library/react/dist/act-compat.js:47:25
      at renderRoot (node_modules/@testing-library/react/dist/pure.js:190:26)
      at render (node_modules/@testing-library/react/dist/pure.js:292:10)
      at Object.<anonymous> (src/components/ui/__tests__/command.test.tsx:31:13)

  ● Command Components › CommandDialog › should not render when closed

    TypeError: (0 , L.useId) is not a function

      38 |
      39 |     it('should not render when closed', () => {
    > 40 |       render(
         |             ^
      41 |         <CommandDialog open={false}>
      42 |           <CommandInput placeholder="Search..." />
      43 |         </CommandDialog>

      at node_modules/cmdk/dist/index.js:1:2662
      at Object.react_stack_bottom_frame (node_modules/react-dom/cjs/react-dom-client.development.js:25904:20)
      at renderWithHooks (node_modules/react-dom/cjs/react-dom-client.development.js:7662:22)
      at updateForwardRef (node_modules/react-dom/cjs/react-dom-client.development.js:9724:19)
      at beginWork (node_modules/react-dom/cjs/react-dom-client.development.js:12117:18)
      at runWithFiberInDEV (node_modules/react-dom/cjs/react-dom-client.development.js:874:13)
      at performUnitOfWork (node_modules/react-dom/cjs/react-dom-client.development.js:17641:22)
      at workLoopSync (node_modules/react-dom/cjs/react-dom-client.development.js:17469:41)
      at renderRootSync (node_modules/react-dom/cjs/react-dom-client.development.js:17450:11)
      at performWorkOnRoot (node_modules/react-dom/cjs/react-dom-client.development.js:16583:35)
      at performWorkOnRootViaSchedulerTask (node_modules/react-dom/cjs/react-dom-client.development.js:18957:7)
      at flushActQueue (node_modules/react/cjs/react.development.js:590:34)
      at process.env.NODE_ENV.exports.act (node_modules/react/cjs/react.development.js:884:10)
      at node_modules/@testing-library/react/dist/act-compat.js:47:25
      at renderRoot (node_modules/@testing-library/react/dist/pure.js:190:26)
      at render (node_modules/@testing-library/react/dist/pure.js:292:10)
      at Object.<anonymous> (src/components/ui/__tests__/command.test.tsx:40:13)

  ● Command Components › CommandInput › should render command input

    TypeError: (0 , L.useId) is not a function

      49 |   describe('CommandInput', () => {
      50 |     it('should render command input', () => {
    > 51 |       render(
         |             ^
      52 |         <Command>
      53 |           <CommandInput placeholder="Type to search" />
      54 |         </Command>

      at node_modules/cmdk/dist/index.js:1:2662
      at Object.react_stack_bottom_frame (node_modules/react-dom/cjs/react-dom-client.development.js:25904:20)
      at renderWithHooks (node_modules/react-dom/cjs/react-dom-client.development.js:7662:22)
      at updateForwardRef (node_modules/react-dom/cjs/react-dom-client.development.js:9724:19)
      at beginWork (node_modules/react-dom/cjs/react-dom-client.development.js:12117:18)
      at runWithFiberInDEV (node_modules/react-dom/cjs/react-dom-client.development.js:874:13)
      at performUnitOfWork (node_modules/react-dom/cjs/react-dom-client.development.js:17641:22)
      at workLoopSync (node_modules/react-dom/cjs/react-dom-client.development.js:17469:41)
      at renderRootSync (node_modules/react-dom/cjs/react-dom-client.development.js:17450:11)
      at performWorkOnRoot (node_modules/react-dom/cjs/react-dom-client.development.js:16583:35)
      at performWorkOnRootViaSchedulerTask (node_modules/react-dom/cjs/react-dom-client.development.js:18957:7)
      at flushActQueue (node_modules/react/cjs/react.development.js:590:34)
      at process.env.NODE_ENV.exports.act (node_modules/react/cjs/react.development.js:884:10)
      at node_modules/@testing-library/react/dist/act-compat.js:47:25
      at renderRoot (node_modules/@testing-library/react/dist/pure.js:190:26)
      at render (node_modules/@testing-library/react/dist/pure.js:292:10)
      at Object.<anonymous> (src/components/ui/__tests__/command.test.tsx:51:13)

  ● Command Components › CommandInput › should handle value change

    TypeError: (0 , L.useId) is not a function

      58 |
      59 |     it('should handle value change', () => {
    > 60 |       render(
         |             ^
      61 |         <Command>
      62 |           <CommandInput placeholder="Search" />
      63 |         </Command>

      at node_modules/cmdk/dist/index.js:1:2662
      at Object.react_stack_bottom_frame (node_modules/react-dom/cjs/react-dom-client.development.js:25904:20)
      at renderWithHooks (node_modules/react-dom/cjs/react-dom-client.development.js:7662:22)
      at updateForwardRef (node_modules/react-dom/cjs/react-dom-client.development.js:9724:19)
      at beginWork (node_modules/react-dom/cjs/react-dom-client.development.js:12117:18)
      at runWithFiberInDEV (node_modules/react-dom/cjs/react-dom-client.development.js:874:13)
      at performUnitOfWork (node_modules/react-dom/cjs/react-dom-client.development.js:17641:22)
      at workLoopSync (node_modules/react-dom/cjs/react-dom-client.development.js:17469:41)
      at renderRootSync (node_modules/react-dom/cjs/react-dom-client.development.js:17450:11)
      at performWorkOnRoot (node_modules/react-dom/cjs/react-dom-client.development.js:16583:35)
      at performWorkOnRootViaSchedulerTask (node_modules/react-dom/cjs/react-dom-client.development.js:18957:7)
      at flushActQueue (node_modules/react/cjs/react.development.js:590:34)
      at process.env.NODE_ENV.exports.act (node_modules/react/cjs/react.development.js:884:10)
      at node_modules/@testing-library/react/dist/act-compat.js:47:25
      at renderRoot (node_modules/@testing-library/react/dist/pure.js:190:26)
      at render (node_modules/@testing-library/react/dist/pure.js:292:10)
      at Object.<anonymous> (src/components/ui/__tests__/command.test.tsx:60:13)

  ● Command Components › CommandList › should render command list

    TypeError: (0 , L.useId) is not a function

      71 |   describe('CommandList', () => {
      72 |     it('should render command list', () => {
    > 73 |       render(
         |             ^
      74 |         <Command>
      75 |           <CommandList>
      76 |             <CommandItem>Item 1</CommandItem>

      at node_modules/cmdk/dist/index.js:1:2662
      at Object.react_stack_bottom_frame (node_modules/react-dom/cjs/react-dom-client.development.js:25904:20)
      at renderWithHooks (node_modules/react-dom/cjs/react-dom-client.development.js:7662:22)
      at updateForwardRef (node_modules/react-dom/cjs/react-dom-client.development.js:9724:19)
      at beginWork (node_modules/react-dom/cjs/react-dom-client.development.js:12117:18)
      at runWithFiberInDEV (node_modules/react-dom/cjs/react-dom-client.development.js:874:13)
      at performUnitOfWork (node_modules/react-dom/cjs/react-dom-client.development.js:17641:22)
      at workLoopSync (node_modules/react-dom/cjs/react-dom-client.development.js:17469:41)
      at renderRootSync (node_modules/react-dom/cjs/react-dom-client.development.js:17450:11)
      at performWorkOnRoot (node_modules/react-dom/cjs/react-dom-client.development.js:16583:35)
      at performWorkOnRootViaSchedulerTask (node_modules/react-dom/cjs/react-dom-client.development.js:18957:7)
      at flushActQueue (node_modules/react/cjs/react.development.js:590:34)
      at process.env.NODE_ENV.exports.act (node_modules/react/cjs/react.development.js:884:10)
      at node_modules/@testing-library/react/dist/act-compat.js:47:25
      at renderRoot (node_modules/@testing-library/react/dist/pure.js:190:26)
      at render (node_modules/@testing-library/react/dist/pure.js:292:10)
      at Object.<anonymous> (src/components/ui/__tests__/command.test.tsx:73:13)

  ● Command Components › CommandEmpty › should render empty state

    TypeError: (0 , L.useId) is not a function

      84 |   describe('CommandEmpty', () => {
      85 |     it('should render empty state', () => {
    > 86 |       render(
         |             ^
      87 |         <Command>
      88 |           <CommandList>
      89 |             <CommandEmpty>No results</CommandEmpty>

      at node_modules/cmdk/dist/index.js:1:2662
      at Object.react_stack_bottom_frame (node_modules/react-dom/cjs/react-dom-client.development.js:25904:20)
      at renderWithHooks (node_modules/react-dom/cjs/react-dom-client.development.js:7662:22)
      at updateForwardRef (node_modules/react-dom/cjs/react-dom-client.development.js:9724:19)
      at beginWork (node_modules/react-dom/cjs/react-dom-client.development.js:12117:18)
      at runWithFiberInDEV (node_modules/react-dom/cjs/react-dom-client.development.js:874:13)
      at performUnitOfWork (node_modules/react-dom/cjs/react-dom-client.development.js:17641:22)
      at workLoopSync (node_modules/react-dom/cjs/react-dom-client.development.js:17469:41)
      at renderRootSync (node_modules/react-dom/cjs/react-dom-client.development.js:17450:11)
      at performWorkOnRoot (node_modules/react-dom/cjs/react-dom-client.development.js:16583:35)
      at performWorkOnRootViaSchedulerTask (node_modules/react-dom/cjs/react-dom-client.development.js:18957:7)
      at flushActQueue (node_modules/react/cjs/react.development.js:590:34)
      at process.env.NODE_ENV.exports.act (node_modules/react/cjs/react.development.js:884:10)
      at node_modules/@testing-library/react/dist/act-compat.js:47:25
      at renderRoot (node_modules/@testing-library/react/dist/pure.js:190:26)
      at render (node_modules/@testing-library/react/dist/pure.js:292:10)
      at Object.<anonymous> (src/components/ui/__tests__/command.test.tsx:86:13)

  ● Command Components › CommandGroup › should render command group

    TypeError: (0 , L.useId) is not a function

       97 |   describe('CommandGroup', () => {
       98 |     it('should render command group', () => {
    >  99 |       render(
          |             ^
      100 |         <Command>
      101 |           <CommandList>
      102 |             <CommandGroup heading="Group">

      at node_modules/cmdk/dist/index.js:1:2662
      at Object.react_stack_bottom_frame (node_modules/react-dom/cjs/react-dom-client.development.js:25904:20)
      at renderWithHooks (node_modules/react-dom/cjs/react-dom-client.development.js:7662:22)
      at updateForwardRef (node_modules/react-dom/cjs/react-dom-client.development.js:9724:19)
      at beginWork (node_modules/react-dom/cjs/react-dom-client.development.js:12117:18)
      at runWithFiberInDEV (node_modules/react-dom/cjs/react-dom-client.development.js:874:13)
      at performUnitOfWork (node_modules/react-dom/cjs/react-dom-client.development.js:17641:22)
      at workLoopSync (node_modules/react-dom/cjs/react-dom-client.development.js:17469:41)
      at renderRootSync (node_modules/react-dom/cjs/react-dom-client.development.js:17450:11)
      at performWorkOnRoot (node_modules/react-dom/cjs/react-dom-client.development.js:16583:35)
      at performWorkOnRootViaSchedulerTask (node_modules/react-dom/cjs/react-dom-client.development.js:18957:7)
      at flushActQueue (node_modules/react/cjs/react.development.js:590:34)
      at process.env.NODE_ENV.exports.act (node_modules/react/cjs/react.development.js:884:10)
      at node_modules/@testing-library/react/dist/act-compat.js:47:25
      at renderRoot (node_modules/@testing-library/react/dist/pure.js:190:26)
      at render (node_modules/@testing-library/react/dist/pure.js:292:10)
      at Object.<anonymous> (src/components/ui/__tests__/command.test.tsx:99:13)

  ● Command Components › CommandItem › should render command item

    TypeError: (0 , L.useId) is not a function

      112 |   describe('CommandItem', () => {
      113 |     it('should render command item', () => {
    > 114 |       render(
          |             ^
      115 |         <Command>
      116 |           <CommandList>
      117 |             <CommandItem>Test Item</CommandItem>

      at node_modules/cmdk/dist/index.js:1:2662
      at Object.react_stack_bottom_frame (node_modules/react-dom/cjs/react-dom-client.development.js:25904:20)
      at renderWithHooks (node_modules/react-dom/cjs/react-dom-client.development.js:7662:22)
      at updateForwardRef (node_modules/react-dom/cjs/react-dom-client.development.js:9724:19)
      at beginWork (node_modules/react-dom/cjs/react-dom-client.development.js:12117:18)
      at runWithFiberInDEV (node_modules/react-dom/cjs/react-dom-client.development.js:874:13)
      at performUnitOfWork (node_modules/react-dom/cjs/react-dom-client.development.js:17641:22)
      at workLoopSync (node_modules/react-dom/cjs/react-dom-client.development.js:17469:41)
      at renderRootSync (node_modules/react-dom/cjs/react-dom-client.development.js:17450:11)
      at performWorkOnRoot (node_modules/react-dom/cjs/react-dom-client.development.js:16583:35)
      at performWorkOnRootViaSchedulerTask (node_modules/react-dom/cjs/react-dom-client.development.js:18957:7)
      at flushActQueue (node_modules/react/cjs/react.development.js:590:34)
      at process.env.NODE_ENV.exports.act (node_modules/react/cjs/react.development.js:884:10)
      at node_modules/@testing-library/react/dist/act-compat.js:47:25
      at renderRoot (node_modules/@testing-library/react/dist/pure.js:190:26)
      at render (node_modules/@testing-library/react/dist/pure.js:292:10)
      at Object.<anonymous> (src/components/ui/__tests__/command.test.tsx:114:13)

  ● Command Components › CommandItem › should handle click

    TypeError: (0 , L.useId) is not a function

      124 |     it('should handle click', () => {
      125 |       const handleSelect = jest.fn();
    > 126 |       render(
          |             ^
      127 |         <Command>
      128 |           <CommandList>
      129 |             <CommandItem onSelect={handleSelect}>Clickable Item</CommandItem>

      at node_modules/cmdk/dist/index.js:1:2662
      at Object.react_stack_bottom_frame (node_modules/react-dom/cjs/react-dom-client.development.js:25904:20)
      at renderWithHooks (node_modules/react-dom/cjs/react-dom-client.development.js:7662:22)
      at updateForwardRef (node_modules/react-dom/cjs/react-dom-client.development.js:9724:19)
      at beginWork (node_modules/react-dom/cjs/react-dom-client.development.js:12117:18)
      at runWithFiberInDEV (node_modules/react-dom/cjs/react-dom-client.development.js:874:13)
      at performUnitOfWork (node_modules/react-dom/cjs/react-dom-client.development.js:17641:22)
      at workLoopSync (node_modules/react-dom/cjs/react-dom-client.development.js:17469:41)
      at renderRootSync (node_modules/react-dom/cjs/react-dom-client.development.js:17450:11)
      at performWorkOnRoot (node_modules/react-dom/cjs/react-dom-client.development.js:16583:35)
      at performWorkOnRootViaSchedulerTask (node_modules/react-dom/cjs/react-dom-client.development.js:18957:7)
      at flushActQueue (node_modules/react/cjs/react.development.js:590:34)
      at process.env.NODE_ENV.exports.act (node_modules/react/cjs/react.development.js:884:10)
      at node_modules/@testing-library/react/dist/act-compat.js:47:25
      at renderRoot (node_modules/@testing-library/react/dist/pure.js:190:26)
      at render (node_modules/@testing-library/react/dist/pure.js:292:10)
      at Object.<anonymous> (src/components/ui/__tests__/command.test.tsx:126:13)

PASS src/app/(admin)/messages/send/__tests__/page.test.tsx
  ● Console

    console.error
      Unknown event handler property `onValueChange`. It will be ignored.

      42 |
      43 |   it('should render without crashing', () => {
    > 44 |     render(<Page />);
         |           ^
      45 |     expect(screen.getByText('Send Messages')).toBeInTheDocument();
      46 |   });
      47 |

      at validateProperty (node_modules/react-dom/cjs/react-dom-client.development.js:2935:21)
      at warnUnknownProperties (node_modules/react-dom/cjs/react-dom-client.development.js:3146:9)
      at validatePropertiesInDevelopment (node_modules/react-dom/cjs/react-dom-client.development.js:19868:9)
      at setInitialProperties (node_modules/react-dom/cjs/react-dom-client.development.js:20491:7)
      at completeWork (node_modules/react-dom/cjs/react-dom-client.development.js:12662:18)
      at runWithFiberInDEV (node_modules/react-dom/cjs/react-dom-client.development.js:874:13)
      at completeUnitOfWork (node_modules/react-dom/cjs/react-dom-client.development.js:17777:19)
      at performUnitOfWork (node_modules/react-dom/cjs/react-dom-client.development.js:17658:11)
      at workLoopSync (node_modules/react-dom/cjs/react-dom-client.development.js:17469:41)
      at renderRootSync (node_modules/react-dom/cjs/react-dom-client.development.js:17450:11)
      at performWorkOnRoot (node_modules/react-dom/cjs/react-dom-client.development.js:16504:11)
      at performWorkOnRootViaSchedulerTask (node_modules/react-dom/cjs/react-dom-client.development.js:18957:7)
      at flushActQueue (node_modules/react/cjs/react.development.js:590:34)
      at process.env.NODE_ENV.exports.act (node_modules/react/cjs/react.development.js:884:10)
      at node_modules/@testing-library/react/dist/act-compat.js:47:25
      at renderRoot (node_modules/@testing-library/react/dist/pure.js:190:26)
      at render (node_modules/@testing-library/react/dist/pure.js:292:10)
      at Object.<anonymous> (/home/iann/code/project/sms_portail/src/app/(admin)../../../../../messages/send/__tests__/page.test.tsx:44:11)

FAIL src/components/ui/__tests__/carousel.test.tsx
  ● Carousel Components › Carousel › should render carousel

    TypeError: (0 , _emblacarouselreact.default) is not a function or its return value is not iterable

      32 | const Carousel = React.forwardRef<HTMLDivElement, React.HTMLAttributes<HTMLDivElement> & CarouselProps>(
      33 |   ({ orientation = "horizontal", opts, setApi, plugins, className, children, ...props }, ref) => {
    > 34 |     const [carouselRef, api] = useEmblaCarousel(
         |                                                ^
      35 |       {
      36 |         ...opts,
      37 |         axis: orientation === "horizontal" ? "x" : "y",

      at Carousel (src/components/ui/carousel.tsx:34:48)
      at Object.react_stack_bottom_frame (node_modules/react-dom/cjs/react-dom-client.development.js:25904:20)
      at renderWithHooks (node_modules/react-dom/cjs/react-dom-client.development.js:7662:22)
      at updateForwardRef (node_modules/react-dom/cjs/react-dom-client.development.js:9724:19)
      at beginWork (node_modules/react-dom/cjs/react-dom-client.development.js:12117:18)
      at runWithFiberInDEV (node_modules/react-dom/cjs/react-dom-client.development.js:874:13)
      at performUnitOfWork (node_modules/react-dom/cjs/react-dom-client.development.js:17641:22)
      at workLoopSync (node_modules/react-dom/cjs/react-dom-client.development.js:17469:41)
      at renderRootSync (node_modules/react-dom/cjs/react-dom-client.development.js:17450:11)
      at performWorkOnRoot (node_modules/react-dom/cjs/react-dom-client.development.js:16583:35)
      at performWorkOnRootViaSchedulerTask (node_modules/react-dom/cjs/react-dom-client.development.js:18957:7)
      at flushActQueue (node_modules/react/cjs/react.development.js:590:34)
      at process.env.NODE_ENV.exports.act (node_modules/react/cjs/react.development.js:884:10)
      at node_modules/@testing-library/react/dist/act-compat.js:47:25
      at renderRoot (node_modules/@testing-library/react/dist/pure.js:190:26)
      at render (node_modules/@testing-library/react/dist/pure.js:292:10)
      at Object.<anonymous> (src/components/ui/__tests__/carousel.test.tsx:14:13)

  ● Carousel Components › CarouselContent › should render carousel content

    TypeError: (0 , _emblacarouselreact.default) is not a function or its return value is not iterable

      32 | const Carousel = React.forwardRef<HTMLDivElement, React.HTMLAttributes<HTMLDivElement> & CarouselProps>(
      33 |   ({ orientation = "horizontal", opts, setApi, plugins, className, children, ...props }, ref) => {
    > 34 |     const [carouselRef, api] = useEmblaCarousel(
         |                                                ^
      35 |       {
      36 |         ...opts,
      37 |         axis: orientation === "horizontal" ? "x" : "y",

      at Carousel (src/components/ui/carousel.tsx:34:48)
      at Object.react_stack_bottom_frame (node_modules/react-dom/cjs/react-dom-client.development.js:25904:20)
      at renderWithHooks (node_modules/react-dom/cjs/react-dom-client.development.js:7662:22)
      at updateForwardRef (node_modules/react-dom/cjs/react-dom-client.development.js:9724:19)
      at beginWork (node_modules/react-dom/cjs/react-dom-client.development.js:12117:18)
      at runWithFiberInDEV (node_modules/react-dom/cjs/react-dom-client.development.js:874:13)
      at performUnitOfWork (node_modules/react-dom/cjs/react-dom-client.development.js:17641:22)
      at workLoopSync (node_modules/react-dom/cjs/react-dom-client.development.js:17469:41)
      at renderRootSync (node_modules/react-dom/cjs/react-dom-client.development.js:17450:11)
      at performWorkOnRoot (node_modules/react-dom/cjs/react-dom-client.development.js:16583:35)
      at performWorkOnRootViaSchedulerTask (node_modules/react-dom/cjs/react-dom-client.development.js:18957:7)
      at flushActQueue (node_modules/react/cjs/react.development.js:590:34)
      at process.env.NODE_ENV.exports.act (node_modules/react/cjs/react.development.js:884:10)
      at node_modules/@testing-library/react/dist/act-compat.js:47:25
      at renderRoot (node_modules/@testing-library/react/dist/pure.js:190:26)
      at render (node_modules/@testing-library/react/dist/pure.js:292:10)
      at Object.<anonymous> (src/components/ui/__tests__/carousel.test.tsx:27:13)

  ● Carousel Components › CarouselItem › should render carousel item

    TypeError: (0 , _emblacarouselreact.default) is not a function or its return value is not iterable

      32 | const Carousel = React.forwardRef<HTMLDivElement, React.HTMLAttributes<HTMLDivElement> & CarouselProps>(
      33 |   ({ orientation = "horizontal", opts, setApi, plugins, className, children, ...props }, ref) => {
    > 34 |     const [carouselRef, api] = useEmblaCarousel(
         |                                                ^
      35 |       {
      36 |         ...opts,
      37 |         axis: orientation === "horizontal" ? "x" : "y",

      at Carousel (src/components/ui/carousel.tsx:34:48)
      at Object.react_stack_bottom_frame (node_modules/react-dom/cjs/react-dom-client.development.js:25904:20)
      at renderWithHooks (node_modules/react-dom/cjs/react-dom-client.development.js:7662:22)
      at updateForwardRef (node_modules/react-dom/cjs/react-dom-client.development.js:9724:19)
      at beginWork (node_modules/react-dom/cjs/react-dom-client.development.js:12117:18)
      at runWithFiberInDEV (node_modules/react-dom/cjs/react-dom-client.development.js:874:13)
      at performUnitOfWork (node_modules/react-dom/cjs/react-dom-client.development.js:17641:22)
      at workLoopSync (node_modules/react-dom/cjs/react-dom-client.development.js:17469:41)
      at renderRootSync (node_modules/react-dom/cjs/react-dom-client.development.js:17450:11)
      at performWorkOnRoot (node_modules/react-dom/cjs/react-dom-client.development.js:16583:35)
      at performWorkOnRootViaSchedulerTask (node_modules/react-dom/cjs/react-dom-client.development.js:18957:7)
      at flushActQueue (node_modules/react/cjs/react.development.js:590:34)
      at process.env.NODE_ENV.exports.act (node_modules/react/cjs/react.development.js:884:10)
      at node_modules/@testing-library/react/dist/act-compat.js:47:25
      at renderRoot (node_modules/@testing-library/react/dist/pure.js:190:26)
      at render (node_modules/@testing-library/react/dist/pure.js:292:10)
      at Object.<anonymous> (src/components/ui/__tests__/carousel.test.tsx:40:13)

  ● Carousel Components › CarouselPrevious › should render previous button

    TypeError: (0 , _emblacarouselreact.default) is not a function or its return value is not iterable

      32 | const Carousel = React.forwardRef<HTMLDivElement, React.HTMLAttributes<HTMLDivElement> & CarouselProps>(
      33 |   ({ orientation = "horizontal", opts, setApi, plugins, className, children, ...props }, ref) => {
    > 34 |     const [carouselRef, api] = useEmblaCarousel(
         |                                                ^
      35 |       {
      36 |         ...opts,
      37 |         axis: orientation === "horizontal" ? "x" : "y",

      at Carousel (src/components/ui/carousel.tsx:34:48)
      at Object.react_stack_bottom_frame (node_modules/react-dom/cjs/react-dom-client.development.js:25904:20)
      at renderWithHooks (node_modules/react-dom/cjs/react-dom-client.development.js:7662:22)
      at updateForwardRef (node_modules/react-dom/cjs/react-dom-client.development.js:9724:19)
      at beginWork (node_modules/react-dom/cjs/react-dom-client.development.js:12117:18)
      at runWithFiberInDEV (node_modules/react-dom/cjs/react-dom-client.development.js:874:13)
      at performUnitOfWork (node_modules/react-dom/cjs/react-dom-client.development.js:17641:22)
      at workLoopSync (node_modules/react-dom/cjs/react-dom-client.development.js:17469:41)
      at renderRootSync (node_modules/react-dom/cjs/react-dom-client.development.js:17450:11)
      at performWorkOnRoot (node_modules/react-dom/cjs/react-dom-client.development.js:16583:35)
      at performWorkOnRootViaSchedulerTask (node_modules/react-dom/cjs/react-dom-client.development.js:18957:7)
      at flushActQueue (node_modules/react/cjs/react.development.js:590:34)
      at process.env.NODE_ENV.exports.act (node_modules/react/cjs/react.development.js:884:10)
      at node_modules/@testing-library/react/dist/act-compat.js:47:25
      at renderRoot (node_modules/@testing-library/react/dist/pure.js:190:26)
      at render (node_modules/@testing-library/react/dist/pure.js:292:10)
      at Object.<anonymous> (src/components/ui/__tests__/carousel.test.tsx:53:13)

  ● Carousel Components › CarouselNext › should render next button

    TypeError: (0 , _emblacarouselreact.default) is not a function or its return value is not iterable

      32 | const Carousel = React.forwardRef<HTMLDivElement, React.HTMLAttributes<HTMLDivElement> & CarouselProps>(
      33 |   ({ orientation = "horizontal", opts, setApi, plugins, className, children, ...props }, ref) => {
    > 34 |     const [carouselRef, api] = useEmblaCarousel(
         |                                                ^
      35 |       {
      36 |         ...opts,
      37 |         axis: orientation === "horizontal" ? "x" : "y",

      at Carousel (src/components/ui/carousel.tsx:34:48)
      at Object.react_stack_bottom_frame (node_modules/react-dom/cjs/react-dom-client.development.js:25904:20)
      at renderWithHooks (node_modules/react-dom/cjs/react-dom-client.development.js:7662:22)
      at updateForwardRef (node_modules/react-dom/cjs/react-dom-client.development.js:9724:19)
      at beginWork (node_modules/react-dom/cjs/react-dom-client.development.js:12117:18)
      at runWithFiberInDEV (node_modules/react-dom/cjs/react-dom-client.development.js:874:13)
      at performUnitOfWork (node_modules/react-dom/cjs/react-dom-client.development.js:17641:22)
      at workLoopSync (node_modules/react-dom/cjs/react-dom-client.development.js:17469:41)
      at renderRootSync (node_modules/react-dom/cjs/react-dom-client.development.js:17450:11)
      at performWorkOnRoot (node_modules/react-dom/cjs/react-dom-client.development.js:16583:35)
      at performWorkOnRootViaSchedulerTask (node_modules/react-dom/cjs/react-dom-client.development.js:18957:7)
      at flushActQueue (node_modules/react/cjs/react.development.js:590:34)
      at process.env.NODE_ENV.exports.act (node_modules/react/cjs/react.development.js:884:10)
      at node_modules/@testing-library/react/dist/act-compat.js:47:25
      at renderRoot (node_modules/@testing-library/react/dist/pure.js:190:26)
      at render (node_modules/@testing-library/react/dist/pure.js:292:10)
      at Object.<anonymous> (src/components/ui/__tests__/carousel.test.tsx:67:13)

PASS src/components/example/ModalExample/__tests__/VerticallyCenteredModal.test.tsx
FAIL src/app/(admin)/messages/history/__tests__/page.test.tsx
  ● Console

    console.error
      Unknown event handler property `onValueChange`. It will be ignored.

      27 |
      28 |   it('should render without crashing', () => {
    > 29 |     render(<Page />);
         |           ^
      30 |     expect(screen.getByText('Message History')).toBeInTheDocument();
      31 |   });
      32 |

      at validateProperty (node_modules/react-dom/cjs/react-dom-client.development.js:2935:21)
      at warnUnknownProperties (node_modules/react-dom/cjs/react-dom-client.development.js:3146:9)
      at validatePropertiesInDevelopment (node_modules/react-dom/cjs/react-dom-client.development.js:19868:9)
      at setInitialProperties (node_modules/react-dom/cjs/react-dom-client.development.js:20491:7)
      at completeWork (node_modules/react-dom/cjs/react-dom-client.development.js:12662:18)
      at runWithFiberInDEV (node_modules/react-dom/cjs/react-dom-client.development.js:874:13)
      at completeUnitOfWork (node_modules/react-dom/cjs/react-dom-client.development.js:17777:19)
      at performUnitOfWork (node_modules/react-dom/cjs/react-dom-client.development.js:17658:11)
      at workLoopSync (node_modules/react-dom/cjs/react-dom-client.development.js:17469:41)
      at renderRootSync (node_modules/react-dom/cjs/react-dom-client.development.js:17450:11)
      at performWorkOnRoot (node_modules/react-dom/cjs/react-dom-client.development.js:16504:11)
      at performWorkOnRootViaSchedulerTask (node_modules/react-dom/cjs/react-dom-client.development.js:18957:7)
      at flushActQueue (node_modules/react/cjs/react.development.js:590:34)
      at process.env.NODE_ENV.exports.act (node_modules/react/cjs/react.development.js:884:10)
      at node_modules/@testing-library/react/dist/act-compat.js:47:25
      at renderRoot (node_modules/@testing-library/react/dist/pure.js:190:26)
      at render (node_modules/@testing-library/react/dist/pure.js:292:10)
      at Object.<anonymous> (/home/iann/code/project/sms_portail/src/app/(admin)../../../../../messages/history/__tests__/page.test.tsx:29:11)

  ● Messages History Page › should render transactional messages table by default

    TestingLibraryElementError: Found multiple elements by: [data-testid="messages-table"]

    Here are the matching elements:

    Ignored nodes: comments, script, style
    [36m<div[39m
      [33mdata-testid[39m=[32m"messages-table"[39m
    [36m>[39m
      [0mTransactional Messages History[0m
      [0m - [0m
      [0mno-key[0m
    [36m</div>[39m

    Ignored nodes: comments, script, style
    [36m<div[39m
      [33mdata-testid[39m=[32m"messages-table"[39m
    [36m>[39m
      [0mPromotional Messages History[0m
      [0m - [0m
      [0mno-key[0m
    [36m</div>[39m

    Ignored nodes: comments, script, style
    [36m<div[39m
      [33mdata-testid[39m=[32m"messages-table"[39m
    [36m>[39m
      [0mRecurring Messages History[0m
      [0m - [0m
      [0mno-key[0m
    [36m</div>[39m

    (If this is intentional, then use the `*AllBy*` variant of the query (like `queryAllByText`, `getAllByText`, or `findAllByText`)).

    Ignored nodes: comments, script, style
    [36m<body>[39m
      [36m<div>[39m
        [36m<div[39m
          [33mclass[39m=[32m"space-y-6 p-4 md:p-6"[39m
        [36m>[39m
          [36m<div[39m
            [33mclass[39m=[32m"bg-gradient-to-r from-blue-light-500/10 via-brand-500/10 to-blue-light-500/10 rounded-xl p-6 md:p-8 border border-blue-light-200/50 dark:border-blue-light-800/50 shadow-sm"[39m
          [36m>[39m
            [36m<div[39m
              [33mclass[39m=[32m"flex items-center gap-4 mb-3"[39m
            [36m>[39m
              [36m<div[39m
                [33mclass[39m=[32m"p-3 bg-gradient-to-br from-blue-light-500 to-blue-light-600 rounded-xl shadow-md"[39m
              [36m>[39m
                [36m<svg[39m
                  [33maria-hidden[39m=[32m"true"[39m
                  [33mclass[39m=[32m"lucide lucide-history h-7 w-7 text-white"[39m
                  [33mfill[39m=[32m"none"[39m
                  [33mheight[39m=[32m"24"[39m
                  [33mstroke[39m=[32m"currentColor"[39m
                  [33mstroke-linecap[39m=[32m"round"[39m
                  [33mstroke-linejoin[39m=[32m"round"[39m
                  [33mstroke-width[39m=[32m"2"[39m
                  [33mviewBox[39m=[32m"0 0 24 24"[39m
                  [33mwidth[39m=[32m"24"[39m
                  [33mxmlns[39m=[32m"http://www.w3.org/2000/svg"[39m
                [36m>[39m
                  [36m<path[39m
                    [33md[39m=[32m"M3 12a9 9 0 1 0 9-9 9.75 9.75 0 0 0-6.74 2.74L3 8"[39m
                  [36m/>[39m
                  [36m<path[39m
                    [33md[39m=[32m"M3 3v5h5"[39m
                  [36m/>[39m
                  [36m<path[39m
                    [33md[39m=[32m"M12 7v5l4 2"[39m
                  [36m/>[39m
                [36m</svg>[39m
              [36m</div>[39m
              [36m<div>[39m
                [36m<h1[39m
                  [33mclass[39m=[32m"text-2xl md:text-3xl font-bold tracking-tight text-gray-900 dark:text-white"[39m
                [36m>[39m
                  [0mMessage History[0m
                [36m</h1>[39m
                [36m<p[39m
                  [33mclass[39m=[32m"text-muted-foreground dark:text-gray-400 mt-2"[39m
                [36m>[39m
                  [0mView and manage all your SMS message history[0m
                [36m</p>[39m
              [36m</div>[39m
            [36m</div>[39m
          [36m</div>[39m
          [36m<div[39m
            [33mclass[39m=[32m"space-y-6"[39m
            [33mvalue[39m=[32m"transactional"[39m
          [36m>[39m
            [36m<div[39m
              [33mclass[39m=[32m"items-center text-gray-600 dark:text-gray-400 flex w-full justify-start overflow-x-auto h-auto p-1.5 bg-gray-100 dark:bg-gray-800 rounded-lg border border-gray-200 dark:border-gray-700 shadow-sm scrollbar-thin scrollbar-thumb-gray-300 dark:scrollbar-thumb-gray-600 scrollbar-track-transparent"[39m
            [36m>[39m
              [36m<div[39m
                [33mclass[39m=[32m"justify-center text-gray-600 dark:text-gray-400 ring-offset-background focus-visible:outline-none focus-visible:ring-2 focus-visible:ring-ring focus-visible:ring-offset-2 disabled:pointer-events-none disabled:opacity-50 flex items-center gap-2 px-4 py-2.5 text-sm font-medium rounded-md data-[state=active]:bg-white dark:data-[state=active]:bg-gray-900 data-[state=active]:text-brand-600 dark:data-[state=active]:text-brand-400 data-[state=active]:shadow-sm transition-all whitespace-nowrap flex-shrink-0"[39m
                [33mvalue[39m=[32m"transactional"[39m
              [36m>[39m
                [36m<svg[39m
                  [33maria-hidden[39m=[32m"true"[39m
                  [33mclass[39m=[32m"lucide lucide-history h-4 w-4"[39m
                  [33mfill[39m=[32m"none"[39m
                  [33mheight[39m=[32m"24"[39m
                  [33mstroke[39m=[32m"currentColor"[39m
                  [33mstroke-linecap[39m=[32m"round"[39m
                  [33mstroke-linejoin[39m=[32m"round"[39m
                  [33mstroke-width[39m=[32m"2"[39m
                  [33mviewBox[39m=[32m"0 0 24 24"[39m
                  [33mwidth[39m=[32m"24"[39m
                  [33mxmlns[39m=[32m"http://www.w3.org/2000/svg"[39m
                [36m>[39m
                  [36m<path[39m
                    [33md[39m=[32m"M3 12a9 9 0 1 0 9-9 9.75 9.75 0 0 0-6.74 2.74L3 8"[39m
                  [36m/>[39m
                  [36m<path[39m
                    [33md[39m=[32m"M3 3v5h5"[39m
                  [36m/>[39m
                  [36m<path[39m
                    [33md[39m=[32m"M12 7v5l4 2"[39m
                  [36m/>[39m
                [36m</svg>[39m
                [36m<span[39m
                  [33mclass[39m=[32m"hidden sm:inline"[39m
                [36m>[39m
                  [0mTransactional[0m
                [36m</span>[39m
              [36m</div>[39m
              [36m<div[39m
                [33mclass[39m=[32m"justify-center text-gray-600 dark:text-gray-400 ring-offset-background focus-visible:outline-none focus-visible:ring-2 focus-visible:ring-ring focus-visible:ring-offset-2 disabled:pointer-events-none disabled:opacity-50 flex items-center gap-2 px-4 py-2.5 text-sm font-medium rounded-md data-[state=active]:bg-white dark:data-[state=active]:bg-gray-900 data-[state=active]:text-blue-light-600 dark:data-[state=active]:text-blue-light-400 data-[state=active]:shadow-sm transition-all whitespace-nowrap flex-shrink-0"[39m
                [33mvalue[39m=[32m"promotional"[39m
              [36m>[39m
                [36m<svg[39m
                  [33maria-hidden[39m=[32m"true"[39m
                  [33mclass[39m=[32m"lucide lucide-history h-4 w-4"[39m
                  [33mfill[39m=[32m"none"[39m
                  [33mheight[39m=[32m"24"[39m
                  [33mstroke[39m=[32m"currentColor"[39m
                  [33mstroke-linecap[39m=[32m"round"[39m
                  [33mstroke-linejoin[39m=[32m"round"[39m
                  [33mstroke-width[39m=[32m"2"[39m
                  [33mviewBox[39m=[32m"0 0 24 24"[39m
                  [33mwidth[39m=[32m"24"[39m
                  [33mxmlns[39m=[32m"http://www.w3.org/2000/svg"[39m
                [36m>[39m
                  [36m<path[39m
                    [33md[39m=[32m"M3 12a9 9 0 1 0 9-9 9.75 9.75 0 0 0-6.74 2.74L3 8"[39m
                  [36m/>[39m
                  [36m<path[39m
                    [33md[39m=[32m"M3 3v5h5"[39m
                  [36m/>[39m
                  [36m<path[39m
                    [33md[39m=[32m"M12 7v5l4 2"[39m
                  [36m/>[39m
                [36m</svg>[39m
                [36m<span[39m
                  [33mclass[39m=[32m"hidden sm:inline"[39m
                [36m>[39m
                  [0mPromotional[0m
                [36m</span>[39m
              [36m</div>[39m
              [36m<div[39m
                [33mclass[39m=[32m"justify-center text-gray-600 dark:text-gray-400 ring-offset-background focus-visible:outline-none focus-visible:ring-2 focus-visible:ring-ring focus-visible:ring-offset-2 disabled:pointer-events-none disabled:opacity-50 flex items-center gap-2 px-4 py-2.5 text-sm font-medium rounded-md data-[state=active]:bg-white dark:data...

      48 |   it('should render transactional messages table by default', () => {
      49 |     render(<Page />);
    > 50 |     expect(screen.getByTestId('messages-table')).toBeInTheDocument();
         |                   ^
      51 |     expect(screen.getByText(/Transactional Messages History/)).toBeInTheDocument();
      52 |   });
      53 |

      at Object.getElementError (node_modules/@testing-library/dom/dist/config.js:37:19)
      at getElementError (node_modules/@testing-library/dom/dist/query-helpers.js:20:35)
      at getMultipleElementsFoundError (node_modules/@testing-library/dom/dist/query-helpers.js:23:10)
      at node_modules/@testing-library/dom/dist/query-helpers.js:55:13
      at node_modules/@testing-library/dom/dist/query-helpers.js:95:19
      at Object.getByTestId (/home/iann/code/project/sms_portail/src/app/(admin)../../../../../messages/history/__tests__/page.test.tsx:50:19)

  ● Messages History Page › should load API key from localStorage

    TestingLibraryElementError: Found multiple elements with the text: /test-api-key-456/

    Here are the matching elements:

    Ignored nodes: comments, script, style
    [36m<div[39m
      [33mdata-testid[39m=[32m"messages-table"[39m
    [36m>[39m
      [0mTransactional Messages History[0m
      [0m - [0m
      [0mtest-api-key-456[0m
    [36m</div>[39m

    Ignored nodes: comments, script, style
    [36m<div[39m
      [33mdata-testid[39m=[32m"messages-table"[39m
    [36m>[39m
      [0mPromotional Messages History[0m
      [0m - [0m
      [0mtest-api-key-456[0m
    [36m</div>[39m

    Ignored nodes: comments, script, style
    [36m<div[39m
      [33mdata-testid[39m=[32m"bulk-messages-table"[39m
    [36m>[39m
      [0mBulk Messages History[0m
      [0m - [0m
      [0mtest-api-key-456[0m
    [36m</div>[39m

    Ignored nodes: comments, script, style
    [36m<div[39m
      [33mdata-testid[39m=[32m"scheduled-messages-table"[39m
    [36m>[39m
      [0mScheduled Messages History[0m
      [0m - [0m
      [0mtest-api-key-456[0m
    [36m</div>[39m

    Ignored nodes: comments, script, style
    [36m<div[39m
      [33mdata-testid[39m=[32m"messages-table"[39m
    [36m>[39m
      [0mRecurring Messages History[0m
      [0m - [0m
      [0mtest-api-key-456[0m
    [36m</div>[39m

    (If this is intentional, then use the `*AllBy*` variant of the query (like `queryAllByText`, `getAllByText`, or `findAllByText`)).

    Ignored nodes: comments, script, style
    [36m<body>[39m
      [36m<div>[39m
        [36m<div[39m
          [33mclass[39m=[32m"space-y-6 p-4 md:p-6"[39m
        [36m>[39m
          [36m<div[39m
            [33mclass[39m=[32m"bg-gradient-to-r from-blue-light-500/10 via-brand-500/10 to-blue-light-500/10 rounded-xl p-6 md:p-8 border border-blue-light-200/50 dark:border-blue-light-800/50 shadow-sm"[39m
          [36m>[39m
            [36m<div[39m
              [33mclass[39m=[32m"flex items-center gap-4 mb-3"[39m
            [36m>[39m
              [36m<div[39m
                [33mclass[39m=[32m"p-3 bg-gradient-to-br from-blue-light-500 to-blue-light-600 rounded-xl shadow-md"[39m
              [36m>[39m
                [36m<svg[39m
                  [33maria-hidden[39m=[32m"true"[39m
                  [33mclass[39m=[32m"lucide lucide-history h-7 w-7 text-white"[39m
                  [33mfill[39m=[32m"none"[39m
                  [33mheight[39m=[32m"24"[39m
                  [33mstroke[39m=[32m"currentColor"[39m
                  [33mstroke-linecap[39m=[32m"round"[39m
                  [33mstroke-linejoin[39m=[32m"round"[39m
                  [33mstroke-width[39m=[32m"2"[39m
                  [33mviewBox[39m=[32m"0 0 24 24"[39m
                  [33mwidth[39m=[32m"24"[39m
                  [33mxmlns[39m=[32m"http://www.w3.org/2000/svg"[39m
                [36m>[39m
                  [36m<path[39m
                    [33md[39m=[32m"M3 12a9 9 0 1 0 9-9 9.75 9.75 0 0 0-6.74 2.74L3 8"[39m
                  [36m/>[39m
                  [36m<path[39m
                    [33md[39m=[32m"M3 3v5h5"[39m
                  [36m/>[39m
                  [36m<path[39m
                    [33md[39m=[32m"M12 7v5l4 2"[39m
                  [36m/>[39m
                [36m</svg>[39m
              [36m</div>[39m
              [36m<div>[39m
                [36m<h1[39m
                  [33mclass[39m=[32m"text-2xl md:text-3xl font-bold tracking-tight text-gray-900 dark:text-white"[39m
                [36m>[39m
                  [0mMessage History[0m
                [36m</h1>[39m
                [36m<p[39m
                  [33mclass[39m=[32m"text-muted-foreground dark:text-gray-400 mt-2"[39m
                [36m>[39m
                  [0mView and manage all your SMS message history[0m
                [36m</p>[39m
              [36m</div>[39m
            [36m</div>[39m
          [36m</div>[39m
          [36m<div[39m
            [33mclass[39m=[32m"space-y-6"[39m
            [33mvalue[39m=[32m"transactional"[39m
          [36m>[39m
            [36m<div[39m
              [33mclass[39m=[32m"items-center text-gray-600 dark:text-gray-400 flex w-full justify-start overflow-x-auto h-auto p-1.5 bg-gray-100 dark:bg-gray-800 rounded-lg border border-gray-200 dark:border-gray-700 shadow-sm scrollbar-thin scrollbar-thumb-gray-300 dark:scrollbar-thumb-gray-600 scrollbar-track-transparent"[39m
            [36m>[39m
              [36m<div[39m
                [33mclass[39m=[32m"justify-center text-gray-600 dark:text-gray-400 ring-offset-background focus-visible:outline-none focus-visible:ring-2 focus-visible:ring-ring focus-visible:ring-offset-2 disabled:pointer-events-none disabled:opacity-50 flex items-center gap-2 px-4 py-2.5 text-sm font-medium rounded-md data-[state=active]:bg-white dark:data-[state=active]:bg-gray-900 data-[state=active]:text-brand-600 dark:data-[state=active]:text-brand-400 data-[state=active]:shadow-sm transition-all whitespace-nowrap flex-shrink-0"[39m
                [33mvalue[39m=[32m"transactional"[39m
              [36m>[39m
                [36m<svg[39m
                  [33maria-hidden[39m=[32m"true"[39m
                  [33mclass[39m=[32m"lucide lucide-history h-4 w-4"[39m
                  [33mfill[39m=[32m"none"[39m
                  [33mheight[39m=[32m"24"[39m
                  [33mstroke[39m=[32m"currentColor"[39m
                  [33mstroke-linecap[39m=[32m"round"[39m
                  [33mstroke-linejoin[39m=[32m"round"[39m
                  [33mstroke-width[39m=[32m"2"[39m
                  [33mviewBox[39m=[32m"0 0 24 24"[39m
                  [33mwidth[39m=[32m"24"[39m
                  [33mxmlns[39m=[32m"http://www.w3.org/2000/svg"[39m
                [36m>[39m
                  [36m<path[39m
                    [33md[39m=[32m"M3 12a9 9 0 1 0 9-9 9.75 9.75 0 0 0-6.74 2.74L3 8"[39m
                  [36m/>[39m
                  [36m<path[39m
                    [33md[39m=[32m"M3 3v5h5"[39m
                  [36m/>[39m
                  [36m<path[39m
                    [33md[39m=[32m"M12 7v5l4 2"[39m
                  [36m/>[39m
                [36m</svg>[39m
                [36m<span[39m
                  [33mclass[39m=[32m"hidden sm:inline"[39m
                [36m>[39m
                  [0mTransactional[0m
                [36m</span>[39m
              [36m</div>[39m
              [36m<div[39m
                [33mclass[39m=[32m"justify-center text-gray-600 dark:text-gray-400 ring-offset-background focus-visible:outline-none focus-visible:ring-2 focus-visible:ring-ring focus-visible:ring-offset-2 disabled:pointer-events-none disabled:opacity-50 flex items-center gap-2 px-4 py-2.5 text-sm font-medium rounded-md data-[state=active]:bg-white dark:data-[state=active]:bg-gray-900 data-[state=active]:text-blue-light-600 dark:data-[state=active]:text-blue-light-400 data-[state=active]:shadow-sm transition-all whitespace-nowrap flex-shrink-0"[39m
                [33mvalue[39m=[32m"promotional"[39m
              [36m>[39m
                [36m<svg[39m
                  [33maria-hidden[39m=[32m"true"[39m
                  [33mclass[39m=[32m"lucide lucide-history h-4 w-4"[39m
                  [33mfill[39m=[32m"none"[39m
                  [33mheight[39m=[32m"24"[39m
                  [33mstroke[39m=[32m"currentColor"[39m
                  [33mstroke-linecap[39m=[32m"round"[39m
                  [33mstroke-linejoin[39m=[32m"round"[39m
                  [33mstroke-width[39m=[32m"2"[39m
                  [33mviewBox[39m=[32m"0 0 24 24"[39m
                  [33mwidth[39m=[32m"24"[39m
                  [33mxmlns[39m=[32m"http://www.w3.org/2000/svg"[39m
                [36m>[39m
                  [36m<path[39m
                    [33md[39m=[32m"M3 12a9 9 0 1 0 9-9 9.75 9.75 0 0 0-6.74 2.74L3 8"[39m
                  [36m/>[39m
                  [36m<path[39m
                    [33md[39m=[32m"M3 3v5h5"[39m
                  [36m/>[39m
                  [36m<path[39m
                    [33md[39m=[32m"M12 7v5l4 2"[39m
                  [36m/>[39m
                [36m</svg>[39m
                [36m<span[39m
                  [33mclass[39m=[32m"hidden sm:inline"[39m
                [36m>[39m
                  [0mPromotional[0m
                [36m</span>[39m
              [36m</div>[39m
              [36m<div[39m
                [33mclass[39m=[32m"justify-center text-gray-600 dark:text-gray-400 ring-offset-background focus-visible:outline-none focus-visible:ring-2 focus-visible:ring-ring focus-visible:ring-offset-2 disabled:pointer-events-none disabled:opacity-50 flex items-center gap-2 px-4 py-2.5 text-sm font-medium rounded-md data-[state=active]:bg-white dark:data...

      55 |     localStorage.setItem('apiKey', 'test-api-key-456');
      56 |     render(<Page />);
    > 57 |     expect(screen.getByText(/test-api-key-456/)).toBeInTheDocument();
         |                   ^
      58 |   });
      59 |
      60 |   it('should render transactional tab content', () => {

      at Object.getElementError (node_modules/@testing-library/dom/dist/config.js:37:19)
      at getElementError (node_modules/@testing-library/dom/dist/query-helpers.js:20:35)
      at getMultipleElementsFoundError (node_modules/@testing-library/dom/dist/query-helpers.js:23:10)
      at node_modules/@testing-library/dom/dist/query-helpers.js:55:13
      at node_modules/@testing-library/dom/dist/query-helpers.js:95:19
      at Object.getByText (/home/iann/code/project/sms_portail/src/app/(admin)../../../../../messages/history/__tests__/page.test.tsx:57:19)

PASS src/context/__tests__/ThemeContext.test.tsx
  ● Console

    console.error
      An update to ThemeProvider inside a test was not wrapped in act(...).
      
      When testing, code that causes React state updates should be wrapped into act(...):
      
      act(() => {
        /* fire events that update state */
      });
      /* assert on the output */
      
      This ensures that you're testing the behavior the user would see in the browser. Learn more at https://react.dev/link/wrap-tests-with-act

      30 |   }, [theme, isInitialized]);
      31 |   const toggleTheme = () => {
    > 32 |     setTheme((prevTheme) => (prevTheme === 'light' ? 'dark' : 'light'));
         |     ^
      33 |   };
      34 |   return (
      35 |     <ThemeContext.Provider value={{ theme, toggleTheme }}>

      at node_modules/react-dom/cjs/react-dom-client.development.js:18758:19
      at runWithFiberInDEV (node_modules/react-dom/cjs/react-dom-client.development.js:874:13)
      at warnIfUpdatesNotWrappedWithActDEV (node_modules/react-dom/cjs/react-dom-client.development.js:18757:9)
      at scheduleUpdateOnFiber (node_modules/react-dom/cjs/react-dom-client.development.js:16409:11)
      at dispatchSetStateInternal (node_modules/react-dom/cjs/react-dom-client.development.js:9170:13)
      at dispatchSetState (node_modules/react-dom/cjs/react-dom-client.development.js:9127:7)
      at setTheme (src/context/ThemeContext.tsx:32:5)
      at executeDispatch (node_modules/react-dom/cjs/react-dom-client.development.js:19116:9)
      at runWithFiberInDEV (node_modules/react-dom/cjs/react-dom-client.development.js:874:13)
      at processDispatchQueue (node_modules/react-dom/cjs/react-dom-client.development.js:19166:19)
      at node_modules/react-dom/cjs/react-dom-client.development.js:19767:9
      at batchedUpdates$1 (node_modules/react-dom/cjs/react-dom-client.development.js:3255:40)
      at dispatchEventForPluginEventSystem (node_modules/react-dom/cjs/react-dom-client.development.js:19320:7)
      at dispatchEvent (node_modules/react-dom/cjs/react-dom-client.development.js:23585:11)
      at dispatchDiscreteEvent (node_modules/react-dom/cjs/react-dom-client.development.js:23553:11)
      at HTMLDivElement.callTheUserObjectsOperation (node_modules/jsdom/lib/jsdom/living/generated/EventListener.js:26:30)
      at innerInvokeEventListeners (node_modules/jsdom/lib/jsdom/living/events/EventTarget-impl.js:350:25)
      at invokeEventListeners (node_modules/jsdom/lib/jsdom/living/events/EventTarget-impl.js:286:3)
      at HTMLButtonElementImpl._dispatch (node_modules/jsdom/lib/jsdom/living/events/EventTarget-impl.js:233:9)
      at fireAnEvent (node_modules/jsdom/lib/jsdom/living/helpers/events.js:18:36)
      at HTMLButtonElementImpl.click (node_modules/jsdom/lib/jsdom/living/nodes/HTMLElement-impl.js:85:5)
      at HTMLButtonElement.click (node_modules/jsdom/lib/jsdom/living/generated/HTMLElement.js:108:34)
      at Object.click (src/context/__tests__/ThemeContext.test.tsx:39:12)

FAIL src/components/ui/__tests__/form.test.tsx
  ● Form Components › Form › should render form

    Element type is invalid: expected a string (for built-in components) or a class/function (for composite components) but got: undefined. You likely forgot to export your component from the file it's defined in, or you might have mixed up default and named imports.

    Check the render method of `FormControl`.

      25 |   describe('Form', () => {
      26 |     it('should render form', () => {
    > 27 |       render(
         |             ^
      28 |         <TestForm>
      29 |           <FormField
      30 |             name="test"

      at createFiberFromTypeAndProps (node_modules/react-dom/cjs/react-dom-client.development.js:5021:28)
      at createFiberFromElement (node_modules/react-dom/cjs/react-dom-client.development.js:5035:14)
      at reconcileChildFibersImpl (node_modules/react-dom/cjs/react-dom-client.development.js:6920:31)
      at node_modules/react-dom/cjs/react-dom-client.development.js:7098:33
      at reconcileChildren (node_modules/react-dom/cjs/react-dom-client.development.js:9701:13)
      at updateForwardRef (node_modules/react-dom/cjs/react-dom-client.development.js:9740:7)
      at beginWork (node_modules/react-dom/cjs/react-dom-client.development.js:12117:18)
      at runWithFiberInDEV (node_modules/react-dom/cjs/react-dom-client.development.js:874:13)
      at performUnitOfWork (node_modules/react-dom/cjs/react-dom-client.development.js:17641:22)
      at workLoopSync (node_modules/react-dom/cjs/react-dom-client.development.js:17469:41)
      at renderRootSync (node_modules/react-dom/cjs/react-dom-client.development.js:17450:11)
      at performWorkOnRoot (node_modules/react-dom/cjs/react-dom-client.development.js:16583:35)
      at performWorkOnRootViaSchedulerTask (node_modules/react-dom/cjs/react-dom-client.development.js:18957:7)
      at flushActQueue (node_modules/react/cjs/react.development.js:590:34)
      at process.env.NODE_ENV.exports.act (node_modules/react/cjs/react.development.js:884:10)
      at node_modules/@testing-library/react/dist/act-compat.js:47:25
      at renderRoot (node_modules/@testing-library/react/dist/pure.js:190:26)
      at render (node_modules/@testing-library/react/dist/pure.js:292:10)
      at Object.<anonymous> (src/components/ui/__tests__/form.test.tsx:27:13)

  ● Form Components › FormControl › should render form control

    Element type is invalid: expected a string (for built-in components) or a class/function (for composite components) but got: undefined. You likely forgot to export your component from the file it's defined in, or you might have mixed up default and named imports.

    Check the render method of `FormControl`.

      74 |   describe('FormControl', () => {
      75 |     it('should render form control', () => {
    > 76 |       render(
         |             ^
      77 |         <TestForm>
      78 |           <FormItem>
      79 |             <FormLabel>Test Label</FormLabel>

      at createFiberFromTypeAndProps (node_modules/react-dom/cjs/react-dom-client.development.js:5021:28)
      at createFiberFromElement (node_modules/react-dom/cjs/react-dom-client.development.js:5035:14)
      at reconcileChildFibersImpl (node_modules/react-dom/cjs/react-dom-client.development.js:6920:31)
      at node_modules/react-dom/cjs/react-dom-client.development.js:7098:33
      at reconcileChildren (node_modules/react-dom/cjs/react-dom-client.development.js:9701:13)
      at updateForwardRef (node_modules/react-dom/cjs/react-dom-client.development.js:9740:7)
      at beginWork (node_modules/react-dom/cjs/react-dom-client.development.js:12117:18)
      at runWithFiberInDEV (node_modules/react-dom/cjs/react-dom-client.development.js:874:13)
      at performUnitOfWork (node_modules/react-dom/cjs/react-dom-client.development.js:17641:22)
      at workLoopSync (node_modules/react-dom/cjs/react-dom-client.development.js:17469:41)
      at renderRootSync (node_modules/react-dom/cjs/react-dom-client.development.js:17450:11)
      at performWorkOnRoot (node_modules/react-dom/cjs/react-dom-client.development.js:16583:35)
      at performWorkOnRootViaSchedulerTask (node_modules/react-dom/cjs/react-dom-client.development.js:18957:7)
      at flushActQueue (node_modules/react/cjs/react.development.js:590:34)
      at process.env.NODE_ENV.exports.act (node_modules/react/cjs/react.development.js:884:10)
      at node_modules/@testing-library/react/dist/act-compat.js:47:25
      at renderRoot (node_modules/@testing-library/react/dist/pure.js:190:26)
      at render (node_modules/@testing-library/react/dist/pure.js:292:10)
      at Object.<anonymous> (src/components/ui/__tests__/form.test.tsx:76:13)

PASS src/components/ui/__tests__/skeleton.test.tsx
PASS src/components/ui/__tests__/toggle.test.tsx
PASS src/app/(admin)/senders/__tests__/page.test.tsx
  ● Console

    console.error
      Unknown event handler property `onValueChange`. It will be ignored.

      33 |
      34 |   it('should render senders page', () => {
    > 35 |     render(<SendersPage />);
         |           ^
      36 |     expect(screen.getByText('Senders')).toBeInTheDocument();
      37 |   });
      38 |

      at validateProperty (node_modules/react-dom/cjs/react-dom-client.development.js:2935:21)
      at warnUnknownProperties (node_modules/react-dom/cjs/react-dom-client.development.js:3146:9)
      at validatePropertiesInDevelopment (node_modules/react-dom/cjs/react-dom-client.development.js:19868:9)
      at setInitialProperties (node_modules/react-dom/cjs/react-dom-client.development.js:20491:7)
      at completeWork (node_modules/react-dom/cjs/react-dom-client.development.js:12662:18)
      at runWithFiberInDEV (node_modules/react-dom/cjs/react-dom-client.development.js:874:13)
      at completeUnitOfWork (node_modules/react-dom/cjs/react-dom-client.development.js:17777:19)
      at performUnitOfWork (node_modules/react-dom/cjs/react-dom-client.development.js:17658:11)
      at workLoopSync (node_modules/react-dom/cjs/react-dom-client.development.js:17469:41)
      at renderRootSync (node_modules/react-dom/cjs/react-dom-client.development.js:17450:11)
      at performWorkOnRoot (node_modules/react-dom/cjs/react-dom-client.development.js:16504:11)
      at performWorkOnRootViaSchedulerTask (node_modules/react-dom/cjs/react-dom-client.development.js:18957:7)
      at flushActQueue (node_modules/react/cjs/react.development.js:590:34)
      at process.env.NODE_ENV.exports.act (node_modules/react/cjs/react.development.js:884:10)
      at node_modules/@testing-library/react/dist/act-compat.js:47:25
      at renderRoot (node_modules/@testing-library/react/dist/pure.js:190:26)
      at render (node_modules/@testing-library/react/dist/pure.js:292:10)
      at Object.<anonymous> (/home/iann/code/project/sms_portail/src/app/(admin)../../../../../senders/__tests__/page.test.tsx:35:11)

PASS src/components/ui/__tests__/accordion.test.tsx
FAIL src/components/ui/__tests__/resizable.test.tsx
  ● Resizable Components › ResizablePanelGroup › should render resizable panel group

    TestingLibraryElementError: Unable to find an element with the text: Panel 1. This could be because the text is broken up by multiple elements. In this case, you can provide a function for your text matcher to make your matcher more flexible.

    Ignored nodes: comments, script, style
    [36m<body>[39m
      [36m<div>[39m
        [0mPanel 1[0m
        [0mPanel 2[0m
      [36m</div>[39m
    [36m</body>[39m

      17 |         </ResizablePanelGroup>
      18 |       );
    > 19 |       expect(screen.getByText('Panel 1')).toBeInTheDocument();
         |                     ^
      20 |       expect(screen.getByText('Panel 2')).toBeInTheDocument();
      21 |     });
      22 |

      at Object.getElementError (node_modules/@testing-library/dom/dist/config.js:37:19)
      at node_modules/@testing-library/dom/dist/query-helpers.js:76:38
      at node_modules/@testing-library/dom/dist/query-helpers.js:52:17
      at node_modules/@testing-library/dom/dist/query-helpers.js:95:19
      at Object.getByText (src/components/ui/__tests__/resizable.test.tsx:19:21)

  ● Resizable Components › ResizablePanelGroup › should render resizable panel group with vertical direction

    TestingLibraryElementError: Unable to find an element with the text: Panel 1. This could be because the text is broken up by multiple elements. In this case, you can provide a function for your text matcher to make your matcher more flexible.

    Ignored nodes: comments, script, style
    [36m<body>[39m
      [36m<div>[39m
        [0mPanel 1[0m
        [0mPanel 2[0m
      [36m</div>[39m
    [36m</body>[39m

      29 |         </ResizablePanelGroup>
      30 |       );
    > 31 |       expect(screen.getByText('Panel 1')).toBeInTheDocument();
         |                     ^
      32 |     });
      33 |   });
      34 |

      at Object.getElementError (node_modules/@testing-library/dom/dist/config.js:37:19)
      at node_modules/@testing-library/dom/dist/query-helpers.js:76:38
      at node_modules/@testing-library/dom/dist/query-helpers.js:52:17
      at node_modules/@testing-library/dom/dist/query-helpers.js:95:19
      at Object.getByText (src/components/ui/__tests__/resizable.test.tsx:31:21)

  ● Resizable Components › ResizableHandle › should render resizable handle

    TestingLibraryElementError: Unable to find an element with the text: Panel 1. This could be because the text is broken up by multiple elements. In this case, you can provide a function for your text matcher to make your matcher more flexible.

    Ignored nodes: comments, script, style
    [36m<body>[39m
      [36m<div>[39m
        [0mPanel 1[0m
        [0mPanel 2[0m
      [36m</div>[39m
    [36m</body>[39m

      62 |         </ResizablePanelGroup>
      63 |       );
    > 64 |       expect(screen.getByText('Panel 1')).toBeInTheDocument();
         |                     ^
      65 |       expect(screen.getByText('Panel 2')).toBeInTheDocument();
      66 |     });
      67 |   });

      at Object.getElementError (node_modules/@testing-library/dom/dist/config.js:37:19)
      at node_modules/@testing-library/dom/dist/query-helpers.js:76:38
      at node_modules/@testing-library/dom/dist/query-helpers.js:52:17
      at node_modules/@testing-library/dom/dist/query-helpers.js:95:19
      at Object.getByText (src/components/ui/__tests__/resizable.test.tsx:64:21)

PASS src/components/common/__tests__/ThemeTogglerTwo.test.tsx
PASS src/components/ui/alert/__tests__/Alert.test.tsx
PASS src/app/(admin)/reports/__tests__/page.test.tsx
  ● Console

    console.error
      Unknown event handler property `onValueChange`. It will be ignored.

      31 |
      32 |   it('should render reports page', () => {
    > 33 |     render(<ReportsPage />);
         |           ^
      34 |     expect(screen.getByText('Reports')).toBeInTheDocument();
      35 |   });
      36 |

      at validateProperty (node_modules/react-dom/cjs/react-dom-client.development.js:2935:21)
      at warnUnknownProperties (node_modules/react-dom/cjs/react-dom-client.development.js:3146:9)
      at validatePropertiesInDevelopment (node_modules/react-dom/cjs/react-dom-client.development.js:19868:9)
      at setInitialProperties (node_modules/react-dom/cjs/react-dom-client.development.js:20491:7)
      at completeWork (node_modules/react-dom/cjs/react-dom-client.development.js:12662:18)
      at runWithFiberInDEV (node_modules/react-dom/cjs/react-dom-client.development.js:874:13)
      at completeUnitOfWork (node_modules/react-dom/cjs/react-dom-client.development.js:17777:19)
      at performUnitOfWork (node_modules/react-dom/cjs/react-dom-client.development.js:17658:11)
      at workLoopSync (node_modules/react-dom/cjs/react-dom-client.development.js:17469:41)
      at renderRootSync (node_modules/react-dom/cjs/react-dom-client.development.js:17450:11)
      at performWorkOnRoot (node_modules/react-dom/cjs/react-dom-client.development.js:16504:11)
      at performWorkOnRootViaSchedulerTask (node_modules/react-dom/cjs/react-dom-client.development.js:18957:7)
      at flushActQueue (node_modules/react/cjs/react.development.js:590:34)
      at process.env.NODE_ENV.exports.act (node_modules/react/cjs/react.development.js:884:10)
      at node_modules/@testing-library/react/dist/act-compat.js:47:25
      at renderRoot (node_modules/@testing-library/react/dist/pure.js:190:26)
      at render (node_modules/@testing-library/react/dist/pure.js:292:10)
      at Object.<anonymous> (/home/iann/code/project/sms_portail/src/app/(admin)../../../../../reports/__tests__/page.test.tsx:33:11)

FAIL src/components/ui/__tests__/modal.test.tsx
  ● Modal Components › Modal › should render modal when open

    TestingLibraryElementError: Unable to find an element with the text: Test Modal. This could be because the text is broken up by multiple elements. In this case, you can provide a function for your text matcher to make your matcher more flexible.

    Ignored nodes: comments, script, style
    [36m<body[39m
      [33mstyle[39m=[32m"overflow: unset;"[39m
    [36m>[39m
      [36m<div />[39m
    [36m</body>[39m

      24 |         </Modal>
      25 |       );
    > 26 |       expect(screen.getByText('Test Modal')).toBeInTheDocument();
         |                     ^
      27 |     });
      28 |
      29 |     it('should not render modal when closed', () => {

      at Object.getElementError (node_modules/@testing-library/dom/dist/config.js:37:19)
      at node_modules/@testing-library/dom/dist/query-helpers.js:76:38
      at node_modules/@testing-library/dom/dist/query-helpers.js:52:17
      at node_modules/@testing-library/dom/dist/query-helpers.js:95:19
      at Object.getByText (src/components/ui/__tests__/modal.test.tsx:26:21)

  ● Modal Components › ModalContent › should render modal content

    TestingLibraryElementError: Unable to find an element with the text: Test Modal. This could be because the text is broken up by multiple elements. In this case, you can provide a function for your text matcher to make your matcher more flexible.

    Ignored nodes: comments, script, style
    [36m<body[39m
      [33mstyle[39m=[32m"overflow: unset;"[39m
    [36m>[39m
      [36m<div />[39m
    [36m</body>[39m

      67 |         </Modal>
      68 |       );
    > 69 |       expect(screen.getByText('Test Modal')).toBeInTheDocument();
         |                     ^
      70 |     });
      71 |
      72 |     it('should render modal content with className', () => {

      at Object.getElementError (node_modules/@testing-library/dom/dist/config.js:37:19)
      at node_modules/@testing-library/dom/dist/query-helpers.js:76:38
      at node_modules/@testing-library/dom/dist/query-helpers.js:52:17
      at node_modules/@testing-library/dom/dist/query-helpers.js:95:19
      at Object.getByText (src/components/ui/__tests__/modal.test.tsx:69:21)

  ● Modal Components › ModalContent › should render modal content with className

    expect(received).toBeInTheDocument()

    received value must be an HTMLElement or an SVGElement.
    Received has value: null

      81 |       );
      82 |       const content = container.querySelector('[role="dialog"]');
    > 83 |       expect(content).toBeInTheDocument();
         |                       ^
      84 |     });
      85 |   });
      86 |

      at __EXTERNAL_MATCHER_TRAP__ (node_modules/expect/build/index.js:2240:22)
      at Object.throwingMatcher [as toBeInTheDocument] (node_modules/expect/build/index.js:2241:6)
      at Object.toBeInTheDocument (src/components/ui/__tests__/modal.test.tsx:83:23)

  ● Modal Components › ModalHeader › should render modal header

    TestingLibraryElementError: Unable to find an element with the text: Test Title. This could be because the text is broken up by multiple elements. In this case, you can provide a function for your text matcher to make your matcher more flexible.

    Ignored nodes: comments, script, style
    [36m<body[39m
      [33mstyle[39m=[32m"overflow: unset;"[39m
    [36m>[39m
      [36m<div />[39m
    [36m</body>[39m

       96 |         </Modal>
       97 |       );
    >  98 |       expect(screen.getByText('Test Title')).toBeInTheDocument();
          |                     ^
       99 |     });
      100 |   });
      101 |

      at Object.getElementError (node_modules/@testing-library/dom/dist/config.js:37:19)
      at node_modules/@testing-library/dom/dist/query-helpers.js:76:38
      at node_modules/@testing-library/dom/dist/query-helpers.js:52:17
      at node_modules/@testing-library/dom/dist/query-helpers.js:95:19
      at Object.getByText (src/components/ui/__tests__/modal.test.tsx:98:21)

  ● Modal Components › ModalTitle › should render modal title

    TestingLibraryElementError: Unable to find an element with the text: Test Title. This could be because the text is broken up by multiple elements. In this case, you can provide a function for your text matcher to make your matcher more flexible.

    Ignored nodes: comments, script, style
    [36m<body[39m
      [33mstyle[39m=[32m"overflow: unset;"[39m
    [36m>[39m
      [36m<div />[39m
    [36m</body>[39m

      111 |         </Modal>
      112 |       );
    > 113 |       const title = screen.getByText('Test Title');
          |                            ^
      114 |       expect(title).toBeInTheDocument();
      115 |       expect(title.tagName).toBe('H2');
      116 |     });

      at Object.getElementError (node_modules/@testing-library/dom/dist/config.js:37:19)
      at node_modules/@testing-library/dom/dist/query-helpers.js:76:38
      at node_modules/@testing-library/dom/dist/query-helpers.js:52:17
      at node_modules/@testing-library/dom/dist/query-helpers.js:95:19
      at Object.getByText (src/components/ui/__tests__/modal.test.tsx:113:28)

  ● Modal Components › ModalDescription › should render modal description

    TestingLibraryElementError: Unable to find an element with the text: Test Description. This could be because the text is broken up by multiple elements. In this case, you can provide a function for your text matcher to make your matcher more flexible.

    Ignored nodes: comments, script, style
    [36m<body[39m
      [33mstyle[39m=[32m"overflow: unset;"[39m
    [36m>[39m
      [36m<div />[39m
    [36m</body>[39m

      129 |         </Modal>
      130 |       );
    > 131 |       expect(screen.getByText('Test Description')).toBeInTheDocument();
          |                     ^
      132 |     });
      133 |   });
      134 |

      at Object.getElementError (node_modules/@testing-library/dom/dist/config.js:37:19)
      at node_modules/@testing-library/dom/dist/query-helpers.js:76:38
      at node_modules/@testing-library/dom/dist/query-helpers.js:52:17
      at node_modules/@testing-library/dom/dist/query-helpers.js:95:19
      at Object.getByText (src/components/ui/__tests__/modal.test.tsx:131:21)

  ● Modal Components › ModalFooter › should render modal footer

    TestingLibraryElementError: Unable to find an element with the text: Close. This could be because the text is broken up by multiple elements. In this case, you can provide a function for your text matcher to make your matcher more flexible.

    Ignored nodes: comments, script, style
    [36m<body[39m
      [33mstyle[39m=[32m"overflow: unset;"[39m
    [36m>[39m
      [36m<div />[39m
    [36m</body>[39m

      147 |         </Modal>
      148 |       );
    > 149 |       expect(screen.getByText('Close')).toBeInTheDocument();
          |                     ^
      150 |     });
      151 |   });
      152 |

      at Object.getElementError (node_modules/@testing-library/dom/dist/config.js:37:19)
      at node_modules/@testing-library/dom/dist/query-helpers.js:76:38
      at node_modules/@testing-library/dom/dist/query-helpers.js:52:17
      at node_modules/@testing-library/dom/dist/query-helpers.js:95:19
      at Object.getByText (src/components/ui/__tests__/modal.test.tsx:149:21)

  ● Modal Components › ModalTrigger › should render modal trigger

    TestingLibraryElementError: Unable to find an element with the text: Open Modal. This could be because the text is broken up by multiple elements. In this case, you can provide a function for your text matcher to make your matcher more flexible.

    Ignored nodes: comments, script, style
    [36m<body[39m
      [33mstyle[39m=[32m"overflow: unset;"[39m
    [36m>[39m
      [36m<div />[39m
    [36m</body>[39m

      165 |         </Modal>
      166 |       );
    > 167 |       expect(screen.getByText('Open Modal')).toBeInTheDocument();
          |                     ^
      168 |     });
      169 |   });
      170 |

      at Object.getElementError (node_modules/@testing-library/dom/dist/config.js:37:19)
      at node_modules/@testing-library/dom/dist/query-helpers.js:76:38
      at node_modules/@testing-library/dom/dist/query-helpers.js:52:17
      at node_modules/@testing-library/dom/dist/query-helpers.js:95:19
      at Object.getByText (src/components/ui/__tests__/modal.test.tsx:167:21)

  ● Modal Components › ModalClose › should render modal close button

    TestingLibraryElementError: Unable to find an element with the text: Close. This could be because the text is broken up by multiple elements. In this case, you can provide a function for your text matcher to make your matcher more flexible.

    Ignored nodes: comments, script, style
    [36m<body[39m
      [33mstyle[39m=[32m"overflow: unset;"[39m
    [36m>[39m
      [36m<div />[39m
    [36m</body>[39m

      183 |         </Modal>
      184 |       );
    > 185 |       expect(screen.getByText('Close')).toBeInTheDocument();
          |                     ^
      186 |     });
      187 |   });
      188 | });

      at Object.getElementError (node_modules/@testing-library/dom/dist/config.js:37:19)
      at node_modules/@testing-library/dom/dist/query-helpers.js:76:38
      at node_modules/@testing-library/dom/dist/query-helpers.js:52:17
      at node_modules/@testing-library/dom/dist/query-helpers.js:95:19
      at Object.getByText (src/components/ui/__tests__/modal.test.tsx:185:21)

PASS src/context/__tests__/AuthProvider.test.tsx
PASS src/components/form/__tests__/BasicForm.test.tsx
PASS src/components/ui/__tests__/date-range-picker.test.tsx
PASS src/components/form/__tests__/RadioSm.test.tsx
PASS src/hooks/__tests__/useGoBack.test.ts
PASS src/components/ui/__tests__/table.test.tsx
PASS src/global/loader/__tests__/PageLoader.test.tsx
FAIL src/components/ui/__tests__/menubar.test.tsx
  ● Menubar Components › Menubar › should render menubar

    Element type is invalid: expected a string (for built-in components) or a class/function (for composite components) but got: undefined. You likely forgot to export your component from the file it's defined in, or you might have mixed up default and named imports.

      12 |   describe('Menubar', () => {
      13 |     it('should render menubar', () => {
    > 14 |       render(
         |             ^
      15 |         <Menubar>
      16 |           <MenubarMenu>
      17 |             <MenubarTrigger>Menu</MenubarTrigger>

      at createFiberFromTypeAndProps (node_modules/react-dom/cjs/react-dom-client.development.js:5021:28)
      at createFiberFromElement (node_modules/react-dom/cjs/react-dom-client.development.js:5035:14)
      at reconcileChildFibersImpl (node_modules/react-dom/cjs/react-dom-client.development.js:6920:31)
      at node_modules/react-dom/cjs/react-dom-client.development.js:7098:33
      at reconcileChildren (node_modules/react-dom/cjs/react-dom-client.development.js:9701:13)
      at beginWork (node_modules/react-dom/cjs/react-dom-client.development.js:12049:13)
      at runWithFiberInDEV (node_modules/react-dom/cjs/react-dom-client.development.js:874:13)
      at performUnitOfWork (node_modules/react-dom/cjs/react-dom-client.development.js:17641:22)
      at workLoopSync (node_modules/react-dom/cjs/react-dom-client.development.js:17469:41)
      at renderRootSync (node_modules/react-dom/cjs/react-dom-client.development.js:17450:11)
      at performWorkOnRoot (node_modules/react-dom/cjs/react-dom-client.development.js:16583:35)
      at performWorkOnRootViaSchedulerTask (node_modules/react-dom/cjs/react-dom-client.development.js:18957:7)
      at flushActQueue (node_modules/react/cjs/react.development.js:590:34)
      at process.env.NODE_ENV.exports.act (node_modules/react/cjs/react.development.js:884:10)
      at node_modules/@testing-library/react/dist/act-compat.js:47:25
      at renderRoot (node_modules/@testing-library/react/dist/pure.js:190:26)
      at render (node_modules/@testing-library/react/dist/pure.js:292:10)
      at Object.<anonymous> (src/components/ui/__tests__/menubar.test.tsx:14:13)

  ● Menubar Components › MenubarMenu › should render menubar menu

    Element type is invalid: expected a string (for built-in components) or a class/function (for composite components) but got: undefined. You likely forgot to export your component from the file it's defined in, or you might have mixed up default and named imports.

      28 |   describe('MenubarMenu', () => {
      29 |     it('should render menubar menu', () => {
    > 30 |       render(
         |             ^
      31 |         <Menubar>
      32 |           <MenubarMenu>
      33 |             <MenubarTrigger>Test Menu</MenubarTrigger>

      at createFiberFromTypeAndProps (node_modules/react-dom/cjs/react-dom-client.development.js:5021:28)
      at createFiberFromElement (node_modules/react-dom/cjs/react-dom-client.development.js:5035:14)
      at reconcileChildFibersImpl (node_modules/react-dom/cjs/react-dom-client.development.js:6920:31)
      at node_modules/react-dom/cjs/react-dom-client.development.js:7098:33
      at reconcileChildren (node_modules/react-dom/cjs/react-dom-client.development.js:9701:13)
      at beginWork (node_modules/react-dom/cjs/react-dom-client.development.js:12049:13)
      at runWithFiberInDEV (node_modules/react-dom/cjs/react-dom-client.development.js:874:13)
      at performUnitOfWork (node_modules/react-dom/cjs/react-dom-client.development.js:17641:22)
      at workLoopSync (node_modules/react-dom/cjs/react-dom-client.development.js:17469:41)
      at renderRootSync (node_modules/react-dom/cjs/react-dom-client.development.js:17450:11)
      at performWorkOnRoot (node_modules/react-dom/cjs/react-dom-client.development.js:16583:35)
      at performWorkOnRootViaSchedulerTask (node_modules/react-dom/cjs/react-dom-client.development.js:18957:7)
      at flushActQueue (node_modules/react/cjs/react.development.js:590:34)
      at process.env.NODE_ENV.exports.act (node_modules/react/cjs/react.development.js:884:10)
      at node_modules/@testing-library/react/dist/act-compat.js:47:25
      at renderRoot (node_modules/@testing-library/react/dist/pure.js:190:26)
      at render (node_modules/@testing-library/react/dist/pure.js:292:10)
      at Object.<anonymous> (src/components/ui/__tests__/menubar.test.tsx:30:13)

  ● Menubar Components › MenubarTrigger › should render menubar trigger

    Element type is invalid: expected a string (for built-in components) or a class/function (for composite components) but got: undefined. You likely forgot to export your component from the file it's defined in, or you might have mixed up default and named imports.

      41 |   describe('MenubarTrigger', () => {
      42 |     it('should render menubar trigger', () => {
    > 43 |       render(
         |             ^
      44 |         <Menubar>
      45 |           <MenubarMenu>
      46 |             <MenubarTrigger>Trigger</MenubarTrigger>

      at createFiberFromTypeAndProps (node_modules/react-dom/cjs/react-dom-client.development.js:5021:28)
      at createFiberFromElement (node_modules/react-dom/cjs/react-dom-client.development.js:5035:14)
      at reconcileChildFibersImpl (node_modules/react-dom/cjs/react-dom-client.development.js:6920:31)
      at node_modules/react-dom/cjs/react-dom-client.development.js:7098:33
      at reconcileChildren (node_modules/react-dom/cjs/react-dom-client.development.js:9701:13)
      at beginWork (node_modules/react-dom/cjs/react-dom-client.development.js:12049:13)
      at runWithFiberInDEV (node_modules/react-dom/cjs/react-dom-client.development.js:874:13)
      at performUnitOfWork (node_modules/react-dom/cjs/react-dom-client.development.js:17641:22)
      at workLoopSync (node_modules/react-dom/cjs/react-dom-client.development.js:17469:41)
      at renderRootSync (node_modules/react-dom/cjs/react-dom-client.development.js:17450:11)
      at performWorkOnRoot (node_modules/react-dom/cjs/react-dom-client.development.js:16583:35)
      at performWorkOnRootViaSchedulerTask (node_modules/react-dom/cjs/react-dom-client.development.js:18957:7)
      at flushActQueue (node_modules/react/cjs/react.development.js:590:34)
      at process.env.NODE_ENV.exports.act (node_modules/react/cjs/react.development.js:884:10)
      at node_modules/@testing-library/react/dist/act-compat.js:47:25
      at renderRoot (node_modules/@testing-library/react/dist/pure.js:190:26)
      at render (node_modules/@testing-library/react/dist/pure.js:292:10)
      at Object.<anonymous> (src/components/ui/__tests__/menubar.test.tsx:43:13)

  ● Menubar Components › MenubarItem › should render menubar item

    Element type is invalid: expected a string (for built-in components) or a class/function (for composite components) but got: undefined. You likely forgot to export your component from the file it's defined in, or you might have mixed up default and named imports.

      54 |   describe('MenubarItem', () => {
      55 |     it('should render menubar item', () => {
    > 56 |       render(
         |             ^
      57 |         <Menubar>
      58 |           <MenubarMenu>
      59 |             <MenubarTrigger>Menu</MenubarTrigger>

      at createFiberFromTypeAndProps (node_modules/react-dom/cjs/react-dom-client.development.js:5021:28)
      at createFiberFromElement (node_modules/react-dom/cjs/react-dom-client.development.js:5035:14)
      at reconcileChildFibersImpl (node_modules/react-dom/cjs/react-dom-client.development.js:6920:31)
      at node_modules/react-dom/cjs/react-dom-client.development.js:7098:33
      at reconcileChildren (node_modules/react-dom/cjs/react-dom-client.development.js:9701:13)
      at beginWork (node_modules/react-dom/cjs/react-dom-client.development.js:12049:13)
      at runWithFiberInDEV (node_modules/react-dom/cjs/react-dom-client.development.js:874:13)
      at performUnitOfWork (node_modules/react-dom/cjs/react-dom-client.development.js:17641:22)
      at workLoopSync (node_modules/react-dom/cjs/react-dom-client.development.js:17469:41)
      at renderRootSync (node_modules/react-dom/cjs/react-dom-client.development.js:17450:11)
      at performWorkOnRoot (node_modules/react-dom/cjs/react-dom-client.development.js:16583:35)
      at performWorkOnRootViaSchedulerTask (node_modules/react-dom/cjs/react-dom-client.development.js:18957:7)
      at flushActQueue (node_modules/react/cjs/react.development.js:590:34)
      at process.env.NODE_ENV.exports.act (node_modules/react/cjs/react.development.js:884:10)
      at node_modules/@testing-library/react/dist/act-compat.js:47:25
      at renderRoot (node_modules/@testing-library/react/dist/pure.js:190:26)
      at render (node_modules/@testing-library/react/dist/pure.js:292:10)
      at Object.<anonymous> (src/components/ui/__tests__/menubar.test.tsx:56:13)

PASS src/components/ui/__tests__/input.test.tsx
PASS src/components/form/__tests__/Radio.test.tsx
PASS src/components/ui/__tests__/alert.test.tsx
PASS src/components/form/__tests__/Checkbox.test.tsx
FAIL src/components/ui/__tests__/calendar.test.tsx
  ● Calendar › should render calendar

    expect(received).toBeInTheDocument()

    received value must be an HTMLElement or an SVGElement.
    Received has value: null

       7 |     const { container } = render(<Calendar />);
       8 |     const calendar = container.querySelector('[role="grid"]');
    >  9 |     expect(calendar).toBeInTheDocument();
         |                      ^
      10 |   });
      11 |
      12 |   it('should render calendar with mode', () => {

      at __EXTERNAL_MATCHER_TRAP__ (node_modules/expect/build/index.js:2240:22)
      at Object.throwingMatcher [as toBeInTheDocument] (node_modules/expect/build/index.js:2241:6)
      at Object.toBeInTheDocument (src/components/ui/__tests__/calendar.test.tsx:9:22)

  ● Calendar › should render calendar with mode

    expect(received).toBeInTheDocument()

    received value must be an HTMLElement or an SVGElement.
    Received has value: null

      13 |     const { container } = render(<Calendar mode="single" />);
      14 |     const calendar = container.querySelector('[role="grid"]');
    > 15 |     expect(calendar).toBeInTheDocument();
         |                      ^
      16 |   });
      17 |
      18 |   it('should render calendar with selected date', () => {

      at __EXTERNAL_MATCHER_TRAP__ (node_modules/expect/build/index.js:2240:22)
      at Object.throwingMatcher [as toBeInTheDocument] (node_modules/expect/build/index.js:2241:6)
      at Object.toBeInTheDocument (src/components/ui/__tests__/calendar.test.tsx:15:22)

  ● Calendar › should render calendar with selected date

    expect(received).toBeInTheDocument()

    received value must be an HTMLElement or an SVGElement.
    Received has value: null

      21 |     );
      22 |     const calendar = container.querySelector('[role="grid"]');
    > 23 |     expect(calendar).toBeInTheDocument();
         |                      ^
      24 |   });
      25 |
      26 |   it('should render calendar with className', () => {

      at __EXTERNAL_MATCHER_TRAP__ (node_modules/expect/build/index.js:2240:22)
      at Object.throwingMatcher [as toBeInTheDocument] (node_modules/expect/build/index.js:2241:6)
      at Object.toBeInTheDocument (src/components/ui/__tests__/calendar.test.tsx:23:22)

  ● Calendar › should render calendar with className

    expect(received).toHaveClass()

    received value must be an HTMLElement or an SVGElement.
    Received has value: null

      27 |     const { container } = render(<Calendar className="custom-calendar" />);
      28 |     const calendar = container.querySelector('[role="grid"]');
    > 29 |     expect(calendar).toHaveClass('custom-calendar');
         |                      ^
      30 |   });
      31 | });
      32 |

      at __EXTERNAL_MATCHER_TRAP__ (node_modules/expect/build/index.js:2240:22)
      at Object.throwingMatcher [as toHaveClass] (node_modules/expect/build/index.js:2241:6)
      at Object.toHaveClass (src/components/ui/__tests__/calendar.test.tsx:29:22)

PASS src/components/ui/__tests__/tooltip.test.tsx
  ● Console

    console.error
      React does not recognize the `sideOffset` prop on a DOM element. If you intentionally want it to appear in the DOM as a custom attribute, spell it as lowercase `sideoffset` instead. If you accidentally passed it from a parent component, remove it from the DOM element.

      11 |   describe('TooltipProvider', () => {
      12 |     it('should render tooltip provider', () => {
    > 13 |       render(
         |             ^
      14 |         <TooltipProvider>
      15 |           <Tooltip>
      16 |             <TooltipTrigger>Hover me</TooltipTrigger>

      at validateProperty (node_modules/react-dom/cjs/react-dom-client.development.js:3001:19)
      at warnUnknownProperties (node_modules/react-dom/cjs/react-dom-client.development.js:3146:9)
      at validatePropertiesInDevelopment (node_modules/react-dom/cjs/react-dom-client.development.js:19868:9)
      at setInitialProperties (node_modules/react-dom/cjs/react-dom-client.development.js:20491:7)
      at completeWork (node_modules/react-dom/cjs/react-dom-client.development.js:12662:18)
      at runWithFiberInDEV (node_modules/react-dom/cjs/react-dom-client.development.js:874:13)
      at completeUnitOfWork (node_modules/react-dom/cjs/react-dom-client.development.js:17777:19)
      at performUnitOfWork (node_modules/react-dom/cjs/react-dom-client.development.js:17658:11)
      at workLoopSync (node_modules/react-dom/cjs/react-dom-client.development.js:17469:41)
      at renderRootSync (node_modules/react-dom/cjs/react-dom-client.development.js:17450:11)
      at performWorkOnRoot (node_modules/react-dom/cjs/react-dom-client.development.js:16504:11)
      at performWorkOnRootViaSchedulerTask (node_modules/react-dom/cjs/react-dom-client.development.js:18957:7)
      at flushActQueue (node_modules/react/cjs/react.development.js:590:34)
      at process.env.NODE_ENV.exports.act (node_modules/react/cjs/react.development.js:884:10)
      at node_modules/@testing-library/react/dist/act-compat.js:47:25
      at renderRoot (node_modules/@testing-library/react/dist/pure.js:190:26)
      at render (node_modules/@testing-library/react/dist/pure.js:292:10)
      at Object.<anonymous> (src/components/ui/__tests__/tooltip.test.tsx:13:13)

FAIL src/icons/__tests__/index.test.tsx
  ● Icons › should render PlusIcon

    Element type is invalid: expected a string (for built-in components) or a class/function (for composite components) but got: object.

      13 |
      14 |   it('should render PlusIcon', () => {
    > 15 |     const { container } = render(<Icons.PlusIcon />);
         |                                 ^
      16 |     expect(container.firstChild).toBeInTheDocument();
      17 |   });
      18 |

      at createFiberFromTypeAndProps (node_modules/react-dom/cjs/react-dom-client.development.js:5021:28)
      at createFiberFromElement (node_modules/react-dom/cjs/react-dom-client.development.js:5035:14)
      at reconcileChildFibersImpl (node_modules/react-dom/cjs/react-dom-client.development.js:6920:31)
      at node_modules/react-dom/cjs/react-dom-client.development.js:7098:33
      at reconcileChildren (node_modules/react-dom/cjs/react-dom-client.development.js:9702:13)
      at beginWork (node_modules/react-dom/cjs/react-dom-client.development.js:11899:15)
      at runWithFiberInDEV (node_modules/react-dom/cjs/react-dom-client.development.js:874:13)
      at performUnitOfWork (node_modules/react-dom/cjs/react-dom-client.development.js:17641:22)
      at workLoopSync (node_modules/react-dom/cjs/react-dom-client.development.js:17469:41)
      at renderRootSync (node_modules/react-dom/cjs/react-dom-client.development.js:17450:11)
      at performWorkOnRoot (node_modules/react-dom/cjs/react-dom-client.development.js:16583:35)
      at performWorkOnRootViaSchedulerTask (node_modules/react-dom/cjs/react-dom-client.development.js:18957:7)
      at flushActQueue (node_modules/react/cjs/react.development.js:590:34)
      at process.env.NODE_ENV.exports.act (node_modules/react/cjs/react.development.js:884:10)
      at node_modules/@testing-library/react/dist/act-compat.js:47:25
      at renderRoot (node_modules/@testing-library/react/dist/pure.js:190:26)
      at render (node_modules/@testing-library/react/dist/pure.js:292:10)
      at Object.<anonymous> (src/icons/__tests__/index.test.tsx:15:33)

  ● Icons › should render CloseIcon

    Element type is invalid: expected a string (for built-in components) or a class/function (for composite components) but got: object.

      18 |
      19 |   it('should render CloseIcon', () => {
    > 20 |     const { container } = render(<Icons.CloseIcon />);
         |                                 ^
      21 |     expect(container.firstChild).toBeInTheDocument();
      22 |   });
      23 | });

      at createFiberFromTypeAndProps (node_modules/react-dom/cjs/react-dom-client.development.js:5021:28)
      at createFiberFromElement (node_modules/react-dom/cjs/react-dom-client.development.js:5035:14)
      at reconcileChildFibersImpl (node_modules/react-dom/cjs/react-dom-client.development.js:6920:31)
      at node_modules/react-dom/cjs/react-dom-client.development.js:7098:33
      at reconcileChildren (node_modules/react-dom/cjs/react-dom-client.development.js:9702:13)
      at beginWork (node_modules/react-dom/cjs/react-dom-client.development.js:11899:15)
      at runWithFiberInDEV (node_modules/react-dom/cjs/react-dom-client.development.js:874:13)
      at performUnitOfWork (node_modules/react-dom/cjs/react-dom-client.development.js:17641:22)
      at workLoopSync (node_modules/react-dom/cjs/react-dom-client.development.js:17469:41)
      at renderRootSync (node_modules/react-dom/cjs/react-dom-client.development.js:17450:11)
      at performWorkOnRoot (node_modules/react-dom/cjs/react-dom-client.development.js:16583:35)
      at performWorkOnRootViaSchedulerTask (node_modules/react-dom/cjs/react-dom-client.development.js:18957:7)
      at flushActQueue (node_modules/react/cjs/react.development.js:590:34)
      at process.env.NODE_ENV.exports.act (node_modules/react/cjs/react.development.js:884:10)
      at node_modules/@testing-library/react/dist/act-compat.js:47:25
      at renderRoot (node_modules/@testing-library/react/dist/pure.js:190:26)
      at render (node_modules/@testing-library/react/dist/pure.js:292:10)
      at Object.<anonymous> (src/icons/__tests__/index.test.tsx:20:33)

FAIL src/components/example/ModalExample/__tests__/ModalBasedAlerts.test.tsx
  ● ModalBasedAlerts › should open success modal when button is clicked

    expect(jest.fn()).toHaveBeenCalled()

    Expected number of calls: >= 1
    Received number of calls:    0

      47 |     const successButton = screen.getByText('Success Alert');
      48 |     fireEvent.click(successButton);
    > 49 |     expect(mockOpen).toHaveBeenCalled();
         |                      ^
      50 |   });
      51 |
      52 |   it('should display success modal when isOpen is true', () => {

      at Object.toHaveBeenCalled (src/components/example/ModalExample/__tests__/ModalBasedAlerts.test.tsx:49:22)

  ● ModalBasedAlerts › should display success modal when isOpen is true

    TestingLibraryElementError: Unable to find an element with the text: Well Done!. This could be because the text is broken up by multiple elements. In this case, you can provide a function for your text matcher to make your matcher more flexible.

    Ignored nodes: comments, script, style
    [36m<body[39m
      [33mstyle[39m=[32m"overflow: unset;"[39m
    [36m>[39m
      [36m<div>[39m
        [36m<div[39m
          [33mclass[39m=[32m"rounded-2xl border border-gray-200 bg-white dark:border-gray-800 dark:bg-white/[0.03] "[39m
        [36m>[39m
          [36m<div[39m
            [33mclass[39m=[32m"flex items-center justify-between"[39m
          [36m>[39m
            [36m<div[39m
              [33mclass[39m=[32m"px-6 py-2"[39m
            [36m>[39m
              [36m<h3[39m
                [33mclass[39m=[32m"text-base font-medium text-gray-800 dark:text-white/90"[39m
              [36m>[39m
                [0mModal Based Alerts[0m
              [36m</h3>[39m
            [36m</div>[39m
            [36m<div[39m
              [33mclass[39m=[32m"px-6 py-2"[39m
            [36m/>[39m
          [36m</div>[39m
          [36m<div[39m
            [33mclass[39m=[32m"border-t border-gray-100 p-4 dark:border-gray-800 sm:p-6"[39m
          [36m>[39m
            [36m<div[39m
              [33mclass[39m=[32m"space-y-6"[39m
            [36m>[39m
              [36m<div[39m
                [33mclass[39m=[32m"flex flex-wrap items-center gap-3"[39m
              [36m>[39m
                [36m<button[39m
                  [33mclass[39m=[32m"rounded-lg bg-success-500 px-4 py-3 text-sm font-medium text-white shadow-theme-xs hover:bg-success-600"[39m
                [36m>[39m
                  [0mSuccess Alert[0m
                [36m</button>[39m
                [36m<button[39m
                  [33mclass[39m=[32m"rounded-lg bg-blue-light-500 px-4 py-3 text-sm font-medium text-white shadow-theme-xs hover:bg-blue-light-600"[39m
                [36m>[39m
                  [0mInfo Alert[0m
                [36m</button>[39m
                [36m<button[39m
                  [33mclass[39m=[32m"rounded-lg bg-warning-500 px-4 py-3 text-sm font-medium text-white shadow-theme-xs hover:bg-warning-600"[39m
                [36m>[39m
                  [0mWarning Alert[0m
                [36m</button>[39m
                [36m<button[39m
                  [33mclass[39m=[32m"rounded-lg bg-error-500 px-4 py-3 text-sm font-medium text-white shadow-theme-xs hover:bg-error-600"[39m
                [36m>[39m
                  [0mDanger Alert[0m
                [36m</button>[39m
              [36m</div>[39m
            [36m</div>[39m
          [36m</div>[39m
        [36m</div>[39m
      [36m</div>[39m
    [36m</body>[39m

      58 |     
      59 |     render(<ModalBasedAlerts />);
    > 60 |     expect(screen.getByText('Well Done!')).toBeInTheDocument();
         |                   ^
      61 |   });
      62 | });
      63 |

      at Object.getElementError (node_modules/@testing-library/dom/dist/config.js:37:19)
      at node_modules/@testing-library/dom/dist/query-helpers.js:76:38
      at node_modules/@testing-library/dom/dist/query-helpers.js:52:17
      at node_modules/@testing-library/dom/dist/query-helpers.js:95:19
      at Object.getByText (src/components/example/ModalExample/__tests__/ModalBasedAlerts.test.tsx:60:19)

PASS src/components/ui/__tests__/alert-dialog.test.tsx
FAIL src/components/ui/__tests__/scroll-area.test.tsx
  ● ScrollArea Components › ScrollArea › should render scroll area

    Element type is invalid: expected a string (for built-in components) or a class/function (for composite components) but got: undefined. You likely forgot to export your component from the file it's defined in, or you might have mixed up default and named imports.

    Check the render method of `ScrollAreaScrollbar`.

       6 |   describe('ScrollArea', () => {
       7 |     it('should render scroll area', () => {
    >  8 |       render(
         |             ^
       9 |         <ScrollArea>
      10 |           <div>Content</div>
      11 |         </ScrollArea>

      at createFiberFromTypeAndProps (node_modules/react-dom/cjs/react-dom-client.development.js:5021:28)
      at createFiberFromElement (node_modules/react-dom/cjs/react-dom-client.development.js:5035:14)
      at reconcileChildFibersImpl (node_modules/react-dom/cjs/react-dom-client.development.js:6920:31)
      at node_modules/react-dom/cjs/react-dom-client.development.js:7098:33
      at reconcileChildren (node_modules/react-dom/cjs/react-dom-client.development.js:9701:13)
      at beginWork (node_modules/react-dom/cjs/react-dom-client.development.js:12049:13)
      at runWithFiberInDEV (node_modules/react-dom/cjs/react-dom-client.development.js:874:13)
      at performUnitOfWork (node_modules/react-dom/cjs/react-dom-client.development.js:17641:22)
      at workLoopSync (node_modules/react-dom/cjs/react-dom-client.development.js:17469:41)
      at renderRootSync (node_modules/react-dom/cjs/react-dom-client.development.js:17450:11)
      at performWorkOnRoot (node_modules/react-dom/cjs/react-dom-client.development.js:16583:35)
      at performWorkOnRootViaSchedulerTask (node_modules/react-dom/cjs/react-dom-client.development.js:18957:7)
      at flushActQueue (node_modules/react/cjs/react.development.js:590:34)
      at process.env.NODE_ENV.exports.act (node_modules/react/cjs/react.development.js:884:10)
      at node_modules/@testing-library/react/dist/act-compat.js:47:25
      at renderRoot (node_modules/@testing-library/react/dist/pure.js:190:26)
      at render (node_modules/@testing-library/react/dist/pure.js:292:10)
      at Object.<anonymous> (src/components/ui/__tests__/scroll-area.test.tsx:8:13)

  ● ScrollArea Components › ScrollArea › should render scroll area with className

    Element type is invalid: expected a string (for built-in components) or a class/function (for composite components) but got: undefined. You likely forgot to export your component from the file it's defined in, or you might have mixed up default and named imports.

    Check the render method of `ScrollAreaScrollbar`.

      15 |
      16 |     it('should render scroll area with className', () => {
    > 17 |       const { container } = render(
         |                                   ^
      18 |         <ScrollArea className="custom-scroll">
      19 |           <div>Content</div>
      20 |         </ScrollArea>

      at createFiberFromTypeAndProps (node_modules/react-dom/cjs/react-dom-client.development.js:5021:28)
      at createFiberFromElement (node_modules/react-dom/cjs/react-dom-client.development.js:5035:14)
      at reconcileChildFibersImpl (node_modules/react-dom/cjs/react-dom-client.development.js:6920:31)
      at node_modules/react-dom/cjs/react-dom-client.development.js:7098:33
      at reconcileChildren (node_modules/react-dom/cjs/react-dom-client.development.js:9701:13)
      at beginWork (node_modules/react-dom/cjs/react-dom-client.development.js:12049:13)
      at runWithFiberInDEV (node_modules/react-dom/cjs/react-dom-client.development.js:874:13)
      at performUnitOfWork (node_modules/react-dom/cjs/react-dom-client.development.js:17641:22)
      at workLoopSync (node_modules/react-dom/cjs/react-dom-client.development.js:17469:41)
      at renderRootSync (node_modules/react-dom/cjs/react-dom-client.development.js:17450:11)
      at performWorkOnRoot (node_modules/react-dom/cjs/react-dom-client.development.js:16583:35)
      at performWorkOnRootViaSchedulerTask (node_modules/react-dom/cjs/react-dom-client.development.js:18957:7)
      at flushActQueue (node_modules/react/cjs/react.development.js:590:34)
      at process.env.NODE_ENV.exports.act (node_modules/react/cjs/react.development.js:884:10)
      at node_modules/@testing-library/react/dist/act-compat.js:47:25
      at renderRoot (node_modules/@testing-library/react/dist/pure.js:190:26)
      at render (node_modules/@testing-library/react/dist/pure.js:292:10)
      at Object.<anonymous> (src/components/ui/__tests__/scroll-area.test.tsx:17:35)

  ● ScrollArea Components › ScrollBar › should render scroll bar

    Element type is invalid: expected a string (for built-in components) or a class/function (for composite components) but got: undefined. You likely forgot to export your component from the file it's defined in, or you might have mixed up default and named imports.

    Check the render method of `ScrollAreaScrollbar`.

      27 |   describe('ScrollBar', () => {
      28 |     it('should render scroll bar', () => {
    > 29 |       const { container } = render(
         |                                   ^
      30 |         <ScrollArea>
      31 |           <div>Content</div>
      32 |           <ScrollBar />

      at createFiberFromTypeAndProps (node_modules/react-dom/cjs/react-dom-client.development.js:5021:28)
      at createFiberFromElement (node_modules/react-dom/cjs/react-dom-client.development.js:5035:14)
      at reconcileChildFibersImpl (node_modules/react-dom/cjs/react-dom-client.development.js:6920:31)
      at node_modules/react-dom/cjs/react-dom-client.development.js:7098:33
      at reconcileChildren (node_modules/react-dom/cjs/react-dom-client.development.js:9701:13)
      at beginWork (node_modules/react-dom/cjs/react-dom-client.development.js:12049:13)
      at runWithFiberInDEV (node_modules/react-dom/cjs/react-dom-client.development.js:874:13)
      at performUnitOfWork (node_modules/react-dom/cjs/react-dom-client.development.js:17641:22)
      at workLoopSync (node_modules/react-dom/cjs/react-dom-client.development.js:17469:41)
      at renderRootSync (node_modules/react-dom/cjs/react-dom-client.development.js:17450:11)
      at performWorkOnRoot (node_modules/react-dom/cjs/react-dom-client.development.js:16583:35)
      at performWorkOnRootViaSchedulerTask (node_modules/react-dom/cjs/react-dom-client.development.js:18957:7)
      at flushActQueue (node_modules/react/cjs/react.development.js:590:34)
      at process.env.NODE_ENV.exports.act (node_modules/react/cjs/react.development.js:884:10)
      at node_modules/@testing-library/react/dist/act-compat.js:47:25
      at renderRoot (node_modules/@testing-library/react/dist/pure.js:190:26)
      at render (node_modules/@testing-library/react/dist/pure.js:292:10)
      at Object.<anonymous> (src/components/ui/__tests__/scroll-area.test.tsx:29:35)

  ● ScrollArea Components › ScrollBar › should render scroll bar with orientation

    Element type is invalid: expected a string (for built-in components) or a class/function (for composite components) but got: undefined. You likely forgot to export your component from the file it's defined in, or you might have mixed up default and named imports.

    Check the render method of `ScrollAreaScrollbar`.

      37 |
      38 |     it('should render scroll bar with orientation', () => {
    > 39 |       const { container } = render(
         |                                   ^
      40 |         <ScrollArea>
      41 |           <div>Content</div>
      42 |           <ScrollBar orientation="vertical" />

      at createFiberFromTypeAndProps (node_modules/react-dom/cjs/react-dom-client.development.js:5021:28)
      at createFiberFromElement (node_modules/react-dom/cjs/react-dom-client.development.js:5035:14)
      at reconcileChildFibersImpl (node_modules/react-dom/cjs/react-dom-client.development.js:6920:31)
      at node_modules/react-dom/cjs/react-dom-client.development.js:7098:33
      at reconcileChildren (node_modules/react-dom/cjs/react-dom-client.development.js:9701:13)
      at beginWork (node_modules/react-dom/cjs/react-dom-client.development.js:12049:13)
      at runWithFiberInDEV (node_modules/react-dom/cjs/react-dom-client.development.js:874:13)
      at performUnitOfWork (node_modules/react-dom/cjs/react-dom-client.development.js:17641:22)
      at workLoopSync (node_modules/react-dom/cjs/react-dom-client.development.js:17469:41)
      at renderRootSync (node_modules/react-dom/cjs/react-dom-client.development.js:17450:11)
      at performWorkOnRoot (node_modules/react-dom/cjs/react-dom-client.development.js:16583:35)
      at performWorkOnRootViaSchedulerTask (node_modules/react-dom/cjs/react-dom-client.development.js:18957:7)
      at flushActQueue (node_modules/react/cjs/react.development.js:590:34)
      at process.env.NODE_ENV.exports.act (node_modules/react/cjs/react.development.js:884:10)
      at node_modules/@testing-library/react/dist/act-compat.js:47:25
      at renderRoot (node_modules/@testing-library/react/dist/pure.js:190:26)
      at render (node_modules/@testing-library/react/dist/pure.js:292:10)
      at Object.<anonymous> (src/components/ui/__tests__/scroll-area.test.tsx:39:35)

FAIL src/components/ui/__tests__/tabs.test.tsx
  ● Console

    console.error
      React does not recognize the `currentValue` prop on a DOM element. If you intentionally want it to appear in the DOM as a custom attribute, spell it as lowercase `currentvalue` instead. If you accidentally passed it from a parent component, remove it from the DOM element.

      65 |   describe('Tabs', () => {
      66 |     it('should render tabs', () => {
    > 67 |       render(
         |             ^
      68 |         <Tabs defaultValue="tab1">
      69 |           <TabsList>
      70 |             <TabsTrigger value="tab1">Tab 1</TabsTrigger>

      at validateProperty (node_modules/react-dom/cjs/react-dom-client.development.js:3001:19)
      at warnUnknownProperties (node_modules/react-dom/cjs/react-dom-client.development.js:3146:9)
      at validatePropertiesInDevelopment (node_modules/react-dom/cjs/react-dom-client.development.js:19868:9)
      at setInitialProperties (node_modules/react-dom/cjs/react-dom-client.development.js:20491:7)
      at completeWork (node_modules/react-dom/cjs/react-dom-client.development.js:12662:18)
      at runWithFiberInDEV (node_modules/react-dom/cjs/react-dom-client.development.js:874:13)
      at completeUnitOfWork (node_modules/react-dom/cjs/react-dom-client.development.js:17777:19)
      at performUnitOfWork (node_modules/react-dom/cjs/react-dom-client.development.js:17658:11)
      at workLoopSync (node_modules/react-dom/cjs/react-dom-client.development.js:17469:41)
      at renderRootSync (node_modules/react-dom/cjs/react-dom-client.development.js:17450:11)
      at performWorkOnRoot (node_modules/react-dom/cjs/react-dom-client.development.js:16504:11)
      at performWorkOnRootViaSchedulerTask (node_modules/react-dom/cjs/react-dom-client.development.js:18957:7)
      at flushActQueue (node_modules/react/cjs/react.development.js:590:34)
      at process.env.NODE_ENV.exports.act (node_modules/react/cjs/react.development.js:884:10)
      at node_modules/@testing-library/react/dist/act-compat.js:47:25
      at renderRoot (node_modules/@testing-library/react/dist/pure.js:190:26)
      at render (node_modules/@testing-library/react/dist/pure.js:292:10)
      at Object.<anonymous> (src/components/ui/__tests__/tabs.test.tsx:67:13)

    console.error
      Unknown event handler property `onValueChange`. It will be ignored.

      65 |   describe('Tabs', () => {
      66 |     it('should render tabs', () => {
    > 67 |       render(
         |             ^
      68 |         <Tabs defaultValue="tab1">
      69 |           <TabsList>
      70 |             <TabsTrigger value="tab1">Tab 1</TabsTrigger>

      at validateProperty (node_modules/react-dom/cjs/react-dom-client.development.js:2935:21)
      at warnUnknownProperties (node_modules/react-dom/cjs/react-dom-client.development.js:3146:9)
      at validatePropertiesInDevelopment (node_modules/react-dom/cjs/react-dom-client.development.js:19868:9)
      at setInitialProperties (node_modules/react-dom/cjs/react-dom-client.development.js:20491:7)
      at completeWork (node_modules/react-dom/cjs/react-dom-client.development.js:12662:18)
      at runWithFiberInDEV (node_modules/react-dom/cjs/react-dom-client.development.js:874:13)
      at completeUnitOfWork (node_modules/react-dom/cjs/react-dom-client.development.js:17777:19)
      at performUnitOfWork (node_modules/react-dom/cjs/react-dom-client.development.js:17658:11)
      at workLoopSync (node_modules/react-dom/cjs/react-dom-client.development.js:17469:41)
      at renderRootSync (node_modules/react-dom/cjs/react-dom-client.development.js:17450:11)
      at performWorkOnRoot (node_modules/react-dom/cjs/react-dom-client.development.js:16504:11)
      at performWorkOnRootViaSchedulerTask (node_modules/react-dom/cjs/react-dom-client.development.js:18957:7)
      at flushActQueue (node_modules/react/cjs/react.development.js:590:34)
      at process.env.NODE_ENV.exports.act (node_modules/react/cjs/react.development.js:884:10)
      at node_modules/@testing-library/react/dist/act-compat.js:47:25
      at renderRoot (node_modules/@testing-library/react/dist/pure.js:190:26)
      at render (node_modules/@testing-library/react/dist/pure.js:292:10)
      at Object.<anonymous> (src/components/ui/__tests__/tabs.test.tsx:67:13)

  ● Tabs Components › TabsTrigger › should handle tabs trigger click

    Unable to find an element with the text: Content 2. This could be because the text is broken up by multiple elements. In this case, you can provide a function for your text matcher to make your matcher more flexible.

    Ignored nodes: comments, script, style
    [36m<body>[39m
      [36m<div>[39m
        [36m<div[39m
          [33mdata-orientation[39m=[32m"horizontal"[39m
          [33mdir[39m=[32m"ltr"[39m
        [36m>[39m
          [36m<div[39m
            [33mclass[39m=[32m"inline-flex h-10 items-center justify-center rounded-md bg-gray-100 dark:bg-gray-800 p-1 text-gray-600 dark:text-gray-400"[39m
            [33mcurrentvalue[39m=[32m"tab1"[39m
            [33mrole[39m=[32m"tablist"[39m
          [36m>[39m
            [36m<button[39m
              [33maria-selected[39m=[32m"false"[39m
              [33mclass[39m=[32m"inline-flex items-center justify-center whitespace-nowrap rounded-sm px-3 py-1.5 text-sm font-medium text-gray-600 dark:text-gray-400 ring-offset-background transition-all data-[state=active]:bg-white dark:data-[state=active]:bg-gray-900 data-[state=active]:text-gray-900 dark:data-[state=active]:text-white data-[state=active]:shadow-sm focus-visible:outline-none focus-visible:ring-2 focus-visible:ring-ring focus-visible:ring-offset-2 disabled:pointer-events-none disabled:opacity-50"[39m
              [33mdata-state[39m=[32m"inactive"[39m
              [33mrole[39m=[32m"tab"[39m
            [36m>[39m
              [0mTab 1[0m
            [36m</button>[39m
            [36m<button[39m
              [33maria-selected[39m=[32m"false"[39m
              [33mclass[39m=[32m"inline-flex items-center justify-center whitespace-nowrap rounded-sm px-3 py-1.5 text-sm font-medium text-gray-600 dark:text-gray-400 ring-offset-background transition-all data-[state=active]:bg-white dark:data-[state=active]:bg-gray-900 data-[state=active]:text-gray-900 dark:data-[state=active]:text-white data-[state=active]:shadow-sm focus-visible:outline-none focus-visible:ring-2 focus-visible:ring-ring focus-visible:ring-offset-2 disabled:pointer-events-none disabled:opacity-50"[39m
              [33mdata-state[39m=[32m"inactive"[39m
              [33mrole[39m=[32m"tab"[39m
            [36m>[39m
              [0mTab 2[0m
            [36m</button>[39m
          [36m</div>[39m
          [36m<div[39m
            [33mclass[39m=[32m"mt-2 ring-offset-background focus-visible:outline-none focus-visible:ring-2 focus-visible:ring-ring focus-visible:ring-offset-2"[39m
            [33mdata-state[39m=[32m"active"[39m
            [33mrole[39m=[32m"tabpanel"[39m
          [36m>[39m
            [0mContent 1[0m
          [36m</div>[39m
          [36m<div[39m
            [33mclass[39m=[32m"mt-2 ring-offset-background focus-visible:outline-none focus-visible:ring-2 focus-visible:ring-ring focus-visible:ring-offset-2"[39m
            [33mdata-state[39m=[32m"inactive"[39m
            [33mhidden[39m=[32m""[39m
            [33mrole[39m=[32m"tabpanel"[39m
          [36m/>[39m
        [36m</div>[39m
      [36m</div>[39m
    [36m</body>[39m

      134 |       fireEvent.click(trigger);
      135 |       // Wait for the content to appear (tabs may need async update)
    > 136 |       await waitFor(() => {
          |                    ^
      137 |         expect(screen.getByText('Content 2')).toBeInTheDocument();
      138 |       }, { timeout: 1000 });
      139 |     });

      at waitForWrapper (node_modules/@testing-library/dom/dist/wait-for.js:163:27)
      at Object.<anonymous> (src/components/ui/__tests__/tabs.test.tsx:136:20)

FAIL src/components/ui/__tests__/label.test.tsx
  ● Label › should render label with className

    expect(received).toHaveClass()

    received value must be an HTMLElement or an SVGElement.
    Received has value: null

      18 |     const { container } = render(<Label className="custom-class">Label</Label>);
      19 |     const label = container.querySelector('label');
    > 20 |     expect(label).toHaveClass('custom-class');
         |                   ^
      21 |   });
      22 | });
      23 |

      at __EXTERNAL_MATCHER_TRAP__ (node_modules/expect/build/index.js:2240:22)
      at Object.throwingMatcher [as toHaveClass] (node_modules/expect/build/index.js:2241:6)
      at Object.toHaveClass (src/components/ui/__tests__/label.test.tsx:20:19)

FAIL src/components/ui/__tests__/progress.test.tsx
  ● Progress › should render progress with value

    expect(element).toHaveAttribute("aria-valuenow", "75") // element.getAttribute("aria-valuenow") === "75"

    Expected the element to have attribute:
      aria-valuenow="75"
    Received:
      null

      48 |     const { container } = render(<Progress value={75} />);
      49 |     const progress = container.querySelector('[role="progressbar"]');
    > 50 |     expect(progress).toHaveAttribute('aria-valuenow', '75');
         |                      ^
      51 |   });
      52 |
      53 |   it('should render progress with className', () => {

      at Object.toHaveAttribute (src/components/ui/__tests__/progress.test.tsx:50:22)

  ● Progress › should handle value 0

    expect(element).toHaveAttribute("aria-valuenow", "0") // element.getAttribute("aria-valuenow") === "0"

    Expected the element to have attribute:
      aria-valuenow="0"
    Received:
      null

      66 |     const { container } = render(<Progress value={0} />);
      67 |     const progress = container.querySelector('[role="progressbar"]');
    > 68 |     expect(progress).toHaveAttribute('aria-valuenow', '0');
         |                      ^
      69 |   });
      70 |
      71 |   it('should handle value 100', () => {

      at Object.toHaveAttribute (src/components/ui/__tests__/progress.test.tsx:68:22)

  ● Progress › should handle value 100

    expect(element).toHaveAttribute("aria-valuenow", "100") // element.getAttribute("aria-valuenow") === "100"

    Expected the element to have attribute:
      aria-valuenow="100"
    Received:
      null

      72 |     const { container } = render(<Progress value={100} />);
      73 |     const progress = container.querySelector('[role="progressbar"]');
    > 74 |     expect(progress).toHaveAttribute('aria-valuenow', '100');
         |                      ^
      75 |   });
      76 | });
      77 |

      at Object.toHaveAttribute (src/components/ui/__tests__/progress.test.tsx:74:22)

PASS src/components/ui/__tests__/drawer.test.tsx
  ● Console

    console.error
      React does not recognize the `shouldScaleBackground` prop on a DOM element. If you intentionally want it to appear in the DOM as a custom attribute, spell it as lowercase `shouldscalebackground` instead. If you accidentally passed it from a parent component, remove it from the DOM element.

      76 |   describe('Drawer', () => {
      77 |     it('should render drawer when open', () => {
    > 78 |       render(
         |             ^
      79 |         <Drawer open={true}>
      80 |           <DrawerContent>
      81 |             <DrawerHeader>

      at validateProperty (node_modules/react-dom/cjs/react-dom-client.development.js:3001:19)
      at warnUnknownProperties (node_modules/react-dom/cjs/react-dom-client.development.js:3146:9)
      at validatePropertiesInDevelopment (node_modules/react-dom/cjs/react-dom-client.development.js:19868:9)
      at setInitialProperties (node_modules/react-dom/cjs/react-dom-client.development.js:20491:7)
      at completeWork (node_modules/react-dom/cjs/react-dom-client.development.js:12662:18)
      at runWithFiberInDEV (node_modules/react-dom/cjs/react-dom-client.development.js:874:13)
      at completeUnitOfWork (node_modules/react-dom/cjs/react-dom-client.development.js:17777:19)
      at performUnitOfWork (node_modules/react-dom/cjs/react-dom-client.development.js:17658:11)
      at workLoopSync (node_modules/react-dom/cjs/react-dom-client.development.js:17469:41)
      at renderRootSync (node_modules/react-dom/cjs/react-dom-client.development.js:17450:11)
      at performWorkOnRoot (node_modules/react-dom/cjs/react-dom-client.development.js:16504:11)
      at performWorkOnRootViaSchedulerTask (node_modules/react-dom/cjs/react-dom-client.development.js:18957:7)
      at flushActQueue (node_modules/react/cjs/react.development.js:590:34)
      at process.env.NODE_ENV.exports.act (node_modules/react/cjs/react.development.js:884:10)
      at node_modules/@testing-library/react/dist/act-compat.js:47:25
      at renderRoot (node_modules/@testing-library/react/dist/pure.js:190:26)
      at render (node_modules/@testing-library/react/dist/pure.js:292:10)
      at Object.<anonymous> (src/components/ui/__tests__/drawer.test.tsx:78:13)

    console.error
      In HTML, <button> cannot be a descendant of <button>.
      This will cause a hydration error.
      
        <Drawer>
          <DrawerRoot shouldScaleBackground={true}>
            <div data-testid="drawer-root" shouldScaleBackground={true}>
              <DrawerTrigger asChild={true}>
      >         <button ref={null} asChild={true}>
      >           <button>
              ...

      184 |   describe('DrawerTrigger', () => {
      185 |     it('should render drawer trigger', () => {
    > 186 |       render(
          |             ^
      187 |         <Drawer>
      188 |           <DrawerTrigger asChild>
      189 |             <button>Open Drawer</button>

      at validateDOMNesting (node_modules/react-dom/cjs/react-dom-client.development.js:2605:19)
      at completeWork (node_modules/react-dom/cjs/react-dom-client.development.js:12556:15)
      at runWithFiberInDEV (node_modules/react-dom/cjs/react-dom-client.development.js:874:13)
      at completeUnitOfWork (node_modules/react-dom/cjs/react-dom-client.development.js:17777:19)
      at performUnitOfWork (node_modules/react-dom/cjs/react-dom-client.development.js:17658:11)
      at workLoopSync (node_modules/react-dom/cjs/react-dom-client.development.js:17469:41)
      at renderRootSync (node_modules/react-dom/cjs/react-dom-client.development.js:17450:11)
      at performWorkOnRoot (node_modules/react-dom/cjs/react-dom-client.development.js:16504:11)
      at performWorkOnRootViaSchedulerTask (node_modules/react-dom/cjs/react-dom-client.development.js:18957:7)
      at flushActQueue (node_modules/react/cjs/react.development.js:590:34)
      at process.env.NODE_ENV.exports.act (node_modules/react/cjs/react.development.js:884:10)
      at node_modules/@testing-library/react/dist/act-compat.js:47:25
      at renderRoot (node_modules/@testing-library/react/dist/pure.js:190:26)
      at render (node_modules/@testing-library/react/dist/pure.js:292:10)
      at Object.<anonymous> (src/components/ui/__tests__/drawer.test.tsx:186:13)

    console.error
      <button> cannot contain a nested <button>.
      See this log for the ancestor stack trace.

      184 |   describe('DrawerTrigger', () => {
      185 |     it('should render drawer trigger', () => {
    > 186 |       render(
          |             ^
      187 |         <Drawer>
      188 |           <DrawerTrigger asChild>
      189 |             <button>Open Drawer</button>

      at node_modules/react-dom/cjs/react-dom-client.development.js:2618:21
      at runWithFiberInDEV (node_modules/react-dom/cjs/react-dom-client.development.js:874:13)
      at validateDOMNesting (node_modules/react-dom/cjs/react-dom-client.development.js:2617:11)
      at completeWork (node_modules/react-dom/cjs/react-dom-client.development.js:12556:15)
      at runWithFiberInDEV (node_modules/react-dom/cjs/react-dom-client.development.js:874:13)
      at completeUnitOfWork (node_modules/react-dom/cjs/react-dom-client.development.js:17777:19)
      at performUnitOfWork (node_modules/react-dom/cjs/react-dom-client.development.js:17658:11)
      at workLoopSync (node_modules/react-dom/cjs/react-dom-client.development.js:17469:41)
      at renderRootSync (node_modules/react-dom/cjs/react-dom-client.development.js:17450:11)
      at performWorkOnRoot (node_modules/react-dom/cjs/react-dom-client.development.js:16504:11)
      at performWorkOnRootViaSchedulerTask (node_modules/react-dom/cjs/react-dom-client.development.js:18957:7)
      at flushActQueue (node_modules/react/cjs/react.development.js:590:34)
      at process.env.NODE_ENV.exports.act (node_modules/react/cjs/react.development.js:884:10)
      at node_modules/@testing-library/react/dist/act-compat.js:47:25
      at renderRoot (node_modules/@testing-library/react/dist/pure.js:190:26)
      at render (node_modules/@testing-library/react/dist/pure.js:292:10)
      at Object.<anonymous> (src/components/ui/__tests__/drawer.test.tsx:186:13)

    console.error
      React does not recognize the `asChild` prop on a DOM element. If you intentionally want it to appear in the DOM as a custom attribute, spell it as lowercase `aschild` instead. If you accidentally passed it from a parent component, remove it from the DOM element.

      184 |   describe('DrawerTrigger', () => {
      185 |     it('should render drawer trigger', () => {
    > 186 |       render(
          |             ^
      187 |         <Drawer>
      188 |           <DrawerTrigger asChild>
      189 |             <button>Open Drawer</button>

      at validateProperty (node_modules/react-dom/cjs/react-dom-client.development.js:3001:19)
      at warnUnknownProperties (node_modules/react-dom/cjs/react-dom-client.development.js:3146:9)
      at validatePropertiesInDevelopment (node_modules/react-dom/cjs/react-dom-client.development.js:19868:9)
      at setInitialProperties (node_modules/react-dom/cjs/react-dom-client.development.js:20491:7)
      at completeWork (node_modules/react-dom/cjs/react-dom-client.development.js:12662:18)
      at runWithFiberInDEV (node_modules/react-dom/cjs/react-dom-client.development.js:874:13)
      at completeUnitOfWork (node_modules/react-dom/cjs/react-dom-client.development.js:17777:19)
      at performUnitOfWork (node_modules/react-dom/cjs/react-dom-client.development.js:17658:11)
      at workLoopSync (node_modules/react-dom/cjs/react-dom-client.development.js:17469:41)
      at renderRootSync (node_modules/react-dom/cjs/react-dom-client.development.js:17450:11)
      at performWorkOnRoot (node_modules/react-dom/cjs/react-dom-client.development.js:16504:11)
      at performWorkOnRootViaSchedulerTask (node_modules/react-dom/cjs/react-dom-client.development.js:18957:7)
      at flushActQueue (node_modules/react/cjs/react.development.js:590:34)
      at process.env.NODE_ENV.exports.act (node_modules/react/cjs/react.development.js:884:10)
      at node_modules/@testing-library/react/dist/act-compat.js:47:25
      at renderRoot (node_modules/@testing-library/react/dist/pure.js:190:26)
      at render (node_modules/@testing-library/react/dist/pure.js:292:10)
      at Object.<anonymous> (src/components/ui/__tests__/drawer.test.tsx:186:13)

FAIL src/components/ui/modal/__tests__/index.test.tsx
  ● Modal › should call onClose when backdrop is clicked

    expect(jest.fn()).toHaveBeenCalled()

    Expected number of calls: >= 1
    Received number of calls:    0

      44 |     if (backdrop) {
      45 |       fireEvent.click(backdrop);
    > 46 |       expect(onClose).toHaveBeenCalled();
         |                       ^
      47 |     }
      48 |   });
      49 |

      at Object.toHaveBeenCalled (src/components/ui/modal/__tests__/index.test.tsx:46:23)

PASS src/components/ui/__tests__/breadcrumb.test.tsx
PASS src/components/ui/__tests__/card.test.tsx
PASS src/components/form/__tests__/TextArea.test.tsx
PASS src/layout/__tests__/Backdrop.test.tsx
PASS src/components/form/input/__tests__/TextArea.test.tsx
PASS src/global/spinner/__tests__/SpinnerLoader.test.tsx
PASS src/components/form/__tests__/InputStates.test.tsx
FAIL src/components/common/__tests__/PageBreadCrumb.test.tsx
  ● PageBreadcrumb › should render page title

    TestingLibraryElementError: Found multiple elements with the text: Test Page

    Here are the matching elements:

    Ignored nodes: comments, script, style
    [36m<h2[39m
      [33mclass[39m=[32m"text-xl font-semibold text-gray-800 dark:text-white/90"[39m
      [33mx-text[39m=[32m"pageName"[39m
    [36m>[39m
      [0mTest Page[0m
    [36m</h2>[39m

    Ignored nodes: comments, script, style
    [36m<li[39m
      [33mclass[39m=[32m"text-sm text-gray-800 dark:text-white/90"[39m
    [36m>[39m
      [0mTest Page[0m
    [36m</li>[39m

    (If this is intentional, then use the `*AllBy*` variant of the query (like `queryAllByText`, `getAllByText`, or `findAllByText`)).

    Ignored nodes: comments, script, style
    [36m<body>[39m
      [36m<div>[39m
        [36m<div[39m
          [33mclass[39m=[32m"mb-6 flex flex-wrap items-center justify-between gap-3"[39m
        [36m>[39m
          [36m<h2[39m
            [33mclass[39m=[32m"text-xl font-semibold text-gray-800 dark:text-white/90"[39m
            [33mx-text[39m=[32m"pageName"[39m
          [36m>[39m
            [0mTest Page[0m
          [36m</h2>[39m
          [36m<nav>[39m
            [36m<ol[39m
              [33mclass[39m=[32m"flex items-center gap-1.5"[39m
            [36m>[39m
              [36m<li>[39m
                [36m<a[39m
                  [33mhref[39m=[32m"/dashboard"[39m
                [36m>[39m
                  [0mHome[0m
                  [36m<svg[39m
                    [33mclass[39m=[32m"stroke-current"[39m
                    [33mfill[39m=[32m"none"[39m
                    [33mheight[39m=[32m"16"[39m
                    [33mviewBox[39m=[32m"0 0 17 16"[39m
                    [33mwidth[39m=[32m"17"[39m
                    [33mxmlns[39m=[32m"http://www.w3.org/2000/svg"[39m
                  [36m>[39m
                    [36m<path[39m
                      [33md[39m=[32m"M6.0765 12.667L10.2432 8.50033L6.0765 4.33366"[39m
                      [33mstroke[39m=[32m""[39m
                      [33mstroke-linecap[39m=[32m"round"[39m
                      [33mstroke-linejoin[39m=[32m"round"[39m
                      [33mstroke-width[39m=[32m"1.2"[39m
                    [36m/>[39m
                  [36m</svg>[39m
                [36m</a>[39m
              [36m</li>[39m
              [36m<li[39m
                [33mclass[39m=[32m"text-sm text-gray-800 dark:text-white/90"[39m
              [36m>[39m
                [0mTest Page[0m
              [36m</li>[39m
            [36m</ol>[39m
          [36m</nav>[39m
        [36m</div>[39m
      [36m</div>[39m
    [36m</body>[39m

      14 |   it('should render page title', () => {
      15 |     render(<PageBreadcrumb pageTitle="Test Page" />);
    > 16 |     expect(screen.getByText('Test Page')).toBeInTheDocument();
         |                   ^
      17 |   });
      18 |
      19 |   it('should render home link', () => {

      at Object.getElementError (node_modules/@testing-library/dom/dist/config.js:37:19)
      at getElementError (node_modules/@testing-library/dom/dist/query-helpers.js:20:35)
      at getMultipleElementsFoundError (node_modules/@testing-library/dom/dist/query-helpers.js:23:10)
      at node_modules/@testing-library/dom/dist/query-helpers.js:55:13
      at node_modules/@testing-library/dom/dist/query-helpers.js:95:19
      at Object.getByText (src/components/common/__tests__/PageBreadCrumb.test.tsx:16:19)

  ● PageBreadcrumb › should render breadcrumb navigation

    TestingLibraryElementError: Found multiple elements with the text: Dashboard

    Here are the matching elements:

    Ignored nodes: comments, script, style
    [36m<h2[39m
      [33mclass[39m=[32m"text-xl font-semibold text-gray-800 dark:text-white/90"[39m
      [33mx-text[39m=[32m"pageName"[39m
    [36m>[39m
      [0mDashboard[0m
    [36m</h2>[39m

    Ignored nodes: comments, script, style
    [36m<li[39m
      [33mclass[39m=[32m"text-sm text-gray-800 dark:text-white/90"[39m
    [36m>[39m
      [0mDashboard[0m
    [36m</li>[39m

    (If this is intentional, then use the `*AllBy*` variant of the query (like `queryAllByText`, `getAllByText`, or `findAllByText`)).

    Ignored nodes: comments, script, style
    [36m<body>[39m
      [36m<div>[39m
        [36m<div[39m
          [33mclass[39m=[32m"mb-6 flex flex-wrap items-center justify-between gap-3"[39m
        [36m>[39m
          [36m<h2[39m
            [33mclass[39m=[32m"text-xl font-semibold text-gray-800 dark:text-white/90"[39m
            [33mx-text[39m=[32m"pageName"[39m
          [36m>[39m
            [0mDashboard[0m
          [36m</h2>[39m
          [36m<nav>[39m
            [36m<ol[39m
              [33mclass[39m=[32m"flex items-center gap-1.5"[39m
            [36m>[39m
              [36m<li>[39m
                [36m<a[39m
                  [33mhref[39m=[32m"/dashboard"[39m
                [36m>[39m
                  [0mHome[0m
                  [36m<svg[39m
                    [33mclass[39m=[32m"stroke-current"[39m
                    [33mfill[39m=[32m"none"[39m
                    [33mheight[39m=[32m"16"[39m
                    [33mviewBox[39m=[32m"0 0 17 16"[39m
                    [33mwidth[39m=[32m"17"[39m
                    [33mxmlns[39m=[32m"http://www.w3.org/2000/svg"[39m
                  [36m>[39m
                    [36m<path[39m
                      [33md[39m=[32m"M6.0765 12.667L10.2432 8.50033L6.0765 4.33366"[39m
                      [33mstroke[39m=[32m""[39m
                      [33mstroke-linecap[39m=[32m"round"[39m
                      [33mstroke-linejoin[39m=[32m"round"[39m
                      [33mstroke-width[39m=[32m"1.2"[39m
                    [36m/>[39m
                  [36m</svg>[39m
                [36m</a>[39m
              [36m</li>[39m
              [36m<li[39m
                [33mclass[39m=[32m"text-sm text-gray-800 dark:text-white/90"[39m
              [36m>[39m
                [0mDashboard[0m
              [36m</li>[39m
            [36m</ol>[39m
          [36m</nav>[39m
        [36m</div>[39m
      [36m</div>[39m
    [36m</body>[39m

      26 |   it('should render breadcrumb navigation', () => {
      27 |     render(<PageBreadcrumb pageTitle="Dashboard" />);
    > 28 |     expect(screen.getByText('Dashboard')).toBeInTheDocument();
         |                   ^
      29 |     expect(screen.getByText('Home')).toBeInTheDocument();
      30 |   });
      31 | });

      at Object.getElementError (node_modules/@testing-library/dom/dist/config.js:37:19)
      at getElementError (node_modules/@testing-library/dom/dist/query-helpers.js:20:35)
      at getMultipleElementsFoundError (node_modules/@testing-library/dom/dist/query-helpers.js:23:10)
      at node_modules/@testing-library/dom/dist/query-helpers.js:55:13
      at node_modules/@testing-library/dom/dist/query-helpers.js:95:19
      at Object.getByText (src/components/common/__tests__/PageBreadCrumb.test.tsx:28:19)

FAIL src/components/form/__tests__/Switch.test.tsx
  ● Switch › should render switch as checked

    TestingLibraryElementError: Unable to find an accessible element with the role "switch"

    There are no accessible roles. But there might be some inaccessible roles. If you wish to access them, then set the `hidden` option to `true`. Learn more about this here: https://testing-library.com/docs/dom-testing-library/api-queries#byrole

    Ignored nodes: comments, script, style
    [36m<body>[39m
      [36m<div>[39m
        [36m<label[39m
          [33mclass[39m=[32m"flex cursor-pointer select-none items-center gap-3 text-sm font-medium text-gray-700 dark:text-gray-400"[39m
        [36m>[39m
          [36m<div[39m
            [33mclass[39m=[32m"relative"[39m
          [36m>[39m
            [36m<div[39m
              [33mclass[39m=[32m"block h-6 w-11 rounded-full transition duration-150 ease-linear bg-brand-500 "[39m
            [36m/>[39m
            [36m<div[39m
              [33mclass[39m=[32m"absolute left-0.5 top-0.5 h-5 w-5 transform rounded-full shadow-theme-sm duration-150 ease-linear translate-x-full bg-white"[39m
            [36m/>[39m
          [36m</div>[39m
          [0mEnabled[0m
        [36m</label>[39m
      [36m</div>[39m
    [36m</body>[39m

      11 |   it('should render switch as checked', () => {
      12 |     render(<Switch defaultChecked={true} label="Enabled" />);
    > 13 |     const switchElement = screen.getByRole('switch');
         |                                  ^
      14 |     expect(switchElement).toBeChecked();
      15 |   });
      16 |

      at Object.getElementError (node_modules/@testing-library/dom/dist/config.js:37:19)
      at node_modules/@testing-library/dom/dist/query-helpers.js:76:38
      at node_modules/@testing-library/dom/dist/query-helpers.js:52:17
      at node_modules/@testing-library/dom/dist/query-helpers.js:95:19
      at Object.getByRole (src/components/form/__tests__/Switch.test.tsx:13:34)

  ● Switch › should handle switch change

    TestingLibraryElementError: Unable to find an accessible element with the role "switch"

    There are no accessible roles. But there might be some inaccessible roles. If you wish to access them, then set the `hidden` option to `true`. Learn more about this here: https://testing-library.com/docs/dom-testing-library/api-queries#byrole

    Ignored nodes: comments, script, style
    [36m<body>[39m
      [36m<div>[39m
        [36m<label[39m
          [33mclass[39m=[32m"flex cursor-pointer select-none items-center gap-3 text-sm font-medium text-gray-700 dark:text-gray-400"[39m
        [36m>[39m
          [36m<div[39m
            [33mclass[39m=[32m"relative"[39m
          [36m>[39m
            [36m<div[39m
              [33mclass[39m=[32m"block h-6 w-11 rounded-full transition duration-150 ease-linear bg-gray-200 dark:bg-white/10"[39m
            [36m/>[39m
            [36m<div[39m
              [33mclass[39m=[32m"absolute left-0.5 top-0.5 h-5 w-5 transform rounded-full shadow-theme-sm duration-150 ease-linear translate-x-0 bg-white"[39m
            [36m/>[39m
          [36m</div>[39m
          [0mTest[0m
        [36m</label>[39m
      [36m</div>[39m
    [36m</body>[39m

      18 |     const onChange = jest.fn();
      19 |     render(<Switch onChange={onChange} label="Test" />);
    > 20 |     const switchElement = screen.getByRole('switch');
         |                                  ^
      21 |     fireEvent.click(switchElement);
      22 |     expect(onChange).toHaveBeenCalled();
      23 |   });

      at Object.getElementError (node_modules/@testing-library/dom/dist/config.js:37:19)
      at node_modules/@testing-library/dom/dist/query-helpers.js:76:38
      at node_modules/@testing-library/dom/dist/query-helpers.js:52:17
      at node_modules/@testing-library/dom/dist/query-helpers.js:95:19
      at Object.getByRole (src/components/form/__tests__/Switch.test.tsx:20:34)

  ● Switch › should render switch as disabled

    TestingLibraryElementError: Unable to find an accessible element with the role "switch"

    There are no accessible roles. But there might be some inaccessible roles. If you wish to access them, then set the `hidden` option to `true`. Learn more about this here: https://testing-library.com/docs/dom-testing-library/api-queries#byrole

    Ignored nodes: comments, script, style
    [36m<body>[39m
      [36m<div>[39m
        [36m<label[39m
          [33mclass[39m=[32m"flex cursor-pointer select-none items-center gap-3 text-sm font-medium text-gray-400"[39m
        [36m>[39m
          [36m<div[39m
            [33mclass[39m=[32m"relative"[39m
          [36m>[39m
            [36m<div[39m
              [33mclass[39m=[32m"block h-6 w-11 rounded-full transition duration-150 ease-linear pointer-events-none bg-gray-100 dark:bg-gray-800"[39m
            [36m/>[39m
            [36m<div[39m
              [33mclass[39m=[32m"absolute left-0.5 top-0.5 h-5 w-5 transform rounded-full shadow-theme-sm duration-150 ease-linear translate-x-0 bg-white"[39m
            [36m/>[39m
          [36m</div>[39m
          [0mDisabled[0m
        [36m</label>[39m
      [36m</div>[39m
    [36m</body>[39m

      25 |   it('should render switch as disabled', () => {
      26 |     render(<Switch disabled label="Disabled" />);
    > 27 |     const switchElement = screen.getByRole('switch');
         |                                  ^
      28 |     expect(switchElement).toBeDisabled();
      29 |   });
      30 | });

      at Object.getElementError (node_modules/@testing-library/dom/dist/config.js:37:19)
      at node_modules/@testing-library/dom/dist/query-helpers.js:76:38
      at node_modules/@testing-library/dom/dist/query-helpers.js:52:17
      at node_modules/@testing-library/dom/dist/query-helpers.js:95:19
      at Object.getByRole (src/components/form/__tests__/Switch.test.tsx:27:34)

PASS src/components/common/__tests__/ThemeToggleButton.test.tsx
FAIL src/components/example/ModalExample/__tests__/FormInModal.test.tsx
  ● Console

    console.error
      Error: Not implemented: HTMLFormElement.prototype.requestSubmit
          at Object.click (src/components/example/ModalExample/__tests__/FormInModal.test.tsx:54:15)
          at new Promise (<anonymous>) {
        type: 'not implemented'
      }

      52 |     render(<FormInModal />);
      53 |     const closeButton = screen.getByText('Close');
    > 54 |     fireEvent.click(closeButton);
         |               ^
      55 |     expect(mockCloseModal).toHaveBeenCalled();
      56 |   });
      57 | });

      at VirtualConsole.<anonymous> (node_modules/@jest/environment-jsdom-abstract/build/index.js:87:23)
      at module.exports (node_modules/jsdom/lib/jsdom/browser/not-implemented.js:12:26)
      at HTMLFormElementImpl.requestSubmit (node_modules/jsdom/lib/jsdom/living/nodes/HTMLFormElement-impl.js:130:5)
      at HTMLFormElementImpl._doRequestSubmit (node_modules/jsdom/lib/jsdom/living/nodes/HTMLFormElement-impl.js:100:10)
      at HTMLButtonElementImpl._activationBehavior (node_modules/jsdom/lib/jsdom/living/nodes/HTMLButtonElement-impl.js:23:14)
      at HTMLButtonElementImpl._dispatch (node_modules/jsdom/lib/jsdom/living/events/EventTarget-impl.js:252:26)
      at HTMLButtonElementImpl.dispatchEvent (node_modules/jsdom/lib/jsdom/living/events/EventTarget-impl.js:104:17)
      at HTMLButtonElement.dispatchEvent (node_modules/jsdom/lib/jsdom/living/generated/EventTarget.js:241:34)
      at node_modules/@testing-library/dom/dist/events.js:19:20
      at node_modules/@testing-library/react/dist/pure.js:108:16
      at node_modules/@testing-library/react/dist/act-compat.js:48:24
      at process.env.NODE_ENV.exports.act (node_modules/react/cjs/react.development.js:814:22)
      at node_modules/@testing-library/react/dist/act-compat.js:47:25
      at Object.eventWrapper (node_modules/@testing-library/react/dist/pure.js:107:28)
      at fireEvent (node_modules/@testing-library/dom/dist/events.js:12:35)
      at Function.fireEvent.<computed> [as click] (node_modules/@testing-library/dom/dist/events.js:110:36)
      at Function.fireEvent.<computed> [as click] (node_modules/@testing-library/react/dist/fire-event.js:15:52)
      at Object.click (src/components/example/ModalExample/__tests__/FormInModal.test.tsx:54:15)

  ● FormInModal › should render form in modal when isOpen is true

    TestingLibraryElementError: Found a label with the text of: /First Name/i, however no form control was found associated to that label. Make sure you're using the "for" attribute or "aria-labelledby" attribute correctly.

    Ignored nodes: comments, script, style
    [36m<body[39m
      [33mstyle[39m=[32m"overflow: hidden;"[39m
    [36m>[39m
      [36m<div>[39m
        [36m<div[39m
          [33mclass[39m=[32m"rounded-2xl border border-gray-200 bg-white dark:border-gray-800 dark:bg-white/[0.03] "[39m
        [36m>[39m
          [36m<div[39m
            [33mclass[39m=[32m"flex items-center justify-between"[39m
          [36m>[39m
            [36m<div[39m
              [33mclass[39m=[32m"px-6 py-2"[39m
            [36m>[39m
              [36m<h3[39m
                [33mclass[39m=[32m"text-base font-medium text-gray-800 dark:text-white/90"[39m
              [36m>[39m
                [0mForm In Modal[0m
              [36m</h3>[39m
            [36m</div>[39m
            [36m<div[39m
              [33mclass[39m=[32m"px-6 py-2"[39m
            [36m/>[39m
          [36m</div>[39m
          [36m<div[39m
            [33mclass[39m=[32m"border-t border-gray-100 p-4 dark:border-gray-800 sm:p-6"[39m
          [36m>[39m
            [36m<div[39m
              [33mclass[39m=[32m"space-y-6"[39m
            [36m>[39m
              [36m<button[39m
                [33mclass[39m=[32m"inline-flex items-center justify-center gap-2 whitespace-nowrap text-sm font-medium ring-offset-background transition-colors focus-visible:outline-none focus-visible:ring-2 focus-visible:ring-ring focus-visible:ring-offset-2 disabled:pointer-events-none disabled:opacity-50 [&_svg]:pointer-events-none [&_svg]:size-4 [&_svg]:shrink-0 bg-primary text-primary-foreground hover:bg-primary/90 h-9 rounded-md px-3"[39m
              [36m>[39m
                [0mOpen Modal[0m
              [36m</button>[39m
              [36m<div[39m
                [33mclass[39m=[32m"fixed inset-0 z-[99999] flex items-center justify-center"[39m
              [36m>[39m
                [36m<div[39m
                  [33mclass[39m=[32m"fixed inset-0 z-[99998] bg-black/30 backdrop-blur-md"[39m
                [36m/>[39m
                [36m<div[39m
                  [33mclass[39m=[32m"relative w-full max-w-2xl rounded-3xl bg-white dark:bg-gray-900 p-6 max-w-[584px] p-5 lg:p-10 z-[99999] border border-gray-800 dark:border-gray-600"[39m
                [36m>[39m
                  [36m<button[39m
                    [33mclass[39m=[32m"absolute right-3 top-3 z-[99999] flex h-9 w-9 items-center justify-center rounded-full bg-gray-100 text-gray-400 transition-colors hover:bg-gray-200 hover:text-gray-700 dark:bg-gray-800 dark:text-gray-400 dark:hover:bg-gray-700 dark:hover:text-white"[39m
                  [36m>[39m
                    [36m<svg[39m
                      [33mfill[39m=[32m"none"[39m
                      [33mheight[39m=[32m"24"[39m
                      [33mviewBox[39m=[32m"0 0 24 24"[39m
                      [33mwidth[39m=[32m"24"[39m
                      [33mxmlns[39m=[32m"http://www.w3.org/2000/svg"[39m
                    [36m>[39m
                      [36m<path[39m
                        [33mclip-rule[39m=[32m"evenodd"[39m
                        [33md[39m=[32m"M6.04289 16.5413C5.65237 16.9318 5.65237 17.565 6.04289 17.9555C6.43342 18.346 7.06658 18.346 7.45711 17.9555L11.9987 13.4139L16.5408 17.956C16.9313 18.3466 17.5645 18.3466 17.955 17.956C18.3455 17.5655 18.3455 16.9323 17.955 16.5418L13.4129 11.9997L17.955 7.4576C18.3455 7.06707 18.3455 6.43391 17.955 6.04338C17.5645 5.65286 16.9313 5.65286 16.5408 6.04338L11.9987 10.5855L7.45711 6.0439C7.06658 5.65338 6.43342 5.65338 6.04289 6.0439C5.65237 6.43442 5.65237 7.06759 6.04289 7.45811L10.5845 11.9997L6.04289 16.5413Z"[39m
                        [33mfill[39m=[32m"currentColor"[39m
                        [33mfill-rule[39m=[32m"evenodd"[39m
                      [36m/>[39m
                    [36m</svg>[39m
                  [36m</button>[39m
                  [36m<div[39m
                    [33mclass[39m=[32m"max-h-[90vh] overflow-y-auto"[39m
                  [36m>[39m
                    [36m<form[39m
                      [33mclass[39m=[32m""[39m
                    [36m>[39m
                      [36m<h4[39m
                        [33mclass[39m=[32m"mb-6 text-lg font-medium text-gray-800 dark:text-white/90"[39m
                      [36m>[39m
                        [0mPersonal Information[0m
                      [36m</h4>[39m
                      [36m<div[39m
                        [33mclass[39m=[32m"grid grid-cols-1 gap-x-6 gap-y-5 sm:grid-cols-2"[39m
                      [36m>[39m
                        [36m<div[39m
                          [33mclass[39m=[32m"col-span-1"[39m
                        [36m>[39m
                          [36m<label[39m
                            [33mclass[39m=[32m"mb-1.5 block text-sm font-medium text-gray-700 dark:text-gray-400"[39m
                          [36m>[39m
                            [0mFirst Name[0m
                          [36m</label>[39m
                          [36m<div[39m
                            [33mclass[39m=[32m"relative"[39m
                          [36m>[39m
                            [36m<input[39m
                              [33mclass[39m=[32m"h-11 w-full rounded-lg border appearance-none px-4 py-2.5 text-sm shadow-theme-xs placeholder:text-gray-400 focus:outline-none focus:ring dark:bg-gray-900 dark:text-white/90 dark:placeholder:text-white/30 dark:focus:border-brand-800  bg-transparent text-gray-800 border-gray-300 focus:border-brand-300 focus:ring focus:ring-brand-500/10 dark:border-gray-700 dark:bg-gray-900 dark:text-white/90 dark:focus:border-brand-800"[39m
                              [33mplaceholder[39m=[32m"Emirhan"[39m
                              [33mtype[39m=[32m"text"[39m
                            [36m/>[39m
                          [36m</div>[39m
                        [36m</div>[39m
                        [36m<div[39m
                          [33mclass[39m=[32m"col-span-1"[39m
                        [36m>[39m
                          [36m<label[39m
                            [33mclass[39m=[32m"mb-1.5 block text-sm font-medium text-gray-700 dark:text-gray-400"[39m
                          [36m>[39m
                            [0mLast Name[0m
                          [36m</label>[39m
                          [36m<div[39m
                            [33mclass[39m=[32m"relative"[39m
                          [36m>[39m
                            [36m<input[39m
                              [33mclass[39m=[32m"h-11 w-full rounded-lg border appearance-none px-4 py-2.5 text-sm shadow-theme-xs placeholder:text-gray-400 focus:outline-none focus:ring dark:bg-gray-900 dark:text-white/90 dark:placeholder:text-white/30 dark:focus:border-brand-800  bg-transparent text-gray-800 border-gray-300 focus:border-brand-300 focus:ring focus:ring-brand-500/10 dark:border-gray-700 dark:bg-gray-900 dark:text-white/90 dark:focus:border-brand-800"[39m
                              [33mplaceholder[39m=[32m"Boruch"[39m
                              [33mtype[39m=[32m"text"[39m
                            [36m/>[39m
                          [36m</div>[39m
                        [36m</div>[39m
                        [36m<div[39m
                          [33mclass[39m=[32m"col-span-1"[39m
                        [36m>[39m
                          [36m<label[39m
                            [33mclass[39m=[32m"mb-1.5 block text-sm font-medium text-gray-700 dark:text-gray-400"[39m
                          [36m>[39m
                            [0mLast Name[0m
                          [36m</label>[39m
                          [36m<div[39m
                            [33mclass[39m=[32m"relative"[39m
                          [36m>[39m
                            [36m<input[39m
                              [33mclass[39m=[32m"h-11 w-full rounded-lg border appearance-none px-4 py-2.5 text-sm shadow-theme-xs placeholder:text-gray-400 focus:outline-none focus:ring dark:bg-gray-900 dark:text-white/90 dark:placeholder:text-white/30 dark:focus:border-brand-800  bg-transparent text-gray-800 border-gray-300 focus:border-brand-300 focus:ring focus:ring-brand-500/10 dark:border-gray-700 dark:bg-gray-900 dark:text-white/90 dark:focus:border-brand-800"[39m
                              [33mplaceholder[39m=[32m"emirhanboruch55@gmail.com"[39m
                              [33mtype[39m=[32m"email"[39m
                            [36m/>[39m
                          [36m</div>[39m
                        [36m</div>[39m
                        [36m<div[39m
                          [33mclass[39m=[32m"col-span-1"[39m
                        [36m>[39m
                          [36m<label[39m
                            [33mclass[39m=[32m"mb-1.5 block text-sm font-medium text-gray-700 dark:text-gray-400"[39m
                          [36m>[39m
                            [0mPhone[0m
                          [36m</label>[39m
                          [36m<div[39m
                            [33mclass[39m=[32m"relative"[39m
                          [36m>[39m
                            [36m<input[39m
                              [33mclass[39m=[32m"h-11 w-full rounded-lg border appearance-none px-4 py-2.5 text-sm shadow-theme-xs placeholder:text-gray-400 focus:outline-none focus:ring dark:bg-gray-900 dark:text-white/90 dark:placeholder:text-white/30 dark:focus:border-brand-800  bg-transparent text-gray-800 border-gray-300 focus:border-brand-300 focus:ring focus:ring-brand-500/10 dark:border-gray-700 dark:bg-gray-900 dark:text-white/90 dark:focus:border-brand-800"[39m
                              [33mplaceholder[39m=[32m"+09 363 398 46"[39m
                              [33mtype[39m=[32m"text"[39m
                            [36m/>[39m
                          [36m</div>[39m
                        [36m</div>[39m
                        [36m<div[39m
                          [33mclass[39m=[32m"col-span-1 sm:col-span-2"[39m
                        [36m>[39m
                          [36m<label[39m
                            [33mclass[39m=[32m"mb-1.5 block text-sm font-medium text-gray-700 dark:text-gray-400"[39m
                          [36m>[39m
                            [0mBio[0m
                          [36m</label>[39m
                          [36m<div[39m
                            [33mclass[39m=[32m"relative"[39m
                          [36m>[39m
                            [36m<input[39m
                              [33mclass[39m=[32m"h-11 w-full rounded-lg border appearance-none px-4 py-2.5 text-sm shadow-theme-xs placeholder:text-gray-400 focus:outline-none focus:ring dark:bg-gray-900 dark:text-white/90 dark:placeholder:text-white/30 dark:focus:border-brand-800  bg-transparent text-gray-800 border-gray-300 focus:border-brand-300 focus:ring focus:ring-brand-500/10 dark:border-gray-700 dark:bg-gray-900 dark:text-white/90 dark:focus:border-brand-800"[39m
                              [33mplaceholder[39m=[32m"Team Manager"[39m
                              [33mtype[39m=[32m"text"[39m
                            [36m/>[39m
                          [36m</div>[39m
                        [36m</div>[39m
                      [36m</div>[39m
                      [36m<div[39m
                        [33mclass[39m=[32m"mt-6 flex w-full items-center justify-end gap-3"[39m
                      [36m>[39m
                        [36m<button[39m
                          [33mclass[39m=[32m"inline-flex items-center justify-center gap-2 whitespace-nowrap text-sm font-medium ring-offset-background transition-colors focus-visible:outline-none focus-visible:ring-2 focus-visible:ring-ring focus-visible:ring-offset-2 disabled:pointer-events-none disabled:opacity-50 [&_svg]:pointer-events-none [&_svg]:size-4 [&_svg]:shrink-0 border border-input bg-background text-gray-900 dark:text-white hover:bg-accent hover:text-accent-foreground h-9 rounded-md px-3"[39m
                        [36m>[39m
                          [0mClose[0m
                        [36m</button>[39m
                        [36m<button[39m
                          [33mclass[39m=[32m"inline-flex items-center justify-center gap-2 whitespace-nowrap text-sm font-medium ring-offset-background transition-colors focus-visible:outline-none focus-visible:ring-2 focus-visible:ring-ring focus-visible:ring-offset-2 disabled:pointer-events-none disabled:opacity-50 [&_svg]:pointer-events-none [&_svg]:size-4 [&_svg]:shrink-0 bg-primary text-primary-foreground hover:bg-primary/90 h-9 rounded-md px-3"[39m
                        [36m>[39m
                          [0mSave Changes[0m
                        [36m</button>[39m
                      [36m</div>[39m
                    [36m</form>[39m
                  [36m</div>[39m
                [36m</div>[39m
              [36m</div>[39m
            [36m</div>[39m
          [36m</div>[39m
        [36m</div>[39m
      [36m</div>[39m
    [36m</body>[39m

      40 |     render(<FormInModal />);
      41 |     expect(screen.getByText('Personal Information')).toBeInTheDocument();
    > 42 |     expect(screen.getByLabelText(/First Name/i)).toBeInTheDocument();
         |                   ^
      43 |     expect(screen.getByLabelText(/Last Name/i)).toBeInTheDocument();
      44 |   });
      45 |

      at Object.getElementError (node_modules/@testing-library/dom/dist/config.js:37:19)
      at getAllByLabelText (node_modules/@testing-library/dom/dist/queries/label-text.js:108:40)
      at node_modules/@testing-library/dom/dist/query-helpers.js:52:17
      at node_modules/@testing-library/dom/dist/query-helpers.js:95:19
      at Object.getByLabelText (src/components/example/ModalExample/__tests__/FormInModal.test.tsx:42:19)

PASS src/components/messages/__tests__/BulkMessagesTable.test.tsx
FAIL src/components/ui/__tests__/checkbox.test.tsx
  ● Console

    console.error
      Unknown event handler property `onCheckedChange`. It will be ignored.

      24 |   it('should handle checkbox click', () => {
      25 |     const onCheckedChange = jest.fn();
    > 26 |     const { container } = render(
         |                                 ^
      27 |       <Checkbox checked={false} onCheckedChange={onCheckedChange} />
      28 |     );
      29 |     const checkbox = container.querySelector('[role="checkbox"]');

      at validateProperty (node_modules/react-dom/cjs/react-dom-client.development.js:2935:21)
      at warnUnknownProperties (node_modules/react-dom/cjs/react-dom-client.development.js:3146:9)
      at validatePropertiesInDevelopment (node_modules/react-dom/cjs/react-dom-client.development.js:19868:9)
      at setInitialProperties (node_modules/react-dom/cjs/react-dom-client.development.js:20491:7)
      at completeWork (node_modules/react-dom/cjs/react-dom-client.development.js:12662:18)
      at runWithFiberInDEV (node_modules/react-dom/cjs/react-dom-client.development.js:874:13)
      at completeUnitOfWork (node_modules/react-dom/cjs/react-dom-client.development.js:17777:19)
      at performUnitOfWork (node_modules/react-dom/cjs/react-dom-client.development.js:17658:11)
      at workLoopSync (node_modules/react-dom/cjs/react-dom-client.development.js:17469:41)
      at renderRootSync (node_modules/react-dom/cjs/react-dom-client.development.js:17450:11)
      at performWorkOnRoot (node_modules/react-dom/cjs/react-dom-client.development.js:16504:11)
      at performWorkOnRootViaSchedulerTask (node_modules/react-dom/cjs/react-dom-client.development.js:18957:7)
      at flushActQueue (node_modules/react/cjs/react.development.js:590:34)
      at process.env.NODE_ENV.exports.act (node_modules/react/cjs/react.development.js:884:10)
      at node_modules/@testing-library/react/dist/act-compat.js:47:25
      at renderRoot (node_modules/@testing-library/react/dist/pure.js:190:26)
      at render (node_modules/@testing-library/react/dist/pure.js:292:10)
      at Object.<anonymous> (src/components/ui/__tests__/checkbox.test.tsx:26:33)

  ● Checkbox › should render checkbox

    expect(received).toBeInTheDocument()

    received value must be an HTMLElement or an SVGElement.
    Received has value: null

       7 |     const { container } = render(<Checkbox />);
       8 |     const checkbox = container.querySelector('[role="checkbox"]');
    >  9 |     expect(checkbox).toBeInTheDocument();
         |                      ^
      10 |   });
      11 |
      12 |   it('should render checkbox as checked', () => {

      at __EXTERNAL_MATCHER_TRAP__ (node_modules/expect/build/index.js:2240:22)
      at Object.throwingMatcher [as toBeInTheDocument] (node_modules/expect/build/index.js:2241:6)
      at Object.toBeInTheDocument (src/components/ui/__tests__/checkbox.test.tsx:9:22)

  ● Checkbox › should render checkbox as checked

    expect(received).toHaveAttribute()

    received value must be an HTMLElement or an SVGElement.
    Received has value: null

      13 |     const { container } = render(<Checkbox checked={true} />);
      14 |     const checkbox = container.querySelector('[role="checkbox"]');
    > 15 |     expect(checkbox).toHaveAttribute('aria-checked', 'true');
         |                      ^
      16 |   });
      17 |
      18 |   it('should render checkbox as unchecked', () => {

      at __EXTERNAL_MATCHER_TRAP__ (node_modules/expect/build/index.js:2240:22)
      at Object.throwingMatcher (node_modules/expect/build/index.js:2241:6)
      at Object.toHaveAttribute (src/components/ui/__tests__/checkbox.test.tsx:15:22)

  ● Checkbox › should render checkbox as unchecked

    expect(received).toHaveAttribute()

    received value must be an HTMLElement or an SVGElement.
    Received has value: null

      19 |     const { container } = render(<Checkbox checked={false} />);
      20 |     const checkbox = container.querySelector('[role="checkbox"]');
    > 21 |     expect(checkbox).toHaveAttribute('aria-checked', 'false');
         |                      ^
      22 |   });
      23 |
      24 |   it('should handle checkbox click', () => {

      at __EXTERNAL_MATCHER_TRAP__ (node_modules/expect/build/index.js:2240:22)
      at Object.throwingMatcher (node_modules/expect/build/index.js:2241:6)
      at Object.toHaveAttribute (src/components/ui/__tests__/checkbox.test.tsx:21:22)

  ● Checkbox › should handle checkbox click

    Unable to fire a "click" event - please provide a DOM element.

      28 |     );
      29 |     const checkbox = container.querySelector('[role="checkbox"]');
    > 30 |     fireEvent.click(checkbox!);
         |               ^
      31 |     expect(onCheckedChange).toHaveBeenCalledWith(true);
      32 |   });
      33 |

      at createEvent (node_modules/@testing-library/dom/dist/events.js:27:11)
      at Function.createEvent.<computed> [as click] (node_modules/@testing-library/dom/dist/events.js:106:38)
      at Function.fireEvent.<computed> [as click] (node_modules/@testing-library/dom/dist/events.js:110:68)
      at Function.fireEvent.<computed> [as click] (node_modules/@testing-library/react/dist/fire-event.js:15:52)
      at Object.click (src/components/ui/__tests__/checkbox.test.tsx:30:15)

  ● Checkbox › should render checkbox as disabled

    expect(received).toHaveAttribute()

    received value must be an HTMLElement or an SVGElement.
    Received has value: null

      35 |     const { container } = render(<Checkbox disabled />);
      36 |     const checkbox = container.querySelector('[role="checkbox"]');
    > 37 |     expect(checkbox).toHaveAttribute('aria-disabled', 'true');
         |                      ^
      38 |   });
      39 |
      40 |   it('should render checkbox with className', () => {

      at __EXTERNAL_MATCHER_TRAP__ (node_modules/expect/build/index.js:2240:22)
      at Object.throwingMatcher (node_modules/expect/build/index.js:2241:6)
      at Object.toHaveAttribute (src/components/ui/__tests__/checkbox.test.tsx:37:22)

  ● Checkbox › should render checkbox with className

    expect(received).toHaveClass()

    received value must be an HTMLElement or an SVGElement.
    Received has value: null

      41 |     const { container } = render(<Checkbox className="custom-checkbox" />);
      42 |     const checkbox = container.querySelector('[role="checkbox"]');
    > 43 |     expect(checkbox).toHaveClass('custom-checkbox');
         |                      ^
      44 |   });
      45 | });
      46 |

      at __EXTERNAL_MATCHER_TRAP__ (node_modules/expect/build/index.js:2240:22)
      at Object.throwingMatcher [as toHaveClass] (node_modules/expect/build/index.js:2241:6)
      at Object.toHaveClass (src/components/ui/__tests__/checkbox.test.tsx:43:22)

PASS src/components/ui/__tests__/loader.test.tsx
PASS src/components/ui/__tests__/toaster.test.tsx
  ● Console

    console.error
      React does not recognize the `swipeDirection` prop on a DOM element. If you intentionally want it to appear in the DOM as a custom attribute, spell it as lowercase `swipedirection` instead. If you accidentally passed it from a parent component, remove it from the DOM element.

       5 | describe('Toaster', () => {
       6 |   it('should render toaster', () => {
    >  7 |     const { container } = render(<Toaster />);
         |                                 ^
       8 |     expect(container.firstChild).toBeInTheDocument();
       9 |   });
      10 | });

      at validateProperty (node_modules/react-dom/cjs/react-dom-client.development.js:3001:19)
      at warnUnknownProperties (node_modules/react-dom/cjs/react-dom-client.development.js:3146:9)
      at validatePropertiesInDevelopment (node_modules/react-dom/cjs/react-dom-client.development.js:19868:9)
      at setInitialProperties (node_modules/react-dom/cjs/react-dom-client.development.js:20491:7)
      at completeWork (node_modules/react-dom/cjs/react-dom-client.development.js:12662:18)
      at runWithFiberInDEV (node_modules/react-dom/cjs/react-dom-client.development.js:874:13)
      at completeUnitOfWork (node_modules/react-dom/cjs/react-dom-client.development.js:17777:19)
      at performUnitOfWork (node_modules/react-dom/cjs/react-dom-client.development.js:17658:11)
      at workLoopSync (node_modules/react-dom/cjs/react-dom-client.development.js:17469:41)
      at renderRootSync (node_modules/react-dom/cjs/react-dom-client.development.js:17450:11)
      at performWorkOnRoot (node_modules/react-dom/cjs/react-dom-client.development.js:16504:11)
      at performWorkOnRootViaSchedulerTask (node_modules/react-dom/cjs/react-dom-client.development.js:18957:7)
      at flushActQueue (node_modules/react/cjs/react.development.js:590:34)
      at process.env.NODE_ENV.exports.act (node_modules/react/cjs/react.development.js:884:10)
      at node_modules/@testing-library/react/dist/act-compat.js:47:25
      at renderRoot (node_modules/@testing-library/react/dist/pure.js:190:26)
      at render (node_modules/@testing-library/react/dist/pure.js:292:10)
      at Object.<anonymous> (src/components/ui/__tests__/toaster.test.tsx:7:33)

FAIL src/components/charts/bar/__tests__/BarChartOne.test.tsx
  ● Console

    console.error
      An update to ForwardRef(LoadableComponent) inside a test was not wrapped in act(...).
      
      When testing, code that causes React state updates should be wrapped into act(...):
      
      act(() => {
        /* fire events that update state */
      });
      /* assert on the output */
      
      This ensures that you're testing the behavior the user would see in the browser. Learn more at https://react.dev/link/wrap-tests-with-act

      at node_modules/react-dom/cjs/react-dom-client.development.js:18758:19
      at runWithFiberInDEV (node_modules/react-dom/cjs/react-dom-client.development.js:874:13)
      at warnIfUpdatesNotWrappedWithActDEV (node_modules/react-dom/cjs/react-dom-client.development.js:18757:9)
      at scheduleUpdateOnFiber (node_modules/react-dom/cjs/react-dom-client.development.js:16409:11)
      at forceStoreRerender (node_modules/react-dom/cjs/react-dom-client.development.js:8262:24)
      at node_modules/react-dom/cjs/react-dom-client.development.js:8247:11
      at callback (node_modules/next/src/shared/lib/loadable.shared-runtime.tsx:235:48)
          at Set.forEach (<anonymous>)
      at LoadableSubscription.forEach (node_modules/next/src/shared/lib/loadable.shared-runtime.tsx:235:21)
      at _update (node_modules/next/src/shared/lib/loadable.shared-runtime.tsx:217:14)

  ● BarChartOne › should render bar chart component

    TestingLibraryElementError: Unable to find an element by: [data-testid="apexchart-bar"]

    Ignored nodes: comments, script, style
    [36m<body>[39m
      [36m<div>[39m
        [36m<div[39m
          [33mclass[39m=[32m"custom-scrollbar max-w-full overflow-x-auto"[39m
        [36m>[39m
          [36m<div[39m
            [33mclass[39m=[32m"min-w-[1000px]"[39m
            [33mid[39m=[32m"chartOne"[39m
          [36m/>[39m
        [36m</div>[39m
      [36m</div>[39m
    [36m</body>[39m

      25 |   it('should render bar chart component', () => {
      26 |     render(<BarChartOne />);
    > 27 |     expect(screen.getByTestId('apexchart-bar')).toBeInTheDocument();
         |                   ^
      28 |   });
      29 |
      30 |   it('should render with correct chart type', () => {

      at Object.getElementError (node_modules/@testing-library/dom/dist/config.js:37:19)
      at node_modules/@testing-library/dom/dist/query-helpers.js:76:38
      at node_modules/@testing-library/dom/dist/query-helpers.js:52:17
      at node_modules/@testing-library/dom/dist/query-helpers.js:95:19
      at Object.getByTestId (src/components/charts/bar/__tests__/BarChartOne.test.tsx:27:19)

FAIL src/components/form/input/__tests__/FileInput.test.tsx
  ● FileInput › should render file input

    TestingLibraryElementError: Unable to find an element with the role "textbox"

    There are no available roles.

    Ignored nodes: comments, script, style
    [36m<body>[39m
      [36m<div>[39m
        [36m<input[39m
          [33mclass[39m=[32m"focus:border-ring-brand-300 h-11 w-full overflow-hidden rounded-lg border border-gray-300 bg-transparent text-sm text-gray-500 shadow-theme-xs transition-colors file:mr-5 file:border-collapse file:cursor-pointer file:rounded-l-lg file:border-0 file:border-r file:border-solid file:border-gray-200 file:bg-gray-50 file:py-3 file:pl-3.5 file:pr-3 file:text-sm file:text-gray-700 placeholder:text-gray-400 hover:file:bg-gray-100 focus:outline-none focus:file:ring-brand-300 dark:border-gray-700 dark:bg-gray-900 dark:text-gray-400 dark:text-white/90 dark:file:border-gray-800 dark:file:bg-white/[0.03] dark:file:text-gray-400 dark:placeholder:text-gray-400 undefined"[39m
          [33mtype[39m=[32m"file"[39m
        [36m/>[39m
      [36m</div>[39m
    [36m</body>[39m

       6 |   it('should render file input', () => {
       7 |     render(<FileInput />);
    >  8 |     const input = screen.getByRole('textbox', { hidden: true });
         |                          ^
       9 |     expect(input).toBeInTheDocument();
      10 |   });
      11 |

      at Object.getElementError (node_modules/@testing-library/dom/dist/config.js:37:19)
      at node_modules/@testing-library/dom/dist/query-helpers.js:76:38
      at node_modules/@testing-library/dom/dist/query-helpers.js:52:17
      at node_modules/@testing-library/dom/dist/query-helpers.js:95:19
      at Object.getByRole (src/components/form/input/__tests__/FileInput.test.tsx:8:26)

  ● FileInput › should handle onChange

    TestingLibraryElementError: Unable to find an element with the role "textbox"

    There are no available roles.

    Ignored nodes: comments, script, style
    [36m<body>[39m
      [36m<div>[39m
        [36m<input[39m
          [33mclass[39m=[32m"focus:border-ring-brand-300 h-11 w-full overflow-hidden rounded-lg border border-gray-300 bg-transparent text-sm text-gray-500 shadow-theme-xs transition-colors file:mr-5 file:border-collapse file:cursor-pointer file:rounded-l-lg file:border-0 file:border-r file:border-solid file:border-gray-200 file:bg-gray-50 file:py-3 file:pl-3.5 file:pr-3 file:text-sm file:text-gray-700 placeholder:text-gray-400 hover:file:bg-gray-100 focus:outline-none focus:file:ring-brand-300 dark:border-gray-700 dark:bg-gray-900 dark:text-gray-400 dark:text-white/90 dark:file:border-gray-800 dark:file:bg-white/[0.03] dark:file:text-gray-400 dark:placeholder:text-gray-400 undefined"[39m
          [33mtype[39m=[32m"file"[39m
        [36m/>[39m
      [36m</div>[39m
    [36m</body>[39m

      13 |     const handleChange = jest.fn();
      14 |     render(<FileInput onChange={handleChange} />);
    > 15 |     const input = screen.getByRole('textbox', { hidden: true });
         |                          ^
      16 |     const file = new File(['test'], 'test.txt', { type: 'text/plain' });
      17 |     fireEvent.change(input, { target: { files: [file] } });
      18 |     expect(handleChange).toHaveBeenCalled();

      at Object.getElementError (node_modules/@testing-library/dom/dist/config.js:37:19)
      at node_modules/@testing-library/dom/dist/query-helpers.js:76:38
      at node_modules/@testing-library/dom/dist/query-helpers.js:52:17
      at node_modules/@testing-library/dom/dist/query-helpers.js:95:19
      at Object.getByRole (src/components/form/input/__tests__/FileInput.test.tsx:15:26)

PASS src/components/ui/__tests__/avatar.test.tsx
PASS src/components/form/__tests__/PasswordInput.test.tsx
FAIL src/components/ui/__tests__/switch.test.tsx
  ● Switch › should render switch

    Element type is invalid: expected a string (for built-in components) or a class/function (for composite components) but got: undefined. You likely forgot to export your component from the file it's defined in, or you might have mixed up default and named imports.

    Check the render method of `Root`.

       5 | describe('Switch', () => {
       6 |   it('should render switch', () => {
    >  7 |     const { container } = render(<Switch />);
         |                                 ^
       8 |     const switchElement = container.querySelector('[role="switch"]');
       9 |     expect(switchElement).toBeInTheDocument();
      10 |   });

      at createFiberFromTypeAndProps (node_modules/react-dom/cjs/react-dom-client.development.js:5021:28)
      at createFiberFromElement (node_modules/react-dom/cjs/react-dom-client.development.js:5035:14)
      at reconcileChildFibersImpl (node_modules/react-dom/cjs/react-dom-client.development.js:6920:31)
      at node_modules/react-dom/cjs/react-dom-client.development.js:7098:33
      at reconcileChildren (node_modules/react-dom/cjs/react-dom-client.development.js:9701:13)
      at beginWork (node_modules/react-dom/cjs/react-dom-client.development.js:12049:13)
      at runWithFiberInDEV (node_modules/react-dom/cjs/react-dom-client.development.js:874:13)
      at performUnitOfWork (node_modules/react-dom/cjs/react-dom-client.development.js:17641:22)
      at workLoopSync (node_modules/react-dom/cjs/react-dom-client.development.js:17469:41)
      at renderRootSync (node_modules/react-dom/cjs/react-dom-client.development.js:17450:11)
      at performWorkOnRoot (node_modules/react-dom/cjs/react-dom-client.development.js:16583:35)
      at performWorkOnRootViaSchedulerTask (node_modules/react-dom/cjs/react-dom-client.development.js:18957:7)
      at flushActQueue (node_modules/react/cjs/react.development.js:590:34)
      at process.env.NODE_ENV.exports.act (node_modules/react/cjs/react.development.js:884:10)
      at node_modules/@testing-library/react/dist/act-compat.js:47:25
      at renderRoot (node_modules/@testing-library/react/dist/pure.js:190:26)
      at render (node_modules/@testing-library/react/dist/pure.js:292:10)
      at Object.<anonymous> (src/components/ui/__tests__/switch.test.tsx:7:33)

  ● Switch › should render switch as checked

    Element type is invalid: expected a string (for built-in components) or a class/function (for composite components) but got: undefined. You likely forgot to export your component from the file it's defined in, or you might have mixed up default and named imports.

    Check the render method of `Root`.

      11 |
      12 |   it('should render switch as checked', () => {
    > 13 |     const { container } = render(<Switch checked={true} />);
         |                                 ^
      14 |     const switchElement = container.querySelector('[role="switch"]');
      15 |     expect(switchElement).toHaveAttribute('aria-checked', 'true');
      16 |   });

      at createFiberFromTypeAndProps (node_modules/react-dom/cjs/react-dom-client.development.js:5021:28)
      at createFiberFromElement (node_modules/react-dom/cjs/react-dom-client.development.js:5035:14)
      at reconcileChildFibersImpl (node_modules/react-dom/cjs/react-dom-client.development.js:6920:31)
      at node_modules/react-dom/cjs/react-dom-client.development.js:7098:33
      at reconcileChildren (node_modules/react-dom/cjs/react-dom-client.development.js:9701:13)
      at beginWork (node_modules/react-dom/cjs/react-dom-client.development.js:12049:13)
      at runWithFiberInDEV (node_modules/react-dom/cjs/react-dom-client.development.js:874:13)
      at performUnitOfWork (node_modules/react-dom/cjs/react-dom-client.development.js:17641:22)
      at workLoopSync (node_modules/react-dom/cjs/react-dom-client.development.js:17469:41)
      at renderRootSync (node_modules/react-dom/cjs/react-dom-client.development.js:17450:11)
      at performWorkOnRoot (node_modules/react-dom/cjs/react-dom-client.development.js:16583:35)
      at performWorkOnRootViaSchedulerTask (node_modules/react-dom/cjs/react-dom-client.development.js:18957:7)
      at flushActQueue (node_modules/react/cjs/react.development.js:590:34)
      at process.env.NODE_ENV.exports.act (node_modules/react/cjs/react.development.js:884:10)
      at node_modules/@testing-library/react/dist/act-compat.js:47:25
      at renderRoot (node_modules/@testing-library/react/dist/pure.js:190:26)
      at render (node_modules/@testing-library/react/dist/pure.js:292:10)
      at Object.<anonymous> (src/components/ui/__tests__/switch.test.tsx:13:33)

  ● Switch › should render switch as unchecked

    Element type is invalid: expected a string (for built-in components) or a class/function (for composite components) but got: undefined. You likely forgot to export your component from the file it's defined in, or you might have mixed up default and named imports.

    Check the render method of `Root`.

      17 |
      18 |   it('should render switch as unchecked', () => {
    > 19 |     const { container } = render(<Switch checked={false} />);
         |                                 ^
      20 |     const switchElement = container.querySelector('[role="switch"]');
      21 |     expect(switchElement).toHaveAttribute('aria-checked', 'false');
      22 |   });

      at createFiberFromTypeAndProps (node_modules/react-dom/cjs/react-dom-client.development.js:5021:28)
      at createFiberFromElement (node_modules/react-dom/cjs/react-dom-client.development.js:5035:14)
      at reconcileChildFibersImpl (node_modules/react-dom/cjs/react-dom-client.development.js:6920:31)
      at node_modules/react-dom/cjs/react-dom-client.development.js:7098:33
      at reconcileChildren (node_modules/react-dom/cjs/react-dom-client.development.js:9701:13)
      at beginWork (node_modules/react-dom/cjs/react-dom-client.development.js:12049:13)
      at runWithFiberInDEV (node_modules/react-dom/cjs/react-dom-client.development.js:874:13)
      at performUnitOfWork (node_modules/react-dom/cjs/react-dom-client.development.js:17641:22)
      at workLoopSync (node_modules/react-dom/cjs/react-dom-client.development.js:17469:41)
      at renderRootSync (node_modules/react-dom/cjs/react-dom-client.development.js:17450:11)
      at performWorkOnRoot (node_modules/react-dom/cjs/react-dom-client.development.js:16583:35)
      at performWorkOnRootViaSchedulerTask (node_modules/react-dom/cjs/react-dom-client.development.js:18957:7)
      at flushActQueue (node_modules/react/cjs/react.development.js:590:34)
      at process.env.NODE_ENV.exports.act (node_modules/react/cjs/react.development.js:884:10)
      at node_modules/@testing-library/react/dist/act-compat.js:47:25
      at renderRoot (node_modules/@testing-library/react/dist/pure.js:190:26)
      at render (node_modules/@testing-library/react/dist/pure.js:292:10)
      at Object.<anonymous> (src/components/ui/__tests__/switch.test.tsx:19:33)

  ● Switch › should handle switch click

    Element type is invalid: expected a string (for built-in components) or a class/function (for composite components) but got: undefined. You likely forgot to export your component from the file it's defined in, or you might have mixed up default and named imports.

    Check the render method of `Root`.

      24 |   it('should handle switch click', () => {
      25 |     const onCheckedChange = jest.fn();
    > 26 |     const { container } = render(
         |                                 ^
      27 |       <Switch checked={false} onCheckedChange={onCheckedChange} />
      28 |     );
      29 |     const switchElement = container.querySelector('[role="switch"]');

      at createFiberFromTypeAndProps (node_modules/react-dom/cjs/react-dom-client.development.js:5021:28)
      at createFiberFromElement (node_modules/react-dom/cjs/react-dom-client.development.js:5035:14)
      at reconcileChildFibersImpl (node_modules/react-dom/cjs/react-dom-client.development.js:6920:31)
      at node_modules/react-dom/cjs/react-dom-client.development.js:7098:33
      at reconcileChildren (node_modules/react-dom/cjs/react-dom-client.development.js:9701:13)
      at beginWork (node_modules/react-dom/cjs/react-dom-client.development.js:12049:13)
      at runWithFiberInDEV (node_modules/react-dom/cjs/react-dom-client.development.js:874:13)
      at performUnitOfWork (node_modules/react-dom/cjs/react-dom-client.development.js:17641:22)
      at workLoopSync (node_modules/react-dom/cjs/react-dom-client.development.js:17469:41)
      at renderRootSync (node_modules/react-dom/cjs/react-dom-client.development.js:17450:11)
      at performWorkOnRoot (node_modules/react-dom/cjs/react-dom-client.development.js:16583:35)
      at performWorkOnRootViaSchedulerTask (node_modules/react-dom/cjs/react-dom-client.development.js:18957:7)
      at flushActQueue (node_modules/react/cjs/react.development.js:590:34)
      at process.env.NODE_ENV.exports.act (node_modules/react/cjs/react.development.js:884:10)
      at node_modules/@testing-library/react/dist/act-compat.js:47:25
      at renderRoot (node_modules/@testing-library/react/dist/pure.js:190:26)
      at render (node_modules/@testing-library/react/dist/pure.js:292:10)
      at Object.<anonymous> (src/components/ui/__tests__/switch.test.tsx:26:33)

  ● Switch › should render switch as disabled

    Element type is invalid: expected a string (for built-in components) or a class/function (for composite components) but got: undefined. You likely forgot to export your component from the file it's defined in, or you might have mixed up default and named imports.

    Check the render method of `Root`.

      33 |
      34 |   it('should render switch as disabled', () => {
    > 35 |     const { container } = render(<Switch disabled />);
         |                                 ^
      36 |     const switchElement = container.querySelector('[role="switch"]');
      37 |     expect(switchElement).toHaveAttribute('aria-disabled', 'true');
      38 |   });

      at createFiberFromTypeAndProps (node_modules/react-dom/cjs/react-dom-client.development.js:5021:28)
      at createFiberFromElement (node_modules/react-dom/cjs/react-dom-client.development.js:5035:14)
      at reconcileChildFibersImpl (node_modules/react-dom/cjs/react-dom-client.development.js:6920:31)
      at node_modules/react-dom/cjs/react-dom-client.development.js:7098:33
      at reconcileChildren (node_modules/react-dom/cjs/react-dom-client.development.js:9701:13)
      at beginWork (node_modules/react-dom/cjs/react-dom-client.development.js:12049:13)
      at runWithFiberInDEV (node_modules/react-dom/cjs/react-dom-client.development.js:874:13)
      at performUnitOfWork (node_modules/react-dom/cjs/react-dom-client.development.js:17641:22)
      at workLoopSync (node_modules/react-dom/cjs/react-dom-client.development.js:17469:41)
      at renderRootSync (node_modules/react-dom/cjs/react-dom-client.development.js:17450:11)
      at performWorkOnRoot (node_modules/react-dom/cjs/react-dom-client.development.js:16583:35)
      at performWorkOnRootViaSchedulerTask (node_modules/react-dom/cjs/react-dom-client.development.js:18957:7)
      at flushActQueue (node_modules/react/cjs/react.development.js:590:34)
      at process.env.NODE_ENV.exports.act (node_modules/react/cjs/react.development.js:884:10)
      at node_modules/@testing-library/react/dist/act-compat.js:47:25
      at renderRoot (node_modules/@testing-library/react/dist/pure.js:190:26)
      at render (node_modules/@testing-library/react/dist/pure.js:292:10)
      at Object.<anonymous> (src/components/ui/__tests__/switch.test.tsx:35:33)

  ● Switch › should render switch with className

    Element type is invalid: expected a string (for built-in components) or a class/function (for composite components) but got: undefined. You likely forgot to export your component from the file it's defined in, or you might have mixed up default and named imports.

    Check the render method of `Root`.

      39 |
      40 |   it('should render switch with className', () => {
    > 41 |     const { container } = render(<Switch className="custom-switch" />);
         |                                 ^
      42 |     const switchElement = container.querySelector('[role="switch"]');
      43 |     expect(switchElement).toHaveClass('custom-switch');
      44 |   });

      at createFiberFromTypeAndProps (node_modules/react-dom/cjs/react-dom-client.development.js:5021:28)
      at createFiberFromElement (node_modules/react-dom/cjs/react-dom-client.development.js:5035:14)
      at reconcileChildFibersImpl (node_modules/react-dom/cjs/react-dom-client.development.js:6920:31)
      at node_modules/react-dom/cjs/react-dom-client.development.js:7098:33
      at reconcileChildren (node_modules/react-dom/cjs/react-dom-client.development.js:9701:13)
      at beginWork (node_modules/react-dom/cjs/react-dom-client.development.js:12049:13)
      at runWithFiberInDEV (node_modules/react-dom/cjs/react-dom-client.development.js:874:13)
      at performUnitOfWork (node_modules/react-dom/cjs/react-dom-client.development.js:17641:22)
      at workLoopSync (node_modules/react-dom/cjs/react-dom-client.development.js:17469:41)
      at renderRootSync (node_modules/react-dom/cjs/react-dom-client.development.js:17450:11)
      at performWorkOnRoot (node_modules/react-dom/cjs/react-dom-client.development.js:16583:35)
      at performWorkOnRootViaSchedulerTask (node_modules/react-dom/cjs/react-dom-client.development.js:18957:7)
      at flushActQueue (node_modules/react/cjs/react.development.js:590:34)
      at process.env.NODE_ENV.exports.act (node_modules/react/cjs/react.development.js:884:10)
      at node_modules/@testing-library/react/dist/act-compat.js:47:25
      at renderRoot (node_modules/@testing-library/react/dist/pure.js:190:26)
      at render (node_modules/@testing-library/react/dist/pure.js:292:10)
      at Object.<anonymous> (src/components/ui/__tests__/switch.test.tsx:41:33)

PASS src/components/form/input/__tests__/Checkbox.test.tsx
PASS src/components/ui/__tests__/textarea.test.tsx
FAIL src/components/ui/__tests__/button.test.tsx
  ● Button › should render button as child

    Element type is invalid: expected a string (for built-in components) or a class/function (for composite components) but got: undefined. You likely forgot to export your component from the file it's defined in, or you might have mixed up default and named imports.

    Check the render method of `Button`.

      34 |
      35 |   it('should render button as child', () => {
    > 36 |     render(
         |           ^
      37 |       <Button asChild>
      38 |         <a href="/test">Link Button</a>
      39 |       </Button>

      at createFiberFromTypeAndProps (node_modules/react-dom/cjs/react-dom-client.development.js:5021:28)
      at createFiberFromElement (node_modules/react-dom/cjs/react-dom-client.development.js:5035:14)
      at reconcileChildFibersImpl (node_modules/react-dom/cjs/react-dom-client.development.js:6920:31)
      at node_modules/react-dom/cjs/react-dom-client.development.js:7098:33
      at reconcileChildren (node_modules/react-dom/cjs/react-dom-client.development.js:9701:13)
      at updateForwardRef (node_modules/react-dom/cjs/react-dom-client.development.js:9740:7)
      at beginWork (node_modules/react-dom/cjs/react-dom-client.development.js:12117:18)
      at runWithFiberInDEV (node_modules/react-dom/cjs/react-dom-client.development.js:874:13)
      at performUnitOfWork (node_modules/react-dom/cjs/react-dom-client.development.js:17641:22)
      at workLoopSync (node_modules/react-dom/cjs/react-dom-client.development.js:17469:41)
      at renderRootSync (node_modules/react-dom/cjs/react-dom-client.development.js:17450:11)
      at performWorkOnRoot (node_modules/react-dom/cjs/react-dom-client.development.js:16583:35)
      at performWorkOnRootViaSchedulerTask (node_modules/react-dom/cjs/react-dom-client.development.js:18957:7)
      at flushActQueue (node_modules/react/cjs/react.development.js:590:34)
      at process.env.NODE_ENV.exports.act (node_modules/react/cjs/react.development.js:884:10)
      at node_modules/@testing-library/react/dist/act-compat.js:47:25
      at renderRoot (node_modules/@testing-library/react/dist/pure.js:190:26)
      at render (node_modules/@testing-library/react/dist/pure.js:292:10)
      at Object.<anonymous> (src/components/ui/__tests__/button.test.tsx:36:11)

PASS src/components/form/__tests__/FileInput.test.tsx
PASS src/components/ui/dropdown/__tests__/DropdownItem.test.tsx
PASS src/components/ui/__tests__/badge.test.tsx
PASS src/components/form/__tests__/InputField.test.tsx
PASS src/components/ui/__tests__/popover.test.tsx
  ● Console

    console.error
      React does not recognize the `sideOffset` prop on a DOM element. If you intentionally want it to appear in the DOM as a custom attribute, spell it as lowercase `sideoffset` instead. If you accidentally passed it from a parent component, remove it from the DOM element.

      10 |   describe('Popover', () => {
      11 |     it('should render popover', () => {
    > 12 |       render(
         |             ^
      13 |         <Popover>
      14 |           <PopoverTrigger>Open</PopoverTrigger>
      15 |           <PopoverContent>Content</PopoverContent>

      at validateProperty (node_modules/react-dom/cjs/react-dom-client.development.js:3001:19)
      at warnUnknownProperties (node_modules/react-dom/cjs/react-dom-client.development.js:3146:9)
      at validatePropertiesInDevelopment (node_modules/react-dom/cjs/react-dom-client.development.js:19868:9)
      at setInitialProperties (node_modules/react-dom/cjs/react-dom-client.development.js:20491:7)
      at completeWork (node_modules/react-dom/cjs/react-dom-client.development.js:12662:18)
      at runWithFiberInDEV (node_modules/react-dom/cjs/react-dom-client.development.js:874:13)
      at completeUnitOfWork (node_modules/react-dom/cjs/react-dom-client.development.js:17777:19)
      at performUnitOfWork (node_modules/react-dom/cjs/react-dom-client.development.js:17658:11)
      at workLoopSync (node_modules/react-dom/cjs/react-dom-client.development.js:17469:41)
      at renderRootSync (node_modules/react-dom/cjs/react-dom-client.development.js:17450:11)
      at performWorkOnRoot (node_modules/react-dom/cjs/react-dom-client.development.js:16504:11)
      at performWorkOnRootViaSchedulerTask (node_modules/react-dom/cjs/react-dom-client.development.js:18957:7)
      at flushActQueue (node_modules/react/cjs/react.development.js:590:34)
      at process.env.NODE_ENV.exports.act (node_modules/react/cjs/react.development.js:884:10)
      at node_modules/@testing-library/react/dist/act-compat.js:47:25
      at renderRoot (node_modules/@testing-library/react/dist/pure.js:190:26)
      at render (node_modules/@testing-library/react/dist/pure.js:292:10)
      at Object.<anonymous> (src/components/ui/__tests__/popover.test.tsx:12:13)

PASS src/components/form/__tests__/TextAreaInput.test.tsx
PASS src/components/ui/__tests__/toggle-group.test.tsx
PASS src/layout/__tests__/SidebarWidget.test.tsx
PASS src/components/ui/__tests__/aspect-ratio.test.tsx
PASS src/components/common/__tests__/GridShape.test.tsx
PASS src/components/ui/__tests__/collapsible.test.tsx
PASS src/providers/__tests__/QueryProvider.test.tsx
  ● Console

    console.log
      QueryClient created: {
        getQueryData: [Function: mockConstructor] {
          _isMockFunction: true,
          getMockImplementation: [Function (anonymous)],
          mock: [Getter/Setter],
          mockClear: [Function (anonymous)],
          mockReset: [Function (anonymous)],
          mockRestore: [Function (anonymous)],
          mockReturnValueOnce: [Function (anonymous)],
          mockResolvedValueOnce: [Function (anonymous)],
          mockRejectedValueOnce: [Function (anonymous)],
          mockReturnValue: [Function (anonymous)],
          mockResolvedValue: [Function (anonymous)],
          mockRejectedValue: [Function (anonymous)],
          mockImplementationOnce: [Function (anonymous)],
          withImplementation: [Function: bound withImplementation],
          mockImplementation: [Function (anonymous)],
          mockReturnThis: [Function (anonymous)],
          mockName: [Function (anonymous)],
          getMockName: [Function (anonymous)],
          [Symbol(nodejs.dispose)]: [Function (anonymous)]
        },
        setQueryData: [Function: mockConstructor] {
          _isMockFunction: true,
          getMockImplementation: [Function (anonymous)],
          mock: [Getter/Setter],
          mockClear: [Function (anonymous)],
          mockReset: [Function (anonymous)],
          mockRestore: [Function (anonymous)],
          mockReturnValueOnce: [Function (anonymous)],
          mockResolvedValueOnce: [Function (anonymous)],
          mockRejectedValueOnce: [Function (anonymous)],
          mockReturnValue: [Function (anonymous)],
          mockResolvedValue: [Function (anonymous)],
          mockRejectedValue: [Function (anonymous)],
          mockImplementationOnce: [Function (anonymous)],
          withImplementation: [Function: bound withImplementation],
          mockImplementation: [Function (anonymous)],
          mockReturnThis: [Function (anonymous)],
          mockName: [Function (anonymous)],
          getMockName: [Function (anonymous)],
          [Symbol(nodejs.dispose)]: [Function (anonymous)]
        }
      }

      at log (src/providers/QueryProvider.tsx:30:15)

    console.log
      QueryClient created: {
        getQueryData: [Function: mockConstructor] {
          _isMockFunction: true,
          getMockImplementation: [Function (anonymous)],
          mock: [Getter/Setter],
          mockClear: [Function (anonymous)],
          mockReset: [Function (anonymous)],
          mockRestore: [Function (anonymous)],
          mockReturnValueOnce: [Function (anonymous)],
          mockResolvedValueOnce: [Function (anonymous)],
          mockRejectedValueOnce: [Function (anonymous)],
          mockReturnValue: [Function (anonymous)],
          mockResolvedValue: [Function (anonymous)],
          mockRejectedValue: [Function (anonymous)],
          mockImplementationOnce: [Function (anonymous)],
          withImplementation: [Function: bound withImplementation],
          mockImplementation: [Function (anonymous)],
          mockReturnThis: [Function (anonymous)],
          mockName: [Function (anonymous)],
          getMockName: [Function (anonymous)],
          [Symbol(nodejs.dispose)]: [Function (anonymous)]
        },
        setQueryData: [Function: mockConstructor] {
          _isMockFunction: true,
          getMockImplementation: [Function (anonymous)],
          mock: [Getter/Setter],
          mockClear: [Function (anonymous)],
          mockReset: [Function (anonymous)],
          mockRestore: [Function (anonymous)],
          mockReturnValueOnce: [Function (anonymous)],
          mockResolvedValueOnce: [Function (anonymous)],
          mockRejectedValueOnce: [Function (anonymous)],
          mockReturnValue: [Function (anonymous)],
          mockResolvedValue: [Function (anonymous)],
          mockRejectedValue: [Function (anonymous)],
          mockImplementationOnce: [Function (anonymous)],
          withImplementation: [Function: bound withImplementation],
          mockImplementation: [Function (anonymous)],
          mockReturnThis: [Function (anonymous)],
          mockName: [Function (anonymous)],
          getMockName: [Function (anonymous)],
          [Symbol(nodejs.dispose)]: [Function (anonymous)]
        }
      }

      at log (src/providers/QueryProvider.tsx:30:15)

FAIL src/components/ui/__tests__/slider.test.tsx
  ● Slider › should render slider as disabled

    expect(element).toHaveAttribute("aria-disabled", "true") // element.getAttribute("aria-disabled") === "true"

    Expected the element to have attribute:
      aria-disabled="true"
    Received:
      null

      81 |     const { container } = render(<Slider defaultValue={[50]} disabled />);
      82 |     const slider = container.querySelector('[role="slider"]');
    > 83 |     expect(slider).toHaveAttribute('aria-disabled', 'true');
         |                    ^
      84 |   });
      85 |
      86 |   it('should render slider with className', () => {

      at Object.toHaveAttribute (src/components/ui/__tests__/slider.test.tsx:83:20)

  ● Slider › should render slider with className

    expect(element).toHaveClass("custom-slider")

    Expected the element to have class:
      custom-slider
    Received:
      block h-5 w-5 rounded-full border-2 border-primary bg-background ring-offset-background transition-colors focus-visible:outline-none focus-visible:ring-2 focus-visible:ring-ring focus-visible:ring-offset-2 disabled:pointer-events-none disabled:opacity-50

      87 |     const { container } = render(<Slider defaultValue={[50]} className="custom-slider" />);
      88 |     const slider = container.querySelector('[role="slider"]');
    > 89 |     expect(slider).toHaveClass('custom-slider');
         |                    ^
      90 |   });
      91 | });
      92 |

      at Object.toHaveClass (src/components/ui/__tests__/slider.test.tsx:89:20)

PASS src/components/ui/__tests__/separator.test.tsx
PASS src/components/example/ModalExample/__tests__/FullScreenModal.test.tsx
PASS src/components/ui/__tests__/hover-card.test.tsx
  ● Console

    console.error
      React does not recognize the `sideOffset` prop on a DOM element. If you intentionally want it to appear in the DOM as a custom attribute, spell it as lowercase `sideoffset` instead. If you accidentally passed it from a parent component, remove it from the DOM element.

      10 |   describe('HoverCard', () => {
      11 |     it('should render hover card', () => {
    > 12 |       render(
         |             ^
      13 |         <HoverCard>
      14 |           <HoverCardTrigger>Hover me</HoverCardTrigger>
      15 |           <HoverCardContent>Content</HoverCardContent>

      at validateProperty (node_modules/react-dom/cjs/react-dom-client.development.js:3001:19)
      at warnUnknownProperties (node_modules/react-dom/cjs/react-dom-client.development.js:3146:9)
      at validatePropertiesInDevelopment (node_modules/react-dom/cjs/react-dom-client.development.js:19868:9)
      at setInitialProperties (node_modules/react-dom/cjs/react-dom-client.development.js:20491:7)
      at completeWork (node_modules/react-dom/cjs/react-dom-client.development.js:12662:18)
      at runWithFiberInDEV (node_modules/react-dom/cjs/react-dom-client.development.js:874:13)
      at completeUnitOfWork (node_modules/react-dom/cjs/react-dom-client.development.js:17777:19)
      at performUnitOfWork (node_modules/react-dom/cjs/react-dom-client.development.js:17658:11)
      at workLoopSync (node_modules/react-dom/cjs/react-dom-client.development.js:17469:41)
      at renderRootSync (node_modules/react-dom/cjs/react-dom-client.development.js:17450:11)
      at performWorkOnRoot (node_modules/react-dom/cjs/react-dom-client.development.js:16504:11)
      at performWorkOnRootViaSchedulerTask (node_modules/react-dom/cjs/react-dom-client.development.js:18957:7)
      at flushActQueue (node_modules/react/cjs/react.development.js:590:34)
      at process.env.NODE_ENV.exports.act (node_modules/react/cjs/react.development.js:884:10)
      at node_modules/@testing-library/react/dist/act-compat.js:47:25
      at renderRoot (node_modules/@testing-library/react/dist/pure.js:190:26)
      at render (node_modules/@testing-library/react/dist/pure.js:292:10)
      at Object.<anonymous> (src/components/ui/__tests__/hover-card.test.tsx:12:13)

PASS src/global/spinLoader/__tests__/SpinLoader.test.tsx
PASS src/app/(others)/(auth)/signup/__tests__/page.test.tsx
PASS src/components/form/__tests__/CheckboxComponents.test.tsx
PASS src/components/form/__tests__/RadioButtons.test.tsx
PASS src/components/form/example-form/__tests__/BasicForm.test.tsx
PASS src/components/common/__tests__/ChartTab.test.tsx
PASS src/components/form/input/__tests__/Radio.test.tsx
PASS src/components/ui/dropdown/__tests__/Dropdown.test.tsx
PASS src/components/form/__tests__/Form.test.tsx
PASS src/components/form/__tests__/ToggleSwitch.test.tsx
PASS src/components/form/__tests__/Label.test.tsx
PASS src/components/form/input/__tests__/InputField.test.tsx
PASS src/controller/query/admin/users/__tests__/useAdminUsers.test.tsx
PASS src/controller/query/admin/pricing/__tests__/usePricing.test.ts
FAIL src/app/(admin)/dashboard/__tests__/page.test.tsx
  ● DashboardPage › should redirect to signin when not authenticated

    TypeError: Cannot destructure property 'data' of '(0 , _useDashboard.useMessageGraph)(...)' as it is undefined.

      239 |
      240 |   // Fetch message graph data (filtered by messageType)
    > 241 |   const { data: graphData, isLoading: isLoadingGraph } = useMessageGraph(
          |                 ^
      242 |     graphType,
      243 |     dateRange,
      244 |     dashboardToken,

      at graphData (/home/iann/code/project/sms_portail/src/app/(admin)../../../../../dashboard/page.tsx:241:17)
      at Object.react_stack_bottom_frame (node_modules/react-dom/cjs/react-dom-client.development.js:25904:20)
      at renderWithHooks (node_modules/react-dom/cjs/react-dom-client.development.js:7662:22)
      at updateFunctionComponent (node_modules/react-dom/cjs/react-dom-client.development.js:10166:19)
      at beginWork (node_modules/react-dom/cjs/react-dom-client.development.js:11778:18)
      at runWithFiberInDEV (node_modules/react-dom/cjs/react-dom-client.development.js:874:13)
      at performUnitOfWork (node_modules/react-dom/cjs/react-dom-client.development.js:17641:22)
      at workLoopSync (node_modules/react-dom/cjs/react-dom-client.development.js:17469:41)
      at renderRootSync (node_modules/react-dom/cjs/react-dom-client.development.js:17450:11)
      at performWorkOnRoot (node_modules/react-dom/cjs/react-dom-client.development.js:16583:35)
      at performWorkOnRootViaSchedulerTask (node_modules/react-dom/cjs/react-dom-client.development.js:18957:7)
      at flushActQueue (node_modules/react/cjs/react.development.js:590:34)
      at process.env.NODE_ENV.exports.act (node_modules/react/cjs/react.development.js:884:10)
      at node_modules/@testing-library/react/dist/act-compat.js:47:25
      at renderRoot (node_modules/@testing-library/react/dist/pure.js:190:26)
      at render (node_modules/@testing-library/react/dist/pure.js:292:10)
      at Object.<anonymous> (/home/iann/code/project/sms_portail/src/app/(admin)../../../../../dashboard/__tests__/page.test.tsx:75:11)

  ● DashboardPage › should render dashboard when authenticated

    TypeError: Cannot destructure property 'data' of '(0 , _useDashboard.useMessageGraph)(...)' as it is undefined.

      239 |
      240 |   // Fetch message graph data (filtered by messageType)
    > 241 |   const { data: graphData, isLoading: isLoadingGraph } = useMessageGraph(
          |                 ^
      242 |     graphType,
      243 |     dateRange,
      244 |     dashboardToken,

      at graphData (/home/iann/code/project/sms_portail/src/app/(admin)../../../../../dashboard/page.tsx:241:17)
      at Object.react_stack_bottom_frame (node_modules/react-dom/cjs/react-dom-client.development.js:25904:20)
      at renderWithHooks (node_modules/react-dom/cjs/react-dom-client.development.js:7662:22)
      at updateFunctionComponent (node_modules/react-dom/cjs/react-dom-client.development.js:10166:19)
      at beginWork (node_modules/react-dom/cjs/react-dom-client.development.js:11778:18)
      at runWithFiberInDEV (node_modules/react-dom/cjs/react-dom-client.development.js:874:13)
      at performUnitOfWork (node_modules/react-dom/cjs/react-dom-client.development.js:17641:22)
      at workLoopSync (node_modules/react-dom/cjs/react-dom-client.development.js:17469:41)
      at renderRootSync (node_modules/react-dom/cjs/react-dom-client.development.js:17450:11)
      at performWorkOnRoot (node_modules/react-dom/cjs/react-dom-client.development.js:16583:35)
      at performWorkOnRootViaSchedulerTask (node_modules/react-dom/cjs/react-dom-client.development.js:18957:7)
      at flushActQueue (node_modules/react/cjs/react.development.js:590:34)
      at process.env.NODE_ENV.exports.act (node_modules/react/cjs/react.development.js:884:10)
      at node_modules/@testing-library/react/dist/act-compat.js:47:25
      at renderRoot (node_modules/@testing-library/react/dist/pure.js:190:26)
      at render (node_modules/@testing-library/react/dist/pure.js:292:10)
      at Object.<anonymous> (/home/iann/code/project/sms_portail/src/app/(admin)../../../../../dashboard/__tests__/page.test.tsx:89:11)

  ● DashboardPage › should load API key from localStorage

    TypeError: Cannot destructure property 'data' of '(0 , _useDashboard.useMessageGraph)(...)' as it is undefined.

      239 |
      240 |   // Fetch message graph data (filtered by messageType)
    > 241 |   const { data: graphData, isLoading: isLoadingGraph } = useMessageGraph(
          |                 ^
      242 |     graphType,
      243 |     dateRange,
      244 |     dashboardToken,

      at graphData (/home/iann/code/project/sms_portail/src/app/(admin)../../../../../dashboard/page.tsx:241:17)
      at Object.react_stack_bottom_frame (node_modules/react-dom/cjs/react-dom-client.development.js:25904:20)
      at renderWithHooks (node_modules/react-dom/cjs/react-dom-client.development.js:7662:22)
      at updateFunctionComponent (node_modules/react-dom/cjs/react-dom-client.development.js:10166:19)
      at beginWork (node_modules/react-dom/cjs/react-dom-client.development.js:11778:18)
      at runWithFiberInDEV (node_modules/react-dom/cjs/react-dom-client.development.js:874:13)
      at performUnitOfWork (node_modules/react-dom/cjs/react-dom-client.development.js:17641:22)
      at workLoopSync (node_modules/react-dom/cjs/react-dom-client.development.js:17469:41)
      at renderRootSync (node_modules/react-dom/cjs/react-dom-client.development.js:17450:11)
      at performWorkOnRoot (node_modules/react-dom/cjs/react-dom-client.development.js:16583:35)
      at performWorkOnRootViaSchedulerTask (node_modules/react-dom/cjs/react-dom-client.development.js:18957:7)
      at flushActQueue (node_modules/react/cjs/react.development.js:590:34)
      at process.env.NODE_ENV.exports.act (node_modules/react/cjs/react.development.js:884:10)
      at node_modules/@testing-library/react/dist/act-compat.js:47:25
      at renderRoot (node_modules/@testing-library/react/dist/pure.js:190:26)
      at render (node_modules/@testing-library/react/dist/pure.js:292:10)
      at Object.<anonymous> (/home/iann/code/project/sms_portail/src/app/(admin)../../../../../dashboard/__tests__/page.test.tsx:105:11)

  ● DashboardPage › should call dashboard hooks when authenticated

    TypeError: Cannot destructure property 'data' of '(0 , _useDashboard.useMessageGraph)(...)' as it is undefined.

      239 |
      240 |   // Fetch message graph data (filtered by messageType)
    > 241 |   const { data: graphData, isLoading: isLoadingGraph } = useMessageGraph(
          |                 ^
      242 |     graphType,
      243 |     dateRange,
      244 |     dashboardToken,

      at graphData (/home/iann/code/project/sms_portail/src/app/(admin)../../../../../dashboard/page.tsx:241:17)
      at Object.react_stack_bottom_frame (node_modules/react-dom/cjs/react-dom-client.development.js:25904:20)
      at renderWithHooks (node_modules/react-dom/cjs/react-dom-client.development.js:7662:22)
      at updateFunctionComponent (node_modules/react-dom/cjs/react-dom-client.development.js:10166:19)
      at beginWork (node_modules/react-dom/cjs/react-dom-client.development.js:11778:18)
      at runWithFiberInDEV (node_modules/react-dom/cjs/react-dom-client.development.js:874:13)
      at performUnitOfWork (node_modules/react-dom/cjs/react-dom-client.development.js:17641:22)
      at workLoopSync (node_modules/react-dom/cjs/react-dom-client.development.js:17469:41)
      at renderRootSync (node_modules/react-dom/cjs/react-dom-client.development.js:17450:11)
      at performWorkOnRoot (node_modules/react-dom/cjs/react-dom-client.development.js:16583:35)
      at performWorkOnRootViaSchedulerTask (node_modules/react-dom/cjs/react-dom-client.development.js:18957:7)
      at flushActQueue (node_modules/react/cjs/react.development.js:590:34)
      at process.env.NODE_ENV.exports.act (node_modules/react/cjs/react.development.js:884:10)
      at node_modules/@testing-library/react/dist/act-compat.js:47:25
      at renderRoot (node_modules/@testing-library/react/dist/pure.js:190:26)
      at render (node_modules/@testing-library/react/dist/pure.js:292:10)
      at Object.<anonymous> (/home/iann/code/project/sms_portail/src/app/(admin)../../../../../dashboard/__tests__/page.test.tsx:119:11)

FAIL src/components/ui/__tests__/sonner.test.tsx
  ● Sonner Toaster › should render sonner toaster

    expect(received).toBeInTheDocument()

    received value must be an HTMLElement or an SVGElement.
    Received has value: null

       6 |   it('should render sonner toaster', () => {
       7 |     const { container } = render(<Toaster />);
    >  8 |     expect(container.firstChild).toBeInTheDocument();
         |                                  ^
       9 |   });
      10 | });
      11 |

      at __EXTERNAL_MATCHER_TRAP__ (node_modules/expect/build/index.js:2240:22)
      at Object.throwingMatcher [as toBeInTheDocument] (node_modules/expect/build/index.js:2241:6)
      at Object.toBeInTheDocument (src/components/ui/__tests__/sonner.test.tsx:8:34)

PASS src/controller/query/admin/kyb/__tests__/useAdminKYB.test.tsx
PASS src/controller/api/config/__tests__/fetchData.test.ts
PASS src/controller/query/admin/clients/__tests__/useAdminClients.test.tsx
PASS src/controller/query/dashboard/__tests__/useDashboard.test.tsx
PASS src/controller/query/admin/clients/__tests__/useAdminClients.test.ts
PASS src/controller/query/auth/__tests__/useOtp.test.tsx
FAIL src/components/form/__tests__/MultiSelect.test.tsx
  ● MultiSelect › should open dropdown on click

    Unable to find an element with the text: Option 1. This could be because the text is broken up by multiple elements. In this case, you can provide a function for your text matcher to make your matcher more flexible.

    Ignored nodes: comments, script, style
    [36m<body>[39m
      [36m<div>[39m
        [36m<div[39m
          [33mclass[39m=[32m"w-full"[39m
        [36m>[39m
          [36m<label[39m
            [33mclass[39m=[32m"mb-1.5 block text-sm font-medium text-gray-700 dark:text-gray-400"[39m
          [36m>[39m
            [0mTest[0m
          [36m</label>[39m
          [36m<div[39m
            [33mclass[39m=[32m"relative z-20 inline-block w-full"[39m
          [36m>[39m
            [36m<div[39m
              [33mclass[39m=[32m"relative flex flex-col items-center"[39m
            [36m>[39m
              [36m<div[39m
                [33mclass[39m=[32m"w-full"[39m
              [36m>[39m
                [36m<div[39m
                  [33mclass[39m=[32m"mb-2 flex h-11 rounded-lg border border-gray-300 py-1.5 pl-3 pr-3 shadow-theme-xs outline-none transition focus:border-brand-300 focus:shadow-focus-ring dark:border-gray-700 dark:bg-gray-900 dark:focus:border-brand-300"[39m
                [36m>[39m
                  [36m<div[39m
                    [33mclass[39m=[32m"flex flex-auto flex-wrap gap-2"[39m
                  [36m>[39m
                    [36m<input[39m
                      [33mclass[39m=[32m"h-full w-full appearance-none border-0 bg-transparent p-1 pr-2 text-sm outline-none placeholder:text-gray-800 focus:border-0 focus:outline-none focus:ring-0 dark:placeholder:text-white/90"[39m
                      [33mplaceholder[39m=[32m"Select option"[39m
                      [33mreadonly[39m=[32m""[39m
                      [33mvalue[39m=[32m"Select option"[39m
                    [36m/>[39m
                  [36m</div>[39m
                  [36m<div[39m
                    [33mclass[39m=[32m"flex w-7 items-center py-1 pl-1 pr-1"[39m
                  [36m>[39m
                    [36m<button[39m
                      [33mclass[39m=[32m"h-5 w-5 cursor-pointer text-gray-700 outline-none focus:outline-none dark:text-gray-400"[39m
                      [33mtype[39m=[32m"button"[39m
                    [36m>[39m
                      [36m<svg[39m
                        [33mclass[39m=[32m"stroke-current "[39m
                        [33mfill[39m=[32m"none"[39m
                        [33mheight[39m=[32m"20"[39m
                        [33mviewBox[39m=[32m"0 0 20 20"[39m
                        [33mwidth[39m=[32m"20"[39m
                        [33mxmlns[39m=[32m"http://www.w3.org/2000/svg"[39m
                      [36m>[39m
                        [36m<path[39m
                          [33md[39m=[32m"M4.79175 7.39551L10.0001 12.6038L15.2084 7.39551"[39m
                          [33mstroke[39m=[32m"currentColor"[39m
                          [33mstroke-linecap[39m=[32m"round"[39m
                          [33mstroke-linejoin[39m=[32m"round"[39m
                          [33mstroke-width[39m=[32m"1.5"[39m
                        [36m/>[39m
                      [36m</svg>[39m
                    [36m</button>[39m
                  [36m</div>[39m
                [36m</div>[39m
              [36m</div>[39m
            [36m</div>[39m
          [36m</div>[39m
        [36m</div>[39m
      [36m</div>[39m
    [36m</body>[39m

      23 |     fireEvent.click(button);
      24 |
    > 25 |     await waitFor(() => {
         |                  ^
      26 |       expect(screen.getByText('Option 1')).toBeInTheDocument();
      27 |     }, { timeout: 1000 });
      28 |   });

      at waitForWrapper (node_modules/@testing-library/dom/dist/wait-for.js:163:27)
      at Object.<anonymous> (src/components/form/__tests__/MultiSelect.test.tsx:25:18)

  ● MultiSelect › should select option on click

    Unable to find an element with the text: Option 1. This could be because the text is broken up by multiple elements. In this case, you can provide a function for your text matcher to make your matcher more flexible.

    Ignored nodes: comments, script, style
    [36m<body>[39m
      [36m<div>[39m
        [36m<div[39m
          [33mclass[39m=[32m"w-full"[39m
        [36m>[39m
          [36m<label[39m
            [33mclass[39m=[32m"mb-1.5 block text-sm font-medium text-gray-700 dark:text-gray-400"[39m
          [36m>[39m
            [0mTest[0m
          [36m</label>[39m
          [36m<div[39m
            [33mclass[39m=[32m"relative z-20 inline-block w-full"[39m
          [36m>[39m
            [36m<div[39m
              [33mclass[39m=[32m"relative flex flex-col items-center"[39m
            [36m>[39m
              [36m<div[39m
                [33mclass[39m=[32m"w-full"[39m
              [36m>[39m
                [36m<div[39m
                  [33mclass[39m=[32m"mb-2 flex h-11 rounded-lg border border-gray-300 py-1.5 pl-3 pr-3 shadow-theme-xs outline-none transition focus:border-brand-300 focus:shadow-focus-ring dark:border-gray-700 dark:bg-gray-900 dark:focus:border-brand-300"[39m
                [36m>[39m
                  [36m<div[39m
                    [33mclass[39m=[32m"flex flex-auto flex-wrap gap-2"[39m
                  [36m>[39m
                    [36m<input[39m
                      [33mclass[39m=[32m"h-full w-full appearance-none border-0 bg-transparent p-1 pr-2 text-sm outline-none placeholder:text-gray-800 focus:border-0 focus:outline-none focus:ring-0 dark:placeholder:text-white/90"[39m
                      [33mplaceholder[39m=[32m"Select option"[39m
                      [33mreadonly[39m=[32m""[39m
                      [33mvalue[39m=[32m"Select option"[39m
                    [36m/>[39m
                  [36m</div>[39m
                  [36m<div[39m
                    [33mclass[39m=[32m"flex w-7 items-center py-1 pl-1 pr-1"[39m
                  [36m>[39m
                    [36m<button[39m
                      [33mclass[39m=[32m"h-5 w-5 cursor-pointer text-gray-700 outline-none focus:outline-none dark:text-gray-400"[39m
                      [33mtype[39m=[32m"button"[39m
                    [36m>[39m
                      [36m<svg[39m
                        [33mclass[39m=[32m"stroke-current "[39m
                        [33mfill[39m=[32m"none"[39m
                        [33mheight[39m=[32m"20"[39m
                        [33mviewBox[39m=[32m"0 0 20 20"[39m
                        [33mwidth[39m=[32m"20"[39m
                        [33mxmlns[39m=[32m"http://www.w3.org/2000/svg"[39m
                      [36m>[39m
                        [36m<path[39m
                          [33md[39m=[32m"M4.79175 7.39551L10.0001 12.6038L15.2084 7.39551"[39m
                          [33mstroke[39m=[32m"currentColor"[39m
                          [33mstroke-linecap[39m=[32m"round"[39m
                          [33mstroke-linejoin[39m=[32m"round"[39m
                          [33mstroke-width[39m=[32m"1.5"[39m
                        [36m/>[39m
                      [36m</svg>[39m
                    [36m</button>[39m
                  [36m</div>[39m
                [36m</div>[39m
              [36m</div>[39m
            [36m</div>[39m
          [36m</div>[39m
        [36m</div>[39m
      [36m</div>[39m
    [36m</body>[39m

      35 |     fireEvent.click(button);
      36 |
    > 37 |     await waitFor(() => {
         |                  ^
      38 |       expect(screen.getByText('Option 1')).toBeInTheDocument();
      39 |     }, { timeout: 1000 });
      40 |

      at waitForWrapper (node_modules/@testing-library/dom/dist/wait-for.js:163:27)
      at Object.<anonymous> (src/components/form/__tests__/MultiSelect.test.tsx:37:18)

  ● MultiSelect › should deselect option when clicking selected option

    TestingLibraryElementError: Found multiple elements with the role "button"

    Here are the matching elements:

    Ignored nodes: comments, script, style
    [36m<svg[39m
      [33mclass[39m=[32m"fill-current"[39m
      [33mheight[39m=[32m"14"[39m
      [33mrole[39m=[32m"button"[39m
      [33mviewBox[39m=[32m"0 0 14 14"[39m
      [33mwidth[39m=[32m"14"[39m
      [33mxmlns[39m=[32m"http://www.w3.org/2000/svg"[39m
    [36m>[39m
      [36m<path[39m
        [33mclip-rule[39m=[32m"evenodd"[39m
        [33md[39m=[32m"M3.40717 4.46881C3.11428 4.17591 3.11428 3.70104 3.40717 3.40815C3.70006 3.11525 4.17494 3.11525 4.46783 3.40815L6.99943 5.93975L9.53095 3.40822C9.82385 3.11533 10.2987 3.11533 10.5916 3.40822C10.8845 3.70112 10.8845 4.17599 10.5916 4.46888L8.06009 7.00041L10.5916 9.53193C10.8845 9.82482 10.8845 10.2997 10.5916 10.5926C10.2987 10.8855 9.82385 10.8855 9.53095 10.5926L6.99943 8.06107L4.46783 10.5927C4.17494 10.8856 3.70006 10.8856 3.40717 10.5927C3.11428 10.2998 3.11428 9.8249 3.40717 9.53201L5.93877 7.00041L3.40717 4.46881Z"[39m
        [33mfill-rule[39m=[32m"evenodd"[39m
      [36m/>[39m
    [36m</svg>[39m

    Ignored nodes: comments, script, style
    [36m<button[39m
      [33mclass[39m=[32m"h-5 w-5 cursor-pointer text-gray-700 outline-none focus:outline-none dark:text-gray-400"[39m
      [33mtype[39m=[32m"button"[39m
    [36m>[39m
      [36m<svg[39m
        [33mclass[39m=[32m"stroke-current "[39m
        [33mfill[39m=[32m"none"[39m
        [33mheight[39m=[32m"20"[39m
        [33mviewBox[39m=[32m"0 0 20 20"[39m
        [33mwidth[39m=[32m"20"[39m
        [33mxmlns[39m=[32m"http://www.w3.org/2000/svg"[39m
      [36m>[39m
        [36m<path[39m
          [33md[39m=[32m"M4.79175 7.39551L10.0001 12.6038L15.2084 7.39551"[39m
          [33mstroke[39m=[32m"currentColor"[39m
          [33mstroke-linecap[39m=[32m"round"[39m
          [33mstroke-linejoin[39m=[32m"round"[39m
          [33mstroke-width[39m=[32m"1.5"[39m
        [36m/>[39m
      [36m</svg>[39m
    [36m</button>[39m

    (If this is intentional, then use the `*AllBy*` variant of the query (like `queryAllByText`, `getAllByText`, or `findAllByText`)).

    Ignored nodes: comments, script, style
    [36m<body>[39m
      [36m<div>[39m
        [36m<div[39m
          [33mclass[39m=[32m"w-full"[39m
        [36m>[39m
          [36m<label[39m
            [33mclass[39m=[32m"mb-1.5 block text-sm font-medium text-gray-700 dark:text-gray-400"[39m
          [36m>[39m
            [0mTest[0m
          [36m</label>[39m
          [36m<div[39m
            [33mclass[39m=[32m"relative z-20 inline-block w-full"[39m
          [36m>[39m
            [36m<div[39m
              [33mclass[39m=[32m"relative flex flex-col items-center"[39m
            [36m>[39m
              [36m<div[39m
                [33mclass[39m=[32m"w-full"[39m
              [36m>[39m
                [36m<div[39m
                  [33mclass[39m=[32m"mb-2 flex h-11 rounded-lg border border-gray-300 py-1.5 pl-3 pr-3 shadow-theme-xs outline-none transition focus:border-brand-300 focus:shadow-focus-ring dark:border-gray-700 dark:bg-gray-900 dark:focus:border-brand-300"[39m
                [36m>[39m
                  [36m<div[39m
                    [33mclass[39m=[32m"flex flex-auto flex-wrap gap-2"[39m
                  [36m>[39m
                    [36m<div[39m
                      [33mclass[39m=[32m"group flex items-center justify-center rounded-full border-[0.7px] border-transparent bg-gray-100 py-1 pl-2.5 pr-2 text-sm text-gray-800 hover:border-gray-200 dark:bg-gray-800 dark:text-white/90 dark:hover:border-gray-800"[39m
                    [36m>[39m
                      [36m<span[39m
                        [33mclass[39m=[32m"max-w-full flex-initial"[39m
                      [36m>[39m
                        [0mOption 1[0m
                      [36m</span>[39m
                      [36m<div[39m
                        [33mclass[39m=[32m"flex flex-auto flex-row-reverse"[39m
                      [36m>[39m
                        [36m<div[39m
                          [33mclass[39m=[32m"cursor-pointer pl-2 text-gray-500 group-hover:text-gray-400 dark:text-gray-400"[39m
                        [36m>[39m
                          [36m<svg[39m
                            [33mclass[39m=[32m"fill-current"[39m
                            [33mheight[39m=[32m"14"[39m
                            [33mrole[39m=[32m"button"[39m
                            [33mviewBox[39m=[32m"0 0 14 14"[39m
                            [33mwidth[39m=[32m"14"[39m
                            [33mxmlns[39m=[32m"http://www.w3.org/2000/svg"[39m
                          [36m>[39m
                            [36m<path[39m
                              [33mclip-rule[39m=[32m"evenodd"[39m
                              [33md[39m=[32m"M3.40717 4.46881C3.11428 4.17591 3.11428 3.70104 3.40717 3.40815C3.70006 3.11525 4.17494 3.11525 4.46783 3.40815L6.99943 5.93975L9.53095 3.40822C9.82385 3.11533 10.2987 3.11533 10.5916 3.40822C10.8845 3.70112 10.8845 4.17599 10.5916 4.46888L8.06009 7.00041L10.5916 9.53193C10.8845 9.82482 10.8845 10.2997 10.5916 10.5926C10.2987 10.8855 9.82385 10.8855 9.53095 10.5926L6.99943 8.06107L4.46783 10.5927C4.17494 10.8856 3.70006 10.8856 3.40717 10.5927C3.11428 10.2998 3.11428 9.8249 3.40717 9.53201L5.93877 7.00041L3.40717 4.46881Z"[39m
                              [33mfill-rule[39m=[32m"evenodd"[39m
                            [36m/>[39m
                          [36m</svg>[39m
                        [36m</div>[39m
                      [36m</div>[39m
                    [36m</div>[39m
                  [36m</div>[39m
                  [36m<div[39m
                    [33mclass[39m=[32m"flex w-7 items-center py-1 pl-1 pr-1"[39m
                  [36m>[39m
                    [36m<button[39m
                      [33mclass[39m=[32m"h-5 w-5 cursor-pointer text-gray-700 outline-none focus:outline-none dark:text-gray-400"[39m
                      [33mtype[39m=[32m"button"[39m
                    [36m>[39m
                      [36m<svg[39m
                        [33mclass[39m=[32m"stroke-current "[39m
                        [33mfill[39m=[32m"none"[39m
                        [33mheight[39m=[32m"20"[39m
                        [33mviewBox[39m=[32m"0 0 20 20"[39m
                        [33mwidth[39m=[32m"20"[39m
                        [33mxmlns[39m=[32m"http://www.w3.org/2000/svg"[39m
                      [36m>[39m
                        [36m<path[39m
                          [33md[39m=[32m"M4.79175 7.39551L10.0001 12.6038L15.2084 7.39551"[39m
                          [33mstroke[39m=[32m"currentColor"[39m
                          [33mstroke-linecap[39m=[32m"round"[39m
                          [33mstroke-linejoin[39m=[32m"round"[39m
                          [33mstroke-width[39m=[32m"1.5"[39m
                        [36m/>[39m
                      [36m</svg>[39m
                    [36m</button>[39m
                  [36m</div>[39m
                [36m</div>[39m
              [36m</div>[39m
            [36m</div>[39m
          [36m</div>[39m
        [36m</div>[39m
      [36m</div>[39m
    [36m</body>[39m

      64 |     render(<MultiSelect label="Test" options={mockOptions} defaultSelected={['option1']} onChange={onChange} />);
      65 |
    > 66 |     const button = screen.getByRole('button');
         |                           ^
      67 |     fireEvent.click(button);
      68 |
      69 |     await waitFor(() => {

      at Object.getElementError (node_modules/@testing-library/dom/dist/config.js:37:19)
      at getElementError (node_modules/@testing-library/dom/dist/query-helpers.js:20:35)
      at getMultipleElementsFoundError (node_modules/@testing-library/dom/dist/query-helpers.js:23:10)
      at node_modules/@testing-library/dom/dist/query-helpers.js:55:13
      at node_modules/@testing-library/dom/dist/query-helpers.js:95:19
      at Object.getByRole (src/components/form/__tests__/MultiSelect.test.tsx:66:27)

PASS src/components/messages/__tests__/ScheduledMessagesTable.test.tsx
PASS src/controller/query/documents/__tests__/useDocuments.test.ts
PASS src/controller/query/documents/__tests__/useDocuments.test.tsx
PASS src/controller/query/admin/kyb/__tests__/useAdminKYB.test.ts
PASS src/controller/query/auth/__tests__/auth.service.test.tsx
PASS src/controller/query/contacts/__tests__/useContacts.test.tsx
PASS src/controller/query/admin/pricing/__tests__/usePricing.test.tsx
PASS src/controller/query/admin/benefit/__tests__/useBenefit.test.ts
FAIL src/app/(admin)/topup/history/__tests__/page.test.tsx
  ● Topup History Page › should render without crashing

    useAlert must be used within AlertProvider

      19 | export const useAlert = () => {
      20 |   const context = useContext(AlertContext);
    > 21 |   if (!context) throw new Error('useAlert must be used within AlertProvider');
         |                       ^
      22 |   return context;
      23 | };
      24 | export const AlertProvider = ({ children }: { children: ReactNode }) => {

      at useAlert (src/context/AlertProvider.tsx:21:23)
      at TopupHistoryPage (/home/iann/code/project/sms_portail/src/app/(admin)../../../../../topup/history/page.tsx:71:33)
      at Object.react_stack_bottom_frame (node_modules/react-dom/cjs/react-dom-client.development.js:25904:20)
      at renderWithHooks (node_modules/react-dom/cjs/react-dom-client.development.js:7662:22)
      at updateFunctionComponent (node_modules/react-dom/cjs/react-dom-client.development.js:10166:19)
      at beginWork (node_modules/react-dom/cjs/react-dom-client.development.js:11778:18)
      at runWithFiberInDEV (node_modules/react-dom/cjs/react-dom-client.development.js:874:13)
      at performUnitOfWork (node_modules/react-dom/cjs/react-dom-client.development.js:17641:22)
      at workLoopSync (node_modules/react-dom/cjs/react-dom-client.development.js:17469:41)
      at renderRootSync (node_modules/react-dom/cjs/react-dom-client.development.js:17450:11)
      at performWorkOnRoot (node_modules/react-dom/cjs/react-dom-client.development.js:16583:35)
      at performWorkOnRootViaSchedulerTask (node_modules/react-dom/cjs/react-dom-client.development.js:18957:7)
      at flushActQueue (node_modules/react/cjs/react.development.js:590:34)
      at process.env.NODE_ENV.exports.act (node_modules/react/cjs/react.development.js:884:10)
      at node_modules/@testing-library/react/dist/act-compat.js:47:25
      at renderRoot (node_modules/@testing-library/react/dist/pure.js:190:26)
      at render (node_modules/@testing-library/react/dist/pure.js:292:10)
      at Object.<anonymous> (/home/iann/code/project/sms_portail/src/app/(admin)../../../../../topup/history/__tests__/page.test.tsx:18:11)

  ● Topup History Page › should load API key from localStorage

    useAlert must be used within AlertProvider

      19 | export const useAlert = () => {
      20 |   const context = useContext(AlertContext);
    > 21 |   if (!context) throw new Error('useAlert must be used within AlertProvider');
         |                       ^
      22 |   return context;
      23 | };
      24 | export const AlertProvider = ({ children }: { children: ReactNode }) => {

      at useAlert (src/context/AlertProvider.tsx:21:23)
      at TopupHistoryPage (/home/iann/code/project/sms_portail/src/app/(admin)../../../../../topup/history/page.tsx:71:33)
      at Object.react_stack_bottom_frame (node_modules/react-dom/cjs/react-dom-client.development.js:25904:20)
      at renderWithHooks (node_modules/react-dom/cjs/react-dom-client.development.js:7662:22)
      at updateFunctionComponent (node_modules/react-dom/cjs/react-dom-client.development.js:10166:19)
      at beginWork (node_modules/react-dom/cjs/react-dom-client.development.js:11778:18)
      at runWithFiberInDEV (node_modules/react-dom/cjs/react-dom-client.development.js:874:13)
      at performUnitOfWork (node_modules/react-dom/cjs/react-dom-client.development.js:17641:22)
      at workLoopSync (node_modules/react-dom/cjs/react-dom-client.development.js:17469:41)
      at renderRootSync (node_modules/react-dom/cjs/react-dom-client.development.js:17450:11)
      at performWorkOnRoot (node_modules/react-dom/cjs/react-dom-client.development.js:16583:35)
      at performWorkOnRootViaSchedulerTask (node_modules/react-dom/cjs/react-dom-client.development.js:18957:7)
      at flushActQueue (node_modules/react/cjs/react.development.js:590:34)
      at process.env.NODE_ENV.exports.act (node_modules/react/cjs/react.development.js:884:10)
      at node_modules/@testing-library/react/dist/act-compat.js:47:25
      at renderRoot (node_modules/@testing-library/react/dist/pure.js:190:26)
      at render (node_modules/@testing-library/react/dist/pure.js:292:10)
      at Object.<anonymous> (/home/iann/code/project/sms_portail/src/app/(admin)../../../../../topup/history/__tests__/page.test.tsx:24:11)

  ● Topup History Page › should call useMNOTopupHistory hook

    useAlert must be used within AlertProvider

      19 | export const useAlert = () => {
      20 |   const context = useContext(AlertContext);
    > 21 |   if (!context) throw new Error('useAlert must be used within AlertProvider');
         |                       ^
      22 |   return context;
      23 | };
      24 | export const AlertProvider = ({ children }: { children: ReactNode }) => {

      at useAlert (src/context/AlertProvider.tsx:21:23)
      at TopupHistoryPage (/home/iann/code/project/sms_portail/src/app/(admin)../../../../../topup/history/page.tsx:71:33)
      at Object.react_stack_bottom_frame (node_modules/react-dom/cjs/react-dom-client.development.js:25904:20)
      at renderWithHooks (node_modules/react-dom/cjs/react-dom-client.development.js:7662:22)
      at updateFunctionComponent (node_modules/react-dom/cjs/react-dom-client.development.js:10166:19)
      at beginWork (node_modules/react-dom/cjs/react-dom-client.development.js:11778:18)
      at runWithFiberInDEV (node_modules/react-dom/cjs/react-dom-client.development.js:874:13)
      at performUnitOfWork (node_modules/react-dom/cjs/react-dom-client.development.js:17641:22)
      at workLoopSync (node_modules/react-dom/cjs/react-dom-client.development.js:17469:41)
      at renderRootSync (node_modules/react-dom/cjs/react-dom-client.development.js:17450:11)
      at performWorkOnRoot (node_modules/react-dom/cjs/react-dom-client.development.js:16583:35)
      at performWorkOnRootViaSchedulerTask (node_modules/react-dom/cjs/react-dom-client.development.js:18957:7)
      at flushActQueue (node_modules/react/cjs/react.development.js:590:34)
      at process.env.NODE_ENV.exports.act (node_modules/react/cjs/react.development.js:884:10)
      at node_modules/@testing-library/react/dist/act-compat.js:47:25
      at renderRoot (node_modules/@testing-library/react/dist/pure.js:190:26)
      at render (node_modules/@testing-library/react/dist/pure.js:292:10)
      at Object.<anonymous> (/home/iann/code/project/sms_portail/src/app/(admin)../../../../../topup/history/__tests__/page.test.tsx:29:11)

  ● Topup History Page › should show loading state

    useAlert must be used within AlertProvider

      19 | export const useAlert = () => {
      20 |   const context = useContext(AlertContext);
    > 21 |   if (!context) throw new Error('useAlert must be used within AlertProvider');
         |                       ^
      22 |   return context;
      23 | };
      24 | export const AlertProvider = ({ children }: { children: ReactNode }) => {

      at useAlert (src/context/AlertProvider.tsx:21:23)
      at TopupHistoryPage (/home/iann/code/project/sms_portail/src/app/(admin)../../../../../topup/history/page.tsx:71:33)
      at Object.react_stack_bottom_frame (node_modules/react-dom/cjs/react-dom-client.development.js:25904:20)
      at renderWithHooks (node_modules/react-dom/cjs/react-dom-client.development.js:7662:22)
      at updateFunctionComponent (node_modules/react-dom/cjs/react-dom-client.development.js:10166:19)
      at beginWork (node_modules/react-dom/cjs/react-dom-client.development.js:11778:18)
      at runWithFiberInDEV (node_modules/react-dom/cjs/react-dom-client.development.js:874:13)
      at performUnitOfWork (node_modules/react-dom/cjs/react-dom-client.development.js:17641:22)
      at workLoopSync (node_modules/react-dom/cjs/react-dom-client.development.js:17469:41)
      at renderRootSync (node_modules/react-dom/cjs/react-dom-client.development.js:17450:11)
      at performWorkOnRoot (node_modules/react-dom/cjs/react-dom-client.development.js:16583:35)
      at performWorkOnRootViaSchedulerTask (node_modules/react-dom/cjs/react-dom-client.development.js:18957:7)
      at flushActQueue (node_modules/react/cjs/react.development.js:590:34)
      at process.env.NODE_ENV.exports.act (node_modules/react/cjs/react.development.js:884:10)
      at node_modules/@testing-library/react/dist/act-compat.js:47:25
      at renderRoot (node_modules/@testing-library/react/dist/pure.js:190:26)
      at render (node_modules/@testing-library/react/dist/pure.js:292:10)
      at Object.<anonymous> (/home/iann/code/project/sms_portail/src/app/(admin)../../../../../topup/history/__tests__/page.test.tsx:38:11)

FAIL src/app/(admin)/admin/clients/all/__tests__/page.test.tsx
  ● Admin Clients All Page › should render without crashing

    useAlert must be used within AlertProvider

      19 | export const useAlert = () => {
      20 |   const context = useContext(AlertContext);
    > 21 |   if (!context) throw new Error('useAlert must be used within AlertProvider');
         |                       ^
      22 |   return context;
      23 | };
      24 | export const AlertProvider = ({ children }: { children: ReactNode }) => {

      at useAlert (src/context/AlertProvider.tsx:21:23)
      at AllClientsPage (/home/iann/code/project/sms_portail/src/app/(admin)../../../../../admin/clients/all/page.tsx:80:33)
      at Object.react_stack_bottom_frame (node_modules/react-dom/cjs/react-dom-client.development.js:25904:20)
      at renderWithHooks (node_modules/react-dom/cjs/react-dom-client.development.js:7662:22)
      at updateFunctionComponent (node_modules/react-dom/cjs/react-dom-client.development.js:10166:19)
      at beginWork (node_modules/react-dom/cjs/react-dom-client.development.js:11778:18)
      at runWithFiberInDEV (node_modules/react-dom/cjs/react-dom-client.development.js:874:13)
      at performUnitOfWork (node_modules/react-dom/cjs/react-dom-client.development.js:17641:22)
      at workLoopSync (node_modules/react-dom/cjs/react-dom-client.development.js:17469:41)
      at renderRootSync (node_modules/react-dom/cjs/react-dom-client.development.js:17450:11)
      at performWorkOnRoot (node_modules/react-dom/cjs/react-dom-client.development.js:16583:35)
      at performWorkOnRootViaSchedulerTask (node_modules/react-dom/cjs/react-dom-client.development.js:18957:7)
      at flushActQueue (node_modules/react/cjs/react.development.js:590:34)
      at process.env.NODE_ENV.exports.act (node_modules/react/cjs/react.development.js:884:10)
      at node_modules/@testing-library/react/dist/act-compat.js:47:25
      at renderRoot (node_modules/@testing-library/react/dist/pure.js:190:26)
      at render (node_modules/@testing-library/react/dist/pure.js:292:10)
      at Object.<anonymous> (/home/iann/code/project/sms_portail/src/app/(admin)../../../../../admin/clients/all/__tests__/page.test.tsx:26:11)

  ● Admin Clients All Page › should load API key from localStorage

    useAlert must be used within AlertProvider

      19 | export const useAlert = () => {
      20 |   const context = useContext(AlertContext);
    > 21 |   if (!context) throw new Error('useAlert must be used within AlertProvider');
         |                       ^
      22 |   return context;
      23 | };
      24 | export const AlertProvider = ({ children }: { children: ReactNode }) => {

      at useAlert (src/context/AlertProvider.tsx:21:23)
      at AllClientsPage (/home/iann/code/project/sms_portail/src/app/(admin)../../../../../admin/clients/all/page.tsx:80:33)
      at Object.react_stack_bottom_frame (node_modules/react-dom/cjs/react-dom-client.development.js:25904:20)
      at renderWithHooks (node_modules/react-dom/cjs/react-dom-client.development.js:7662:22)
      at updateFunctionComponent (node_modules/react-dom/cjs/react-dom-client.development.js:10166:19)
      at beginWork (node_modules/react-dom/cjs/react-dom-client.development.js:11778:18)
      at runWithFiberInDEV (node_modules/react-dom/cjs/react-dom-client.development.js:874:13)
      at performUnitOfWork (node_modules/react-dom/cjs/react-dom-client.development.js:17641:22)
      at workLoopSync (node_modules/react-dom/cjs/react-dom-client.development.js:17469:41)
      at renderRootSync (node_modules/react-dom/cjs/react-dom-client.development.js:17450:11)
      at performWorkOnRoot (node_modules/react-dom/cjs/react-dom-client.development.js:16583:35)
      at performWorkOnRootViaSchedulerTask (node_modules/react-dom/cjs/react-dom-client.development.js:18957:7)
      at flushActQueue (node_modules/react/cjs/react.development.js:590:34)
      at process.env.NODE_ENV.exports.act (node_modules/react/cjs/react.development.js:884:10)
      at node_modules/@testing-library/react/dist/act-compat.js:47:25
      at renderRoot (node_modules/@testing-library/react/dist/pure.js:190:26)
      at render (node_modules/@testing-library/react/dist/pure.js:292:10)
      at Object.<anonymous> (/home/iann/code/project/sms_portail/src/app/(admin)../../../../../admin/clients/all/__tests__/page.test.tsx:32:11)

  ● Admin Clients All Page › should call useAdminClientsList hook

    useAlert must be used within AlertProvider

      19 | export const useAlert = () => {
      20 |   const context = useContext(AlertContext);
    > 21 |   if (!context) throw new Error('useAlert must be used within AlertProvider');
         |                       ^
      22 |   return context;
      23 | };
      24 | export const AlertProvider = ({ children }: { children: ReactNode }) => {

      at useAlert (src/context/AlertProvider.tsx:21:23)
      at AllClientsPage (/home/iann/code/project/sms_portail/src/app/(admin)../../../../../admin/clients/all/page.tsx:80:33)
      at Object.react_stack_bottom_frame (node_modules/react-dom/cjs/react-dom-client.development.js:25904:20)
      at renderWithHooks (node_modules/react-dom/cjs/react-dom-client.development.js:7662:22)
      at updateFunctionComponent (node_modules/react-dom/cjs/react-dom-client.development.js:10166:19)
      at beginWork (node_modules/react-dom/cjs/react-dom-client.development.js:11778:18)
      at runWithFiberInDEV (node_modules/react-dom/cjs/react-dom-client.development.js:874:13)
      at performUnitOfWork (node_modules/react-dom/cjs/react-dom-client.development.js:17641:22)
      at workLoopSync (node_modules/react-dom/cjs/react-dom-client.development.js:17469:41)
      at renderRootSync (node_modules/react-dom/cjs/react-dom-client.development.js:17450:11)
      at performWorkOnRoot (node_modules/react-dom/cjs/react-dom-client.development.js:16583:35)
      at performWorkOnRootViaSchedulerTask (node_modules/react-dom/cjs/react-dom-client.development.js:18957:7)
      at flushActQueue (node_modules/react/cjs/react.development.js:590:34)
      at process.env.NODE_ENV.exports.act (node_modules/react/cjs/react.development.js:884:10)
      at node_modules/@testing-library/react/dist/act-compat.js:47:25
      at renderRoot (node_modules/@testing-library/react/dist/pure.js:190:26)
      at render (node_modules/@testing-library/react/dist/pure.js:292:10)
      at Object.<anonymous> (/home/iann/code/project/sms_portail/src/app/(admin)../../../../../admin/clients/all/__tests__/page.test.tsx:37:11)

PASS src/controller/query/auth/__tests__/auth.service.test.ts
PASS src/components/ui/__tests__/use-toast.test.ts
PASS src/controller/query/profile/__tests__/useProfile.test.tsx
PASS src/controller/query/admin/roles/__tests__/useAdminRoles.test.ts
PASS src/controller/query/messages/__tests__/useMessages.test.tsx
PASS src/controller/query/admin/statistics/__tests__/statistics.service.test.ts
PASS src/controller/query/admin/documents/__tests__/useAdminDocuments.test.tsx
PASS src/controller/query/admin/statistics/__tests__/useAdminStatistics.test.ts
PASS src/utils/__tests__/messageStatus.test.ts
FAIL src/app/(admin)/admin/clients/status/__tests__/page.test.tsx
  ● Admin Clients Status Page › should render without crashing

    useAlert must be used within AlertProvider

      19 | export const useAlert = () => {
      20 |   const context = useContext(AlertContext);
    > 21 |   if (!context) throw new Error('useAlert must be used within AlertProvider');
         |                       ^
      22 |   return context;
      23 | };
      24 | export const AlertProvider = ({ children }: { children: ReactNode }) => {

      at useAlert (src/context/AlertProvider.tsx:21:23)
      at ClientStatusPage (/home/iann/code/project/sms_portail/src/app/(admin)../../../../../admin/clients/status/page.tsx:71:33)
      at Object.react_stack_bottom_frame (node_modules/react-dom/cjs/react-dom-client.development.js:25904:20)
      at renderWithHooks (node_modules/react-dom/cjs/react-dom-client.development.js:7662:22)
      at updateFunctionComponent (node_modules/react-dom/cjs/react-dom-client.development.js:10166:19)
      at beginWork (node_modules/react-dom/cjs/react-dom-client.development.js:11778:18)
      at runWithFiberInDEV (node_modules/react-dom/cjs/react-dom-client.development.js:874:13)
      at performUnitOfWork (node_modules/react-dom/cjs/react-dom-client.development.js:17641:22)
      at workLoopSync (node_modules/react-dom/cjs/react-dom-client.development.js:17469:41)
      at renderRootSync (node_modules/react-dom/cjs/react-dom-client.development.js:17450:11)
      at performWorkOnRoot (node_modules/react-dom/cjs/react-dom-client.development.js:16583:35)
      at performWorkOnRootViaSchedulerTask (node_modules/react-dom/cjs/react-dom-client.development.js:18957:7)
      at flushActQueue (node_modules/react/cjs/react.development.js:590:34)
      at process.env.NODE_ENV.exports.act (node_modules/react/cjs/react.development.js:884:10)
      at node_modules/@testing-library/react/dist/act-compat.js:47:25
      at renderRoot (node_modules/@testing-library/react/dist/pure.js:190:26)
      at render (node_modules/@testing-library/react/dist/pure.js:292:10)
      at Object.<anonymous> (/home/iann/code/project/sms_portail/src/app/(admin)../../../../../admin/clients/status/__tests__/page.test.tsx:22:11)

  ● Admin Clients Status Page › should load API key from localStorage

    useAlert must be used within AlertProvider

      19 | export const useAlert = () => {
      20 |   const context = useContext(AlertContext);
    > 21 |   if (!context) throw new Error('useAlert must be used within AlertProvider');
         |                       ^
      22 |   return context;
      23 | };
      24 | export const AlertProvider = ({ children }: { children: ReactNode }) => {

      at useAlert (src/context/AlertProvider.tsx:21:23)
      at ClientStatusPage (/home/iann/code/project/sms_portail/src/app/(admin)../../../../../admin/clients/status/page.tsx:71:33)
      at Object.react_stack_bottom_frame (node_modules/react-dom/cjs/react-dom-client.development.js:25904:20)
      at renderWithHooks (node_modules/react-dom/cjs/react-dom-client.development.js:7662:22)
      at updateFunctionComponent (node_modules/react-dom/cjs/react-dom-client.development.js:10166:19)
      at beginWork (node_modules/react-dom/cjs/react-dom-client.development.js:11778:18)
      at runWithFiberInDEV (node_modules/react-dom/cjs/react-dom-client.development.js:874:13)
      at performUnitOfWork (node_modules/react-dom/cjs/react-dom-client.development.js:17641:22)
      at workLoopSync (node_modules/react-dom/cjs/react-dom-client.development.js:17469:41)
      at renderRootSync (node_modules/react-dom/cjs/react-dom-client.development.js:17450:11)
      at performWorkOnRoot (node_modules/react-dom/cjs/react-dom-client.development.js:16583:35)
      at performWorkOnRootViaSchedulerTask (node_modules/react-dom/cjs/react-dom-client.development.js:18957:7)
      at flushActQueue (node_modules/react/cjs/react.development.js:590:34)
      at process.env.NODE_ENV.exports.act (node_modules/react/cjs/react.development.js:884:10)
      at node_modules/@testing-library/react/dist/act-compat.js:47:25
      at renderRoot (node_modules/@testing-library/react/dist/pure.js:190:26)
      at render (node_modules/@testing-library/react/dist/pure.js:292:10)
      at Object.<anonymous> (/home/iann/code/project/sms_portail/src/app/(admin)../../../../../admin/clients/status/__tests__/page.test.tsx:28:11)

  ● Admin Clients Status Page › should call useAdminClientsList hook

    useAlert must be used within AlertProvider

      19 | export const useAlert = () => {
      20 |   const context = useContext(AlertContext);
    > 21 |   if (!context) throw new Error('useAlert must be used within AlertProvider');
         |                       ^
      22 |   return context;
      23 | };
      24 | export const AlertProvider = ({ children }: { children: ReactNode }) => {

      at useAlert (src/context/AlertProvider.tsx:21:23)
      at ClientStatusPage (/home/iann/code/project/sms_portail/src/app/(admin)../../../../../admin/clients/status/page.tsx:71:33)
      at Object.react_stack_bottom_frame (node_modules/react-dom/cjs/react-dom-client.development.js:25904:20)
      at renderWithHooks (node_modules/react-dom/cjs/react-dom-client.development.js:7662:22)
      at updateFunctionComponent (node_modules/react-dom/cjs/react-dom-client.development.js:10166:19)
      at beginWork (node_modules/react-dom/cjs/react-dom-client.development.js:11778:18)
      at runWithFiberInDEV (node_modules/react-dom/cjs/react-dom-client.development.js:874:13)
      at performUnitOfWork (node_modules/react-dom/cjs/react-dom-client.development.js:17641:22)
      at workLoopSync (node_modules/react-dom/cjs/react-dom-client.development.js:17469:41)
      at renderRootSync (node_modules/react-dom/cjs/react-dom-client.development.js:17450:11)
      at performWorkOnRoot (node_modules/react-dom/cjs/react-dom-client.development.js:16583:35)
      at performWorkOnRootViaSchedulerTask (node_modules/react-dom/cjs/react-dom-client.development.js:18957:7)
      at flushActQueue (node_modules/react/cjs/react.development.js:590:34)
      at process.env.NODE_ENV.exports.act (node_modules/react/cjs/react.development.js:884:10)
      at node_modules/@testing-library/react/dist/act-compat.js:47:25
      at renderRoot (node_modules/@testing-library/react/dist/pure.js:190:26)
      at render (node_modules/@testing-library/react/dist/pure.js:292:10)
      at Object.<anonymous> (/home/iann/code/project/sms_portail/src/app/(admin)../../../../../admin/clients/status/__tests__/page.test.tsx:33:11)

PASS src/controller/query/admin/benefit/__tests__/useBenefit.test.tsx
PASS src/controller/query/notifications/__tests__/useNotifications.test.ts
FAIL src/app/(admin)/profile/__tests__/page.test.tsx
  ● Console

    console.error
      Unknown event handler property `onValueChange`. It will be ignored.

      45 |     });
      46 |
    > 47 |     render(
         |           ^
      48 |       <TestWrapper>
      49 |         <ProfilePage />
      50 |       </TestWrapper>

      at validateProperty (node_modules/react-dom/cjs/react-dom-client.development.js:2935:21)
      at warnUnknownProperties (node_modules/react-dom/cjs/react-dom-client.development.js:3146:9)
      at validatePropertiesInDevelopment (node_modules/react-dom/cjs/react-dom-client.development.js:19868:9)
      at setInitialProperties (node_modules/react-dom/cjs/react-dom-client.development.js:20491:7)
      at completeWork (node_modules/react-dom/cjs/react-dom-client.development.js:12662:18)
      at runWithFiberInDEV (node_modules/react-dom/cjs/react-dom-client.development.js:874:13)
      at completeUnitOfWork (node_modules/react-dom/cjs/react-dom-client.development.js:17777:19)
      at performUnitOfWork (node_modules/react-dom/cjs/react-dom-client.development.js:17658:11)
      at workLoopSync (node_modules/react-dom/cjs/react-dom-client.development.js:17469:41)
      at renderRootSync (node_modules/react-dom/cjs/react-dom-client.development.js:17450:11)
      at performWorkOnRoot (node_modules/react-dom/cjs/react-dom-client.development.js:16504:11)
      at performWorkOnRootViaSchedulerTask (node_modules/react-dom/cjs/react-dom-client.development.js:18957:7)
      at flushActQueue (node_modules/react/cjs/react.development.js:590:34)
      at process.env.NODE_ENV.exports.act (node_modules/react/cjs/react.development.js:884:10)
      at node_modules/@testing-library/react/dist/act-compat.js:47:25
      at renderRoot (node_modules/@testing-library/react/dist/pure.js:190:26)
      at render (node_modules/@testing-library/react/dist/pure.js:292:10)
      at Object.<anonymous> (/home/iann/code/project/sms_portail/src/app/(admin)../../../../../profile/__tests__/page.test.tsx:47:11)

  ● ProfilePage › should redirect to signin when not authenticated

    expect(jest.fn()).toHaveBeenCalledWith(...expected)

    Expected: "/signin"

    Number of calls: 0

      50 |       </TestWrapper>
      51 |     );
    > 52 |     expect(mockPush).toHaveBeenCalledWith('/signin');
         |                      ^
      53 |   });
      54 |
      55 |   it('should render profile when authenticated', () => {

      at Object.toHaveBeenCalledWith (/home/iann/code/project/sms_portail/src/app/(admin)../../../../../profile/__tests__/page.test.tsx:52:22)

PASS src/controller/query/notifications/__tests__/useNotifications.test.tsx
FAIL src/app/(admin)/admin/clients/create/__tests__/page.test.tsx
  ● Admin Clients Create Page › should render without crashing

    useAlert must be used within AlertProvider

      19 | export const useAlert = () => {
      20 |   const context = useContext(AlertContext);
    > 21 |   if (!context) throw new Error('useAlert must be used within AlertProvider');
         |                       ^
      22 |   return context;
      23 | };
      24 | export const AlertProvider = ({ children }: { children: ReactNode }) => {

      at useAlert (src/context/AlertProvider.tsx:21:23)
      at CreateClientPage (/home/iann/code/project/sms_portail/src/app/(admin)../../../../../admin/clients/create/page.tsx:45:33)
      at Object.react_stack_bottom_frame (node_modules/react-dom/cjs/react-dom-client.development.js:25904:20)
      at renderWithHooks (node_modules/react-dom/cjs/react-dom-client.development.js:7662:22)
      at updateFunctionComponent (node_modules/react-dom/cjs/react-dom-client.development.js:10166:19)
      at beginWork (node_modules/react-dom/cjs/react-dom-client.development.js:11778:18)
      at runWithFiberInDEV (node_modules/react-dom/cjs/react-dom-client.development.js:874:13)
      at performUnitOfWork (node_modules/react-dom/cjs/react-dom-client.development.js:17641:22)
      at workLoopSync (node_modules/react-dom/cjs/react-dom-client.development.js:17469:41)
      at renderRootSync (node_modules/react-dom/cjs/react-dom-client.development.js:17450:11)
      at performWorkOnRoot (node_modules/react-dom/cjs/react-dom-client.development.js:16583:35)
      at performWorkOnRootViaSchedulerTask (node_modules/react-dom/cjs/react-dom-client.development.js:18957:7)
      at flushActQueue (node_modules/react/cjs/react.development.js:590:34)
      at process.env.NODE_ENV.exports.act (node_modules/react/cjs/react.development.js:884:10)
      at node_modules/@testing-library/react/dist/act-compat.js:47:25
      at renderRoot (node_modules/@testing-library/react/dist/pure.js:190:26)
      at render (node_modules/@testing-library/react/dist/pure.js:292:10)
      at Object.<anonymous> (/home/iann/code/project/sms_portail/src/app/(admin)../../../../../admin/clients/create/__tests__/page.test.tsx:26:11)

  ● Admin Clients Create Page › should load API key from localStorage

    useAlert must be used within AlertProvider

      19 | export const useAlert = () => {
      20 |   const context = useContext(AlertContext);
    > 21 |   if (!context) throw new Error('useAlert must be used within AlertProvider');
         |                       ^
      22 |   return context;
      23 | };
      24 | export const AlertProvider = ({ children }: { children: ReactNode }) => {

      at useAlert (src/context/AlertProvider.tsx:21:23)
      at CreateClientPage (/home/iann/code/project/sms_portail/src/app/(admin)../../../../../admin/clients/create/page.tsx:45:33)
      at Object.react_stack_bottom_frame (node_modules/react-dom/cjs/react-dom-client.development.js:25904:20)
      at renderWithHooks (node_modules/react-dom/cjs/react-dom-client.development.js:7662:22)
      at updateFunctionComponent (node_modules/react-dom/cjs/react-dom-client.development.js:10166:19)
      at beginWork (node_modules/react-dom/cjs/react-dom-client.development.js:11778:18)
      at runWithFiberInDEV (node_modules/react-dom/cjs/react-dom-client.development.js:874:13)
      at performUnitOfWork (node_modules/react-dom/cjs/react-dom-client.development.js:17641:22)
      at workLoopSync (node_modules/react-dom/cjs/react-dom-client.development.js:17469:41)
      at renderRootSync (node_modules/react-dom/cjs/react-dom-client.development.js:17450:11)
      at performWorkOnRoot (node_modules/react-dom/cjs/react-dom-client.development.js:16583:35)
      at performWorkOnRootViaSchedulerTask (node_modules/react-dom/cjs/react-dom-client.development.js:18957:7)
      at flushActQueue (node_modules/react/cjs/react.development.js:590:34)
      at process.env.NODE_ENV.exports.act (node_modules/react/cjs/react.development.js:884:10)
      at node_modules/@testing-library/react/dist/act-compat.js:47:25
      at renderRoot (node_modules/@testing-library/react/dist/pure.js:190:26)
      at render (node_modules/@testing-library/react/dist/pure.js:292:10)
      at Object.<anonymous> (/home/iann/code/project/sms_portail/src/app/(admin)../../../../../admin/clients/create/__tests__/page.test.tsx:32:11)

  ● Admin Clients Create Page › should call useAdminClientAccountTypes hook

    useAlert must be used within AlertProvider

      19 | export const useAlert = () => {
      20 |   const context = useContext(AlertContext);
    > 21 |   if (!context) throw new Error('useAlert must be used within AlertProvider');
         |                       ^
      22 |   return context;
      23 | };
      24 | export const AlertProvider = ({ children }: { children: ReactNode }) => {

      at useAlert (src/context/AlertProvider.tsx:21:23)
      at CreateClientPage (/home/iann/code/project/sms_portail/src/app/(admin)../../../../../admin/clients/create/page.tsx:45:33)
      at Object.react_stack_bottom_frame (node_modules/react-dom/cjs/react-dom-client.development.js:25904:20)
      at renderWithHooks (node_modules/react-dom/cjs/react-dom-client.development.js:7662:22)
      at updateFunctionComponent (node_modules/react-dom/cjs/react-dom-client.development.js:10166:19)
      at beginWork (node_modules/react-dom/cjs/react-dom-client.development.js:11778:18)
      at runWithFiberInDEV (node_modules/react-dom/cjs/react-dom-client.development.js:874:13)
      at performUnitOfWork (node_modules/react-dom/cjs/react-dom-client.development.js:17641:22)
      at workLoopSync (node_modules/react-dom/cjs/react-dom-client.development.js:17469:41)
      at renderRootSync (node_modules/react-dom/cjs/react-dom-client.development.js:17450:11)
      at performWorkOnRoot (node_modules/react-dom/cjs/react-dom-client.development.js:16583:35)
      at performWorkOnRootViaSchedulerTask (node_modules/react-dom/cjs/react-dom-client.development.js:18957:7)
      at flushActQueue (node_modules/react/cjs/react.development.js:590:34)
      at process.env.NODE_ENV.exports.act (node_modules/react/cjs/react.development.js:884:10)
      at node_modules/@testing-library/react/dist/act-compat.js:47:25
      at renderRoot (node_modules/@testing-library/react/dist/pure.js:190:26)
      at render (node_modules/@testing-library/react/dist/pure.js:292:10)
      at Object.<anonymous> (/home/iann/code/project/sms_portail/src/app/(admin)../../../../../admin/clients/create/__tests__/page.test.tsx:37:11)

FAIL src/app/(admin)/admin/statistics/global/__tests__/page.test.tsx
  ● Admin Statistics Global Page › should render without crashing

    useAlert must be used within AlertProvider

      19 | export const useAlert = () => {
      20 |   const context = useContext(AlertContext);
    > 21 |   if (!context) throw new Error('useAlert must be used within AlertProvider');
         |                       ^
      22 |   return context;
      23 | };
      24 | export const AlertProvider = ({ children }: { children: ReactNode }) => {

      at useAlert (src/context/AlertProvider.tsx:21:23)
      at GlobalStatisticsPage (/home/iann/code/project/sms_portail/src/app/(admin)../../../../../admin/statistics/global/page.tsx:41:33)
      at Object.react_stack_bottom_frame (node_modules/react-dom/cjs/react-dom-client.development.js:25904:20)
      at renderWithHooks (node_modules/react-dom/cjs/react-dom-client.development.js:7662:22)
      at updateFunctionComponent (node_modules/react-dom/cjs/react-dom-client.development.js:10166:19)
      at beginWork (node_modules/react-dom/cjs/react-dom-client.development.js:11778:18)
      at runWithFiberInDEV (node_modules/react-dom/cjs/react-dom-client.development.js:874:13)
      at performUnitOfWork (node_modules/react-dom/cjs/react-dom-client.development.js:17641:22)
      at workLoopSync (node_modules/react-dom/cjs/react-dom-client.development.js:17469:41)
      at renderRootSync (node_modules/react-dom/cjs/react-dom-client.development.js:17450:11)
      at performWorkOnRoot (node_modules/react-dom/cjs/react-dom-client.development.js:16583:35)
      at performWorkOnRootViaSchedulerTask (node_modules/react-dom/cjs/react-dom-client.development.js:18957:7)
      at flushActQueue (node_modules/react/cjs/react.development.js:590:34)
      at process.env.NODE_ENV.exports.act (node_modules/react/cjs/react.development.js:884:10)
      at node_modules/@testing-library/react/dist/act-compat.js:47:25
      at renderRoot (node_modules/@testing-library/react/dist/pure.js:190:26)
      at render (node_modules/@testing-library/react/dist/pure.js:292:10)
      at Object.<anonymous> (/home/iann/code/project/sms_portail/src/app/(admin)../../../../../admin/statistics/global/__tests__/page.test.tsx:18:11)

  ● Admin Statistics Global Page › should load API key from localStorage

    useAlert must be used within AlertProvider

      19 | export const useAlert = () => {
      20 |   const context = useContext(AlertContext);
    > 21 |   if (!context) throw new Error('useAlert must be used within AlertProvider');
         |                       ^
      22 |   return context;
      23 | };
      24 | export const AlertProvider = ({ children }: { children: ReactNode }) => {

      at useAlert (src/context/AlertProvider.tsx:21:23)
      at GlobalStatisticsPage (/home/iann/code/project/sms_portail/src/app/(admin)../../../../../admin/statistics/global/page.tsx:41:33)
      at Object.react_stack_bottom_frame (node_modules/react-dom/cjs/react-dom-client.development.js:25904:20)
      at renderWithHooks (node_modules/react-dom/cjs/react-dom-client.development.js:7662:22)
      at updateFunctionComponent (node_modules/react-dom/cjs/react-dom-client.development.js:10166:19)
      at beginWork (node_modules/react-dom/cjs/react-dom-client.development.js:11778:18)
      at runWithFiberInDEV (node_modules/react-dom/cjs/react-dom-client.development.js:874:13)
      at performUnitOfWork (node_modules/react-dom/cjs/react-dom-client.development.js:17641:22)
      at workLoopSync (node_modules/react-dom/cjs/react-dom-client.development.js:17469:41)
      at renderRootSync (node_modules/react-dom/cjs/react-dom-client.development.js:17450:11)
      at performWorkOnRoot (node_modules/react-dom/cjs/react-dom-client.development.js:16583:35)
      at performWorkOnRootViaSchedulerTask (node_modules/react-dom/cjs/react-dom-client.development.js:18957:7)
      at flushActQueue (node_modules/react/cjs/react.development.js:590:34)
      at process.env.NODE_ENV.exports.act (node_modules/react/cjs/react.development.js:884:10)
      at node_modules/@testing-library/react/dist/act-compat.js:47:25
      at renderRoot (node_modules/@testing-library/react/dist/pure.js:190:26)
      at render (node_modules/@testing-library/react/dist/pure.js:292:10)
      at Object.<anonymous> (/home/iann/code/project/sms_portail/src/app/(admin)../../../../../admin/statistics/global/__tests__/page.test.tsx:24:11)

  ● Admin Statistics Global Page › should call useAdminGlobalStatistics hook

    useAlert must be used within AlertProvider

      19 | export const useAlert = () => {
      20 |   const context = useContext(AlertContext);
    > 21 |   if (!context) throw new Error('useAlert must be used within AlertProvider');
         |                       ^
      22 |   return context;
      23 | };
      24 | export const AlertProvider = ({ children }: { children: ReactNode }) => {

      at useAlert (src/context/AlertProvider.tsx:21:23)
      at GlobalStatisticsPage (/home/iann/code/project/sms_portail/src/app/(admin)../../../../../admin/statistics/global/page.tsx:41:33)
      at Object.react_stack_bottom_frame (node_modules/react-dom/cjs/react-dom-client.development.js:25904:20)
      at renderWithHooks (node_modules/react-dom/cjs/react-dom-client.development.js:7662:22)
      at updateFunctionComponent (node_modules/react-dom/cjs/react-dom-client.development.js:10166:19)
      at beginWork (node_modules/react-dom/cjs/react-dom-client.development.js:11778:18)
      at runWithFiberInDEV (node_modules/react-dom/cjs/react-dom-client.development.js:874:13)
      at performUnitOfWork (node_modules/react-dom/cjs/react-dom-client.development.js:17641:22)
      at workLoopSync (node_modules/react-dom/cjs/react-dom-client.development.js:17469:41)
      at renderRootSync (node_modules/react-dom/cjs/react-dom-client.development.js:17450:11)
      at performWorkOnRoot (node_modules/react-dom/cjs/react-dom-client.development.js:16583:35)
      at performWorkOnRootViaSchedulerTask (node_modules/react-dom/cjs/react-dom-client.development.js:18957:7)
      at flushActQueue (node_modules/react/cjs/react.development.js:590:34)
      at process.env.NODE_ENV.exports.act (node_modules/react/cjs/react.development.js:884:10)
      at node_modules/@testing-library/react/dist/act-compat.js:47:25
      at renderRoot (node_modules/@testing-library/react/dist/pure.js:190:26)
      at render (node_modules/@testing-library/react/dist/pure.js:292:10)
      at Object.<anonymous> (/home/iann/code/project/sms_portail/src/app/(admin)../../../../../admin/statistics/global/__tests__/page.test.tsx:29:11)

  ● Admin Statistics Global Page › should show loading state

    useAlert must be used within AlertProvider

      19 | export const useAlert = () => {
      20 |   const context = useContext(AlertContext);
    > 21 |   if (!context) throw new Error('useAlert must be used within AlertProvider');
         |                       ^
      22 |   return context;
      23 | };
      24 | export const AlertProvider = ({ children }: { children: ReactNode }) => {

      at useAlert (src/context/AlertProvider.tsx:21:23)
      at GlobalStatisticsPage (/home/iann/code/project/sms_portail/src/app/(admin)../../../../../admin/statistics/global/page.tsx:41:33)
      at Object.react_stack_bottom_frame (node_modules/react-dom/cjs/react-dom-client.development.js:25904:20)
      at renderWithHooks (node_modules/react-dom/cjs/react-dom-client.development.js:7662:22)
      at updateFunctionComponent (node_modules/react-dom/cjs/react-dom-client.development.js:10166:19)
      at beginWork (node_modules/react-dom/cjs/react-dom-client.development.js:11778:18)
      at runWithFiberInDEV (node_modules/react-dom/cjs/react-dom-client.development.js:874:13)
      at performUnitOfWork (node_modules/react-dom/cjs/react-dom-client.development.js:17641:22)
      at workLoopSync (node_modules/react-dom/cjs/react-dom-client.development.js:17469:41)
      at renderRootSync (node_modules/react-dom/cjs/react-dom-client.development.js:17450:11)
      at performWorkOnRoot (node_modules/react-dom/cjs/react-dom-client.development.js:16583:35)
      at performWorkOnRootViaSchedulerTask (node_modules/react-dom/cjs/react-dom-client.development.js:18957:7)
      at flushActQueue (node_modules/react/cjs/react.development.js:590:34)
      at process.env.NODE_ENV.exports.act (node_modules/react/cjs/react.development.js:884:10)
      at node_modules/@testing-library/react/dist/act-compat.js:47:25
      at renderRoot (node_modules/@testing-library/react/dist/pure.js:190:26)
      at render (node_modules/@testing-library/react/dist/pure.js:292:10)
      at Object.<anonymous> (/home/iann/code/project/sms_portail/src/app/(admin)../../../../../admin/statistics/global/__tests__/page.test.tsx:38:11)

FAIL src/app/(admin)/admin/kyb/history/__tests__/page.test.tsx
  ● Admin KYB History Page › should render without crashing

    useAlert must be used within AlertProvider

      19 | export const useAlert = () => {
      20 |   const context = useContext(AlertContext);
    > 21 |   if (!context) throw new Error('useAlert must be used within AlertProvider');
         |                       ^
      22 |   return context;
      23 | };
      24 | export const AlertProvider = ({ children }: { children: ReactNode }) => {

      at useAlert (src/context/AlertProvider.tsx:21:23)
      at KYBHistoryPage (/home/iann/code/project/sms_portail/src/app/(admin)../../../../../admin/kyb/history/page.tsx:47:33)
      at Object.react_stack_bottom_frame (node_modules/react-dom/cjs/react-dom-client.development.js:25904:20)
      at renderWithHooks (node_modules/react-dom/cjs/react-dom-client.development.js:7662:22)
      at updateFunctionComponent (node_modules/react-dom/cjs/react-dom-client.development.js:10166:19)
      at beginWork (node_modules/react-dom/cjs/react-dom-client.development.js:11778:18)
      at runWithFiberInDEV (node_modules/react-dom/cjs/react-dom-client.development.js:874:13)
      at performUnitOfWork (node_modules/react-dom/cjs/react-dom-client.development.js:17641:22)
      at workLoopSync (node_modules/react-dom/cjs/react-dom-client.development.js:17469:41)
      at renderRootSync (node_modules/react-dom/cjs/react-dom-client.development.js:17450:11)
      at performWorkOnRoot (node_modules/react-dom/cjs/react-dom-client.development.js:16583:35)
      at performWorkOnRootViaSchedulerTask (node_modules/react-dom/cjs/react-dom-client.development.js:18957:7)
      at flushActQueue (node_modules/react/cjs/react.development.js:590:34)
      at process.env.NODE_ENV.exports.act (node_modules/react/cjs/react.development.js:884:10)
      at node_modules/@testing-library/react/dist/act-compat.js:47:25
      at renderRoot (node_modules/@testing-library/react/dist/pure.js:190:26)
      at render (node_modules/@testing-library/react/dist/pure.js:292:10)
      at Object.<anonymous> (/home/iann/code/project/sms_portail/src/app/(admin)../../../../../admin/kyb/history/__tests__/page.test.tsx:18:11)

  ● Admin KYB History Page › should load API key from localStorage

    useAlert must be used within AlertProvider

      19 | export const useAlert = () => {
      20 |   const context = useContext(AlertContext);
    > 21 |   if (!context) throw new Error('useAlert must be used within AlertProvider');
         |                       ^
      22 |   return context;
      23 | };
      24 | export const AlertProvider = ({ children }: { children: ReactNode }) => {

      at useAlert (src/context/AlertProvider.tsx:21:23)
      at KYBHistoryPage (/home/iann/code/project/sms_portail/src/app/(admin)../../../../../admin/kyb/history/page.tsx:47:33)
      at Object.react_stack_bottom_frame (node_modules/react-dom/cjs/react-dom-client.development.js:25904:20)
      at renderWithHooks (node_modules/react-dom/cjs/react-dom-client.development.js:7662:22)
      at updateFunctionComponent (node_modules/react-dom/cjs/react-dom-client.development.js:10166:19)
      at beginWork (node_modules/react-dom/cjs/react-dom-client.development.js:11778:18)
      at runWithFiberInDEV (node_modules/react-dom/cjs/react-dom-client.development.js:874:13)
      at performUnitOfWork (node_modules/react-dom/cjs/react-dom-client.development.js:17641:22)
      at workLoopSync (node_modules/react-dom/cjs/react-dom-client.development.js:17469:41)
      at renderRootSync (node_modules/react-dom/cjs/react-dom-client.development.js:17450:11)
      at performWorkOnRoot (node_modules/react-dom/cjs/react-dom-client.development.js:16583:35)
      at performWorkOnRootViaSchedulerTask (node_modules/react-dom/cjs/react-dom-client.development.js:18957:7)
      at flushActQueue (node_modules/react/cjs/react.development.js:590:34)
      at process.env.NODE_ENV.exports.act (node_modules/react/cjs/react.development.js:884:10)
      at node_modules/@testing-library/react/dist/act-compat.js:47:25
      at renderRoot (node_modules/@testing-library/react/dist/pure.js:190:26)
      at render (node_modules/@testing-library/react/dist/pure.js:292:10)
      at Object.<anonymous> (/home/iann/code/project/sms_portail/src/app/(admin)../../../../../admin/kyb/history/__tests__/page.test.tsx:24:11)

  ● Admin KYB History Page › should call useAdminKYBHistory hook

    useAlert must be used within AlertProvider

      19 | export const useAlert = () => {
      20 |   const context = useContext(AlertContext);
    > 21 |   if (!context) throw new Error('useAlert must be used within AlertProvider');
         |                       ^
      22 |   return context;
      23 | };
      24 | export const AlertProvider = ({ children }: { children: ReactNode }) => {

      at useAlert (src/context/AlertProvider.tsx:21:23)
      at KYBHistoryPage (/home/iann/code/project/sms_portail/src/app/(admin)../../../../../admin/kyb/history/page.tsx:47:33)
      at Object.react_stack_bottom_frame (node_modules/react-dom/cjs/react-dom-client.development.js:25904:20)
      at renderWithHooks (node_modules/react-dom/cjs/react-dom-client.development.js:7662:22)
      at updateFunctionComponent (node_modules/react-dom/cjs/react-dom-client.development.js:10166:19)
      at beginWork (node_modules/react-dom/cjs/react-dom-client.development.js:11778:18)
      at runWithFiberInDEV (node_modules/react-dom/cjs/react-dom-client.development.js:874:13)
      at performUnitOfWork (node_modules/react-dom/cjs/react-dom-client.development.js:17641:22)
      at workLoopSync (node_modules/react-dom/cjs/react-dom-client.development.js:17469:41)
      at renderRootSync (node_modules/react-dom/cjs/react-dom-client.development.js:17450:11)
      at performWorkOnRoot (node_modules/react-dom/cjs/react-dom-client.development.js:16583:35)
      at performWorkOnRootViaSchedulerTask (node_modules/react-dom/cjs/react-dom-client.development.js:18957:7)
      at flushActQueue (node_modules/react/cjs/react.development.js:590:34)
      at process.env.NODE_ENV.exports.act (node_modules/react/cjs/react.development.js:884:10)
      at node_modules/@testing-library/react/dist/act-compat.js:47:25
      at renderRoot (node_modules/@testing-library/react/dist/pure.js:190:26)
      at render (node_modules/@testing-library/react/dist/pure.js:292:10)
      at Object.<anonymous> (/home/iann/code/project/sms_portail/src/app/(admin)../../../../../admin/kyb/history/__tests__/page.test.tsx:29:11)

PASS src/controller/query/admin/clients/__tests__/clients.service.test.ts
PASS src/controller/query/senders/__tests__/useSenders.test.tsx
PASS src/controller/query/senders/__tests__/useSenders.test.ts
PASS src/controller/query/admin/documents/__tests__/useAdminDocuments.test.ts
PASS src/controller/query/documents/__tests__/document.service.test.ts
  ● Console

    console.log
      📤 Uploading to S3...

      at log (src/controller/query/documents/document.service.ts:85:13)

    console.log
      🚀 Starting upload for file: test.pdf (pdf)

      at log (src/controller/query/documents/document.service.ts:86:13)

    console.log
      📡 Upload URL (first 100 chars): https://s3.amazonaws.com/presigned-url...

      at log (src/controller/query/documents/document.service.ts:87:13)

    console.log
      📄 File type: application/pdf

      at log (src/controller/query/documents/document.service.ts:88:13)

    console.log
      📦 File size: 7 bytes

      at log (src/controller/query/documents/document.service.ts:89:13)

    console.log
      ✅ Successfully uploaded file to S3

      at log (src/controller/query/documents/document.service.ts:121:13)

    console.log
      📤 Uploading to S3...

      at log (src/controller/query/documents/document.service.ts:85:13)

    console.log
      🚀 Starting upload for file: test.pdf (pdf)

      at log (src/controller/query/documents/document.service.ts:86:13)

    console.log
      📡 Upload URL (first 100 chars): https://s3.amazonaws.com/presigned-url...

      at log (src/controller/query/documents/document.service.ts:87:13)

    console.log
      📄 File type: application/pdf

      at log (src/controller/query/documents/document.service.ts:88:13)

    console.log
      📦 File size: 7 bytes

      at log (src/controller/query/documents/document.service.ts:89:13)

    console.error
      ❌ S3 Upload failed: {
        status: 403,
        statusText: 'Forbidden',
        errorText: 'Access denied',
        url: 'https://s3.amazonaws.com/presigned-url...'
      }

      111 |     if (!response.ok) {
      112 |       const errorText = await response.text().catch(() => response.statusText);
    > 113 |       console.error('❌ S3 Upload failed:', {
          |               ^
      114 |         status: response.status,
      115 |         statusText: response.statusText,
      116 |         errorText: errorText.substring(0, 200),

      at error (src/controller/query/documents/document.service.ts:113:15)
      at Object.<anonymous> (src/controller/query/documents/__tests__/document.service.test.ts:142:7)

PASS src/controller/query/auth/__tests__/useOtp.test.ts
FAIL src/app/(admin)/topup/balance/__tests__/page.test.tsx
  ● Topup Balance Page › should render without crashing

    useAlert must be used within AlertProvider

      19 | export const useAlert = () => {
      20 |   const context = useContext(AlertContext);
    > 21 |   if (!context) throw new Error('useAlert must be used within AlertProvider');
         |                       ^
      22 |   return context;
      23 | };
      24 | export const AlertProvider = ({ children }: { children: ReactNode }) => {

      at useAlert (src/context/AlertProvider.tsx:21:23)
      at BalancePage (/home/iann/code/project/sms_portail/src/app/(admin)../../../../../topup/balance/page.tsx:12:33)
      at Object.react_stack_bottom_frame (node_modules/react-dom/cjs/react-dom-client.development.js:25904:20)
      at renderWithHooks (node_modules/react-dom/cjs/react-dom-client.development.js:7662:22)
      at updateFunctionComponent (node_modules/react-dom/cjs/react-dom-client.development.js:10166:19)
      at beginWork (node_modules/react-dom/cjs/react-dom-client.development.js:11778:18)
      at runWithFiberInDEV (node_modules/react-dom/cjs/react-dom-client.development.js:874:13)
      at performUnitOfWork (node_modules/react-dom/cjs/react-dom-client.development.js:17641:22)
      at workLoopSync (node_modules/react-dom/cjs/react-dom-client.development.js:17469:41)
      at renderRootSync (node_modules/react-dom/cjs/react-dom-client.development.js:17450:11)
      at performWorkOnRoot (node_modules/react-dom/cjs/react-dom-client.development.js:16583:35)
      at performWorkOnRootViaSchedulerTask (node_modules/react-dom/cjs/react-dom-client.development.js:18957:7)
      at flushActQueue (node_modules/react/cjs/react.development.js:590:34)
      at process.env.NODE_ENV.exports.act (node_modules/react/cjs/react.development.js:884:10)
      at node_modules/@testing-library/react/dist/act-compat.js:47:25
      at renderRoot (node_modules/@testing-library/react/dist/pure.js:190:26)
      at render (node_modules/@testing-library/react/dist/pure.js:292:10)
      at Object.<anonymous> (/home/iann/code/project/sms_portail/src/app/(admin)../../../../../topup/balance/__tests__/page.test.tsx:19:11)

  ● Topup Balance Page › should load API key from localStorage

    useAlert must be used within AlertProvider

      19 | export const useAlert = () => {
      20 |   const context = useContext(AlertContext);
    > 21 |   if (!context) throw new Error('useAlert must be used within AlertProvider');
         |                       ^
      22 |   return context;
      23 | };
      24 | export const AlertProvider = ({ children }: { children: ReactNode }) => {

      at useAlert (src/context/AlertProvider.tsx:21:23)
      at BalancePage (/home/iann/code/project/sms_portail/src/app/(admin)../../../../../topup/balance/page.tsx:12:33)
      at Object.react_stack_bottom_frame (node_modules/react-dom/cjs/react-dom-client.development.js:25904:20)
      at renderWithHooks (node_modules/react-dom/cjs/react-dom-client.development.js:7662:22)
      at updateFunctionComponent (node_modules/react-dom/cjs/react-dom-client.development.js:10166:19)
      at beginWork (node_modules/react-dom/cjs/react-dom-client.development.js:11778:18)
      at runWithFiberInDEV (node_modules/react-dom/cjs/react-dom-client.development.js:874:13)
      at performUnitOfWork (node_modules/react-dom/cjs/react-dom-client.development.js:17641:22)
      at workLoopSync (node_modules/react-dom/cjs/react-dom-client.development.js:17469:41)
      at renderRootSync (node_modules/react-dom/cjs/react-dom-client.development.js:17450:11)
      at performWorkOnRoot (node_modules/react-dom/cjs/react-dom-client.development.js:16583:35)
      at performWorkOnRootViaSchedulerTask (node_modules/react-dom/cjs/react-dom-client.development.js:18957:7)
      at flushActQueue (node_modules/react/cjs/react.development.js:590:34)
      at process.env.NODE_ENV.exports.act (node_modules/react/cjs/react.development.js:884:10)
      at node_modules/@testing-library/react/dist/act-compat.js:47:25
      at renderRoot (node_modules/@testing-library/react/dist/pure.js:190:26)
      at render (node_modules/@testing-library/react/dist/pure.js:292:10)
      at Object.<anonymous> (/home/iann/code/project/sms_portail/src/app/(admin)../../../../../topup/balance/__tests__/page.test.tsx:25:11)

  ● Topup Balance Page › should call useDashboardSummary hook

    useAlert must be used within AlertProvider

      19 | export const useAlert = () => {
      20 |   const context = useContext(AlertContext);
    > 21 |   if (!context) throw new Error('useAlert must be used within AlertProvider');
         |                       ^
      22 |   return context;
      23 | };
      24 | export const AlertProvider = ({ children }: { children: ReactNode }) => {

      at useAlert (src/context/AlertProvider.tsx:21:23)
      at BalancePage (/home/iann/code/project/sms_portail/src/app/(admin)../../../../../topup/balance/page.tsx:12:33)
      at Object.react_stack_bottom_frame (node_modules/react-dom/cjs/react-dom-client.development.js:25904:20)
      at renderWithHooks (node_modules/react-dom/cjs/react-dom-client.development.js:7662:22)
      at updateFunctionComponent (node_modules/react-dom/cjs/react-dom-client.development.js:10166:19)
      at beginWork (node_modules/react-dom/cjs/react-dom-client.development.js:11778:18)
      at runWithFiberInDEV (node_modules/react-dom/cjs/react-dom-client.development.js:874:13)
      at performUnitOfWork (node_modules/react-dom/cjs/react-dom-client.development.js:17641:22)
      at workLoopSync (node_modules/react-dom/cjs/react-dom-client.development.js:17469:41)
      at renderRootSync (node_modules/react-dom/cjs/react-dom-client.development.js:17450:11)
      at performWorkOnRoot (node_modules/react-dom/cjs/react-dom-client.development.js:16583:35)
      at performWorkOnRootViaSchedulerTask (node_modules/react-dom/cjs/react-dom-client.development.js:18957:7)
      at flushActQueue (node_modules/react/cjs/react.development.js:590:34)
      at process.env.NODE_ENV.exports.act (node_modules/react/cjs/react.development.js:884:10)
      at node_modules/@testing-library/react/dist/act-compat.js:47:25
      at renderRoot (node_modules/@testing-library/react/dist/pure.js:190:26)
      at render (node_modules/@testing-library/react/dist/pure.js:292:10)
      at Object.<anonymous> (/home/iann/code/project/sms_portail/src/app/(admin)../../../../../topup/balance/__tests__/page.test.tsx:30:11)

  ● Topup Balance Page › should show loading state

    useAlert must be used within AlertProvider

      19 | export const useAlert = () => {
      20 |   const context = useContext(AlertContext);
    > 21 |   if (!context) throw new Error('useAlert must be used within AlertProvider');
         |                       ^
      22 |   return context;
      23 | };
      24 | export const AlertProvider = ({ children }: { children: ReactNode }) => {

      at useAlert (src/context/AlertProvider.tsx:21:23)
      at BalancePage (/home/iann/code/project/sms_portail/src/app/(admin)../../../../../topup/balance/page.tsx:12:33)
      at Object.react_stack_bottom_frame (node_modules/react-dom/cjs/react-dom-client.development.js:25904:20)
      at renderWithHooks (node_modules/react-dom/cjs/react-dom-client.development.js:7662:22)
      at updateFunctionComponent (node_modules/react-dom/cjs/react-dom-client.development.js:10166:19)
      at beginWork (node_modules/react-dom/cjs/react-dom-client.development.js:11778:18)
      at runWithFiberInDEV (node_modules/react-dom/cjs/react-dom-client.development.js:874:13)
      at performUnitOfWork (node_modules/react-dom/cjs/react-dom-client.development.js:17641:22)
      at workLoopSync (node_modules/react-dom/cjs/react-dom-client.development.js:17469:41)
      at renderRootSync (node_modules/react-dom/cjs/react-dom-client.development.js:17450:11)
      at performWorkOnRoot (node_modules/react-dom/cjs/react-dom-client.development.js:16583:35)
      at performWorkOnRootViaSchedulerTask (node_modules/react-dom/cjs/react-dom-client.development.js:18957:7)
      at flushActQueue (node_modules/react/cjs/react.development.js:590:34)
      at process.env.NODE_ENV.exports.act (node_modules/react/cjs/react.development.js:884:10)
      at node_modules/@testing-library/react/dist/act-compat.js:47:25
      at renderRoot (node_modules/@testing-library/react/dist/pure.js:190:26)
      at render (node_modules/@testing-library/react/dist/pure.js:292:10)
      at Object.<anonymous> (/home/iann/code/project/sms_portail/src/app/(admin)../../../../../topup/balance/__tests__/page.test.tsx:40:11)

PASS src/controller/query/admin/tokens/__tests__/useAdminTokens.test.tsx
FAIL src/app/(admin)/admin/statistics/clients/__tests__/page.test.tsx
  ● Admin Statistics Clients Page › should render without crashing

    useAlert must be used within AlertProvider

      19 | export const useAlert = () => {
      20 |   const context = useContext(AlertContext);
    > 21 |   if (!context) throw new Error('useAlert must be used within AlertProvider');
         |                       ^
      22 |   return context;
      23 | };
      24 | export const AlertProvider = ({ children }: { children: ReactNode }) => {

      at useAlert (src/context/AlertProvider.tsx:21:23)
      at ClientsStatisticsPage (/home/iann/code/project/sms_portail/src/app/(admin)../../../../../admin/statistics/clients/page.tsx:49:33)
      at Object.react_stack_bottom_frame (node_modules/react-dom/cjs/react-dom-client.development.js:25904:20)
      at renderWithHooks (node_modules/react-dom/cjs/react-dom-client.development.js:7662:22)
      at updateFunctionComponent (node_modules/react-dom/cjs/react-dom-client.development.js:10166:19)
      at beginWork (node_modules/react-dom/cjs/react-dom-client.development.js:11778:18)
      at runWithFiberInDEV (node_modules/react-dom/cjs/react-dom-client.development.js:874:13)
      at performUnitOfWork (node_modules/react-dom/cjs/react-dom-client.development.js:17641:22)
      at workLoopSync (node_modules/react-dom/cjs/react-dom-client.development.js:17469:41)
      at renderRootSync (node_modules/react-dom/cjs/react-dom-client.development.js:17450:11)
      at performWorkOnRoot (node_modules/react-dom/cjs/react-dom-client.development.js:16583:35)
      at performWorkOnRootViaSchedulerTask (node_modules/react-dom/cjs/react-dom-client.development.js:18957:7)
      at flushActQueue (node_modules/react/cjs/react.development.js:590:34)
      at process.env.NODE_ENV.exports.act (node_modules/react/cjs/react.development.js:884:10)
      at node_modules/@testing-library/react/dist/act-compat.js:47:25
      at renderRoot (node_modules/@testing-library/react/dist/pure.js:190:26)
      at render (node_modules/@testing-library/react/dist/pure.js:292:10)
      at Object.<anonymous> (/home/iann/code/project/sms_portail/src/app/(admin)../../../../../admin/statistics/clients/__tests__/page.test.tsx:18:11)

  ● Admin Statistics Clients Page › should load API key from localStorage

    useAlert must be used within AlertProvider

      19 | export const useAlert = () => {
      20 |   const context = useContext(AlertContext);
    > 21 |   if (!context) throw new Error('useAlert must be used within AlertProvider');
         |                       ^
      22 |   return context;
      23 | };
      24 | export const AlertProvider = ({ children }: { children: ReactNode }) => {

      at useAlert (src/context/AlertProvider.tsx:21:23)
      at ClientsStatisticsPage (/home/iann/code/project/sms_portail/src/app/(admin)../../../../../admin/statistics/clients/page.tsx:49:33)
      at Object.react_stack_bottom_frame (node_modules/react-dom/cjs/react-dom-client.development.js:25904:20)
      at renderWithHooks (node_modules/react-dom/cjs/react-dom-client.development.js:7662:22)
      at updateFunctionComponent (node_modules/react-dom/cjs/react-dom-client.development.js:10166:19)
      at beginWork (node_modules/react-dom/cjs/react-dom-client.development.js:11778:18)
      at runWithFiberInDEV (node_modules/react-dom/cjs/react-dom-client.development.js:874:13)
      at performUnitOfWork (node_modules/react-dom/cjs/react-dom-client.development.js:17641:22)
      at workLoopSync (node_modules/react-dom/cjs/react-dom-client.development.js:17469:41)
      at renderRootSync (node_modules/react-dom/cjs/react-dom-client.development.js:17450:11)
      at performWorkOnRoot (node_modules/react-dom/cjs/react-dom-client.development.js:16583:35)
      at performWorkOnRootViaSchedulerTask (node_modules/react-dom/cjs/react-dom-client.development.js:18957:7)
      at flushActQueue (node_modules/react/cjs/react.development.js:590:34)
      at process.env.NODE_ENV.exports.act (node_modules/react/cjs/react.development.js:884:10)
      at node_modules/@testing-library/react/dist/act-compat.js:47:25
      at renderRoot (node_modules/@testing-library/react/dist/pure.js:190:26)
      at render (node_modules/@testing-library/react/dist/pure.js:292:10)
      at Object.<anonymous> (/home/iann/code/project/sms_portail/src/app/(admin)../../../../../admin/statistics/clients/__tests__/page.test.tsx:24:11)

  ● Admin Statistics Clients Page › should call useAdminClientStatistics hook

    useAlert must be used within AlertProvider

      19 | export const useAlert = () => {
      20 |   const context = useContext(AlertContext);
    > 21 |   if (!context) throw new Error('useAlert must be used within AlertProvider');
         |                       ^
      22 |   return context;
      23 | };
      24 | export const AlertProvider = ({ children }: { children: ReactNode }) => {

      at useAlert (src/context/AlertProvider.tsx:21:23)
      at ClientsStatisticsPage (/home/iann/code/project/sms_portail/src/app/(admin)../../../../../admin/statistics/clients/page.tsx:49:33)
      at Object.react_stack_bottom_frame (node_modules/react-dom/cjs/react-dom-client.development.js:25904:20)
      at renderWithHooks (node_modules/react-dom/cjs/react-dom-client.development.js:7662:22)
      at updateFunctionComponent (node_modules/react-dom/cjs/react-dom-client.development.js:10166:19)
      at beginWork (node_modules/react-dom/cjs/react-dom-client.development.js:11778:18)
      at runWithFiberInDEV (node_modules/react-dom/cjs/react-dom-client.development.js:874:13)
      at performUnitOfWork (node_modules/react-dom/cjs/react-dom-client.development.js:17641:22)
      at workLoopSync (node_modules/react-dom/cjs/react-dom-client.development.js:17469:41)
      at renderRootSync (node_modules/react-dom/cjs/react-dom-client.development.js:17450:11)
      at performWorkOnRoot (node_modules/react-dom/cjs/react-dom-client.development.js:16583:35)
      at performWorkOnRootViaSchedulerTask (node_modules/react-dom/cjs/react-dom-client.development.js:18957:7)
      at flushActQueue (node_modules/react/cjs/react.development.js:590:34)
      at process.env.NODE_ENV.exports.act (node_modules/react/cjs/react.development.js:884:10)
      at node_modules/@testing-library/react/dist/act-compat.js:47:25
      at renderRoot (node_modules/@testing-library/react/dist/pure.js:190:26)
      at render (node_modules/@testing-library/react/dist/pure.js:292:10)
      at Object.<anonymous> (/home/iann/code/project/sms_portail/src/app/(admin)../../../../../admin/statistics/clients/__tests__/page.test.tsx:29:11)

FAIL src/app/(admin)/topup/mno/__tests__/page.test.tsx
  ● Topup MNO Page › should render without crashing

    useAuth must be used within an AuthProvider.

      174 |   const context = useContext(AuthContext);
      175 |   if (!context) {
    > 176 |     throw new Error('useAuth must be used within an AuthProvider.');
          |           ^
      177 |   }
      178 |   return context;
      179 | };

      at useAuth (src/context/AuthProvider.tsx:176:11)
      at MNOTopupPage (/home/iann/code/project/sms_portail/src/app/(admin)../../../../../topup/mno/page.tsx:36:27)
      at Object.react_stack_bottom_frame (node_modules/react-dom/cjs/react-dom-client.development.js:25904:20)
      at renderWithHooks (node_modules/react-dom/cjs/react-dom-client.development.js:7662:22)
      at updateFunctionComponent (node_modules/react-dom/cjs/react-dom-client.development.js:10166:19)
      at beginWork (node_modules/react-dom/cjs/react-dom-client.development.js:11778:18)
      at runWithFiberInDEV (node_modules/react-dom/cjs/react-dom-client.development.js:874:13)
      at performUnitOfWork (node_modules/react-dom/cjs/react-dom-client.development.js:17641:22)
      at workLoopSync (node_modules/react-dom/cjs/react-dom-client.development.js:17469:41)
      at renderRootSync (node_modules/react-dom/cjs/react-dom-client.development.js:17450:11)
      at performWorkOnRoot (node_modules/react-dom/cjs/react-dom-client.development.js:16583:35)
      at performWorkOnRootViaSchedulerTask (node_modules/react-dom/cjs/react-dom-client.development.js:18957:7)
      at flushActQueue (node_modules/react/cjs/react.development.js:590:34)
      at process.env.NODE_ENV.exports.act (node_modules/react/cjs/react.development.js:884:10)
      at node_modules/@testing-library/react/dist/act-compat.js:47:25
      at renderRoot (node_modules/@testing-library/react/dist/pure.js:190:26)
      at render (node_modules/@testing-library/react/dist/pure.js:292:10)
      at Object.<anonymous> (/home/iann/code/project/sms_portail/src/app/(admin)../../../../../topup/mno/__tests__/page.test.tsx:22:11)

  ● Topup MNO Page › should load API key from localStorage

    useAuth must be used within an AuthProvider.

      174 |   const context = useContext(AuthContext);
      175 |   if (!context) {
    > 176 |     throw new Error('useAuth must be used within an AuthProvider.');
          |           ^
      177 |   }
      178 |   return context;
      179 | };

      at useAuth (src/context/AuthProvider.tsx:176:11)
      at MNOTopupPage (/home/iann/code/project/sms_portail/src/app/(admin)../../../../../topup/mno/page.tsx:36:27)
      at Object.react_stack_bottom_frame (node_modules/react-dom/cjs/react-dom-client.development.js:25904:20)
      at renderWithHooks (node_modules/react-dom/cjs/react-dom-client.development.js:7662:22)
      at updateFunctionComponent (node_modules/react-dom/cjs/react-dom-client.development.js:10166:19)
      at beginWork (node_modules/react-dom/cjs/react-dom-client.development.js:11778:18)
      at runWithFiberInDEV (node_modules/react-dom/cjs/react-dom-client.development.js:874:13)
      at performUnitOfWork (node_modules/react-dom/cjs/react-dom-client.development.js:17641:22)
      at workLoopSync (node_modules/react-dom/cjs/react-dom-client.development.js:17469:41)
      at renderRootSync (node_modules/react-dom/cjs/react-dom-client.development.js:17450:11)
      at performWorkOnRoot (node_modules/react-dom/cjs/react-dom-client.development.js:16583:35)
      at performWorkOnRootViaSchedulerTask (node_modules/react-dom/cjs/react-dom-client.development.js:18957:7)
      at flushActQueue (node_modules/react/cjs/react.development.js:590:34)
      at process.env.NODE_ENV.exports.act (node_modules/react/cjs/react.development.js:884:10)
      at node_modules/@testing-library/react/dist/act-compat.js:47:25
      at renderRoot (node_modules/@testing-library/react/dist/pure.js:190:26)
      at render (node_modules/@testing-library/react/dist/pure.js:292:10)
      at Object.<anonymous> (/home/iann/code/project/sms_portail/src/app/(admin)../../../../../topup/mno/__tests__/page.test.tsx:28:11)

  ● Topup MNO Page › should call useGetMNOProviders hook

    useAuth must be used within an AuthProvider.

      174 |   const context = useContext(AuthContext);
      175 |   if (!context) {
    > 176 |     throw new Error('useAuth must be used within an AuthProvider.');
          |           ^
      177 |   }
      178 |   return context;
      179 | };

      at useAuth (src/context/AuthProvider.tsx:176:11)
      at MNOTopupPage (/home/iann/code/project/sms_portail/src/app/(admin)../../../../../topup/mno/page.tsx:36:27)
      at Object.react_stack_bottom_frame (node_modules/react-dom/cjs/react-dom-client.development.js:25904:20)
      at renderWithHooks (node_modules/react-dom/cjs/react-dom-client.development.js:7662:22)
      at updateFunctionComponent (node_modules/react-dom/cjs/react-dom-client.development.js:10166:19)
      at beginWork (node_modules/react-dom/cjs/react-dom-client.development.js:11778:18)
      at runWithFiberInDEV (node_modules/react-dom/cjs/react-dom-client.development.js:874:13)
      at performUnitOfWork (node_modules/react-dom/cjs/react-dom-client.development.js:17641:22)
      at workLoopSync (node_modules/react-dom/cjs/react-dom-client.development.js:17469:41)
      at renderRootSync (node_modules/react-dom/cjs/react-dom-client.development.js:17450:11)
      at performWorkOnRoot (node_modules/react-dom/cjs/react-dom-client.development.js:16583:35)
      at performWorkOnRootViaSchedulerTask (node_modules/react-dom/cjs/react-dom-client.development.js:18957:7)
      at flushActQueue (node_modules/react/cjs/react.development.js:590:34)
      at process.env.NODE_ENV.exports.act (node_modules/react/cjs/react.development.js:884:10)
      at node_modules/@testing-library/react/dist/act-compat.js:47:25
      at renderRoot (node_modules/@testing-library/react/dist/pure.js:190:26)
      at render (node_modules/@testing-library/react/dist/pure.js:292:10)
      at Object.<anonymous> (/home/iann/code/project/sms_portail/src/app/(admin)../../../../../topup/mno/__tests__/page.test.tsx:33:11)

FAIL src/app/(admin)/admin/users/status/__tests__/page.test.tsx
  ● Admin Users Status Page › should render without crashing

    useAlert must be used within AlertProvider

      19 | export const useAlert = () => {
      20 |   const context = useContext(AlertContext);
    > 21 |   if (!context) throw new Error('useAlert must be used within AlertProvider');
         |                       ^
      22 |   return context;
      23 | };
      24 | export const AlertProvider = ({ children }: { children: ReactNode }) => {

      at useAlert (src/context/AlertProvider.tsx:21:23)
      at UserStatusPage (/home/iann/code/project/sms_portail/src/app/(admin)../../../../../admin/users/status/page.tsx:71:33)
      at Object.react_stack_bottom_frame (node_modules/react-dom/cjs/react-dom-client.development.js:25904:20)
      at renderWithHooks (node_modules/react-dom/cjs/react-dom-client.development.js:7662:22)
      at updateFunctionComponent (node_modules/react-dom/cjs/react-dom-client.development.js:10166:19)
      at beginWork (node_modules/react-dom/cjs/react-dom-client.development.js:11778:18)
      at runWithFiberInDEV (node_modules/react-dom/cjs/react-dom-client.development.js:874:13)
      at performUnitOfWork (node_modules/react-dom/cjs/react-dom-client.development.js:17641:22)
      at workLoopSync (node_modules/react-dom/cjs/react-dom-client.development.js:17469:41)
      at renderRootSync (node_modules/react-dom/cjs/react-dom-client.development.js:17450:11)
      at performWorkOnRoot (node_modules/react-dom/cjs/react-dom-client.development.js:16583:35)
      at performWorkOnRootViaSchedulerTask (node_modules/react-dom/cjs/react-dom-client.development.js:18957:7)
      at flushActQueue (node_modules/react/cjs/react.development.js:590:34)
      at process.env.NODE_ENV.exports.act (node_modules/react/cjs/react.development.js:884:10)
      at node_modules/@testing-library/react/dist/act-compat.js:47:25
      at renderRoot (node_modules/@testing-library/react/dist/pure.js:190:26)
      at render (node_modules/@testing-library/react/dist/pure.js:292:10)
      at Object.<anonymous> (/home/iann/code/project/sms_portail/src/app/(admin)../../../../../admin/users/status/__tests__/page.test.tsx:22:11)

  ● Admin Users Status Page › should load API key from localStorage

    useAlert must be used within AlertProvider

      19 | export const useAlert = () => {
      20 |   const context = useContext(AlertContext);
    > 21 |   if (!context) throw new Error('useAlert must be used within AlertProvider');
         |                       ^
      22 |   return context;
      23 | };
      24 | export const AlertProvider = ({ children }: { children: ReactNode }) => {

      at useAlert (src/context/AlertProvider.tsx:21:23)
      at UserStatusPage (/home/iann/code/project/sms_portail/src/app/(admin)../../../../../admin/users/status/page.tsx:71:33)
      at Object.react_stack_bottom_frame (node_modules/react-dom/cjs/react-dom-client.development.js:25904:20)
      at renderWithHooks (node_modules/react-dom/cjs/react-dom-client.development.js:7662:22)
      at updateFunctionComponent (node_modules/react-dom/cjs/react-dom-client.development.js:10166:19)
      at beginWork (node_modules/react-dom/cjs/react-dom-client.development.js:11778:18)
      at runWithFiberInDEV (node_modules/react-dom/cjs/react-dom-client.development.js:874:13)
      at performUnitOfWork (node_modules/react-dom/cjs/react-dom-client.development.js:17641:22)
      at workLoopSync (node_modules/react-dom/cjs/react-dom-client.development.js:17469:41)
      at renderRootSync (node_modules/react-dom/cjs/react-dom-client.development.js:17450:11)
      at performWorkOnRoot (node_modules/react-dom/cjs/react-dom-client.development.js:16583:35)
      at performWorkOnRootViaSchedulerTask (node_modules/react-dom/cjs/react-dom-client.development.js:18957:7)
      at flushActQueue (node_modules/react/cjs/react.development.js:590:34)
      at process.env.NODE_ENV.exports.act (node_modules/react/cjs/react.development.js:884:10)
      at node_modules/@testing-library/react/dist/act-compat.js:47:25
      at renderRoot (node_modules/@testing-library/react/dist/pure.js:190:26)
      at render (node_modules/@testing-library/react/dist/pure.js:292:10)
      at Object.<anonymous> (/home/iann/code/project/sms_portail/src/app/(admin)../../../../../admin/users/status/__tests__/page.test.tsx:28:11)

  ● Admin Users Status Page › should call useAdminUsersList hook

    useAlert must be used within AlertProvider

      19 | export const useAlert = () => {
      20 |   const context = useContext(AlertContext);
    > 21 |   if (!context) throw new Error('useAlert must be used within AlertProvider');
         |                       ^
      22 |   return context;
      23 | };
      24 | export const AlertProvider = ({ children }: { children: ReactNode }) => {

      at useAlert (src/context/AlertProvider.tsx:21:23)
      at UserStatusPage (/home/iann/code/project/sms_portail/src/app/(admin)../../../../../admin/users/status/page.tsx:71:33)
      at Object.react_stack_bottom_frame (node_modules/react-dom/cjs/react-dom-client.development.js:25904:20)
      at renderWithHooks (node_modules/react-dom/cjs/react-dom-client.development.js:7662:22)
      at updateFunctionComponent (node_modules/react-dom/cjs/react-dom-client.development.js:10166:19)
      at beginWork (node_modules/react-dom/cjs/react-dom-client.development.js:11778:18)
      at runWithFiberInDEV (node_modules/react-dom/cjs/react-dom-client.development.js:874:13)
      at performUnitOfWork (node_modules/react-dom/cjs/react-dom-client.development.js:17641:22)
      at workLoopSync (node_modules/react-dom/cjs/react-dom-client.development.js:17469:41)
      at renderRootSync (node_modules/react-dom/cjs/react-dom-client.development.js:17450:11)
      at performWorkOnRoot (node_modules/react-dom/cjs/react-dom-client.development.js:16583:35)
      at performWorkOnRootViaSchedulerTask (node_modules/react-dom/cjs/react-dom-client.development.js:18957:7)
      at flushActQueue (node_modules/react/cjs/react.development.js:590:34)
      at process.env.NODE_ENV.exports.act (node_modules/react/cjs/react.development.js:884:10)
      at node_modules/@testing-library/react/dist/act-compat.js:47:25
      at renderRoot (node_modules/@testing-library/react/dist/pure.js:190:26)
      at render (node_modules/@testing-library/react/dist/pure.js:292:10)
      at Object.<anonymous> (/home/iann/code/project/sms_portail/src/app/(admin)../../../../../admin/users/status/__tests__/page.test.tsx:33:11)

PASS src/controller/query/admin/roles/__tests__/useAdminRoles.test.tsx
PASS src/controller/query/messages/__tests__/messages.service.test.tsx
FAIL src/app/(admin)/admin/statistics/billing/__tests__/page.test.tsx
  ● Admin Statistics Billing Page › should render without crashing

    useAlert must be used within AlertProvider

      19 | export const useAlert = () => {
      20 |   const context = useContext(AlertContext);
    > 21 |   if (!context) throw new Error('useAlert must be used within AlertProvider');
         |                       ^
      22 |   return context;
      23 | };
      24 | export const AlertProvider = ({ children }: { children: ReactNode }) => {

      at useAlert (src/context/AlertProvider.tsx:21:23)
      at BillingStatisticsPage (/home/iann/code/project/sms_portail/src/app/(admin)../../../../../admin/statistics/billing/page.tsx:48:33)
      at Object.react_stack_bottom_frame (node_modules/react-dom/cjs/react-dom-client.development.js:25904:20)
      at renderWithHooks (node_modules/react-dom/cjs/react-dom-client.development.js:7662:22)
      at updateFunctionComponent (node_modules/react-dom/cjs/react-dom-client.development.js:10166:19)
      at beginWork (node_modules/react-dom/cjs/react-dom-client.development.js:11778:18)
      at runWithFiberInDEV (node_modules/react-dom/cjs/react-dom-client.development.js:874:13)
      at performUnitOfWork (node_modules/react-dom/cjs/react-dom-client.development.js:17641:22)
      at workLoopSync (node_modules/react-dom/cjs/react-dom-client.development.js:17469:41)
      at renderRootSync (node_modules/react-dom/cjs/react-dom-client.development.js:17450:11)
      at performWorkOnRoot (node_modules/react-dom/cjs/react-dom-client.development.js:16583:35)
      at performWorkOnRootViaSchedulerTask (node_modules/react-dom/cjs/react-dom-client.development.js:18957:7)
      at flushActQueue (node_modules/react/cjs/react.development.js:590:34)
      at process.env.NODE_ENV.exports.act (node_modules/react/cjs/react.development.js:884:10)
      at node_modules/@testing-library/react/dist/act-compat.js:47:25
      at renderRoot (node_modules/@testing-library/react/dist/pure.js:190:26)
      at render (node_modules/@testing-library/react/dist/pure.js:292:10)
      at Object.<anonymous> (/home/iann/code/project/sms_portail/src/app/(admin)../../../../../admin/statistics/billing/__tests__/page.test.tsx:18:11)

  ● Admin Statistics Billing Page › should load API key from localStorage

    useAlert must be used within AlertProvider

      19 | export const useAlert = () => {
      20 |   const context = useContext(AlertContext);
    > 21 |   if (!context) throw new Error('useAlert must be used within AlertProvider');
         |                       ^
      22 |   return context;
      23 | };
      24 | export const AlertProvider = ({ children }: { children: ReactNode }) => {

      at useAlert (src/context/AlertProvider.tsx:21:23)
      at BillingStatisticsPage (/home/iann/code/project/sms_portail/src/app/(admin)../../../../../admin/statistics/billing/page.tsx:48:33)
      at Object.react_stack_bottom_frame (node_modules/react-dom/cjs/react-dom-client.development.js:25904:20)
      at renderWithHooks (node_modules/react-dom/cjs/react-dom-client.development.js:7662:22)
      at updateFunctionComponent (node_modules/react-dom/cjs/react-dom-client.development.js:10166:19)
      at beginWork (node_modules/react-dom/cjs/react-dom-client.development.js:11778:18)
      at runWithFiberInDEV (node_modules/react-dom/cjs/react-dom-client.development.js:874:13)
      at performUnitOfWork (node_modules/react-dom/cjs/react-dom-client.development.js:17641:22)
      at workLoopSync (node_modules/react-dom/cjs/react-dom-client.development.js:17469:41)
      at renderRootSync (node_modules/react-dom/cjs/react-dom-client.development.js:17450:11)
      at performWorkOnRoot (node_modules/react-dom/cjs/react-dom-client.development.js:16583:35)
      at performWorkOnRootViaSchedulerTask (node_modules/react-dom/cjs/react-dom-client.development.js:18957:7)
      at flushActQueue (node_modules/react/cjs/react.development.js:590:34)
      at process.env.NODE_ENV.exports.act (node_modules/react/cjs/react.development.js:884:10)
      at node_modules/@testing-library/react/dist/act-compat.js:47:25
      at renderRoot (node_modules/@testing-library/react/dist/pure.js:190:26)
      at render (node_modules/@testing-library/react/dist/pure.js:292:10)
      at Object.<anonymous> (/home/iann/code/project/sms_portail/src/app/(admin)../../../../../admin/statistics/billing/__tests__/page.test.tsx:24:11)

  ● Admin Statistics Billing Page › should call useAdminBillingStatistics hook

    useAlert must be used within AlertProvider

      19 | export const useAlert = () => {
      20 |   const context = useContext(AlertContext);
    > 21 |   if (!context) throw new Error('useAlert must be used within AlertProvider');
         |                       ^
      22 |   return context;
      23 | };
      24 | export const AlertProvider = ({ children }: { children: ReactNode }) => {

      at useAlert (src/context/AlertProvider.tsx:21:23)
      at BillingStatisticsPage (/home/iann/code/project/sms_portail/src/app/(admin)../../../../../admin/statistics/billing/page.tsx:48:33)
      at Object.react_stack_bottom_frame (node_modules/react-dom/cjs/react-dom-client.development.js:25904:20)
      at renderWithHooks (node_modules/react-dom/cjs/react-dom-client.development.js:7662:22)
      at updateFunctionComponent (node_modules/react-dom/cjs/react-dom-client.development.js:10166:19)
      at beginWork (node_modules/react-dom/cjs/react-dom-client.development.js:11778:18)
      at runWithFiberInDEV (node_modules/react-dom/cjs/react-dom-client.development.js:874:13)
      at performUnitOfWork (node_modules/react-dom/cjs/react-dom-client.development.js:17641:22)
      at workLoopSync (node_modules/react-dom/cjs/react-dom-client.development.js:17469:41)
      at renderRootSync (node_modules/react-dom/cjs/react-dom-client.development.js:17450:11)
      at performWorkOnRoot (node_modules/react-dom/cjs/react-dom-client.development.js:16583:35)
      at performWorkOnRootViaSchedulerTask (node_modules/react-dom/cjs/react-dom-client.development.js:18957:7)
      at flushActQueue (node_modules/react/cjs/react.development.js:590:34)
      at process.env.NODE_ENV.exports.act (node_modules/react/cjs/react.development.js:884:10)
      at node_modules/@testing-library/react/dist/act-compat.js:47:25
      at renderRoot (node_modules/@testing-library/react/dist/pure.js:190:26)
      at render (node_modules/@testing-library/react/dist/pure.js:292:10)
      at Object.<anonymous> (/home/iann/code/project/sms_portail/src/app/(admin)../../../../../admin/statistics/billing/__tests__/page.test.tsx:29:11)

PASS src/controller/query/admin/statistics/__tests__/useAdminStatistics.test.tsx
FAIL src/app/(admin)/admin/kyb/pending/__tests__/page.test.tsx
  ● Admin KYB Pending Page › should render without crashing

    useAlert must be used within AlertProvider

      19 | export const useAlert = () => {
      20 |   const context = useContext(AlertContext);
    > 21 |   if (!context) throw new Error('useAlert must be used within AlertProvider');
         |                       ^
      22 |   return context;
      23 | };
      24 | export const AlertProvider = ({ children }: { children: ReactNode }) => {

      at useAlert (src/context/AlertProvider.tsx:21:23)
      at PendingKYBPage (/home/iann/code/project/sms_portail/src/app/(admin)../../../../../admin/kyb/pending/page.tsx:48:33)
      at Object.react_stack_bottom_frame (node_modules/react-dom/cjs/react-dom-client.development.js:25904:20)
      at renderWithHooks (node_modules/react-dom/cjs/react-dom-client.development.js:7662:22)
      at updateFunctionComponent (node_modules/react-dom/cjs/react-dom-client.development.js:10166:19)
      at beginWork (node_modules/react-dom/cjs/react-dom-client.development.js:11778:18)
      at runWithFiberInDEV (node_modules/react-dom/cjs/react-dom-client.development.js:874:13)
      at performUnitOfWork (node_modules/react-dom/cjs/react-dom-client.development.js:17641:22)
      at workLoopSync (node_modules/react-dom/cjs/react-dom-client.development.js:17469:41)
      at renderRootSync (node_modules/react-dom/cjs/react-dom-client.development.js:17450:11)
      at performWorkOnRoot (node_modules/react-dom/cjs/react-dom-client.development.js:16583:35)
      at performWorkOnRootViaSchedulerTask (node_modules/react-dom/cjs/react-dom-client.development.js:18957:7)
      at flushActQueue (node_modules/react/cjs/react.development.js:590:34)
      at process.env.NODE_ENV.exports.act (node_modules/react/cjs/react.development.js:884:10)
      at node_modules/@testing-library/react/dist/act-compat.js:47:25
      at renderRoot (node_modules/@testing-library/react/dist/pure.js:190:26)
      at render (node_modules/@testing-library/react/dist/pure.js:292:10)
      at Object.<anonymous> (/home/iann/code/project/sms_portail/src/app/(admin)../../../../../admin/kyb/pending/__tests__/page.test.tsx:18:11)

  ● Admin KYB Pending Page › should load API key from localStorage

    useAlert must be used within AlertProvider

      19 | export const useAlert = () => {
      20 |   const context = useContext(AlertContext);
    > 21 |   if (!context) throw new Error('useAlert must be used within AlertProvider');
         |                       ^
      22 |   return context;
      23 | };
      24 | export const AlertProvider = ({ children }: { children: ReactNode }) => {

      at useAlert (src/context/AlertProvider.tsx:21:23)
      at PendingKYBPage (/home/iann/code/project/sms_portail/src/app/(admin)../../../../../admin/kyb/pending/page.tsx:48:33)
      at Object.react_stack_bottom_frame (node_modules/react-dom/cjs/react-dom-client.development.js:25904:20)
      at renderWithHooks (node_modules/react-dom/cjs/react-dom-client.development.js:7662:22)
      at updateFunctionComponent (node_modules/react-dom/cjs/react-dom-client.development.js:10166:19)
      at beginWork (node_modules/react-dom/cjs/react-dom-client.development.js:11778:18)
      at runWithFiberInDEV (node_modules/react-dom/cjs/react-dom-client.development.js:874:13)
      at performUnitOfWork (node_modules/react-dom/cjs/react-dom-client.development.js:17641:22)
      at workLoopSync (node_modules/react-dom/cjs/react-dom-client.development.js:17469:41)
      at renderRootSync (node_modules/react-dom/cjs/react-dom-client.development.js:17450:11)
      at performWorkOnRoot (node_modules/react-dom/cjs/react-dom-client.development.js:16583:35)
      at performWorkOnRootViaSchedulerTask (node_modules/react-dom/cjs/react-dom-client.development.js:18957:7)
      at flushActQueue (node_modules/react/cjs/react.development.js:590:34)
      at process.env.NODE_ENV.exports.act (node_modules/react/cjs/react.development.js:884:10)
      at node_modules/@testing-library/react/dist/act-compat.js:47:25
      at renderRoot (node_modules/@testing-library/react/dist/pure.js:190:26)
      at render (node_modules/@testing-library/react/dist/pure.js:292:10)
      at Object.<anonymous> (/home/iann/code/project/sms_portail/src/app/(admin)../../../../../admin/kyb/pending/__tests__/page.test.tsx:24:11)

  ● Admin KYB Pending Page › should call useAdminKYBPending hook

    useAlert must be used within AlertProvider

      19 | export const useAlert = () => {
      20 |   const context = useContext(AlertContext);
    > 21 |   if (!context) throw new Error('useAlert must be used within AlertProvider');
         |                       ^
      22 |   return context;
      23 | };
      24 | export const AlertProvider = ({ children }: { children: ReactNode }) => {

      at useAlert (src/context/AlertProvider.tsx:21:23)
      at PendingKYBPage (/home/iann/code/project/sms_portail/src/app/(admin)../../../../../admin/kyb/pending/page.tsx:48:33)
      at Object.react_stack_bottom_frame (node_modules/react-dom/cjs/react-dom-client.development.js:25904:20)
      at renderWithHooks (node_modules/react-dom/cjs/react-dom-client.development.js:7662:22)
      at updateFunctionComponent (node_modules/react-dom/cjs/react-dom-client.development.js:10166:19)
      at beginWork (node_modules/react-dom/cjs/react-dom-client.development.js:11778:18)
      at runWithFiberInDEV (node_modules/react-dom/cjs/react-dom-client.development.js:874:13)
      at performUnitOfWork (node_modules/react-dom/cjs/react-dom-client.development.js:17641:22)
      at workLoopSync (node_modules/react-dom/cjs/react-dom-client.development.js:17469:41)
      at renderRootSync (node_modules/react-dom/cjs/react-dom-client.development.js:17450:11)
      at performWorkOnRoot (node_modules/react-dom/cjs/react-dom-client.development.js:16583:35)
      at performWorkOnRootViaSchedulerTask (node_modules/react-dom/cjs/react-dom-client.development.js:18957:7)
      at flushActQueue (node_modules/react/cjs/react.development.js:590:34)
      at process.env.NODE_ENV.exports.act (node_modules/react/cjs/react.development.js:884:10)
      at node_modules/@testing-library/react/dist/act-compat.js:47:25
      at renderRoot (node_modules/@testing-library/react/dist/pure.js:190:26)
      at render (node_modules/@testing-library/react/dist/pure.js:292:10)
      at Object.<anonymous> (/home/iann/code/project/sms_portail/src/app/(admin)../../../../../admin/kyb/pending/__tests__/page.test.tsx:29:11)

PASS src/controller/query/contacts/__tests__/contacts.service.test.ts
FAIL src/app/(admin)/admin/roles/all/__tests__/page.test.tsx
  ● Admin Roles All Page › should render without crashing

    useAlert must be used within AlertProvider

      19 | export const useAlert = () => {
      20 |   const context = useContext(AlertContext);
    > 21 |   if (!context) throw new Error('useAlert must be used within AlertProvider');
         |                       ^
      22 |   return context;
      23 | };
      24 | export const AlertProvider = ({ children }: { children: ReactNode }) => {

      at useAlert (src/context/AlertProvider.tsx:21:23)
      at AllRolesPage (/home/iann/code/project/sms_portail/src/app/(admin)../../../../../admin/roles/all/page.tsx:38:33)
      at Object.react_stack_bottom_frame (node_modules/react-dom/cjs/react-dom-client.development.js:25904:20)
      at renderWithHooks (node_modules/react-dom/cjs/react-dom-client.development.js:7662:22)
      at updateFunctionComponent (node_modules/react-dom/cjs/react-dom-client.development.js:10166:19)
      at beginWork (node_modules/react-dom/cjs/react-dom-client.development.js:11778:18)
      at runWithFiberInDEV (node_modules/react-dom/cjs/react-dom-client.development.js:874:13)
      at performUnitOfWork (node_modules/react-dom/cjs/react-dom-client.development.js:17641:22)
      at workLoopSync (node_modules/react-dom/cjs/react-dom-client.development.js:17469:41)
      at renderRootSync (node_modules/react-dom/cjs/react-dom-client.development.js:17450:11)
      at performWorkOnRoot (node_modules/react-dom/cjs/react-dom-client.development.js:16583:35)
      at performWorkOnRootViaSchedulerTask (node_modules/react-dom/cjs/react-dom-client.development.js:18957:7)
      at flushActQueue (node_modules/react/cjs/react.development.js:590:34)
      at process.env.NODE_ENV.exports.act (node_modules/react/cjs/react.development.js:884:10)
      at node_modules/@testing-library/react/dist/act-compat.js:47:25
      at renderRoot (node_modules/@testing-library/react/dist/pure.js:190:26)
      at render (node_modules/@testing-library/react/dist/pure.js:292:10)
      at Object.<anonymous> (/home/iann/code/project/sms_portail/src/app/(admin)../../../../../admin/roles/all/__tests__/page.test.tsx:18:11)

  ● Admin Roles All Page › should load API key from localStorage

    useAlert must be used within AlertProvider

      19 | export const useAlert = () => {
      20 |   const context = useContext(AlertContext);
    > 21 |   if (!context) throw new Error('useAlert must be used within AlertProvider');
         |                       ^
      22 |   return context;
      23 | };
      24 | export const AlertProvider = ({ children }: { children: ReactNode }) => {

      at useAlert (src/context/AlertProvider.tsx:21:23)
      at AllRolesPage (/home/iann/code/project/sms_portail/src/app/(admin)../../../../../admin/roles/all/page.tsx:38:33)
      at Object.react_stack_bottom_frame (node_modules/react-dom/cjs/react-dom-client.development.js:25904:20)
      at renderWithHooks (node_modules/react-dom/cjs/react-dom-client.development.js:7662:22)
      at updateFunctionComponent (node_modules/react-dom/cjs/react-dom-client.development.js:10166:19)
      at beginWork (node_modules/react-dom/cjs/react-dom-client.development.js:11778:18)
      at runWithFiberInDEV (node_modules/react-dom/cjs/react-dom-client.development.js:874:13)
      at performUnitOfWork (node_modules/react-dom/cjs/react-dom-client.development.js:17641:22)
      at workLoopSync (node_modules/react-dom/cjs/react-dom-client.development.js:17469:41)
      at renderRootSync (node_modules/react-dom/cjs/react-dom-client.development.js:17450:11)
      at performWorkOnRoot (node_modules/react-dom/cjs/react-dom-client.development.js:16583:35)
      at performWorkOnRootViaSchedulerTask (node_modules/react-dom/cjs/react-dom-client.development.js:18957:7)
      at flushActQueue (node_modules/react/cjs/react.development.js:590:34)
      at process.env.NODE_ENV.exports.act (node_modules/react/cjs/react.development.js:884:10)
      at node_modules/@testing-library/react/dist/act-compat.js:47:25
      at renderRoot (node_modules/@testing-library/react/dist/pure.js:190:26)
      at render (node_modules/@testing-library/react/dist/pure.js:292:10)
      at Object.<anonymous> (/home/iann/code/project/sms_portail/src/app/(admin)../../../../../admin/roles/all/__tests__/page.test.tsx:24:11)

  ● Admin Roles All Page › should call useAdminRolesList hook

    useAlert must be used within AlertProvider

      19 | export const useAlert = () => {
      20 |   const context = useContext(AlertContext);
    > 21 |   if (!context) throw new Error('useAlert must be used within AlertProvider');
         |                       ^
      22 |   return context;
      23 | };
      24 | export const AlertProvider = ({ children }: { children: ReactNode }) => {

      at useAlert (src/context/AlertProvider.tsx:21:23)
      at AllRolesPage (/home/iann/code/project/sms_portail/src/app/(admin)../../../../../admin/roles/all/page.tsx:38:33)
      at Object.react_stack_bottom_frame (node_modules/react-dom/cjs/react-dom-client.development.js:25904:20)
      at renderWithHooks (node_modules/react-dom/cjs/react-dom-client.development.js:7662:22)
      at updateFunctionComponent (node_modules/react-dom/cjs/react-dom-client.development.js:10166:19)
      at beginWork (node_modules/react-dom/cjs/react-dom-client.development.js:11778:18)
      at runWithFiberInDEV (node_modules/react-dom/cjs/react-dom-client.development.js:874:13)
      at performUnitOfWork (node_modules/react-dom/cjs/react-dom-client.development.js:17641:22)
      at workLoopSync (node_modules/react-dom/cjs/react-dom-client.development.js:17469:41)
      at renderRootSync (node_modules/react-dom/cjs/react-dom-client.development.js:17450:11)
      at performWorkOnRoot (node_modules/react-dom/cjs/react-dom-client.development.js:16583:35)
      at performWorkOnRootViaSchedulerTask (node_modules/react-dom/cjs/react-dom-client.development.js:18957:7)
      at flushActQueue (node_modules/react/cjs/react.development.js:590:34)
      at process.env.NODE_ENV.exports.act (node_modules/react/cjs/react.development.js:884:10)
      at node_modules/@testing-library/react/dist/act-compat.js:47:25
      at renderRoot (node_modules/@testing-library/react/dist/pure.js:190:26)
      at render (node_modules/@testing-library/react/dist/pure.js:292:10)
      at Object.<anonymous> (/home/iann/code/project/sms_portail/src/app/(admin)../../../../../admin/roles/all/__tests__/page.test.tsx:29:11)

  ● Admin Roles All Page › should show loading state

    useAlert must be used within AlertProvider

      19 | export const useAlert = () => {
      20 |   const context = useContext(AlertContext);
    > 21 |   if (!context) throw new Error('useAlert must be used within AlertProvider');
         |                       ^
      22 |   return context;
      23 | };
      24 | export const AlertProvider = ({ children }: { children: ReactNode }) => {

      at useAlert (src/context/AlertProvider.tsx:21:23)
      at AllRolesPage (/home/iann/code/project/sms_portail/src/app/(admin)../../../../../admin/roles/all/page.tsx:38:33)
      at Object.react_stack_bottom_frame (node_modules/react-dom/cjs/react-dom-client.development.js:25904:20)
      at renderWithHooks (node_modules/react-dom/cjs/react-dom-client.development.js:7662:22)
      at updateFunctionComponent (node_modules/react-dom/cjs/react-dom-client.development.js:10166:19)
      at beginWork (node_modules/react-dom/cjs/react-dom-client.development.js:11778:18)
      at runWithFiberInDEV (node_modules/react-dom/cjs/react-dom-client.development.js:874:13)
      at performUnitOfWork (node_modules/react-dom/cjs/react-dom-client.development.js:17641:22)
      at workLoopSync (node_modules/react-dom/cjs/react-dom-client.development.js:17469:41)
      at renderRootSync (node_modules/react-dom/cjs/react-dom-client.development.js:17450:11)
      at performWorkOnRoot (node_modules/react-dom/cjs/react-dom-client.development.js:16583:35)
      at performWorkOnRootViaSchedulerTask (node_modules/react-dom/cjs/react-dom-client.development.js:18957:7)
      at flushActQueue (node_modules/react/cjs/react.development.js:590:34)
      at process.env.NODE_ENV.exports.act (node_modules/react/cjs/react.development.js:884:10)
      at node_modules/@testing-library/react/dist/act-compat.js:47:25
      at renderRoot (node_modules/@testing-library/react/dist/pure.js:190:26)
      at render (node_modules/@testing-library/react/dist/pure.js:292:10)
      at Object.<anonymous> (/home/iann/code/project/sms_portail/src/app/(admin)../../../../../admin/roles/all/__tests__/page.test.tsx:38:11)

PASS src/lib/__tests__/utils.test.ts
FAIL src/app/(admin)/admin/tokens/all/__tests__/page.test.tsx
  ● Admin Tokens All Page › should render without crashing

    useAlert must be used within AlertProvider

      19 | export const useAlert = () => {
      20 |   const context = useContext(AlertContext);
    > 21 |   if (!context) throw new Error('useAlert must be used within AlertProvider');
         |                       ^
      22 |   return context;
      23 | };
      24 | export const AlertProvider = ({ children }: { children: ReactNode }) => {

      at useAlert (src/context/AlertProvider.tsx:21:23)
      at AllTokensPage (/home/iann/code/project/sms_portail/src/app/(admin)../../../../../admin/tokens/all/page.tsx:97:33)
      at Object.react_stack_bottom_frame (node_modules/react-dom/cjs/react-dom-client.development.js:25904:20)
      at renderWithHooks (node_modules/react-dom/cjs/react-dom-client.development.js:7662:22)
      at updateFunctionComponent (node_modules/react-dom/cjs/react-dom-client.development.js:10166:19)
      at beginWork (node_modules/react-dom/cjs/react-dom-client.development.js:11778:18)
      at runWithFiberInDEV (node_modules/react-dom/cjs/react-dom-client.development.js:874:13)
      at performUnitOfWork (node_modules/react-dom/cjs/react-dom-client.development.js:17641:22)
      at workLoopSync (node_modules/react-dom/cjs/react-dom-client.development.js:17469:41)
      at renderRootSync (node_modules/react-dom/cjs/react-dom-client.development.js:17450:11)
      at performWorkOnRoot (node_modules/react-dom/cjs/react-dom-client.development.js:16583:35)
      at performWorkOnRootViaSchedulerTask (node_modules/react-dom/cjs/react-dom-client.development.js:18957:7)
      at flushActQueue (node_modules/react/cjs/react.development.js:590:34)
      at process.env.NODE_ENV.exports.act (node_modules/react/cjs/react.development.js:884:10)
      at node_modules/@testing-library/react/dist/act-compat.js:47:25
      at renderRoot (node_modules/@testing-library/react/dist/pure.js:190:26)
      at render (node_modules/@testing-library/react/dist/pure.js:292:10)
      at Object.<anonymous> (/home/iann/code/project/sms_portail/src/app/(admin)../../../../../admin/tokens/all/__tests__/page.test.tsx:22:11)

  ● Admin Tokens All Page › should load API key from localStorage

    useAlert must be used within AlertProvider

      19 | export const useAlert = () => {
      20 |   const context = useContext(AlertContext);
    > 21 |   if (!context) throw new Error('useAlert must be used within AlertProvider');
         |                       ^
      22 |   return context;
      23 | };
      24 | export const AlertProvider = ({ children }: { children: ReactNode }) => {

      at useAlert (src/context/AlertProvider.tsx:21:23)
      at AllTokensPage (/home/iann/code/project/sms_portail/src/app/(admin)../../../../../admin/tokens/all/page.tsx:97:33)
      at Object.react_stack_bottom_frame (node_modules/react-dom/cjs/react-dom-client.development.js:25904:20)
      at renderWithHooks (node_modules/react-dom/cjs/react-dom-client.development.js:7662:22)
      at updateFunctionComponent (node_modules/react-dom/cjs/react-dom-client.development.js:10166:19)
      at beginWork (node_modules/react-dom/cjs/react-dom-client.development.js:11778:18)
      at runWithFiberInDEV (node_modules/react-dom/cjs/react-dom-client.development.js:874:13)
      at performUnitOfWork (node_modules/react-dom/cjs/react-dom-client.development.js:17641:22)
      at workLoopSync (node_modules/react-dom/cjs/react-dom-client.development.js:17469:41)
      at renderRootSync (node_modules/react-dom/cjs/react-dom-client.development.js:17450:11)
      at performWorkOnRoot (node_modules/react-dom/cjs/react-dom-client.development.js:16583:35)
      at performWorkOnRootViaSchedulerTask (node_modules/react-dom/cjs/react-dom-client.development.js:18957:7)
      at flushActQueue (node_modules/react/cjs/react.development.js:590:34)
      at process.env.NODE_ENV.exports.act (node_modules/react/cjs/react.development.js:884:10)
      at node_modules/@testing-library/react/dist/act-compat.js:47:25
      at renderRoot (node_modules/@testing-library/react/dist/pure.js:190:26)
      at render (node_modules/@testing-library/react/dist/pure.js:292:10)
      at Object.<anonymous> (/home/iann/code/project/sms_portail/src/app/(admin)../../../../../admin/tokens/all/__tests__/page.test.tsx:28:11)

  ● Admin Tokens All Page › should call useAdminTokensList hook

    useAlert must be used within AlertProvider

      19 | export const useAlert = () => {
      20 |   const context = useContext(AlertContext);
    > 21 |   if (!context) throw new Error('useAlert must be used within AlertProvider');
         |                       ^
      22 |   return context;
      23 | };
      24 | export const AlertProvider = ({ children }: { children: ReactNode }) => {

      at useAlert (src/context/AlertProvider.tsx:21:23)
      at AllTokensPage (/home/iann/code/project/sms_portail/src/app/(admin)../../../../../admin/tokens/all/page.tsx:97:33)
      at Object.react_stack_bottom_frame (node_modules/react-dom/cjs/react-dom-client.development.js:25904:20)
      at renderWithHooks (node_modules/react-dom/cjs/react-dom-client.development.js:7662:22)
      at updateFunctionComponent (node_modules/react-dom/cjs/react-dom-client.development.js:10166:19)
      at beginWork (node_modules/react-dom/cjs/react-dom-client.development.js:11778:18)
      at runWithFiberInDEV (node_modules/react-dom/cjs/react-dom-client.development.js:874:13)
      at performUnitOfWork (node_modules/react-dom/cjs/react-dom-client.development.js:17641:22)
      at workLoopSync (node_modules/react-dom/cjs/react-dom-client.development.js:17469:41)
      at renderRootSync (node_modules/react-dom/cjs/react-dom-client.development.js:17450:11)
      at performWorkOnRoot (node_modules/react-dom/cjs/react-dom-client.development.js:16583:35)
      at performWorkOnRootViaSchedulerTask (node_modules/react-dom/cjs/react-dom-client.development.js:18957:7)
      at flushActQueue (node_modules/react/cjs/react.development.js:590:34)
      at process.env.NODE_ENV.exports.act (node_modules/react/cjs/react.development.js:884:10)
      at node_modules/@testing-library/react/dist/act-compat.js:47:25
      at renderRoot (node_modules/@testing-library/react/dist/pure.js:190:26)
      at render (node_modules/@testing-library/react/dist/pure.js:292:10)
      at Object.<anonymous> (/home/iann/code/project/sms_portail/src/app/(admin)../../../../../admin/tokens/all/__tests__/page.test.tsx:33:11)

  ● Admin Tokens All Page › should show loading state

    useAlert must be used within AlertProvider

      19 | export const useAlert = () => {
      20 |   const context = useContext(AlertContext);
    > 21 |   if (!context) throw new Error('useAlert must be used within AlertProvider');
         |                       ^
      22 |   return context;
      23 | };
      24 | export const AlertProvider = ({ children }: { children: ReactNode }) => {

      at useAlert (src/context/AlertProvider.tsx:21:23)
      at AllTokensPage (/home/iann/code/project/sms_portail/src/app/(admin)../../../../../admin/tokens/all/page.tsx:97:33)
      at Object.react_stack_bottom_frame (node_modules/react-dom/cjs/react-dom-client.development.js:25904:20)
      at renderWithHooks (node_modules/react-dom/cjs/react-dom-client.development.js:7662:22)
      at updateFunctionComponent (node_modules/react-dom/cjs/react-dom-client.development.js:10166:19)
      at beginWork (node_modules/react-dom/cjs/react-dom-client.development.js:11778:18)
      at runWithFiberInDEV (node_modules/react-dom/cjs/react-dom-client.development.js:874:13)
      at performUnitOfWork (node_modules/react-dom/cjs/react-dom-client.development.js:17641:22)
      at workLoopSync (node_modules/react-dom/cjs/react-dom-client.development.js:17469:41)
      at renderRootSync (node_modules/react-dom/cjs/react-dom-client.development.js:17450:11)
      at performWorkOnRoot (node_modules/react-dom/cjs/react-dom-client.development.js:16583:35)
      at performWorkOnRootViaSchedulerTask (node_modules/react-dom/cjs/react-dom-client.development.js:18957:7)
      at flushActQueue (node_modules/react/cjs/react.development.js:590:34)
      at process.env.NODE_ENV.exports.act (node_modules/react/cjs/react.development.js:884:10)
      at node_modules/@testing-library/react/dist/act-compat.js:47:25
      at renderRoot (node_modules/@testing-library/react/dist/pure.js:190:26)
      at render (node_modules/@testing-library/react/dist/pure.js:292:10)
      at Object.<anonymous> (/home/iann/code/project/sms_portail/src/app/(admin)../../../../../admin/tokens/all/__tests__/page.test.tsx:42:11)

PASS src/components/messages/__tests__/MessagesTable.test.tsx
PASS src/controller/query/messages/__tests__/messages.service.test.ts
PASS src/utils/__tests__/exportPDF.test.ts
FAIL src/app/(admin)/admin/tokens/create/__tests__/page.test.tsx
  ● Admin Tokens Create Page › should render without crashing

    useAlert must be used within AlertProvider

      19 | export const useAlert = () => {
      20 |   const context = useContext(AlertContext);
    > 21 |   if (!context) throw new Error('useAlert must be used within AlertProvider');
         |                       ^
      22 |   return context;
      23 | };
      24 | export const AlertProvider = ({ children }: { children: ReactNode }) => {

      at useAlert (src/context/AlertProvider.tsx:21:23)
      at CreateTokenPage (/home/iann/code/project/sms_portail/src/app/(admin)../../../../../admin/tokens/create/page.tsx:41:33)
      at Object.react_stack_bottom_frame (node_modules/react-dom/cjs/react-dom-client.development.js:25904:20)
      at renderWithHooks (node_modules/react-dom/cjs/react-dom-client.development.js:7662:22)
      at updateFunctionComponent (node_modules/react-dom/cjs/react-dom-client.development.js:10166:19)
      at beginWork (node_modules/react-dom/cjs/react-dom-client.development.js:11778:18)
      at runWithFiberInDEV (node_modules/react-dom/cjs/react-dom-client.development.js:874:13)
      at performUnitOfWork (node_modules/react-dom/cjs/react-dom-client.development.js:17641:22)
      at workLoopSync (node_modules/react-dom/cjs/react-dom-client.development.js:17469:41)
      at renderRootSync (node_modules/react-dom/cjs/react-dom-client.development.js:17450:11)
      at performWorkOnRoot (node_modules/react-dom/cjs/react-dom-client.development.js:16583:35)
      at performWorkOnRootViaSchedulerTask (node_modules/react-dom/cjs/react-dom-client.development.js:18957:7)
      at flushActQueue (node_modules/react/cjs/react.development.js:590:34)
      at process.env.NODE_ENV.exports.act (node_modules/react/cjs/react.development.js:884:10)
      at node_modules/@testing-library/react/dist/act-compat.js:47:25
      at renderRoot (node_modules/@testing-library/react/dist/pure.js:190:26)
      at render (node_modules/@testing-library/react/dist/pure.js:292:10)
      at Object.<anonymous> (/home/iann/code/project/sms_portail/src/app/(admin)../../../../../admin/tokens/create/__tests__/page.test.tsx:22:11)

  ● Admin Tokens Create Page › should load API key from localStorage

    useAlert must be used within AlertProvider

      19 | export const useAlert = () => {
      20 |   const context = useContext(AlertContext);
    > 21 |   if (!context) throw new Error('useAlert must be used within AlertProvider');
         |                       ^
      22 |   return context;
      23 | };
      24 | export const AlertProvider = ({ children }: { children: ReactNode }) => {

      at useAlert (src/context/AlertProvider.tsx:21:23)
      at CreateTokenPage (/home/iann/code/project/sms_portail/src/app/(admin)../../../../../admin/tokens/create/page.tsx:41:33)
      at Object.react_stack_bottom_frame (node_modules/react-dom/cjs/react-dom-client.development.js:25904:20)
      at renderWithHooks (node_modules/react-dom/cjs/react-dom-client.development.js:7662:22)
      at updateFunctionComponent (node_modules/react-dom/cjs/react-dom-client.development.js:10166:19)
      at beginWork (node_modules/react-dom/cjs/react-dom-client.development.js:11778:18)
      at runWithFiberInDEV (node_modules/react-dom/cjs/react-dom-client.development.js:874:13)
      at performUnitOfWork (node_modules/react-dom/cjs/react-dom-client.development.js:17641:22)
      at workLoopSync (node_modules/react-dom/cjs/react-dom-client.development.js:17469:41)
      at renderRootSync (node_modules/react-dom/cjs/react-dom-client.development.js:17450:11)
      at performWorkOnRoot (node_modules/react-dom/cjs/react-dom-client.development.js:16583:35)
      at performWorkOnRootViaSchedulerTask (node_modules/react-dom/cjs/react-dom-client.development.js:18957:7)
      at flushActQueue (node_modules/react/cjs/react.development.js:590:34)
      at process.env.NODE_ENV.exports.act (node_modules/react/cjs/react.development.js:884:10)
      at node_modules/@testing-library/react/dist/act-compat.js:47:25
      at renderRoot (node_modules/@testing-library/react/dist/pure.js:190:26)
      at render (node_modules/@testing-library/react/dist/pure.js:292:10)
      at Object.<anonymous> (/home/iann/code/project/sms_portail/src/app/(admin)../../../../../admin/tokens/create/__tests__/page.test.tsx:28:11)

  ● Admin Tokens Create Page › should call useAdminTokensClients hook

    useAlert must be used within AlertProvider

      19 | export const useAlert = () => {
      20 |   const context = useContext(AlertContext);
    > 21 |   if (!context) throw new Error('useAlert must be used within AlertProvider');
         |                       ^
      22 |   return context;
      23 | };
      24 | export const AlertProvider = ({ children }: { children: ReactNode }) => {

      at useAlert (src/context/AlertProvider.tsx:21:23)
      at CreateTokenPage (/home/iann/code/project/sms_portail/src/app/(admin)../../../../../admin/tokens/create/page.tsx:41:33)
      at Object.react_stack_bottom_frame (node_modules/react-dom/cjs/react-dom-client.development.js:25904:20)
      at renderWithHooks (node_modules/react-dom/cjs/react-dom-client.development.js:7662:22)
      at updateFunctionComponent (node_modules/react-dom/cjs/react-dom-client.development.js:10166:19)
      at beginWork (node_modules/react-dom/cjs/react-dom-client.development.js:11778:18)
      at runWithFiberInDEV (node_modules/react-dom/cjs/react-dom-client.development.js:874:13)
      at performUnitOfWork (node_modules/react-dom/cjs/react-dom-client.development.js:17641:22)
      at workLoopSync (node_modules/react-dom/cjs/react-dom-client.development.js:17469:41)
      at renderRootSync (node_modules/react-dom/cjs/react-dom-client.development.js:17450:11)
      at performWorkOnRoot (node_modules/react-dom/cjs/react-dom-client.development.js:16583:35)
      at performWorkOnRootViaSchedulerTask (node_modules/react-dom/cjs/react-dom-client.development.js:18957:7)
      at flushActQueue (node_modules/react/cjs/react.development.js:590:34)
      at process.env.NODE_ENV.exports.act (node_modules/react/cjs/react.development.js:884:10)
      at node_modules/@testing-library/react/dist/act-compat.js:47:25
      at renderRoot (node_modules/@testing-library/react/dist/pure.js:190:26)
      at render (node_modules/@testing-library/react/dist/pure.js:292:10)
      at Object.<anonymous> (/home/iann/code/project/sms_portail/src/app/(admin)../../../../../admin/tokens/create/__tests__/page.test.tsx:33:11)

PASS src/controller/query/upload/__tests__/upload.service.test.tsx
PASS src/controller/query/messages/__tests__/messagesTable.service.test.ts
PASS src/controller/hook/__tests__/useGetToken.test.tsx
  ● Console

    console.log
      test-token

      at log (src/controller/hook/useGetToken.ts:6:11)

    console.log
      null

      at log (src/controller/hook/useGetToken.ts:6:11)

FAIL src/app/(others)/(auth)/signin/__tests__/page.test.tsx
  ● SignInPage › should redirect to dashboard when already authenticated

    useAlert must be used within AlertProvider

      19 | export const useAlert = () => {
      20 |   const context = useContext(AlertContext);
    > 21 |   if (!context) throw new Error('useAlert must be used within AlertProvider');
         |                       ^
      22 |   return context;
      23 | };
      24 | export const AlertProvider = ({ children }: { children: ReactNode }) => {

      at useAlert (src/context/AlertProvider.tsx:21:23)
      at useLogin (src/controller/query/auth/useAuthCredential.ts:13:33)
      at SignInForm (src/components/auth/SignInForm.tsx:41:60)
      at Object.react_stack_bottom_frame (node_modules/react-dom/cjs/react-dom-client.development.js:25904:20)
      at renderWithHooks (node_modules/react-dom/cjs/react-dom-client.development.js:7662:22)
      at updateFunctionComponent (node_modules/react-dom/cjs/react-dom-client.development.js:10166:19)
      at beginWork (node_modules/react-dom/cjs/react-dom-client.development.js:11778:18)
      at runWithFiberInDEV (node_modules/react-dom/cjs/react-dom-client.development.js:874:13)
      at performUnitOfWork (node_modules/react-dom/cjs/react-dom-client.development.js:17641:22)
      at workLoopSync (node_modules/react-dom/cjs/react-dom-client.development.js:17469:41)
      at renderRootSync (node_modules/react-dom/cjs/react-dom-client.development.js:17450:11)
      at performWorkOnRoot (node_modules/react-dom/cjs/react-dom-client.development.js:16583:35)
      at performWorkOnRootViaSchedulerTask (node_modules/react-dom/cjs/react-dom-client.development.js:18957:7)
      at flushActQueue (node_modules/react/cjs/react.development.js:590:34)
      at process.env.NODE_ENV.exports.act (node_modules/react/cjs/react.development.js:884:10)
      at node_modules/@testing-library/react/dist/act-compat.js:47:25
      at renderRoot (node_modules/@testing-library/react/dist/pure.js:190:26)
      at render (node_modules/@testing-library/react/dist/pure.js:292:10)
      at Object.<anonymous> (/home/iann/code/project/sms_portail/src/app/(others)/(auth)../../../../../signin/__tests__/page.test.tsx:29:11)

  ● SignInPage › should render signin form when not authenticated

    useAlert must be used within AlertProvider

      19 | export const useAlert = () => {
      20 |   const context = useContext(AlertContext);
    > 21 |   if (!context) throw new Error('useAlert must be used within AlertProvider');
         |                       ^
      22 |   return context;
      23 | };
      24 | export const AlertProvider = ({ children }: { children: ReactNode }) => {

      at useAlert (src/context/AlertProvider.tsx:21:23)
      at useLogin (src/controller/query/auth/useAuthCredential.ts:13:33)
      at SignInForm (src/components/auth/SignInForm.tsx:41:60)
      at Object.react_stack_bottom_frame (node_modules/react-dom/cjs/react-dom-client.development.js:25904:20)
      at renderWithHooks (node_modules/react-dom/cjs/react-dom-client.development.js:7662:22)
      at updateFunctionComponent (node_modules/react-dom/cjs/react-dom-client.development.js:10166:19)
      at beginWork (node_modules/react-dom/cjs/react-dom-client.development.js:11778:18)
      at runWithFiberInDEV (node_modules/react-dom/cjs/react-dom-client.development.js:874:13)
      at performUnitOfWork (node_modules/react-dom/cjs/react-dom-client.development.js:17641:22)
      at workLoopSync (node_modules/react-dom/cjs/react-dom-client.development.js:17469:41)
      at renderRootSync (node_modules/react-dom/cjs/react-dom-client.development.js:17450:11)
      at performWorkOnRoot (node_modules/react-dom/cjs/react-dom-client.development.js:16583:35)
      at performWorkOnRootViaSchedulerTask (node_modules/react-dom/cjs/react-dom-client.development.js:18957:7)
      at flushActQueue (node_modules/react/cjs/react.development.js:590:34)
      at process.env.NODE_ENV.exports.act (node_modules/react/cjs/react.development.js:884:10)
      at node_modules/@testing-library/react/dist/act-compat.js:47:25
      at renderRoot (node_modules/@testing-library/react/dist/pure.js:190:26)
      at render (node_modules/@testing-library/react/dist/pure.js:292:10)
      at Object.<anonymous> (/home/iann/code/project/sms_portail/src/app/(others)/(auth)../../../../../signin/__tests__/page.test.tsx:39:11)

  ● SignInPage › should toggle between signin and signup forms

    useAlert must be used within AlertProvider

      19 | export const useAlert = () => {
      20 |   const context = useContext(AlertContext);
    > 21 |   if (!context) throw new Error('useAlert must be used within AlertProvider');
         |                       ^
      22 |   return context;
      23 | };
      24 | export const AlertProvider = ({ children }: { children: ReactNode }) => {

      at useAlert (src/context/AlertProvider.tsx:21:23)
      at useLogin (src/controller/query/auth/useAuthCredential.ts:13:33)
      at SignInForm (src/components/auth/SignInForm.tsx:41:60)
      at Object.react_stack_bottom_frame (node_modules/react-dom/cjs/react-dom-client.development.js:25904:20)
      at renderWithHooks (node_modules/react-dom/cjs/react-dom-client.development.js:7662:22)
      at updateFunctionComponent (node_modules/react-dom/cjs/react-dom-client.development.js:10166:19)
      at beginWork (node_modules/react-dom/cjs/react-dom-client.development.js:11778:18)
      at runWithFiberInDEV (node_modules/react-dom/cjs/react-dom-client.development.js:874:13)
      at performUnitOfWork (node_modules/react-dom/cjs/react-dom-client.development.js:17641:22)
      at workLoopSync (node_modules/react-dom/cjs/react-dom-client.development.js:17469:41)
      at renderRootSync (node_modules/react-dom/cjs/react-dom-client.development.js:17450:11)
      at performWorkOnRoot (node_modules/react-dom/cjs/react-dom-client.development.js:16583:35)
      at performWorkOnRootViaSchedulerTask (node_modules/react-dom/cjs/react-dom-client.development.js:18957:7)
      at flushActQueue (node_modules/react/cjs/react.development.js:590:34)
      at process.env.NODE_ENV.exports.act (node_modules/react/cjs/react.development.js:884:10)
      at node_modules/@testing-library/react/dist/act-compat.js:47:25
      at renderRoot (node_modules/@testing-library/react/dist/pure.js:190:26)
      at render (node_modules/@testing-library/react/dist/pure.js:292:10)
      at Object.<anonymous> (/home/iann/code/project/sms_portail/src/app/(others)/(auth)../../../../../signin/__tests__/page.test.tsx:50:32)

PASS src/controller/query/auth/__tests__/otp.service.test.tsx
PASS src/controller/query/upload/__tests__/upload.service.test.ts
PASS src/controller/api/constant/__tests__/apiLink.test.ts
PASS src/controller/query/messages/__tests__/messagesTable.service.test.tsx
PASS src/controller/query/admin/benefit/__tests__/benefit.service.test.tsx
FAIL src/app/(admin)/admin/topup/requests/__tests__/page.test.tsx
  ● Admin Topup Requests Page › should render without crashing

    useAlert must be used within AlertProvider

      19 | export const useAlert = () => {
      20 |   const context = useContext(AlertContext);
    > 21 |   if (!context) throw new Error('useAlert must be used within AlertProvider');
         |                       ^
      22 |   return context;
      23 | };
      24 | export const AlertProvider = ({ children }: { children: ReactNode }) => {

      at useAlert (src/context/AlertProvider.tsx:21:23)
      at TopupRequestsPage (/home/iann/code/project/sms_portail/src/app/(admin)../../../../../admin/topup/requests/page.tsx:25:33)
      at Object.react_stack_bottom_frame (node_modules/react-dom/cjs/react-dom-client.development.js:25904:20)
      at renderWithHooks (node_modules/react-dom/cjs/react-dom-client.development.js:7662:22)
      at updateFunctionComponent (node_modules/react-dom/cjs/react-dom-client.development.js:10166:19)
      at beginWork (node_modules/react-dom/cjs/react-dom-client.development.js:11778:18)
      at runWithFiberInDEV (node_modules/react-dom/cjs/react-dom-client.development.js:874:13)
      at performUnitOfWork (node_modules/react-dom/cjs/react-dom-client.development.js:17641:22)
      at workLoopSync (node_modules/react-dom/cjs/react-dom-client.development.js:17469:41)
      at renderRootSync (node_modules/react-dom/cjs/react-dom-client.development.js:17450:11)
      at performWorkOnRoot (node_modules/react-dom/cjs/react-dom-client.development.js:16583:35)
      at performWorkOnRootViaSchedulerTask (node_modules/react-dom/cjs/react-dom-client.development.js:18957:7)
      at flushActQueue (node_modules/react/cjs/react.development.js:590:34)
      at process.env.NODE_ENV.exports.act (node_modules/react/cjs/react.development.js:884:10)
      at node_modules/@testing-library/react/dist/act-compat.js:47:25
      at renderRoot (node_modules/@testing-library/react/dist/pure.js:190:26)
      at render (node_modules/@testing-library/react/dist/pure.js:292:10)
      at Object.<anonymous> (/home/iann/code/project/sms_portail/src/app/(admin)../../../../../admin/topup/requests/__tests__/page.test.tsx:19:11)

  ● Admin Topup Requests Page › should load API key from localStorage

    useAlert must be used within AlertProvider

      19 | export const useAlert = () => {
      20 |   const context = useContext(AlertContext);
    > 21 |   if (!context) throw new Error('useAlert must be used within AlertProvider');
         |                       ^
      22 |   return context;
      23 | };
      24 | export const AlertProvider = ({ children }: { children: ReactNode }) => {

      at useAlert (src/context/AlertProvider.tsx:21:23)
      at TopupRequestsPage (/home/iann/code/project/sms_portail/src/app/(admin)../../../../../admin/topup/requests/page.tsx:25:33)
      at Object.react_stack_bottom_frame (node_modules/react-dom/cjs/react-dom-client.development.js:25904:20)
      at renderWithHooks (node_modules/react-dom/cjs/react-dom-client.development.js:7662:22)
      at updateFunctionComponent (node_modules/react-dom/cjs/react-dom-client.development.js:10166:19)
      at beginWork (node_modules/react-dom/cjs/react-dom-client.development.js:11778:18)
      at runWithFiberInDEV (node_modules/react-dom/cjs/react-dom-client.development.js:874:13)
      at performUnitOfWork (node_modules/react-dom/cjs/react-dom-client.development.js:17641:22)
      at workLoopSync (node_modules/react-dom/cjs/react-dom-client.development.js:17469:41)
      at renderRootSync (node_modules/react-dom/cjs/react-dom-client.development.js:17450:11)
      at performWorkOnRoot (node_modules/react-dom/cjs/react-dom-client.development.js:16583:35)
      at performWorkOnRootViaSchedulerTask (node_modules/react-dom/cjs/react-dom-client.development.js:18957:7)
      at flushActQueue (node_modules/react/cjs/react.development.js:590:34)
      at process.env.NODE_ENV.exports.act (node_modules/react/cjs/react.development.js:884:10)
      at node_modules/@testing-library/react/dist/act-compat.js:47:25
      at renderRoot (node_modules/@testing-library/react/dist/pure.js:190:26)
      at render (node_modules/@testing-library/react/dist/pure.js:292:10)
      at Object.<anonymous> (/home/iann/code/project/sms_portail/src/app/(admin)../../../../../admin/topup/requests/__tests__/page.test.tsx:25:11)

  ● Admin Topup Requests Page › should call useGetManualTopupRequests hook

    useAlert must be used within AlertProvider

      19 | export const useAlert = () => {
      20 |   const context = useContext(AlertContext);
    > 21 |   if (!context) throw new Error('useAlert must be used within AlertProvider');
         |                       ^
      22 |   return context;
      23 | };
      24 | export const AlertProvider = ({ children }: { children: ReactNode }) => {

      at useAlert (src/context/AlertProvider.tsx:21:23)
      at TopupRequestsPage (/home/iann/code/project/sms_portail/src/app/(admin)../../../../../admin/topup/requests/page.tsx:25:33)
      at Object.react_stack_bottom_frame (node_modules/react-dom/cjs/react-dom-client.development.js:25904:20)
      at renderWithHooks (node_modules/react-dom/cjs/react-dom-client.development.js:7662:22)
      at updateFunctionComponent (node_modules/react-dom/cjs/react-dom-client.development.js:10166:19)
      at beginWork (node_modules/react-dom/cjs/react-dom-client.development.js:11778:18)
      at runWithFiberInDEV (node_modules/react-dom/cjs/react-dom-client.development.js:874:13)
      at performUnitOfWork (node_modules/react-dom/cjs/react-dom-client.development.js:17641:22)
      at workLoopSync (node_modules/react-dom/cjs/react-dom-client.development.js:17469:41)
      at renderRootSync (node_modules/react-dom/cjs/react-dom-client.development.js:17450:11)
      at performWorkOnRoot (node_modules/react-dom/cjs/react-dom-client.development.js:16583:35)
      at performWorkOnRootViaSchedulerTask (node_modules/react-dom/cjs/react-dom-client.development.js:18957:7)
      at flushActQueue (node_modules/react/cjs/react.development.js:590:34)
      at process.env.NODE_ENV.exports.act (node_modules/react/cjs/react.development.js:884:10)
      at node_modules/@testing-library/react/dist/act-compat.js:47:25
      at renderRoot (node_modules/@testing-library/react/dist/pure.js:190:26)
      at render (node_modules/@testing-library/react/dist/pure.js:292:10)
      at Object.<anonymous> (/home/iann/code/project/sms_portail/src/app/(admin)../../../../../admin/topup/requests/__tests__/page.test.tsx:30:11)

PASS src/controller/query/admin/statistics/__tests__/statistics.service.test.tsx
PASS src/utils/__tests__/userUtils.test.ts
PASS src/controller/query/documents/__tests__/document.service.test.tsx
PASS src/controller/query/admin/tokens/__tests__/tokens.service.test.tsx
PASS src/controller/hook/__tests__/authToken.test.tsx
FAIL src/app/(admin)/admin/documents/types/__tests__/page.test.tsx
  ● Admin Documents Types Page › should call useAdminDocumentTypesList hook

    expect(jest.fn()).toHaveBeenCalled()

    Expected number of calls: >= 1
    Received number of calls:    0

      28 |   it('should call useAdminDocumentTypesList hook', () => {
      29 |     render(<Page />);
    > 30 |     expect(useAdminDocuments.useAdminDocumentsList).toHaveBeenCalled();
         |                                                     ^
      31 |   });
      32 | });
      33 |

      at Object.toHaveBeenCalled (/home/iann/code/project/sms_portail/src/app/(admin)../../../../../admin/documents/types/__tests__/page.test.tsx:30:53)

FAIL src/app/(admin)/admin/topup/history/__tests__/page.test.tsx
  ● Admin Topup History Page › should render without crashing

    useAlert must be used within AlertProvider

      19 | export const useAlert = () => {
      20 |   const context = useContext(AlertContext);
    > 21 |   if (!context) throw new Error('useAlert must be used within AlertProvider');
         |                       ^
      22 |   return context;
      23 | };
      24 | export const AlertProvider = ({ children }: { children: ReactNode }) => {

      at useAlert (src/context/AlertProvider.tsx:21:23)
      at AdminTopupHistoryPage (/home/iann/code/project/sms_portail/src/app/(admin)../../../../../admin/topup/history/page.tsx:39:33)
      at Object.react_stack_bottom_frame (node_modules/react-dom/cjs/react-dom-client.development.js:25904:20)
      at renderWithHooks (node_modules/react-dom/cjs/react-dom-client.development.js:7662:22)
      at updateFunctionComponent (node_modules/react-dom/cjs/react-dom-client.development.js:10166:19)
      at beginWork (node_modules/react-dom/cjs/react-dom-client.development.js:11778:18)
      at runWithFiberInDEV (node_modules/react-dom/cjs/react-dom-client.development.js:874:13)
      at performUnitOfWork (node_modules/react-dom/cjs/react-dom-client.development.js:17641:22)
      at workLoopSync (node_modules/react-dom/cjs/react-dom-client.development.js:17469:41)
      at renderRootSync (node_modules/react-dom/cjs/react-dom-client.development.js:17450:11)
      at performWorkOnRoot (node_modules/react-dom/cjs/react-dom-client.development.js:16583:35)
      at performWorkOnRootViaSchedulerTask (node_modules/react-dom/cjs/react-dom-client.development.js:18957:7)
      at flushActQueue (node_modules/react/cjs/react.development.js:590:34)
      at process.env.NODE_ENV.exports.act (node_modules/react/cjs/react.development.js:884:10)
      at node_modules/@testing-library/react/dist/act-compat.js:47:25
      at renderRoot (node_modules/@testing-library/react/dist/pure.js:190:26)
      at render (node_modules/@testing-library/react/dist/pure.js:292:10)
      at Object.<anonymous> (/home/iann/code/project/sms_portail/src/app/(admin)../../../../../admin/topup/history/__tests__/page.test.tsx:18:11)

  ● Admin Topup History Page › should load API key from localStorage

    useAlert must be used within AlertProvider

      19 | export const useAlert = () => {
      20 |   const context = useContext(AlertContext);
    > 21 |   if (!context) throw new Error('useAlert must be used within AlertProvider');
         |                       ^
      22 |   return context;
      23 | };
      24 | export const AlertProvider = ({ children }: { children: ReactNode }) => {

      at useAlert (src/context/AlertProvider.tsx:21:23)
      at AdminTopupHistoryPage (/home/iann/code/project/sms_portail/src/app/(admin)../../../../../admin/topup/history/page.tsx:39:33)
      at Object.react_stack_bottom_frame (node_modules/react-dom/cjs/react-dom-client.development.js:25904:20)
      at renderWithHooks (node_modules/react-dom/cjs/react-dom-client.development.js:7662:22)
      at updateFunctionComponent (node_modules/react-dom/cjs/react-dom-client.development.js:10166:19)
      at beginWork (node_modules/react-dom/cjs/react-dom-client.development.js:11778:18)
      at runWithFiberInDEV (node_modules/react-dom/cjs/react-dom-client.development.js:874:13)
      at performUnitOfWork (node_modules/react-dom/cjs/react-dom-client.development.js:17641:22)
      at workLoopSync (node_modules/react-dom/cjs/react-dom-client.development.js:17469:41)
      at renderRootSync (node_modules/react-dom/cjs/react-dom-client.development.js:17450:11)
      at performWorkOnRoot (node_modules/react-dom/cjs/react-dom-client.development.js:16583:35)
      at performWorkOnRootViaSchedulerTask (node_modules/react-dom/cjs/react-dom-client.development.js:18957:7)
      at flushActQueue (node_modules/react/cjs/react.development.js:590:34)
      at process.env.NODE_ENV.exports.act (node_modules/react/cjs/react.development.js:884:10)
      at node_modules/@testing-library/react/dist/act-compat.js:47:25
      at renderRoot (node_modules/@testing-library/react/dist/pure.js:190:26)
      at render (node_modules/@testing-library/react/dist/pure.js:292:10)
      at Object.<anonymous> (/home/iann/code/project/sms_portail/src/app/(admin)../../../../../admin/topup/history/__tests__/page.test.tsx:24:11)

  ● Admin Topup History Page › should call useGetManualTopupHistory hook

    useAlert must be used within AlertProvider

      19 | export const useAlert = () => {
      20 |   const context = useContext(AlertContext);
    > 21 |   if (!context) throw new Error('useAlert must be used within AlertProvider');
         |                       ^
      22 |   return context;
      23 | };
      24 | export const AlertProvider = ({ children }: { children: ReactNode }) => {

      at useAlert (src/context/AlertProvider.tsx:21:23)
      at AdminTopupHistoryPage (/home/iann/code/project/sms_portail/src/app/(admin)../../../../../admin/topup/history/page.tsx:39:33)
      at Object.react_stack_bottom_frame (node_modules/react-dom/cjs/react-dom-client.development.js:25904:20)
      at renderWithHooks (node_modules/react-dom/cjs/react-dom-client.development.js:7662:22)
      at updateFunctionComponent (node_modules/react-dom/cjs/react-dom-client.development.js:10166:19)
      at beginWork (node_modules/react-dom/cjs/react-dom-client.development.js:11778:18)
      at runWithFiberInDEV (node_modules/react-dom/cjs/react-dom-client.development.js:874:13)
      at performUnitOfWork (node_modules/react-dom/cjs/react-dom-client.development.js:17641:22)
      at workLoopSync (node_modules/react-dom/cjs/react-dom-client.development.js:17469:41)
      at renderRootSync (node_modules/react-dom/cjs/react-dom-client.development.js:17450:11)
      at performWorkOnRoot (node_modules/react-dom/cjs/react-dom-client.development.js:16583:35)
      at performWorkOnRootViaSchedulerTask (node_modules/react-dom/cjs/react-dom-client.development.js:18957:7)
      at flushActQueue (node_modules/react/cjs/react.development.js:590:34)
      at process.env.NODE_ENV.exports.act (node_modules/react/cjs/react.development.js:884:10)
      at node_modules/@testing-library/react/dist/act-compat.js:47:25
      at renderRoot (node_modules/@testing-library/react/dist/pure.js:190:26)
      at render (node_modules/@testing-library/react/dist/pure.js:292:10)
      at Object.<anonymous> (/home/iann/code/project/sms_portail/src/app/(admin)../../../../../admin/topup/history/__tests__/page.test.tsx:29:11)

PASS src/controller/query/admin/kyb/__tests__/kyb.service.test.tsx
PASS src/controller/query/admin/users/__tests__/users.service.test.ts
PASS src/controller/hook/__tests__/authToken.test.ts
PASS src/controller/query/admin/documents/__tests__/documents.service.test.tsx
FAIL src/app/(admin)/admin/users/all/__tests__/page.test.tsx
  ● Admin Users All Page › should render without crashing

    useAlert must be used within AlertProvider

      19 | export const useAlert = () => {
      20 |   const context = useContext(AlertContext);
    > 21 |   if (!context) throw new Error('useAlert must be used within AlertProvider');
         |                       ^
      22 |   return context;
      23 | };
      24 | export const AlertProvider = ({ children }: { children: ReactNode }) => {

      at useAlert (src/context/AlertProvider.tsx:21:23)
      at AllUsersPage (/home/iann/code/project/sms_portail/src/app/(admin)../../../../../admin/users/all/page.tsx:84:33)
      at Object.react_stack_bottom_frame (node_modules/react-dom/cjs/react-dom-client.development.js:25904:20)
      at renderWithHooks (node_modules/react-dom/cjs/react-dom-client.development.js:7662:22)
      at updateFunctionComponent (node_modules/react-dom/cjs/react-dom-client.development.js:10166:19)
      at beginWork (node_modules/react-dom/cjs/react-dom-client.development.js:11778:18)
      at runWithFiberInDEV (node_modules/react-dom/cjs/react-dom-client.development.js:874:13)
      at performUnitOfWork (node_modules/react-dom/cjs/react-dom-client.development.js:17641:22)
      at workLoopSync (node_modules/react-dom/cjs/react-dom-client.development.js:17469:41)
      at renderRootSync (node_modules/react-dom/cjs/react-dom-client.development.js:17450:11)
      at performWorkOnRoot (node_modules/react-dom/cjs/react-dom-client.development.js:16583:35)
      at performWorkOnRootViaSchedulerTask (node_modules/react-dom/cjs/react-dom-client.development.js:18957:7)
      at flushActQueue (node_modules/react/cjs/react.development.js:590:34)
      at process.env.NODE_ENV.exports.act (node_modules/react/cjs/react.development.js:884:10)
      at node_modules/@testing-library/react/dist/act-compat.js:47:25
      at renderRoot (node_modules/@testing-library/react/dist/pure.js:190:26)
      at render (node_modules/@testing-library/react/dist/pure.js:292:10)
      at Object.<anonymous> (/home/iann/code/project/sms_portail/src/app/(admin)../../../../../admin/users/all/__tests__/page.test.tsx:18:11)

  ● Admin Users All Page › should load API key from localStorage

    useAlert must be used within AlertProvider

      19 | export const useAlert = () => {
      20 |   const context = useContext(AlertContext);
    > 21 |   if (!context) throw new Error('useAlert must be used within AlertProvider');
         |                       ^
      22 |   return context;
      23 | };
      24 | export const AlertProvider = ({ children }: { children: ReactNode }) => {

      at useAlert (src/context/AlertProvider.tsx:21:23)
      at AllUsersPage (/home/iann/code/project/sms_portail/src/app/(admin)../../../../../admin/users/all/page.tsx:84:33)
      at Object.react_stack_bottom_frame (node_modules/react-dom/cjs/react-dom-client.development.js:25904:20)
      at renderWithHooks (node_modules/react-dom/cjs/react-dom-client.development.js:7662:22)
      at updateFunctionComponent (node_modules/react-dom/cjs/react-dom-client.development.js:10166:19)
      at beginWork (node_modules/react-dom/cjs/react-dom-client.development.js:11778:18)
      at runWithFiberInDEV (node_modules/react-dom/cjs/react-dom-client.development.js:874:13)
      at performUnitOfWork (node_modules/react-dom/cjs/react-dom-client.development.js:17641:22)
      at workLoopSync (node_modules/react-dom/cjs/react-dom-client.development.js:17469:41)
      at renderRootSync (node_modules/react-dom/cjs/react-dom-client.development.js:17450:11)
      at performWorkOnRoot (node_modules/react-dom/cjs/react-dom-client.development.js:16583:35)
      at performWorkOnRootViaSchedulerTask (node_modules/react-dom/cjs/react-dom-client.development.js:18957:7)
      at flushActQueue (node_modules/react/cjs/react.development.js:590:34)
      at process.env.NODE_ENV.exports.act (node_modules/react/cjs/react.development.js:884:10)
      at node_modules/@testing-library/react/dist/act-compat.js:47:25
      at renderRoot (node_modules/@testing-library/react/dist/pure.js:190:26)
      at render (node_modules/@testing-library/react/dist/pure.js:292:10)
      at Object.<anonymous> (/home/iann/code/project/sms_portail/src/app/(admin)../../../../../admin/users/all/__tests__/page.test.tsx:24:11)

  ● Admin Users All Page › should call useAdminUsersList hook

    useAlert must be used within AlertProvider

      19 | export const useAlert = () => {
      20 |   const context = useContext(AlertContext);
    > 21 |   if (!context) throw new Error('useAlert must be used within AlertProvider');
         |                       ^
      22 |   return context;
      23 | };
      24 | export const AlertProvider = ({ children }: { children: ReactNode }) => {

      at useAlert (src/context/AlertProvider.tsx:21:23)
      at AllUsersPage (/home/iann/code/project/sms_portail/src/app/(admin)../../../../../admin/users/all/page.tsx:84:33)
      at Object.react_stack_bottom_frame (node_modules/react-dom/cjs/react-dom-client.development.js:25904:20)
      at renderWithHooks (node_modules/react-dom/cjs/react-dom-client.development.js:7662:22)
      at updateFunctionComponent (node_modules/react-dom/cjs/react-dom-client.development.js:10166:19)
      at beginWork (node_modules/react-dom/cjs/react-dom-client.development.js:11778:18)
      at runWithFiberInDEV (node_modules/react-dom/cjs/react-dom-client.development.js:874:13)
      at performUnitOfWork (node_modules/react-dom/cjs/react-dom-client.development.js:17641:22)
      at workLoopSync (node_modules/react-dom/cjs/react-dom-client.development.js:17469:41)
      at renderRootSync (node_modules/react-dom/cjs/react-dom-client.development.js:17450:11)
      at performWorkOnRoot (node_modules/react-dom/cjs/react-dom-client.development.js:16583:35)
      at performWorkOnRootViaSchedulerTask (node_modules/react-dom/cjs/react-dom-client.development.js:18957:7)
      at flushActQueue (node_modules/react/cjs/react.development.js:590:34)
      at process.env.NODE_ENV.exports.act (node_modules/react/cjs/react.development.js:884:10)
      at node_modules/@testing-library/react/dist/act-compat.js:47:25
      at renderRoot (node_modules/@testing-library/react/dist/pure.js:190:26)
      at render (node_modules/@testing-library/react/dist/pure.js:292:10)
      at Object.<anonymous> (/home/iann/code/project/sms_portail/src/app/(admin)../../../../../admin/users/all/__tests__/page.test.tsx:29:11)

PASS src/controller/query/admin/clients/__tests__/clients.service.test.tsx
FAIL src/app/(admin)/admin/roles/create/__tests__/page.test.tsx
  ● Console

    console.log
      QueryClient created: QueryClient {}

      at log (src/providers/QueryProvider.tsx:30:15)

    console.log
      QueryClient created: QueryClient {}

      at log (src/providers/QueryProvider.tsx:30:15)

  ● Admin Roles Create Page › should render without crashing

    TypeError: Cannot destructure property 'data' of '(0 , _useAdminRoles.useAdminAvailablePermissions)(...)' as it is undefined.

      58 |
      59 |   const {
    > 60 |     data: permissionsResponse,
         |           ^
      61 |     isLoading: isLoadingPermissions,
      62 |   } = useAdminAvailablePermissions(apiKey, !!apiKey);
      63 |

      at permissionsResponse (/home/iann/code/project/sms_portail/src/app/(admin)../../../../../admin/roles/create/page.tsx:60:11)
      at Object.react_stack_bottom_frame (node_modules/react-dom/cjs/react-dom-client.development.js:25904:20)
      at renderWithHooks (node_modules/react-dom/cjs/react-dom-client.development.js:7662:22)
      at updateFunctionComponent (node_modules/react-dom/cjs/react-dom-client.development.js:10166:19)
      at beginWork (node_modules/react-dom/cjs/react-dom-client.development.js:11778:18)
      at runWithFiberInDEV (node_modules/react-dom/cjs/react-dom-client.development.js:874:13)
      at performUnitOfWork (node_modules/react-dom/cjs/react-dom-client.development.js:17641:22)
      at workLoopSync (node_modules/react-dom/cjs/react-dom-client.development.js:17469:41)
      at renderRootSync (node_modules/react-dom/cjs/react-dom-client.development.js:17450:11)
      at performWorkOnRoot (node_modules/react-dom/cjs/react-dom-client.development.js:16583:35)
      at performWorkOnRootViaSchedulerTask (node_modules/react-dom/cjs/react-dom-client.development.js:18957:7)
      at flushActQueue (node_modules/react/cjs/react.development.js:590:34)
      at process.env.NODE_ENV.exports.act (node_modules/react/cjs/react.development.js:884:10)
      at node_modules/@testing-library/react/dist/act-compat.js:47:25
      at renderRoot (node_modules/@testing-library/react/dist/pure.js:190:26)
      at render (node_modules/@testing-library/react/dist/pure.js:292:10)
      at Object.<anonymous> (/home/iann/code/project/sms_portail/src/app/(admin)../../../../../admin/roles/create/__tests__/page.test.tsx:32:11)

  ● Admin Roles Create Page › should load API key from localStorage

    TypeError: Cannot destructure property 'data' of '(0 , _useAdminRoles.useAdminAvailablePermissions)(...)' as it is undefined.

      58 |
      59 |   const {
    > 60 |     data: permissionsResponse,
         |           ^
      61 |     isLoading: isLoadingPermissions,
      62 |   } = useAdminAvailablePermissions(apiKey, !!apiKey);
      63 |

      at permissionsResponse (/home/iann/code/project/sms_portail/src/app/(admin)../../../../../admin/roles/create/page.tsx:60:11)
      at Object.react_stack_bottom_frame (node_modules/react-dom/cjs/react-dom-client.development.js:25904:20)
      at renderWithHooks (node_modules/react-dom/cjs/react-dom-client.development.js:7662:22)
      at updateFunctionComponent (node_modules/react-dom/cjs/react-dom-client.development.js:10166:19)
      at beginWork (node_modules/react-dom/cjs/react-dom-client.development.js:11778:18)
      at runWithFiberInDEV (node_modules/react-dom/cjs/react-dom-client.development.js:874:13)
      at performUnitOfWork (node_modules/react-dom/cjs/react-dom-client.development.js:17641:22)
      at workLoopSync (node_modules/react-dom/cjs/react-dom-client.development.js:17469:41)
      at renderRootSync (node_modules/react-dom/cjs/react-dom-client.development.js:17450:11)
      at performWorkOnRoot (node_modules/react-dom/cjs/react-dom-client.development.js:16583:35)
      at performWorkOnRootViaSchedulerTask (node_modules/react-dom/cjs/react-dom-client.development.js:18957:7)
      at flushActQueue (node_modules/react/cjs/react.development.js:590:34)
      at process.env.NODE_ENV.exports.act (node_modules/react/cjs/react.development.js:884:10)
      at node_modules/@testing-library/react/dist/act-compat.js:47:25
      at renderRoot (node_modules/@testing-library/react/dist/pure.js:190:26)
      at render (node_modules/@testing-library/react/dist/pure.js:292:10)
      at Object.<anonymous> (/home/iann/code/project/sms_portail/src/app/(admin)../../../../../admin/roles/create/__tests__/page.test.tsx:38:11)

PASS src/controller/hook/__tests__/useGetToken.test.ts
FAIL src/app/(admin)/admin/tokens/kyb-status/__tests__/page.test.tsx
  ● Admin Tokens KYB Status Page › should render without crashing

    useAlert must be used within AlertProvider

      19 | export const useAlert = () => {
      20 |   const context = useContext(AlertContext);
    > 21 |   if (!context) throw new Error('useAlert must be used within AlertProvider');
         |                       ^
      22 |   return context;
      23 | };
      24 | export const AlertProvider = ({ children }: { children: ReactNode }) => {

      at useAlert (src/context/AlertProvider.tsx:21:23)
      at KYBStatusPage (/home/iann/code/project/sms_portail/src/app/(admin)../../../../../admin/tokens/kyb-status/page.tsx:126:33)
      at Object.react_stack_bottom_frame (node_modules/react-dom/cjs/react-dom-client.development.js:25904:20)
      at renderWithHooks (node_modules/react-dom/cjs/react-dom-client.development.js:7662:22)
      at updateFunctionComponent (node_modules/react-dom/cjs/react-dom-client.development.js:10166:19)
      at beginWork (node_modules/react-dom/cjs/react-dom-client.development.js:11778:18)
      at runWithFiberInDEV (node_modules/react-dom/cjs/react-dom-client.development.js:874:13)
      at performUnitOfWork (node_modules/react-dom/cjs/react-dom-client.development.js:17641:22)
      at workLoopSync (node_modules/react-dom/cjs/react-dom-client.development.js:17469:41)
      at renderRootSync (node_modules/react-dom/cjs/react-dom-client.development.js:17450:11)
      at performWorkOnRoot (node_modules/react-dom/cjs/react-dom-client.development.js:16583:35)
      at performWorkOnRootViaSchedulerTask (node_modules/react-dom/cjs/react-dom-client.development.js:18957:7)
      at flushActQueue (node_modules/react/cjs/react.development.js:590:34)
      at process.env.NODE_ENV.exports.act (node_modules/react/cjs/react.development.js:884:10)
      at node_modules/@testing-library/react/dist/act-compat.js:47:25
      at renderRoot (node_modules/@testing-library/react/dist/pure.js:190:26)
      at render (node_modules/@testing-library/react/dist/pure.js:292:10)
      at Object.<anonymous> (/home/iann/code/project/sms_portail/src/app/(admin)../../../../../admin/tokens/kyb-status/__tests__/page.test.tsx:18:11)

  ● Admin Tokens KYB Status Page › should load API key from localStorage

    useAlert must be used within AlertProvider

      19 | export const useAlert = () => {
      20 |   const context = useContext(AlertContext);
    > 21 |   if (!context) throw new Error('useAlert must be used within AlertProvider');
         |                       ^
      22 |   return context;
      23 | };
      24 | export const AlertProvider = ({ children }: { children: ReactNode }) => {

      at useAlert (src/context/AlertProvider.tsx:21:23)
      at KYBStatusPage (/home/iann/code/project/sms_portail/src/app/(admin)../../../../../admin/tokens/kyb-status/page.tsx:126:33)
      at Object.react_stack_bottom_frame (node_modules/react-dom/cjs/react-dom-client.development.js:25904:20)
      at renderWithHooks (node_modules/react-dom/cjs/react-dom-client.development.js:7662:22)
      at updateFunctionComponent (node_modules/react-dom/cjs/react-dom-client.development.js:10166:19)
      at beginWork (node_modules/react-dom/cjs/react-dom-client.development.js:11778:18)
      at runWithFiberInDEV (node_modules/react-dom/cjs/react-dom-client.development.js:874:13)
      at performUnitOfWork (node_modules/react-dom/cjs/react-dom-client.development.js:17641:22)
      at workLoopSync (node_modules/react-dom/cjs/react-dom-client.development.js:17469:41)
      at renderRootSync (node_modules/react-dom/cjs/react-dom-client.development.js:17450:11)
      at performWorkOnRoot (node_modules/react-dom/cjs/react-dom-client.development.js:16583:35)
      at performWorkOnRootViaSchedulerTask (node_modules/react-dom/cjs/react-dom-client.development.js:18957:7)
      at flushActQueue (node_modules/react/cjs/react.development.js:590:34)
      at process.env.NODE_ENV.exports.act (node_modules/react/cjs/react.development.js:884:10)
      at node_modules/@testing-library/react/dist/act-compat.js:47:25
      at renderRoot (node_modules/@testing-library/react/dist/pure.js:190:26)
      at render (node_modules/@testing-library/react/dist/pure.js:292:10)
      at Object.<anonymous> (/home/iann/code/project/sms_portail/src/app/(admin)../../../../../admin/tokens/kyb-status/__tests__/page.test.tsx:24:11)

  ● Admin Tokens KYB Status Page › should call useAdminTokensList hook

    useAlert must be used within AlertProvider

      19 | export const useAlert = () => {
      20 |   const context = useContext(AlertContext);
    > 21 |   if (!context) throw new Error('useAlert must be used within AlertProvider');
         |                       ^
      22 |   return context;
      23 | };
      24 | export const AlertProvider = ({ children }: { children: ReactNode }) => {

      at useAlert (src/context/AlertProvider.tsx:21:23)
      at KYBStatusPage (/home/iann/code/project/sms_portail/src/app/(admin)../../../../../admin/tokens/kyb-status/page.tsx:126:33)
      at Object.react_stack_bottom_frame (node_modules/react-dom/cjs/react-dom-client.development.js:25904:20)
      at renderWithHooks (node_modules/react-dom/cjs/react-dom-client.development.js:7662:22)
      at updateFunctionComponent (node_modules/react-dom/cjs/react-dom-client.development.js:10166:19)
      at beginWork (node_modules/react-dom/cjs/react-dom-client.development.js:11778:18)
      at runWithFiberInDEV (node_modules/react-dom/cjs/react-dom-client.development.js:874:13)
      at performUnitOfWork (node_modules/react-dom/cjs/react-dom-client.development.js:17641:22)
      at workLoopSync (node_modules/react-dom/cjs/react-dom-client.development.js:17469:41)
      at renderRootSync (node_modules/react-dom/cjs/react-dom-client.development.js:17450:11)
      at performWorkOnRoot (node_modules/react-dom/cjs/react-dom-client.development.js:16583:35)
      at performWorkOnRootViaSchedulerTask (node_modules/react-dom/cjs/react-dom-client.development.js:18957:7)
      at flushActQueue (node_modules/react/cjs/react.development.js:590:34)
      at process.env.NODE_ENV.exports.act (node_modules/react/cjs/react.development.js:884:10)
      at node_modules/@testing-library/react/dist/act-compat.js:47:25
      at renderRoot (node_modules/@testing-library/react/dist/pure.js:190:26)
      at render (node_modules/@testing-library/react/dist/pure.js:292:10)
      at Object.<anonymous> (/home/iann/code/project/sms_portail/src/app/(admin)../../../../../admin/tokens/kyb-status/__tests__/page.test.tsx:29:11)

PASS src/controller/query/admin/roles/__tests__/roles.service.test.tsx
PASS src/controller/query/admin/users/__tests__/users.service.test.tsx
PASS src/controller/api/config/__tests__/fetchData.test.tsx
